Archive member included to satisfy reference by file (symbol)

c:/program files (x86)/atmel/studio/7.0/toolchain/avr8/avr8-gnu-toolchain/bin/../lib/gcc/avr/5.4.0/../../../../avr/lib/avrxmega3\libm.a(addsf3.o)
                              ad590.o (__subsf3)
c:/program files (x86)/atmel/studio/7.0/toolchain/avr8/avr8-gnu-toolchain/bin/../lib/gcc/avr/5.4.0/../../../../avr/lib/avrxmega3\libm.a(addsf3x.o)
                              c:/program files (x86)/atmel/studio/7.0/toolchain/avr8/avr8-gnu-toolchain/bin/../lib/gcc/avr/5.4.0/../../../../avr/lib/avrxmega3\libm.a(addsf3.o) (__addsf3x)
c:/program files (x86)/atmel/studio/7.0/toolchain/avr8/avr8-gnu-toolchain/bin/../lib/gcc/avr/5.4.0/../../../../avr/lib/avrxmega3\libm.a(cmpsf2.o)
                              ionpump.o (__ltsf2)
c:/program files (x86)/atmel/studio/7.0/toolchain/avr8/avr8-gnu-toolchain/bin/../lib/gcc/avr/5.4.0/../../../../avr/lib/avrxmega3\libm.a(divsf3.o)
                              humidity.o (__divsf3)
c:/program files (x86)/atmel/studio/7.0/toolchain/avr8/avr8-gnu-toolchain/bin/../lib/gcc/avr/5.4.0/../../../../avr/lib/avrxmega3\libm.a(divsf3x.o)
                              c:/program files (x86)/atmel/studio/7.0/toolchain/avr8/avr8-gnu-toolchain/bin/../lib/gcc/avr/5.4.0/../../../../avr/lib/avrxmega3\libm.a(divsf3.o) (__divsf3x)
c:/program files (x86)/atmel/studio/7.0/toolchain/avr8/avr8-gnu-toolchain/bin/../lib/gcc/avr/5.4.0/../../../../avr/lib/avrxmega3\libm.a(floatsisf.o)
                              mcp9808.o (__floatunsisf)
c:/program files (x86)/atmel/studio/7.0/toolchain/avr8/avr8-gnu-toolchain/bin/../lib/gcc/avr/5.4.0/../../../../avr/lib/avrxmega3\libm.a(fp_cmp.o)
                              c:/program files (x86)/atmel/studio/7.0/toolchain/avr8/avr8-gnu-toolchain/bin/../lib/gcc/avr/5.4.0/../../../../avr/lib/avrxmega3\libm.a(cmpsf2.o) (__fp_cmp)
c:/program files (x86)/atmel/studio/7.0/toolchain/avr8/avr8-gnu-toolchain/bin/../lib/gcc/avr/5.4.0/../../../../avr/lib/avrxmega3\libm.a(fp_inf.o)
                              c:/program files (x86)/atmel/studio/7.0/toolchain/avr8/avr8-gnu-toolchain/bin/../lib/gcc/avr/5.4.0/../../../../avr/lib/avrxmega3\libm.a(addsf3x.o) (__fp_inf)
c:/program files (x86)/atmel/studio/7.0/toolchain/avr8/avr8-gnu-toolchain/bin/../lib/gcc/avr/5.4.0/../../../../avr/lib/avrxmega3\libm.a(fp_nan.o)
                              c:/program files (x86)/atmel/studio/7.0/toolchain/avr8/avr8-gnu-toolchain/bin/../lib/gcc/avr/5.4.0/../../../../avr/lib/avrxmega3\libm.a(addsf3x.o) (__fp_nan)
c:/program files (x86)/atmel/studio/7.0/toolchain/avr8/avr8-gnu-toolchain/bin/../lib/gcc/avr/5.4.0/../../../../avr/lib/avrxmega3\libm.a(fp_pscA.o)
                              c:/program files (x86)/atmel/studio/7.0/toolchain/avr8/avr8-gnu-toolchain/bin/../lib/gcc/avr/5.4.0/../../../../avr/lib/avrxmega3\libm.a(addsf3x.o) (__fp_pscA)
c:/program files (x86)/atmel/studio/7.0/toolchain/avr8/avr8-gnu-toolchain/bin/../lib/gcc/avr/5.4.0/../../../../avr/lib/avrxmega3\libm.a(fp_pscB.o)
                              c:/program files (x86)/atmel/studio/7.0/toolchain/avr8/avr8-gnu-toolchain/bin/../lib/gcc/avr/5.4.0/../../../../avr/lib/avrxmega3\libm.a(addsf3x.o) (__fp_pscB)
c:/program files (x86)/atmel/studio/7.0/toolchain/avr8/avr8-gnu-toolchain/bin/../lib/gcc/avr/5.4.0/../../../../avr/lib/avrxmega3\libm.a(fp_round.o)
                              c:/program files (x86)/atmel/studio/7.0/toolchain/avr8/avr8-gnu-toolchain/bin/../lib/gcc/avr/5.4.0/../../../../avr/lib/avrxmega3\libm.a(addsf3.o) (__fp_round)
c:/program files (x86)/atmel/studio/7.0/toolchain/avr8/avr8-gnu-toolchain/bin/../lib/gcc/avr/5.4.0/../../../../avr/lib/avrxmega3\libm.a(fp_split3.o)
                              c:/program files (x86)/atmel/studio/7.0/toolchain/avr8/avr8-gnu-toolchain/bin/../lib/gcc/avr/5.4.0/../../../../avr/lib/avrxmega3\libm.a(addsf3x.o) (__fp_split3)
c:/program files (x86)/atmel/studio/7.0/toolchain/avr8/avr8-gnu-toolchain/bin/../lib/gcc/avr/5.4.0/../../../../avr/lib/avrxmega3\libm.a(fp_zero.o)
                              c:/program files (x86)/atmel/studio/7.0/toolchain/avr8/avr8-gnu-toolchain/bin/../lib/gcc/avr/5.4.0/../../../../avr/lib/avrxmega3\libm.a(addsf3x.o) (__fp_zero)
c:/program files (x86)/atmel/studio/7.0/toolchain/avr8/avr8-gnu-toolchain/bin/../lib/gcc/avr/5.4.0/../../../../avr/lib/avrxmega3\libm.a(gesf2.o)
                              ionpump.o (__gtsf2)
c:/program files (x86)/atmel/studio/7.0/toolchain/avr8/avr8-gnu-toolchain/bin/../lib/gcc/avr/5.4.0/../../../../avr/lib/avrxmega3\libm.a(mulsf3.o)
                              ad590.o (__mulsf3)
c:/program files (x86)/atmel/studio/7.0/toolchain/avr8/avr8-gnu-toolchain/bin/../lib/gcc/avr/5.4.0/../../../../avr/lib/avrxmega3\libm.a(mulsf3x.o)
                              c:/program files (x86)/atmel/studio/7.0/toolchain/avr8/avr8-gnu-toolchain/bin/../lib/gcc/avr/5.4.0/../../../../avr/lib/avrxmega3\libm.a(mulsf3.o) (__mulsf3x)
[...]
Memory Configuration

Name             Origin             Length             Attributes
text             0x00000000         0x0000c000         xr
data             0x00802800         0x00001800         rw !x
eeprom           0x00810000         0x00000100         rw !x
fuse             0x00820000         0x0000000a         rw !x
lock             0x00830000         0x00000400         rw !x
signature        0x00840000         0x00000400         rw !x
user_signatures  0x00850000         0x00000400         rw !x
*default*        0x00000000         0xffffffff

Linker script and memory map

Address of section .data set to 0x802800
                0x00004000                __RODATA_PM_OFFSET__ = 0x4000
LOAD C:/Program Files (x86)/Atmel/Studio/7.0/Packs/atmel/ATmega_DFP/1.6.364/gcc/dev/atmega4809/avrxmega3/crtatmega4809.o
LOAD ad590.o
LOAD ads1115.o
LOAD commands.o
LOAD ds3231.o
LOAD eeprom.o
LOAD errors.o
LOAD fram.o
LOAD humidity.o
LOAD initialize.o
LOAD ionpump.o
LOAD main.o
LOAD mcp23008.o
LOAD mcp9808.o
LOAD mma8451.o
LOAD nmea.o
LOAD oled.o
LOAD pneu.o
LOAD ports.o
LOAD pushbutton.o
LOAD report.o
LOAD roboclaw.o
LOAD rtc.o
LOAD set.o
LOAD temperature.o
LOAD testroutine.o
LOAD timers.o
LOAD twi.o
LOAD usart.o
LOAD wdt.o
START GROUP
LOAD c:/program files (x86)/atmel/studio/7.0/toolchain/avr8/avr8-gnu-toolchain/bin/../lib/gcc/avr/5.4.0/../../../../avr/lib/avrxmega3\libm.a
END GROUP
LOAD c:/program files (x86)/atmel/studio/7.0/toolchain/avr8/avr8-gnu-toolchain/bin/../lib/gcc/avr/5.4.0/../../../../avr/lib/avrxmega3\libprintf_flt.a
START GROUP
LOAD c:/program files (x86)/atmel/studio/7.0/toolchain/avr8/avr8-gnu-toolchain/bin/../lib/gcc/avr/5.4.0/avrxmega3\libgcc.a
LOAD c:/program files (x86)/atmel/studio/7.0/toolchain/avr8/avr8-gnu-toolchain/bin/../lib/gcc/avr/5.4.0/../../../../avr/lib/avrxmega3\libm.a
LOAD c:/program files (x86)/atmel/studio/7.0/toolchain/avr8/avr8-gnu-toolchain/bin/../lib/gcc/avr/5.4.0/../../../../avr/lib/avrxmega3\libc.a
LOAD C:/Program Files (x86)/Atmel/Studio/7.0/Packs/atmel/ATmega_DFP/1.6.364/gcc/dev/atmega4809/avrxmega3\libatmega4809.a
END GROUP
                [0x00000000]                __TEXT_REGION_ORIGIN__ = DEFINED (__TEXT_REGION_ORIGIN__)?__TEXT_REGION_ORIGIN__:0x0
                [0x00802800]                __DATA_REGION_ORIGIN__ = DEFINED (__DATA_REGION_ORIGIN__)?__DATA_REGION_ORIGIN__:0x802000
                [0x0000c000]                __TEXT_REGION_LENGTH__ = DEFINED (__TEXT_REGION_LENGTH__)?__TEXT_REGION_LENGTH__:0x100000
                [0x00001800]                __DATA_REGION_LENGTH__ = DEFINED (__DATA_REGION_LENGTH__)?__DATA_REGION_LENGTH__:0xffa0
                [0x00000100]                __EEPROM_REGION_LENGTH__ = DEFINED (__EEPROM_REGION_LENGTH__)?__EEPROM_REGION_LENGTH__:0x10000
                [0x0000000a]                __FUSE_REGION_LENGTH__ = DEFINED (__FUSE_REGION_LENGTH__)?__FUSE_REGION_LENGTH__:0x400
                0x00000400                __LOCK_REGION_LENGTH__ = DEFINED (__LOCK_REGION_LENGTH__)?__LOCK_REGION_LENGTH__:0x400
                0x00000400                __SIGNATURE_REGION_LENGTH__ = DEFINED (__SIGNATURE_REGION_LENGTH__)?__SIGNATURE_REGION_LENGTH__:0x400
                0x00000400                __USER_SIGNATURE_REGION_LENGTH__ = DEFINED (__USER_SIGNATURE_REGION_LENGTH__)?__USER_SIGNATURE_REGION_LENGTH__:0x400
                0x00008000                __RODATA_PM_OFFSET__ = DEFINED (__RODATA_PM_OFFSET__)?__RODATA_PM_OFFSET__:0x8000

.hash
 *(.hash)

.dynsym
 *(.dynsym)

.dynstr
 *(.dynstr)

.gnu.version
 *(.gnu.version)

.gnu.version_d
 *(.gnu.version_d)

.gnu.version_r
 *(.gnu.version_r)

.rel.init
 *(.rel.init)

.rela.init
 *(.rela.init)

.rel.text
 *(.rel.text)
 *(.rel.text.*)
 *(.rel.gnu.linkonce.t*)

.rela.text
 *(.rela.text)
 *(.rela.text.*)
 *(.rela.gnu.linkonce.t*)

.rel.fini
 *(.rel.fini)

.rela.fini
 *(.rela.fini)

.rel.rodata
 *(.rel.rodata)
 *(.rel.rodata.*)
 *(.rel.gnu.linkonce.r*)

.rela.rodata
 *(.rela.rodata)
 *(.rela.rodata.*)
 *(.rela.gnu.linkonce.r*)

.rel.data
 *(.rel.data)
 *(.rel.data.*)
 *(.rel.gnu.linkonce.d*)

.rela.data
 *(.rela.data)
 *(.rela.data.*)
 *(.rela.gnu.linkonce.d*)

.rel.ctors
 *(.rel.ctors)

.rela.ctors
 *(.rela.ctors)

.rel.dtors
 *(.rel.dtors)

.rela.dtors
 *(.rela.dtors)

.rel.got
 *(.rel.got)

.rela.got
 *(.rela.got)

.rel.bss
 *(.rel.bss)

.rela.bss
 *(.rela.bss)

.rel.plt
 *(.rel.plt)

.rela.plt
 *(.rela.plt)

.text           0x00000000     0x499c
 *(.vectors)
 .vectors       0x00000000       0xa0 C:/Program Files (x86)/Atmel/Studio/7.0/Packs/atmel/ATmega_DFP/1.6.364/gcc/dev/atmega4809/avrxmega3/crtatmega4809.o
                0x00000000                __vector_default
                0x00000000                __vectors
 *(.vectors)
 *(.progmem.gcc*)
 .progmem.gcc_sw_table.commands
                0x000000a0       0x58 commands.o
 .progmem.gcc_sw_table.report
                0x000000f8       0x6c report.o
                0x00000164                . = ALIGN (0x2)
                0x00000164                __trampolines_start = .
 *(.trampolines)
 .trampolines   0x00000164        0x0 linker stubs
 *(.trampolines*)
                0x00000164                __trampolines_end = .
 *libprintf_flt.a:*(.progmem.data)
 .progmem.data  0x00000164        0x8 c:/program files (x86)/atmel/studio/7.0/toolchain/avr8/avr8-gnu-toolchain/bin/../lib/gcc/avr/5.4.0/../../../../avr/lib/avrxmega3\libprintf_flt.a(vfprintf_flt.o)
 *libc.a:*(.progmem.data)
 .progmem.data  0x0000016c       0xfa c:/program files (x86)/atmel/studio/7.0/toolchain/avr8/avr8-gnu-toolchain/bin/../lib/gcc/avr/5.4.0/../../../../avr/lib/avrxmega3\libc.a(ftoa_engine.o)
 *(.progmem*)
                0x00000266                . = ALIGN (0x2)
 *(.jumptables)
 *(.jumptables*)
 *(.lowtext)
 *(.lowtext*)
                0x00000266                __ctors_start = .
 *(.ctors)
                0x00000266                __ctors_end = .
                0x00000266                __dtors_start = .
 *(.dtors)
                0x00000266                __dtors_end = .
 SORT(*)(.ctors)
 SORT(*)(.dtors)
 *(.init0)
 .init0         0x00000266        0x0 C:/Program Files (x86)/Atmel/Studio/7.0/Packs/atmel/ATmega_DFP/1.6.364/gcc/dev/atmega4809/avrxmega3/crtatmega4809.o
                0x00000266                __init
 *(.init0)
 *(.init1)
 *(.init1)
 *(.init2)
 .init2         0x00000266        0xc C:/Program Files (x86)/Atmel/Studio/7.0/Packs/atmel/ATmega_DFP/1.6.364/gcc/dev/atmega4809/avrxmega3/crtatmega4809.o
 *(.init2)
 *(.init3)
 *(.init3)
 *(.init4)
 .init4         0x00000272       0x10 c:/program files (x86)/atmel/studio/7.0/toolchain/avr8/avr8-gnu-toolchain/bin/../lib/gcc/avr/5.4.0/avrxmega3\libgcc.a(_clear_bss.o)
                0x00000272                __do_clear_bss
 *(.init4)
 *(.init5)
 *(.init5)
 *(.init6)
 *(.init6)
 *(.init7)
 *(.init7)
 *(.init8)
 *(.init8)
 *(.init9)
 .init9         0x00000282        0x8 C:/Program Files (x86)/Atmel/Studio/7.0/Packs/atmel/ATmega_DFP/1.6.364/gcc/dev/atmega4809/avrxmega3/crtatmega4809.o
 *(.init9)
 *(.text)
 .text          0x0000028a        0x4 C:/Program Files (x86)/Atmel/Studio/7.0/Packs/atmel/ATmega_DFP/1.6.364/gcc/dev/atmega4809/avrxmega3/crtatmega4809.o
                0x0000028a                __vector_22
                0x0000028a                __vector_28
                0x0000028a                __vector_1
                0x0000028a                __vector_32
                0x0000028a                __vector_34
                0x0000028a                __vector_24
                0x0000028a                __bad_interrupt
                0x0000028a                __vector_6
                0x0000028a                __vector_31
                0x0000028a                __vector_35
                0x0000028a                __vector_39
                0x0000028a                __vector_23
                0x0000028a                __vector_30
                0x0000028a                __vector_25
                0x0000028a                __vector_11
                0x0000028a                __vector_13
                0x0000028a                __vector_19
                0x0000028a                __vector_7
                0x0000028a                __vector_5
                0x0000028a                __vector_33
                0x0000028a                __vector_4
                0x0000028a                __vector_9
                0x0000028a                __vector_2
                0x0000028a                __vector_21
                0x0000028a                __vector_15
                0x0000028a                __vector_36
                0x0000028a                __vector_8
                0x0000028a                __vector_14
                0x0000028a                __vector_10
                0x0000028a                __vector_16
                0x0000028e                . = ALIGN (0x2)
 *(.text.*)
 .text.read_AD590
                0x0000028e      0x102 ad590.o
                0x0000028e                read_AD590
 .text.read_ADS1115
                0x00000390      0x1d4 ads1115.o
                0x00000390                read_ADS1115
 .text.get_cmdline
                0x00000564       0x58 commands.o
                0x00000564                get_cmdline
 .text.isaletter
                0x000005bc       0x1a commands.o
                0x000005bc                isaletter
 .text.parse_cmd
                0x000005d6      0x128 commands.o
                0x000005d6                parse_cmd
 .text.printLine
                0x000006fe       0x96 commands.o
                0x000006fe                printLine
 .text.echo_cmd
                0x00000794       0x80 commands.o
                0x00000794                echo_cmd
 .text.send_EXprompt
                0x00000814       0x2a commands.o
                0x00000814                send_EXprompt
 .text.rebootACKd
                0x0000083e       0x54 commands.o
                0x0000083e                rebootACKd
 .text.send_GTprompt
                0x00000892       0x2a commands.o
                0x00000892                send_GTprompt
 .text.commands
                0x000008bc      0x116 commands.o
                0x000008bc                commands
 .text.convert_ds2iso
                0x000009d2       0x6e ds3231.o
                0x000009d2                convert_ds2iso
 .text.convert_iso2ds
                0x00000a40       0xc0 ds3231.o
                0x00000a40                convert_iso2ds
 .text.read_DS3231
                0x00000b00       0x78 ds3231.o
                0x00000b00                read_DS3231
 .text.get_time
                0x00000b78       0x68 ds3231.o
                0x00000b78                get_time
 .text.write_DS3231
                0x00000be0       0x70 ds3231.o
                0x00000be0                write_DS3231
 .text.put_time
                0x00000c50       0x4c ds3231.o
                0x00000c50                put_time
 .text.get_BOOTTIME
                0x00000c9c        0xe eeprom.o
                0x00000c9c                get_BOOTTIME
 .text.get_VERSION
                0x00000caa        0xe eeprom.o
                0x00000caa                get_VERSION
 .text.update_BOOTTIME
                0x00000cb8       0x32 eeprom.o
                0x00000cb8                update_BOOTTIME
 .text.update_VERSION
                0x00000cea       0x3c eeprom.o
                0x00000cea                update_VERSION
 .text.init_EEPROM
                0x00000d26        0xa eeprom.o
                0x00000d26                init_EEPROM
 .text.printError
                0x00000d30       0x6c errors.o
                0x00000d30                printError
 .text.read_FRAM
                0x00000d9c       0x9c fram.o
                0x00000d9c                read_FRAM
 .text.get_SETTIME
                0x00000e38       0x60 fram.o
                0x00000e38                get_SETTIME
 .text.write_FRAM
                0x00000e98       0x64 fram.o
                0x00000e98                write_FRAM
 .text.get_humidity
                0x00000efc      0x102 humidity.o
                0x00000efc                get_humidity
 .text.initialize
                0x00000ffe       0x7e initialize.o
                0x00000ffe                initialize
 .text.read_ionpump
                0x0000107c       0xd6 ionpump.o
                0x0000107c                read_ionpump
 .text.main     0x00001152       0x82 main.o
                0x00001152                main
 .text.read_MCP23008
                0x000011d4       0x46 mcp23008.o
                0x000011d4                read_MCP23008
 .text.write_MCP23008
                0x0000121a       0x5c mcp23008.o
                0x0000121a                write_MCP23008
 .text.read_MCP9808
                0x00001276       0xce mcp9808.o
                0x00001276                read_MCP9808
 .text.read_MMA8451
                0x00001344       0x7c mma8451.o
                0x00001344                read_MMA8451
 .text.get_orientation
                0x000013c0      0x13c mma8451.o
                0x000013c0                get_orientation
 .text.write_MMA8451
                0x000014fc       0x54 mma8451.o
                0x000014fc                write_MMA8451
 .text.init_MMA8451
                0x00001550       0x64 mma8451.o
                0x00001550                init_MMA8451
 .text.checksum_NMEA
                0x000015b4       0x92 nmea.o
                0x000015b4                checksum_NMEA
 .text.reset_OLED
                0x00001646       0x18 oled.o
                0x00001646                reset_OLED
 .text.write_OLED
                0x0000165e       0x24 oled.o
                0x0000165e                write_OLED
 .text.init_OLEDDISPLAY
                0x00001682      0x14c oled.o
                0x00001682                init_OLEDDISPLAY
 .text.init_OLED
                0x000017ce       0x22 oled.o
                0x000017ce                init_OLED
 .text.writestr_OLED
                0x000017f0       0xba oled.o
                0x000017f0                writestr_OLED
 .text.clear_OLED
                0x000018aa       0x3c oled.o
                0x000018aa                clear_OLED
 .text.init_PNEU
                0x000018e6       0x7a pneu.o
                0x000018e6                init_PNEU
 .text.read_PNEUSensors
                0x00001960       0xd8 pneu.o
                0x00001960                read_PNEUSensors
 .text.set_PNEUVALVES
                0x00001a38       0x24 pneu.o
                0x00001a38                set_PNEUVALVES
 .text.close_PNEU
                0x00001a5c      0x154 pneu.o
                0x00001a5c                close_PNEU
 .text.open_PNEU
                0x00001bb0      0x154 pneu.o
                0x00001bb0                open_PNEU
 .text.__vector_20
                0x00001d04       0x5e pneu.o
                0x00001d04                __vector_20
 .text.init_PORTS
                0x00001d62       0x2c ports.o
                0x00001d62                init_PORTS
 .text.report   0x00001d8e      0xb1e report.o
                0x00001d8e                report
 .text.crc16    0x000028ac       0x4a roboclaw.o
                0x000028ac                crc16
 .text.getFRAM_MOTOREncoder
                0x000028f6       0xb2 roboclaw.o
                0x000028f6                getFRAM_MOTOREncoder
 .text.get_MOTOREncoder
                0x000029a8      0x162 roboclaw.o
                0x000029a8                get_MOTOREncoder
 .text.get_MOTORFloat
                0x00002b0a       0xfc roboclaw.o
                0x00002b0a                get_MOTORFloat
 .text.get_MOTORInt32
                0x00002c06      0x13c roboclaw.o
                0x00002c06                get_MOTORInt32
 .text.motorsMoving
                0x00002d42       0x4a roboclaw.o
                0x00002d42                motorsMoving
 .text.move_MOTORAbsolute
                0x00002d8c       0xc4 roboclaw.o
                0x00002d8c                move_MOTORAbsolute
 .text.move_MOTOR
                0x00002e50       0xee roboclaw.o
                0x00002e50                move_MOTOR
 .text.putFRAM_MOTOREncoder
                0x00002f3e       0x6e roboclaw.o
                0x00002f3e                putFRAM_MOTOREncoder
 .text.saveFRAM_MOTOREncoders
                0x00002fac       0x28 roboclaw.o
                0x00002fac                saveFRAM_MOTOREncoders
 .text.set_MOTOREncoder
                0x00002fd4       0x8e roboclaw.o
                0x00002fd4                set_MOTOREncoder
 .text.init_MOTORS
                0x00003062       0x4c roboclaw.o
                0x00003062                init_MOTORS
 .text.init_RTC
                0x000030ae       0x5c rtc.o
                0x000030ae                init_RTC
 .text.__vector_3
                0x0000310a       0x44 rtc.o
                0x0000310a                __vector_3
 .text.set      0x0000314e       0x7a set.o
                0x0000314e                set
 .text.get_temperature
                0x000031c8       0x50 temperature.o
                0x000031c8                get_temperature
 .text.testroutine
                0x00003218        0x6 testroutine.o
                0x00003218                testroutine
 .text.start_TCB0
                0x0000321e       0x2c timers.o
                0x0000321e                start_TCB0
 .text.stop_TCB0
                0x0000324a        0x6 timers.o
                0x0000324a                stop_TCB0
 .text.__vector_12
                0x00003250       0x34 timers.o
                0x00003250                __vector_12
 .text.init_TWI
                0x00003284       0x16 twi.o
                0x00003284                init_TWI
 .text.read_TWI
                0x0000329a       0x20 twi.o
                0x0000329a                read_TWI
 .text.readlast_TWI
                0x000032ba       0x1a twi.o
                0x000032ba                readlast_TWI
 .text.start_TWI
                0x000032d4       0x82 twi.o
                0x000032d4                start_TWI
 .text.stop_TWI
                0x00003356        0x8 twi.o
                0x00003356                stop_TWI
 .text.write_TWI
                0x0000335e       0x4a twi.o
                0x0000335e                write_TWI
 .text.init_USART
                0x000033a8       0xb4 usart.o
                0x000033a8                init_USART
 .text.send_USART
                0x0000345c      0x13c usart.o
                0x0000345c                send_USART
 .text.__vector_17
                0x00003598       0x9c usart.o
                0x00003598                __vector_17
 .text.__vector_18
                0x00003634       0x78 usart.o
                0x00003634                __vector_18
 .text.__vector_26
                0x000036ac       0x56 usart.o
                0x000036ac                __vector_26
 .text.__vector_27
                0x00003702       0x78 usart.o
                0x00003702                __vector_27
 .text.__vector_37
                0x0000377a       0x6a usart.o
                0x0000377a                __vector_37
 .text.__vector_38
                0x000037e4       0x5c usart.o
                0x000037e4                __vector_38
 .text.reboot   0x00003840        0xc wdt.o
                0x00003840                reboot
 .text.__vector_29
                0x0000384c       0x56 wdt.o
                0x0000384c                __vector_29
 .text.avr-libc.fplib
                0x000038a2        0xe c:/program files (x86)/atmel/studio/7.0/toolchain/avr8/avr8-gnu-toolchain/bin/../lib/gcc/avr/5.4.0/../../../../avr/lib/avrxmega3\libm.a(addsf3.o)
                0x000038a2                __subsf3
                0x000038a4                __addsf3
 .text.avr-libc.fplib
                0x000038b0       0xcc c:/program files (x86)/atmel/studio/7.0/toolchain/avr8/avr8-gnu-toolchain/bin/../lib/gcc/avr/5.4.0/../../../../avr/lib/avrxmega3\libm.a(addsf3x.o)
                0x000038d2                __addsf3x
 .text.avr-libc.fplib
                0x0000397c        0xa c:/program files (x86)/atmel/studio/7.0/toolchain/avr8/avr8-gnu-toolchain/bin/../lib/gcc/avr/5.4.0/../../../../avr/lib/avrxmega3\libm.a(cmpsf2.o)
                0x0000397c                __nesf2
                0x0000397c                __eqsf2
                0x0000397c                __cmpsf2
                0x0000397c                __ltsf2
                0x0000397c                __lesf2
 .text.avr-libc.fplib
                0x00003986        0x8 c:/program files (x86)/atmel/studio/7.0/toolchain/avr8/avr8-gnu-toolchain/bin/../lib/gcc/avr/5.4.0/../../../../avr/lib/avrxmega3\libm.a(divsf3.o)
                0x00003986                __divsf3
 .text.avr-libc.fplib
                0x0000398e       0xdc c:/program files (x86)/atmel/studio/7.0/toolchain/avr8/avr8-gnu-toolchain/bin/../lib/gcc/avr/5.4.0/../../../../avr/lib/avrxmega3\libm.a(divsf3x.o)
                0x000039ae                __divsf3x
                0x000039b4                __divsf3_pse
 .text.avr-libc.fplib
                0x00003a6a       0x7a c:/program files (x86)/atmel/studio/7.0/toolchain/avr8/avr8-gnu-toolchain/bin/../lib/gcc/avr/5.4.0/../../../../avr/lib/avrxmega3\libm.a(floatsisf.o)
                0x00003a6a                __floatunsisf
                0x00003a6e                __floatsisf
 .text.avr-libc.fplib
                0x00003ae4       0x48 c:/program files (x86)/atmel/studio/7.0/toolchain/avr8/avr8-gnu-toolchain/bin/../lib/gcc/avr/5.4.0/../../../../avr/lib/avrxmega3\libm.a(fp_cmp.o)
                0x00003ae4                __fp_cmp
 .text.avr-libc.fplib
                0x00003b2c        0xc c:/program files (x86)/atmel/studio/7.0/toolchain/avr8/avr8-gnu-toolchain/bin/../lib/gcc/avr/5.4.0/../../../../avr/lib/avrxmega3\libm.a(fp_inf.o)
                0x00003b2c                __fp_inf
 .text.avr-libc.fplib
                0x00003b38        0x6 c:/program files (x86)/atmel/studio/7.0/toolchain/avr8/avr8-gnu-toolchain/bin/../lib/gcc/avr/5.4.0/../../../../avr/lib/avrxmega3\libm.a(fp_nan.o)
                0x00003b38                __fp_nan
 .text.avr-libc.fplib
                0x00003b3e        0xe c:/program files (x86)/atmel/studio/7.0/toolchain/avr8/avr8-gnu-toolchain/bin/../lib/gcc/avr/5.4.0/../../../../avr/lib/avrxmega3\libm.a(fp_pscA.o)
                0x00003b3e                __fp_pscA
 .text.avr-libc.fplib
                0x00003b4c        0xe c:/program files (x86)/atmel/studio/7.0/toolchain/avr8/avr8-gnu-toolchain/bin/../lib/gcc/avr/5.4.0/../../../../avr/lib/avrxmega3\libm.a(fp_pscB.o)
                0x00003b4c                __fp_pscB
 .text.avr-libc.fplib
                0x00003b5a       0x22 c:/program files (x86)/atmel/studio/7.0/toolchain/avr8/avr8-gnu-toolchain/bin/../lib/gcc/avr/5.4.0/../../../../avr/lib/avrxmega3\libm.a(fp_round.o)
                0x00003b5a                __fp_round
 .text.avr-libc.fplib
                0x00003b7c       0x44 c:/program files (x86)/atmel/studio/7.0/toolchain/avr8/avr8-gnu-toolchain/bin/../lib/gcc/avr/5.4.0/../../../../avr/lib/avrxmega3\libm.a(fp_split3.o)
                0x00003b7c                __fp_split3
                0x00003b8c                __fp_splitA
 .text.avr-libc.fplib
                0x00003bc0        0xe c:/program files (x86)/atmel/studio/7.0/toolchain/avr8/avr8-gnu-toolchain/bin/../lib/gcc/avr/5.4.0/../../../../avr/lib/avrxmega3\libm.a(fp_zero.o)
                0x00003bc0                __fp_zero
                0x00003bc2                __fp_szero
 .text.avr-libc.fplib
                0x00003bce        0xa c:/program files (x86)/atmel/studio/7.0/toolchain/avr8/avr8-gnu-toolchain/bin/../lib/gcc/avr/5.4.0/../../../../avr/lib/avrxmega3\libm.a(gesf2.o)
                0x00003bce                __gesf2
                0x00003bce                __gtsf2
 .text.avr-libc.fplib
                0x00003bd8        0x8 c:/program files (x86)/atmel/studio/7.0/toolchain/avr8/avr8-gnu-toolchain/bin/../lib/gcc/avr/5.4.0/../../../../avr/lib/avrxmega3\libm.a(mulsf3.o)
                0x00003bd8                __mulsf3
 .text.avr-libc.fplib
                0x00003be0       0xd2 c:/program files (x86)/atmel/studio/7.0/toolchain/avr8/avr8-gnu-toolchain/bin/../lib/gcc/avr/5.4.0/../../../../avr/lib/avrxmega3\libm.a(mulsf3x.o)
                0x00003bfe                __mulsf3x
                0x00003c04                __mulsf3_pse
 .text.avr-libc
                0x00003cb2      0x6fa c:/program files (x86)/atmel/studio/7.0/toolchain/avr8/avr8-gnu-toolchain/bin/../lib/gcc/avr/5.4.0/../../../../avr/lib/avrxmega3\libprintf_flt.a(vfprintf_flt.o)
                0x00003cb2                vfprintf
 .text.libgcc.div
                0x000043ac       0x28 c:/program files (x86)/atmel/studio/7.0/toolchain/avr8/avr8-gnu-toolchain/bin/../lib/gcc/avr/5.4.0/avrxmega3\libgcc.a(_divmodhi4.o)
                0x000043ac                _div
                0x000043ac                __divmodhi4
 .text.libgcc.div
                0x000043d4       0x2e c:/program files (x86)/atmel/studio/7.0/toolchain/avr8/avr8-gnu-toolchain/bin/../lib/gcc/avr/5.4.0/avrxmega3\libgcc.a(_divmodsi4.o)
                0x000043d4                __divmodsi4
 .text.libgcc.div
                0x00004402       0x10 c:/program files (x86)/atmel/studio/7.0/toolchain/avr8/avr8-gnu-toolchain/bin/../lib/gcc/avr/5.4.0/avrxmega3\libgcc.a(_negsi2.o)
                0x00004402                __negsi2
 .text.libgcc   0x00004412        0xc c:/program files (x86)/atmel/studio/7.0/toolchain/avr8/avr8-gnu-toolchain/bin/../lib/gcc/avr/5.4.0/avrxmega3\libgcc.a(_tablejump2.o)
                0x00004412                __tablejump2__
 .text.libgcc.mul
                0x0000441e       0x16 c:/program files (x86)/atmel/studio/7.0/toolchain/avr8/avr8-gnu-toolchain/bin/../lib/gcc/avr/5.4.0/avrxmega3\libgcc.a(_muluhisi3.o)
                0x0000441e                __muluhisi3
 .text.libgcc.prologue
                0x00004434       0x32 c:/program files (x86)/atmel/studio/7.0/toolchain/avr8/avr8-gnu-toolchain/bin/../lib/gcc/avr/5.4.0/avrxmega3\libgcc.a(_prologue.o)
                0x00004434                __prologue_saves__
 .text.libgcc.prologue
                0x00004466       0x30 c:/program files (x86)/atmel/studio/7.0/toolchain/avr8/avr8-gnu-toolchain/bin/../lib/gcc/avr/5.4.0/avrxmega3\libgcc.a(_epilogue.o)
                0x00004466                __epilogue_restores__
 .text.libgcc.div
                0x00004496       0x28 c:/program files (x86)/atmel/studio/7.0/toolchain/avr8/avr8-gnu-toolchain/bin/../lib/gcc/avr/5.4.0/avrxmega3\libgcc.a(_udivmodhi4.o)
                0x00004496                __udivmodhi4
 .text.libgcc.div
                0x000044be       0x44 c:/program files (x86)/atmel/studio/7.0/toolchain/avr8/avr8-gnu-toolchain/bin/../lib/gcc/avr/5.4.0/avrxmega3\libgcc.a(_udivmodsi4.o)
                0x000044be                __udivmodsi4
 .text.libgcc.mul
                0x00004502       0x1e c:/program files (x86)/atmel/studio/7.0/toolchain/avr8/avr8-gnu-toolchain/bin/../lib/gcc/avr/5.4.0/avrxmega3\libgcc.a(_umulhisi3.o)
                0x00004502                __umulhisi3
 .text.avr-libc
                0x00004520       0x4e c:/program files (x86)/atmel/studio/7.0/toolchain/avr8/avr8-gnu-toolchain/bin/../lib/gcc/avr/5.4.0/../../../../avr/lib/avrxmega3\libc.a(atol.o)
                0x00004520                atol
 .text.avr-libc
                0x0000456e      0x1b0 c:/program files (x86)/atmel/studio/7.0/toolchain/avr8/avr8-gnu-toolchain/bin/../lib/gcc/avr/5.4.0/../../../../avr/lib/avrxmega3\libc.a(ftoa_engine.o)
                0x0000456e                __ftoa_engine
 .text.avr-libc
                0x0000471e       0x16 c:/program files (x86)/atmel/studio/7.0/toolchain/avr8/avr8-gnu-toolchain/bin/../lib/gcc/avr/5.4.0/../../../../avr/lib/avrxmega3\libc.a(strnlen_P.o)
                0x0000471e                strnlen_P
 .text.avr-libc
                0x00004734       0x16 c:/program files (x86)/atmel/studio/7.0/toolchain/avr8/avr8-gnu-toolchain/bin/../lib/gcc/avr/5.4.0/../../../../avr/lib/avrxmega3\libc.a(strcat.o)
                0x00004734                strcat
 .text.avr-libc
                0x0000474a        0xe c:/program files (x86)/atmel/studio/7.0/toolchain/avr8/avr8-gnu-toolchain/bin/../lib/gcc/avr/5.4.0/../../../../avr/lib/avrxmega3\libc.a(strcpy.o)
                0x0000474a                strcpy
 .text.avr-libc
                0x00004758       0x16 c:/program files (x86)/atmel/studio/7.0/toolchain/avr8/avr8-gnu-toolchain/bin/../lib/gcc/avr/5.4.0/../../../../avr/lib/avrxmega3\libc.a(strnlen.o)
                0x00004758                strnlen
 .text.avr-libc
                0x0000476e       0x2a c:/program files (x86)/atmel/studio/7.0/toolchain/avr8/avr8-gnu-toolchain/bin/../lib/gcc/avr/5.4.0/../../../../avr/lib/avrxmega3\libc.a(mulsi10.o)
                0x0000476e                __mulsi_const_10
 .text.avr-libc
                0x00004798       0x78 c:/program files (x86)/atmel/studio/7.0/toolchain/avr8/avr8-gnu-toolchain/bin/../lib/gcc/avr/5.4.0/../../../../avr/lib/avrxmega3\libc.a(fputc.o)
                0x00004798                fputc
 .text.avr-libc
                0x00004810       0x44 c:/program files (x86)/atmel/studio/7.0/toolchain/avr8/avr8-gnu-toolchain/bin/../lib/gcc/avr/5.4.0/../../../../avr/lib/avrxmega3\libc.a(sprintf.o)
                0x00004810                sprintf
 .text.avr-libc
                0x00004854       0xbc c:/program files (x86)/atmel/studio/7.0/toolchain/avr8/avr8-gnu-toolchain/bin/../lib/gcc/avr/5.4.0/../../../../avr/lib/avrxmega3\libc.a(ultoa_invert.o)
                0x00004854                __ultoa_invert
 .text.avr-libc
                0x00004910        0x8 C:/Program Files (x86)/Atmel/Studio/7.0/Packs/atmel/ATmega_DFP/1.6.364/gcc/dev/atmega4809/avrxmega3\libatmega4809.a(eerd_block.o)
                0x00004910                eeprom_read_block
 .text.avr-libc
                0x00004918       0x20 C:/Program Files (x86)/Atmel/Studio/7.0/Packs/atmel/ATmega_DFP/1.6.364/gcc/dev/atmega4809/avrxmega3\libatmega4809.a(eeupd_block.o)
                0x00004918                eeprom_update_block
 .text.avr-libc
                0x00004938       0x16 C:/Program Files (x86)/Atmel/Studio/7.0/Packs/atmel/ATmega_DFP/1.6.364/gcc/dev/atmega4809/avrxmega3\libatmega4809.a(eeupd_byte.o)
                0x00004938                eeprom_update_byte
                0x0000493a                eeprom_update_r18
 .text.avr-libc
                0x0000494e       0x28 C:/Program Files (x86)/Atmel/Studio/7.0/Packs/atmel/ATmega_DFP/1.6.364/gcc/dev/atmega4809/avrxmega3\libatmega4809.a(eewr_byte.o)
                0x0000494e                eeprom_write_byte
                0x00004950                eeprom_write_r18
 .text.avr-libc
                0x00004976       0x10 C:/Program Files (x86)/Atmel/Studio/7.0/Packs/atmel/ATmega_DFP/1.6.364/gcc/dev/atmega4809/avrxmega3\libatmega4809.a(eerd_byte.o)
                0x00004976                eeprom_read_byte
                0x0000497e                eeprom_mapen
 .text.avr-libc
                0x00004986       0x12 c:/program files (x86)/atmel/studio/7.0/toolchain/avr8/avr8-gnu-toolchain/bin/../lib/gcc/avr/5.4.0/../../../../avr/lib/avrxmega3\libc.a(memcpy.o)
                0x00004986                memcpy
                0x00004998                . = ALIGN (0x2)
 *(.fini9)
 .fini9         0x00004998        0x0 c:/program files (x86)/atmel/studio/7.0/toolchain/avr8/avr8-gnu-toolchain/bin/../lib/gcc/avr/5.4.0/avrxmega3\libgcc.a(_exit.o)
                0x00004998                _exit
                0x00004998                exit
 *(.fini9)
 *(.fini8)
 *(.fini8)
 *(.fini7)
 *(.fini7)
 *(.fini6)
 *(.fini6)
 *(.fini5)
 *(.fini5)
 *(.fini4)
 *(.fini4)
 *(.fini3)
 *(.fini3)
 *(.fini2)
 *(.fini2)
 *(.fini1)
 *(.fini1)
 *(.fini0)
 .fini0         0x00004998        0x4 c:/program files (x86)/atmel/studio/7.0/toolchain/avr8/avr8-gnu-toolchain/bin/../lib/gcc/avr/5.4.0/avrxmega3\libgcc.a(_exit.o)
 *(.fini0)
                0x0000499c                _etext = .

.rodata         0x0000899c      0x467 load address 0x0000499c
 *(.rodata)
 *(.rodata*)
 .rodata.str1.1
                0x0000899c       0x3a commands.o
 .rodata.str1.1
                0x000089d6       0x4a ds3231.o
 .rodata.str1.1
                0x00008a20        0xb eeprom.o
 .rodata.str1.1
                0x00008a2b        0xa errors.o
 .rodata.str1.1
                0x00008a35        0xa fram.o
 .rodata.str1.1
                0x00008a3f       0x11 initialize.o
 .rodata.str1.1
                0x00008a50       0x29 mcp23008.o
 .rodata.str1.1
                0x00008a79        0x8 nmea.o
 .rodata.str1.1
                0x00008a81       0x11 oled.o
 .rodata.str1.1
                0x00008a92       0x6b pneu.o
 .rodata.str1.1
                0x00008afd      0x1c8 report.o
                                0x1d9 (size before relaxing)
 .rodata.str1.1
                0x00008cc5      0x107 roboclaw.o
 .rodata.str1.1
                0x00008dcc       0x1f set.o
 .rodata.str1.1
                0x00008deb       0x18 twi.o
 *(.gnu.linkonce.r*)

.data           0x00802800        0x0 load address 0x00004e03
                [!provide]                PROVIDE (__data_start, .)
 *(.data)
 *(.data*)
 *(.gnu.linkonce.d*)
                0x00802800                . = ALIGN (0x2)
                0x00802800                _edata = .
                [!provide]                PROVIDE (__data_end, .)

.bss            0x00802800      0x82d
                0x00802800                PROVIDE (__bss_start, .)
 *(.bss)
 *(.bss*)
 .bss.cstack.3727
                0x00802800        0x1 commands.o
 *(COMMON)
 COMMON         0x00802801        0x1 errors.o
                0x00802801                squelchErrors
 COMMON         0x00802802        0x1 initialize.o
                0x00802802                rebootackd
 COMMON         0x00802803      0x209 main.o
                0x00802803                pcmd
                0x00802a0b                firstpass
 COMMON         0x00802a0c        0x4 oled.o
                0x00802a0c                timerOLED
                0x00802a0e                timeoutOLED
 COMMON         0x00802a10        0x1 pneu.o
                0x00802a10                pneuState
 COMMON         0x00802a11        0x4 roboclaw.o
                0x00802a11                timeoutSAVEENCODER
                0x00802a12                timerSAVEENCODER
                0x00802a13                ticks
 COMMON         0x00802a15      0x618 usart.o
                0x00802a15                recv1_buf
                0x00802b19                recv0_buf
                0x00802c1d                send0_buf
                0x00802d21                recv3_buf
                0x00802e25                send3_buf
                0x00802f29                send1_buf
                0x0080302d                PROVIDE (__bss_end, .)
                0x00004e03                __data_load_start = LOADADDR (.data)
                0x00004e03                __data_load_end = (__data_load_start + SIZEOF (.data))

.noinit         0x0080302d        0x0
                [!provide]                PROVIDE (__noinit_start, .)
 *(.noinit*)
                [!provide]                PROVIDE (__noinit_end, .)
                0x0080302d                _end = .
                [!provide]                PROVIDE (__heap_start, .)

.eeprom         0x00810000        0x0
 *(.eeprom*)
                0x00810000                __eeprom_end = .

.fuse
 *(.fuse)
 *(.lfuse)
 *(.hfuse)
 *(.efuse)

.lock
 *(.lock*)

.signature
 *(.signature*)

.user_signatures
 *(.user_signatures*)

.stab
 *(.stab)

.stabstr
 *(.stabstr)

.stab.excl
 *(.stab.excl)

.stab.exclstr
 *(.stab.exclstr)

.stab.index
 *(.stab.index)

.stab.indexstr
 *(.stab.indexstr)

.comment        0x00000000       0x5c
 *(.comment)
 .comment       0x00000000       0x30 ad590.o
                                 0x31 (size before relaxing)
 .comment       0x00000030       0x31 ads1115.o
 .comment       0x00000030       0x31 commands.o
 .comment       0x00000030       0x31 ds3231.o
 .comment       0x00000030       0x31 eeprom.o
 .comment       0x00000030       0x31 errors.o
 .comment       0x00000030       0x31 fram.o
 .comment       0x00000030       0x31 humidity.o
 .comment       0x00000030       0x31 initialize.o
 .comment       0x00000030       0x31 ionpump.o
 .comment       0x00000030       0x31 main.o
 .comment       0x00000030       0x31 mcp23008.o
 .comment       0x00000030       0x31 mcp9808.o
 .comment       0x00000030       0x31 mma8451.o
 .comment       0x00000030       0x31 nmea.o
 .comment       0x00000030       0x31 oled.o
 .comment       0x00000030       0x31 pneu.o
 .comment       0x00000030       0x31 ports.o
 .comment       0x00000030       0x31 report.o
 .comment       0x00000030       0x31 roboclaw.o
 .comment       0x00000030       0x31 rtc.o
 .comment       0x00000030       0x31 set.o
 .comment       0x00000030       0x31 temperature.o
 .comment       0x00000030       0x31 testroutine.o
 .comment       0x00000030       0x31 timers.o
 .comment       0x00000030       0x31 twi.o
 .comment       0x00000030       0x31 usart.o
 .comment       0x00000030       0x31 wdt.o
 .comment       0x00000030       0x2c c:/program files (x86)/atmel/studio/7.0/toolchain/avr8/avr8-gnu-toolchain/bin/../lib/gcc/avr/5.4.0/../../../../avr/lib/avrxmega3\libprintf_flt.a(vfprintf_flt.o)
                                 0x2d (size before relaxing)
 .comment       0x0000005c       0x31 c:/program files (x86)/atmel/studio/7.0/toolchain/avr8/avr8-gnu-toolchain/bin/../lib/gcc/avr/5.4.0/../../../../avr/lib/avrxmega3\libc.a(fputc.o)
 .comment       0x0000005c       0x31 c:/program files (x86)/atmel/studio/7.0/toolchain/avr8/avr8-gnu-toolchain/bin/../lib/gcc/avr/5.4.0/../../../../avr/lib/avrxmega3\libc.a(sprintf.o)

.note.gnu.avr.deviceinfo
                0x00000000       0x40
 .note.gnu.avr.deviceinfo
                0x00000000       0x40 C:/Program Files (x86)/Atmel/Studio/7.0/Packs/atmel/ATmega_DFP/1.6.364/gcc/dev/atmega4809/avrxmega3/crtatmega4809.o

.note.gnu.build-id
 *(.note.gnu.build-id)

.debug
 *(.debug)

.line
 *(.line)

.debug_srcinfo
 *(.debug_srcinfo)

.debug_sfnames
 *(.debug_sfnames)

.debug_aranges  0x00000000      0x610
 *(.debug_aranges)
 .debug_aranges
                0x00000000       0x20 ad590.o
 .debug_aranges
                0x00000020       0x20 ads1115.o
 .debug_aranges
                0x00000040       0x68 commands.o
 .debug_aranges
                0x000000a8       0x48 ds3231.o
 .debug_aranges
                0x000000f0       0x40 eeprom.o
 .debug_aranges
                0x00000130       0x20 errors.o
 .debug_aranges
                0x00000150       0x38 fram.o
 .debug_aranges
                0x00000188       0x20 humidity.o
 .debug_aranges
                0x000001a8       0x20 initialize.o
 .debug_aranges
                0x000001c8       0x20 ionpump.o
 .debug_aranges
                0x000001e8       0x20 main.o
 .debug_aranges
                0x00000208       0x28 mcp23008.o
 .debug_aranges
                0x00000230       0x20 mcp9808.o
 .debug_aranges
                0x00000250       0x38 mma8451.o
 .debug_aranges
                0x00000288       0x20 nmea.o
 .debug_aranges
                0x000002a8       0x48 oled.o
 .debug_aranges
                0x000002f0       0x48 pneu.o
 .debug_aranges
                0x00000338       0x20 ports.o
 .debug_aranges
                0x00000358       0x20 report.o
 .debug_aranges
                0x00000378       0x78 roboclaw.o
 .debug_aranges
                0x000003f0       0x28 rtc.o
 .debug_aranges
                0x00000418       0x20 set.o
 .debug_aranges
                0x00000438       0x20 temperature.o
 .debug_aranges
                0x00000458       0x20 testroutine.o
 .debug_aranges
                0x00000478       0x30 timers.o
 .debug_aranges
                0x000004a8       0x48 twi.o
 .debug_aranges
                0x000004f0       0x58 usart.o
 .debug_aranges
                0x00000548       0x28 wdt.o
 .debug_aranges
                0x00000570       0x20 C:/Program Files (x86)/Atmel/Studio/7.0/Packs/atmel/ATmega_DFP/1.6.364/gcc/dev/atmega4809/avrxmega3\libatmega4809.a(eerd_block.o)
 .debug_aranges
                0x00000590       0x20 C:/Program Files (x86)/Atmel/Studio/7.0/Packs/atmel/ATmega_DFP/1.6.364/gcc/dev/atmega4809/avrxmega3\libatmega4809.a(eeupd_block.o)
 .debug_aranges
                0x000005b0       0x20 C:/Program Files (x86)/Atmel/Studio/7.0/Packs/atmel/ATmega_DFP/1.6.364/gcc/dev/atmega4809/avrxmega3\libatmega4809.a(eeupd_byte.o)
 .debug_aranges
                0x000005d0       0x20 C:/Program Files (x86)/Atmel/Studio/7.0/Packs/atmel/ATmega_DFP/1.6.364/gcc/dev/atmega4809/avrxmega3\libatmega4809.a(eewr_byte.o)
 .debug_aranges
                0x000005f0       0x20 C:/Program Files (x86)/Atmel/Studio/7.0/Packs/atmel/ATmega_DFP/1.6.364/gcc/dev/atmega4809/avrxmega3\libatmega4809.a(eerd_byte.o)

.debug_pubnames
 *(.debug_pubnames)

.debug_info     0x00000000     0x9c0c
 *(.debug_info .gnu.linkonce.wi.*)
 .debug_info    0x00000000     0x248a C:/Program Files (x86)/Atmel/Studio/7.0/Packs/atmel/ATmega_DFP/1.6.364/gcc/dev/atmega4809/avrxmega3/crtatmega4809.o
 .debug_info    0x0000248a      0x21b ad590.o
 .debug_info    0x000026a5      0x33e ads1115.o
 .debug_info    0x000029e3      0x9a9 commands.o
 .debug_info    0x0000338c      0x4a2 ds3231.o
 .debug_info    0x0000382e      0x24f eeprom.o
 .debug_info    0x00003a7d      0x15c errors.o
 .debug_info    0x00003bd9      0x44c fram.o
 .debug_info    0x00004025      0x164 humidity.o
 .debug_info    0x00004189      0x239 initialize.o
 .debug_info    0x000043c2      0x10f ionpump.o
 .debug_info    0x000044d1      0x314 main.o
 .debug_info    0x000047e5      0x27a mcp23008.o
 .debug_info    0x00004a5f      0x191 mcp9808.o
 .debug_info    0x00004bf0      0x429 mma8451.o
 .debug_info    0x00005019      0x15c nmea.o
 .debug_info    0x00005175      0x9e4 oled.o
 .debug_info    0x00005b59      0x862 pneu.o
 .debug_info    0x000063bb      0x2d6 ports.o
 .debug_info    0x00006691      0xbb1 report.o
 .debug_info    0x00007242      0xcf7 roboclaw.o
 .debug_info    0x00007f39      0x682 rtc.o
 .debug_info    0x000085bb      0x1fb set.o
 .debug_info    0x000087b6      0x106 temperature.o
 .debug_info    0x000088bc       0xc3 testroutine.o
 .debug_info    0x0000897f      0x26e timers.o
 .debug_info    0x00008bed      0x3f3 twi.o
 .debug_info    0x00008fe0      0x61e usart.o
 .debug_info    0x000095fe      0x2ef wdt.o
 .debug_info    0x000098ed       0xa0 C:/Program Files (x86)/Atmel/Studio/7.0/Packs/atmel/ATmega_DFP/1.6.364/gcc/dev/atmega4809/avrxmega3\libatmega4809.a(eerd_block.o)
 .debug_info    0x0000998d       0xa1 C:/Program Files (x86)/Atmel/Studio/7.0/Packs/atmel/ATmega_DFP/1.6.364/gcc/dev/atmega4809/avrxmega3\libatmega4809.a(eeupd_block.o)
 .debug_info    0x00009a2e       0xa0 C:/Program Files (x86)/Atmel/Studio/7.0/Packs/atmel/ATmega_DFP/1.6.364/gcc/dev/atmega4809/avrxmega3\libatmega4809.a(eeupd_byte.o)
 .debug_info    0x00009ace       0x9f C:/Program Files (x86)/Atmel/Studio/7.0/Packs/atmel/ATmega_DFP/1.6.364/gcc/dev/atmega4809/avrxmega3\libatmega4809.a(eewr_byte.o)
 .debug_info    0x00009b6d       0x9f C:/Program Files (x86)/Atmel/Studio/7.0/Packs/atmel/ATmega_DFP/1.6.364/gcc/dev/atmega4809/avrxmega3\libatmega4809.a(eerd_byte.o)

.debug_abbrev   0x00000000     0x4425
 *(.debug_abbrev)
 .debug_abbrev  0x00000000     0x2296 C:/Program Files (x86)/Atmel/Studio/7.0/Packs/atmel/ATmega_DFP/1.6.364/gcc/dev/atmega4809/avrxmega3/crtatmega4809.o
 .debug_abbrev  0x00002296      0x129 ad590.o
 .debug_abbrev  0x000023bf      0x11a ads1115.o
 .debug_abbrev  0x000024d9      0x287 commands.o
 .debug_abbrev  0x00002760      0x149 ds3231.o
 .debug_abbrev  0x000028a9       0xda eeprom.o
 .debug_abbrev  0x00002983       0xf1 errors.o
 .debug_abbrev  0x00002a74      0x115 fram.o
 .debug_abbrev  0x00002b89       0xb8 humidity.o
 .debug_abbrev  0x00002c41       0xd7 initialize.o
 .debug_abbrev  0x00002d18       0xab ionpump.o
 .debug_abbrev  0x00002dc3      0x131 main.o
 .debug_abbrev  0x00002ef4       0xb8 mcp23008.o
 .debug_abbrev  0x00002fac       0xb2 mcp9808.o
 .debug_abbrev  0x0000305e      0x127 mma8451.o
 .debug_abbrev  0x00003185      0x104 nmea.o
 .debug_abbrev  0x00003289      0x1f6 oled.o
 .debug_abbrev  0x0000347f      0x1fe pneu.o
 .debug_abbrev  0x0000367d      0x124 ports.o
 .debug_abbrev  0x000037a1      0x148 report.o
 .debug_abbrev  0x000038e9      0x239 roboclaw.o
 .debug_abbrev  0x00003b22      0x13e rtc.o
 .debug_abbrev  0x00003c60       0xf7 set.o
 .debug_abbrev  0x00003d57       0xa9 temperature.o
 .debug_abbrev  0x00003e00       0x88 testroutine.o
 .debug_abbrev  0x00003e88      0x12b timers.o
 .debug_abbrev  0x00003fb3      0x14a twi.o
 .debug_abbrev  0x000040fd      0x1e3 usart.o
 .debug_abbrev  0x000042e0       0xe1 wdt.o
 .debug_abbrev  0x000043c1       0x14 C:/Program Files (x86)/Atmel/Studio/7.0/Packs/atmel/ATmega_DFP/1.6.364/gcc/dev/atmega4809/avrxmega3\libatmega4809.a(eerd_block.o)
 .debug_abbrev  0x000043d5       0x14 C:/Program Files (x86)/Atmel/Studio/7.0/Packs/atmel/ATmega_DFP/1.6.364/gcc/dev/atmega4809/avrxmega3\libatmega4809.a(eeupd_block.o)
 .debug_abbrev  0x000043e9       0x14 C:/Program Files (x86)/Atmel/Studio/7.0/Packs/atmel/ATmega_DFP/1.6.364/gcc/dev/atmega4809/avrxmega3\libatmega4809.a(eeupd_byte.o)
 .debug_abbrev  0x000043fd       0x14 C:/Program Files (x86)/Atmel/Studio/7.0/Packs/atmel/ATmega_DFP/1.6.364/gcc/dev/atmega4809/avrxmega3\libatmega4809.a(eewr_byte.o)
 .debug_abbrev  0x00004411       0x14 C:/Program Files (x86)/Atmel/Studio/7.0/Packs/atmel/ATmega_DFP/1.6.364/gcc/dev/atmega4809/avrxmega3\libatmega4809.a(eerd_byte.o)

.debug_line     0x00000000     0x4188
 *(.debug_line .debug_line.* .debug_line_end)
 .debug_line    0x00000000      0x187 C:/Program Files (x86)/Atmel/Studio/7.0/Packs/atmel/ATmega_DFP/1.6.364/gcc/dev/atmega4809/avrxmega3/crtatmega4809.o
 .debug_line    0x00000187      0x1a1 ad590.o
 .debug_line    0x00000328      0x240 ads1115.o
 .debug_line    0x00000568      0x5e2 commands.o
 .debug_line    0x00000b4a      0x293 ds3231.o
 .debug_line    0x00000ddd      0x129 eeprom.o
 .debug_line    0x00000f06       0xd4 errors.o
 .debug_line    0x00000fda      0x1fe fram.o
 .debug_line    0x000011d8      0x123 humidity.o
 .debug_line    0x000012fb      0x13b initialize.o
 .debug_line    0x00001436       0xff ionpump.o
 .debug_line    0x00001535      0x166 main.o
 .debug_line    0x0000169b      0x14f mcp23008.o
 .debug_line    0x000017ea      0x107 mcp9808.o
 .debug_line    0x000018f1      0x233 mma8451.o
 .debug_line    0x00001b24       0xfc nmea.o
 .debug_line    0x00001c20      0x38e oled.o
 .debug_line    0x00001fae      0x3c1 pneu.o
 .debug_line    0x0000236f      0x196 ports.o
 .debug_line    0x00002505      0x402 report.o
 .debug_line    0x00002907      0x767 roboclaw.o
 .debug_line    0x0000306e      0x1cb rtc.o
 .debug_line    0x00003239      0x10c set.o
 .debug_line    0x00003345       0xea temperature.o
 .debug_line    0x0000342f       0xc0 testroutine.o
 .debug_line    0x000034ef      0x157 timers.o
 .debug_line    0x00003646      0x29e twi.o
 .debug_line    0x000038e4      0x4bc usart.o
 .debug_line    0x00003da0      0x12c wdt.o
 .debug_line    0x00003ecc       0x5d C:/Program Files (x86)/Atmel/Studio/7.0/Packs/atmel/ATmega_DFP/1.6.364/gcc/dev/atmega4809/avrxmega3\libatmega4809.a(eerd_block.o)
 .debug_line    0x00003f29       0xa5 C:/Program Files (x86)/Atmel/Studio/7.0/Packs/atmel/ATmega_DFP/1.6.364/gcc/dev/atmega4809/avrxmega3\libatmega4809.a(eeupd_block.o)
 .debug_line    0x00003fce       0x80 C:/Program Files (x86)/Atmel/Studio/7.0/Packs/atmel/ATmega_DFP/1.6.364/gcc/dev/atmega4809/avrxmega3\libatmega4809.a(eeupd_byte.o)
 .debug_line    0x0000404e       0xc1 C:/Program Files (x86)/Atmel/Studio/7.0/Packs/atmel/ATmega_DFP/1.6.364/gcc/dev/atmega4809/avrxmega3\libatmega4809.a(eewr_byte.o)
 .debug_line    0x0000410f       0x79 C:/Program Files (x86)/Atmel/Studio/7.0/Packs/atmel/ATmega_DFP/1.6.364/gcc/dev/atmega4809/avrxmega3\libatmega4809.a(eerd_byte.o)

.debug_frame    0x00000000      0xfcc
 *(.debug_frame)
 .debug_frame   0x00000000       0x5c ad590.o
 .debug_frame   0x0000005c       0x60 ads1115.o
 .debug_frame   0x000000bc      0x164 commands.o
 .debug_frame   0x00000220      0x104 ds3231.o
 .debug_frame   0x00000324       0x84 eeprom.o
 .debug_frame   0x000003a8       0x40 errors.o
 .debug_frame   0x000003e8       0xd8 fram.o
 .debug_frame   0x000004c0       0x68 humidity.o
 .debug_frame   0x00000528       0x34 initialize.o
 .debug_frame   0x0000055c       0x54 ionpump.o
 .debug_frame   0x000005b0       0x24 main.o
 .debug_frame   0x000005d4       0x50 mcp23008.o
 .debug_frame   0x00000624       0x54 mcp9808.o
 .debug_frame   0x00000678       0xc4 mma8451.o
 .debug_frame   0x0000073c       0x48 nmea.o
 .debug_frame   0x00000784       0xc4 oled.o
 .debug_frame   0x00000848      0x110 pneu.o
 .debug_frame   0x00000958       0x24 ports.o
 .debug_frame   0x0000097c       0x88 report.o
 .debug_frame   0x00000a04      0x214 roboclaw.o
 .debug_frame   0x00000c18       0x48 rtc.o
 .debug_frame   0x00000c60       0x30 set.o
 .debug_frame   0x00000c90       0x34 temperature.o
 .debug_frame   0x00000cc4       0x24 testroutine.o
 .debug_frame   0x00000ce8       0x58 timers.o
 .debug_frame   0x00000d40       0x74 twi.o
 .debug_frame   0x00000db4      0x19c usart.o
 .debug_frame   0x00000f50       0x7c wdt.o

.debug_str      0x00000000     0x231a
 *(.debug_str)
 .debug_str     0x00000000      0xf85 C:/Program Files (x86)/Atmel/Studio/7.0/Packs/atmel/ATmega_DFP/1.6.364/gcc/dev/atmega4809/avrxmega3/crtatmega4809.o
 .debug_str     0x00000f85      0x1da ad590.o
                                0x21f (size before relaxing)
 .debug_str     0x0000115f       0x89 ads1115.o
                                0x272 (size before relaxing)
 .debug_str     0x000011e8      0x2b9 commands.o
                                0x479 (size before relaxing)
 .debug_str     0x000014a1       0x92 ds3231.o
                                0x259 (size before relaxing)
 .debug_str     0x00001533       0x89 eeprom.o
                                0x1fd (size before relaxing)
 .debug_str     0x000015bc       0x32 errors.o
                                0x1e0 (size before relaxing)
 .debug_str     0x000015ee       0x70 fram.o
                                0x22b (size before relaxing)
 .debug_str     0x0000165e       0x34 humidity.o
                                0x1de (size before relaxing)
 .debug_str     0x00001692       0x80 initialize.o
                                0x240 (size before relaxing)
 .debug_str     0x00001712       0x2a ionpump.o
                                0x1bd (size before relaxing)
 .debug_str     0x0000173c       0x3c main.o
                                0x2a5 (size before relaxing)
 .debug_str     0x00001778       0x25 mcp23008.o
                                0x1e7 (size before relaxing)
 .debug_str     0x0000179d       0x26 mcp9808.o
                                0x1ef (size before relaxing)
 .debug_str     0x000017c3       0x41 mma8451.o
                                0x215 (size before relaxing)
 .debug_str     0x00001804       0x34 nmea.o
                                0x1bd (size before relaxing)
 .debug_str     0x00001838       0x6a oled.o
                                0x35a (size before relaxing)
 .debug_str     0x000018a2      0x12c pneu.o
                                0x3f8 (size before relaxing)
 .debug_str     0x000019ce        0xd ports.o
                                0x31d (size before relaxing)
 .debug_str     0x000019db       0xff report.o
                                0x3dd (size before relaxing)
 .debug_str     0x00001ada      0x11b roboclaw.o
                                0x421 (size before relaxing)
 .debug_str     0x00001bf5      0x337 rtc.o
                                0x5c8 (size before relaxing)
 .debug_str     0x00001f2c        0xb set.o
                                0x1cf (size before relaxing)
 .debug_str     0x00001f37       0x13 temperature.o
                                0x1c7 (size before relaxing)
 .debug_str     0x00001f4a       0x13 testroutine.o
                                0x1a5 (size before relaxing)
 .debug_str     0x00001f5d       0x4c timers.o
                                0x24d (size before relaxing)
 .debug_str     0x00001fa9      0x16d twi.o
                                0x381 (size before relaxing)
 .debug_str     0x00002116       0xdc usart.o
                                0x3c6 (size before relaxing)
 .debug_str     0x000021f2      0x128 wdt.o
                                0x389 (size before relaxing)

.debug_loc      0x00000000     0x418d
 *(.debug_loc)
 .debug_loc     0x00000000      0x1a7 ad590.o
 .debug_loc     0x000001a7      0x319 ads1115.o
 .debug_loc     0x000004c0      0x4e2 commands.o
 .debug_loc     0x000009a2      0x46d ds3231.o
 .debug_loc     0x00000e0f       0xda eeprom.o
 .debug_loc     0x00000ee9       0xae errors.o
 .debug_loc     0x00000f97      0x4d8 fram.o
 .debug_loc     0x0000146f      0x21a humidity.o
 .debug_loc     0x00001689       0x47 initialize.o
 .debug_loc     0x000016d0      0x101 ionpump.o
 .debug_loc     0x000017d1      0x18e mcp23008.o
 .debug_loc     0x0000195f      0x175 mcp9808.o
 .debug_loc     0x00001ad4      0x42c mma8451.o
 .debug_loc     0x00001f00       0xef nmea.o
 .debug_loc     0x00001fef      0x33a oled.o
 .debug_loc     0x00002329      0x5be pneu.o
 .debug_loc     0x000028e7       0x46 ports.o
 .debug_loc     0x0000292d      0x43f report.o
 .debug_loc     0x00002d6c      0xb22 roboclaw.o
 .debug_loc     0x0000388e       0xb3 rtc.o
 .debug_loc     0x00003941       0xac set.o
 .debug_loc     0x000039ed       0x9b temperature.o
 .debug_loc     0x00003a88       0x71 timers.o
 .debug_loc     0x00003af9       0x89 twi.o
 .debug_loc     0x00003b82      0x540 usart.o
 .debug_loc     0x000040c2       0xcb wdt.o

.debug_macinfo
 *(.debug_macinfo)

.debug_weaknames
 *(.debug_weaknames)

.debug_funcnames
 *(.debug_funcnames)

.debug_typenames
 *(.debug_typenames)

.debug_varnames
 *(.debug_varnames)

.debug_pubtypes
 *(.debug_pubtypes)

.debug_ranges   0x00000000      0x3b0
 *(.debug_ranges)
 .debug_ranges  0x00000000       0x10 ad590.o
 .debug_ranges  0x00000010       0x10 ads1115.o
 .debug_ranges  0x00000020       0x58 commands.o
 .debug_ranges  0x00000078       0x38 ds3231.o
 .debug_ranges  0x000000b0       0x30 eeprom.o
 .debug_ranges  0x000000e0       0x10 errors.o
 .debug_ranges  0x000000f0       0x28 fram.o
 .debug_ranges  0x00000118       0x10 humidity.o
 .debug_ranges  0x00000128       0x10 initialize.o
 .debug_ranges  0x00000138       0x10 ionpump.o
 .debug_ranges  0x00000148       0x10 main.o
 .debug_ranges  0x00000158       0x18 mcp23008.o
 .debug_ranges  0x00000170       0x10 mcp9808.o
 .debug_ranges  0x00000180       0x28 mma8451.o
 .debug_ranges  0x000001a8       0x10 nmea.o
 .debug_ranges  0x000001b8       0x38 oled.o
 .debug_ranges  0x000001f0       0x38 pneu.o
 .debug_ranges  0x00000228       0x10 ports.o
 .debug_ranges  0x00000238       0x10 report.o
 .debug_ranges  0x00000248       0x68 roboclaw.o
 .debug_ranges  0x000002b0       0x18 rtc.o
 .debug_ranges  0x000002c8       0x10 set.o
 .debug_ranges  0x000002d8       0x10 temperature.o
 .debug_ranges  0x000002e8       0x10 testroutine.o
 .debug_ranges  0x000002f8       0x20 timers.o
 .debug_ranges  0x00000318       0x38 twi.o
 .debug_ranges  0x00000350       0x48 usart.o
 .debug_ranges  0x00000398       0x18 wdt.o

.debug_macro
 *(.debug_macro)
OUTPUT(specMech.elf elf32-avr)
LOAD linker stubs
