Archive member included to satisfy reference by file (symbol)

c:/program files (x86)/atmel/studio/7.0/toolchain/avr8/avr8-gnu-toolchain/bin/../lib/gcc/avr/5.4.0/../../../../avr/lib/avrxmega3\libm.a(addsf3.o)
                              ad590.o (__subsf3)
c:/program files (x86)/atmel/studio/7.0/toolchain/avr8/avr8-gnu-toolchain/bin/../lib/gcc/avr/5.4.0/../../../../avr/lib/avrxmega3\libm.a(addsf3x.o)
                              c:/program files (x86)/atmel/studio/7.0/toolchain/avr8/avr8-gnu-toolchain/bin/../lib/gcc/avr/5.4.0/../../../../avr/lib/avrxmega3\libm.a(addsf3.o) (__addsf3x)
c:/program files (x86)/atmel/studio/7.0/toolchain/avr8/avr8-gnu-toolchain/bin/../lib/gcc/avr/5.4.0/../../../../avr/lib/avrxmega3\libm.a(cmpsf2.o)
                              ionpump.o (__ltsf2)
c:/program files (x86)/atmel/studio/7.0/toolchain/avr8/avr8-gnu-toolchain/bin/../lib/gcc/avr/5.4.0/../../../../avr/lib/avrxmega3\libm.a(divsf3.o)
                              humidity.o (__divsf3)
c:/program files (x86)/atmel/studio/7.0/toolchain/avr8/avr8-gnu-toolchain/bin/../lib/gcc/avr/5.4.0/../../../../avr/lib/avrxmega3\libm.a(divsf3x.o)
                              c:/program files (x86)/atmel/studio/7.0/toolchain/avr8/avr8-gnu-toolchain/bin/../lib/gcc/avr/5.4.0/../../../../avr/lib/avrxmega3\libm.a(divsf3.o) (__divsf3x)
c:/program files (x86)/atmel/studio/7.0/toolchain/avr8/avr8-gnu-toolchain/bin/../lib/gcc/avr/5.4.0/../../../../avr/lib/avrxmega3\libm.a(fixsfsi.o)
                              roboclaw.o (__fixsfsi)
c:/program files (x86)/atmel/studio/7.0/toolchain/avr8/avr8-gnu-toolchain/bin/../lib/gcc/avr/5.4.0/../../../../avr/lib/avrxmega3\libm.a(fixunssfsi.o)
                              c:/program files (x86)/atmel/studio/7.0/toolchain/avr8/avr8-gnu-toolchain/bin/../lib/gcc/avr/5.4.0/../../../../avr/lib/avrxmega3\libm.a(fixsfsi.o) (__fixunssfsi)
c:/program files (x86)/atmel/studio/7.0/toolchain/avr8/avr8-gnu-toolchain/bin/../lib/gcc/avr/5.4.0/../../../../avr/lib/avrxmega3\libm.a(floatsisf.o)
                              mcp9808.o (__floatunsisf)
c:/program files (x86)/atmel/studio/7.0/toolchain/avr8/avr8-gnu-toolchain/bin/../lib/gcc/avr/5.4.0/../../../../avr/lib/avrxmega3\libm.a(fp_cmp.o)
                              c:/program files (x86)/atmel/studio/7.0/toolchain/avr8/avr8-gnu-toolchain/bin/../lib/gcc/avr/5.4.0/../../../../avr/lib/avrxmega3\libm.a(cmpsf2.o) (__fp_cmp)
c:/program files (x86)/atmel/studio/7.0/toolchain/avr8/avr8-gnu-toolchain/bin/../lib/gcc/avr/5.4.0/../../../../avr/lib/avrxmega3\libm.a(fp_inf.o)
                              c:/program files (x86)/atmel/studio/7.0/toolchain/avr8/avr8-gnu-toolchain/bin/../lib/gcc/avr/5.4.0/../../../../avr/lib/avrxmega3\libm.a(addsf3x.o) (__fp_inf)
c:/program files (x86)/atmel/studio/7.0/toolchain/avr8/avr8-gnu-toolchain/bin/../lib/gcc/avr/5.4.0/../../../../avr/lib/avrxmega3\libm.a(fp_nan.o)
                              c:/program files (x86)/atmel/studio/7.0/toolchain/avr8/avr8-gnu-toolchain/bin/../lib/gcc/avr/5.4.0/../../../../avr/lib/avrxmega3\libm.a(addsf3x.o) (__fp_nan)
c:/program files (x86)/atmel/studio/7.0/toolchain/avr8/avr8-gnu-toolchain/bin/../lib/gcc/avr/5.4.0/../../../../avr/lib/avrxmega3\libm.a(fp_pscA.o)
                              c:/program files (x86)/atmel/studio/7.0/toolchain/avr8/avr8-gnu-toolchain/bin/../lib/gcc/avr/5.4.0/../../../../avr/lib/avrxmega3\libm.a(addsf3x.o) (__fp_pscA)
c:/program files (x86)/atmel/studio/7.0/toolchain/avr8/avr8-gnu-toolchain/bin/../lib/gcc/avr/5.4.0/../../../../avr/lib/avrxmega3\libm.a(fp_pscB.o)
                              c:/program files (x86)/atmel/studio/7.0/toolchain/avr8/avr8-gnu-toolchain/bin/../lib/gcc/avr/5.4.0/../../../../avr/lib/avrxmega3\libm.a(addsf3x.o) (__fp_pscB)
c:/program files (x86)/atmel/studio/7.0/toolchain/avr8/avr8-gnu-toolchain/bin/../lib/gcc/avr/5.4.0/../../../../avr/lib/avrxmega3\libm.a(fp_round.o)
                              c:/program files (x86)/atmel/studio/7.0/toolchain/avr8/avr8-gnu-toolchain/bin/../lib/gcc/avr/5.4.0/../../../../avr/lib/avrxmega3\libm.a(addsf3.o) (__fp_round)
c:/program files (x86)/atmel/studio/7.0/toolchain/avr8/avr8-gnu-toolchain/bin/../lib/gcc/avr/5.4.0/../../../../avr/lib/avrxmega3\libm.a(fp_split3.o)
                              c:/program files (x86)/atmel/studio/7.0/toolchain/avr8/avr8-gnu-toolchain/bin/../lib/gcc/avr/5.4.0/../../../../avr/lib/avrxmega3\libm.a(addsf3x.o) (__fp_split3)
c:/program files (x86)/atmel/studio/7.0/toolchain/avr8/avr8-gnu-toolchain/bin/../lib/gcc/avr/5.4.0/../../../../avr/lib/avrxmega3\libm.a(fp_zero.o)
                              c:/program files (x86)/atmel/studio/7.0/toolchain/avr8/avr8-gnu-toolchain/bin/../lib/gcc/avr/5.4.0/../../../../avr/lib/avrxmega3\libm.a(addsf3x.o) (__fp_zero)
c:/program files (x86)/atmel/studio/7.0/toolchain/avr8/avr8-gnu-toolchain/bin/../lib/gcc/avr/5.4.0/../../../../avr/lib/avrxmega3\libm.a(gesf2.o)
                              ionpump.o (__gtsf2)
[...]
Memory Configuration

Name             Origin             Length             Attributes
text             0x00000000         0x0000c000         xr
data             0x00802800         0x00001800         rw !x
eeprom           0x00810000         0x00000100         rw !x
fuse             0x00820000         0x0000000a         rw !x
lock             0x00830000         0x00000400         rw !x
signature        0x00840000         0x00000400         rw !x
user_signatures  0x00850000         0x00000400         rw !x
*default*        0x00000000         0xffffffff

Linker script and memory map

Address of section .data set to 0x802800
                0x00004000                __RODATA_PM_OFFSET__ = 0x4000
LOAD C:/Program Files (x86)/Atmel/Studio/7.0/Packs/atmel/ATmega_DFP/1.6.364/gcc/dev/atmega4809/avrxmega3/crtatmega4809.o
LOAD ad590.o
LOAD ads1115.o
LOAD commands.o
LOAD ds3231.o
LOAD eeprom.o
LOAD errors.o
LOAD fram.o
LOAD humidity.o
LOAD initialize.o
LOAD ionpump.o
LOAD main.o
LOAD mcp23008.o
LOAD mcp9808.o
LOAD mma8451.o
LOAD nmea.o
LOAD oled.o
LOAD pneu.o
LOAD ports.o
LOAD pushbutton.o
LOAD report.o
LOAD roboclaw.o
LOAD set.o
LOAD temperature.o
LOAD testroutine.o
LOAD timers.o
LOAD twi.o
LOAD usart.o
LOAD wdt.o
START GROUP
LOAD c:/program files (x86)/atmel/studio/7.0/toolchain/avr8/avr8-gnu-toolchain/bin/../lib/gcc/avr/5.4.0/../../../../avr/lib/avrxmega3\libm.a
END GROUP
LOAD c:/program files (x86)/atmel/studio/7.0/toolchain/avr8/avr8-gnu-toolchain/bin/../lib/gcc/avr/5.4.0/../../../../avr/lib/avrxmega3\libprintf_flt.a
START GROUP
LOAD c:/program files (x86)/atmel/studio/7.0/toolchain/avr8/avr8-gnu-toolchain/bin/../lib/gcc/avr/5.4.0/avrxmega3\libgcc.a
LOAD c:/program files (x86)/atmel/studio/7.0/toolchain/avr8/avr8-gnu-toolchain/bin/../lib/gcc/avr/5.4.0/../../../../avr/lib/avrxmega3\libm.a
LOAD c:/program files (x86)/atmel/studio/7.0/toolchain/avr8/avr8-gnu-toolchain/bin/../lib/gcc/avr/5.4.0/../../../../avr/lib/avrxmega3\libc.a
LOAD C:/Program Files (x86)/Atmel/Studio/7.0/Packs/atmel/ATmega_DFP/1.6.364/gcc/dev/atmega4809/avrxmega3\libatmega4809.a
END GROUP
                [0x00000000]                __TEXT_REGION_ORIGIN__ = DEFINED (__TEXT_REGION_ORIGIN__)?__TEXT_REGION_ORIGIN__:0x0
                [0x00802800]                __DATA_REGION_ORIGIN__ = DEFINED (__DATA_REGION_ORIGIN__)?__DATA_REGION_ORIGIN__:0x802000
                [0x0000c000]                __TEXT_REGION_LENGTH__ = DEFINED (__TEXT_REGION_LENGTH__)?__TEXT_REGION_LENGTH__:0x100000
                [0x00001800]                __DATA_REGION_LENGTH__ = DEFINED (__DATA_REGION_LENGTH__)?__DATA_REGION_LENGTH__:0xffa0
                [0x00000100]                __EEPROM_REGION_LENGTH__ = DEFINED (__EEPROM_REGION_LENGTH__)?__EEPROM_REGION_LENGTH__:0x10000
                [0x0000000a]                __FUSE_REGION_LENGTH__ = DEFINED (__FUSE_REGION_LENGTH__)?__FUSE_REGION_LENGTH__:0x400
                0x00000400                __LOCK_REGION_LENGTH__ = DEFINED (__LOCK_REGION_LENGTH__)?__LOCK_REGION_LENGTH__:0x400
                0x00000400                __SIGNATURE_REGION_LENGTH__ = DEFINED (__SIGNATURE_REGION_LENGTH__)?__SIGNATURE_REGION_LENGTH__:0x400
                0x00000400                __USER_SIGNATURE_REGION_LENGTH__ = DEFINED (__USER_SIGNATURE_REGION_LENGTH__)?__USER_SIGNATURE_REGION_LENGTH__:0x400
                0x00008000                __RODATA_PM_OFFSET__ = DEFINED (__RODATA_PM_OFFSET__)?__RODATA_PM_OFFSET__:0x8000

.hash
 *(.hash)

.dynsym
 *(.dynsym)

.dynstr
 *(.dynstr)

.gnu.version
 *(.gnu.version)

.gnu.version_d
 *(.gnu.version_d)

.gnu.version_r
 *(.gnu.version_r)

.rel.init
 *(.rel.init)

.rela.init
 *(.rela.init)

.rel.text
 *(.rel.text)
 *(.rel.text.*)
 *(.rel.gnu.linkonce.t*)

.rela.text
 *(.rela.text)
 *(.rela.text.*)
 *(.rela.gnu.linkonce.t*)

.rel.fini
 *(.rel.fini)

.rela.fini
 *(.rela.fini)

.rel.rodata
 *(.rel.rodata)
 *(.rel.rodata.*)
 *(.rel.gnu.linkonce.r*)

.rela.rodata
 *(.rela.rodata)
 *(.rela.rodata.*)
 *(.rela.gnu.linkonce.r*)

.rel.data
 *(.rel.data)
 *(.rel.data.*)
 *(.rel.gnu.linkonce.d*)

.rela.data
 *(.rela.data)
 *(.rela.data.*)
 *(.rela.gnu.linkonce.d*)

.rel.ctors
 *(.rel.ctors)

.rela.ctors
 *(.rela.ctors)

.rel.dtors
 *(.rel.dtors)

.rela.dtors
 *(.rela.dtors)

.rel.got
 *(.rel.got)

.rela.got
 *(.rela.got)

.rel.bss
 *(.rel.bss)

.rela.bss
 *(.rela.bss)

.rel.plt
 *(.rel.plt)

.rela.plt
 *(.rela.plt)

.text           0x00000000     0x58b6
 *(.vectors)
 .vectors       0x00000000       0xa0 C:/Program Files (x86)/Atmel/Studio/7.0/Packs/atmel/ATmega_DFP/1.6.364/gcc/dev/atmega4809/avrxmega3/crtatmega4809.o
                0x00000000                __vector_default
                0x00000000                __vectors
 *(.vectors)
 *(.progmem.gcc*)
 .progmem.gcc_sw_table.commands
                0x000000a0       0x58 commands.o
 .progmem.gcc_sw_table.report
                0x000000f8       0x6c report.o
                0x00000164                . = ALIGN (0x2)
                0x00000164                __trampolines_start = .
 *(.trampolines)
 .trampolines   0x00000164        0x0 linker stubs
 *(.trampolines*)
                0x00000164                __trampolines_end = .
 *libprintf_flt.a:*(.progmem.data)
 .progmem.data  0x00000164        0x8 c:/program files (x86)/atmel/studio/7.0/toolchain/avr8/avr8-gnu-toolchain/bin/../lib/gcc/avr/5.4.0/../../../../avr/lib/avrxmega3\libprintf_flt.a(vfprintf_flt.o)
 *libc.a:*(.progmem.data)
 .progmem.data  0x0000016c       0xfa c:/program files (x86)/atmel/studio/7.0/toolchain/avr8/avr8-gnu-toolchain/bin/../lib/gcc/avr/5.4.0/../../../../avr/lib/avrxmega3\libc.a(ftoa_engine.o)
 *(.progmem*)
                0x00000266                . = ALIGN (0x2)
 *(.jumptables)
 *(.jumptables*)
 *(.lowtext)
 *(.lowtext*)
                0x00000266                __ctors_start = .
 *(.ctors)
                0x00000266                __ctors_end = .
                0x00000266                __dtors_start = .
 *(.dtors)
                0x00000266                __dtors_end = .
 SORT(*)(.ctors)
 SORT(*)(.dtors)
 *(.init0)
 .init0         0x00000266        0x0 C:/Program Files (x86)/Atmel/Studio/7.0/Packs/atmel/ATmega_DFP/1.6.364/gcc/dev/atmega4809/avrxmega3/crtatmega4809.o
                0x00000266                __init
 *(.init0)
 *(.init1)
 *(.init1)
 *(.init2)
 .init2         0x00000266        0xc C:/Program Files (x86)/Atmel/Studio/7.0/Packs/atmel/ATmega_DFP/1.6.364/gcc/dev/atmega4809/avrxmega3/crtatmega4809.o
 *(.init2)
 *(.init3)
 *(.init3)
 *(.init4)
 .init4         0x00000272       0x10 c:/program files (x86)/atmel/studio/7.0/toolchain/avr8/avr8-gnu-toolchain/bin/../lib/gcc/avr/5.4.0/avrxmega3\libgcc.a(_clear_bss.o)
                0x00000272                __do_clear_bss
 *(.init4)
 *(.init5)
 *(.init5)
 *(.init6)
 *(.init6)
 *(.init7)
 *(.init7)
 *(.init8)
 *(.init8)
 *(.init9)
 .init9         0x00000282        0x8 C:/Program Files (x86)/Atmel/Studio/7.0/Packs/atmel/ATmega_DFP/1.6.364/gcc/dev/atmega4809/avrxmega3/crtatmega4809.o
 *(.init9)
 *(.text)
 .text          0x0000028a        0x4 C:/Program Files (x86)/Atmel/Studio/7.0/Packs/atmel/ATmega_DFP/1.6.364/gcc/dev/atmega4809/avrxmega3/crtatmega4809.o
                0x0000028a                __vector_22
                0x0000028a                __vector_28
                0x0000028a                __vector_1
                0x0000028a                __vector_32
                0x0000028a                __vector_34
                0x0000028a                __vector_24
                0x0000028a                __bad_interrupt
                0x0000028a                __vector_6
                0x0000028a                __vector_31
                0x0000028a                __vector_35
                0x0000028a                __vector_39
                0x0000028a                __vector_23
                0x0000028a                __vector_30
                0x0000028a                __vector_25
                0x0000028a                __vector_11
                0x0000028a                __vector_13
                0x0000028a                __vector_19
                0x0000028a                __vector_7
                0x0000028a                __vector_5
                0x0000028a                __vector_33
                0x0000028a                __vector_4
                0x0000028a                __vector_9
                0x0000028a                __vector_2
                0x0000028a                __vector_21
                0x0000028a                __vector_15
                0x0000028a                __vector_36
                0x0000028a                __vector_8
                0x0000028a                __vector_14
                0x0000028a                __vector_10
                0x0000028a                __vector_16
                0x0000028e                . = ALIGN (0x2)
 *(.text.*)
 .text.read_AD590
                0x0000028e      0x102 ad590.o
                0x0000028e                read_AD590
 .text.read_ADS1115
                0x00000390      0x1d4 ads1115.o
                0x00000390                read_ADS1115
 .text.get_cmdline
                0x00000564       0x58 commands.o
                0x00000564                get_cmdline
 .text.isaletter
                0x000005bc       0x1a commands.o
                0x000005bc                isaletter
 .text.parse_cmd
                0x000005d6      0x128 commands.o
                0x000005d6                parse_cmd
 .text.printLine
                0x000006fe       0x96 commands.o
                0x000006fe                printLine
 .text.echo_cmd
                0x00000794       0x80 commands.o
                0x00000794                echo_cmd
 .text.send_EXprompt
                0x00000814       0x2a commands.o
                0x00000814                send_EXprompt
 .text.rebootACKd
                0x0000083e       0x54 commands.o
                0x0000083e                rebootACKd
 .text.send_GTprompt
                0x00000892       0x2a commands.o
                0x00000892                send_GTprompt
 .text.commands
                0x000008bc      0x11c commands.o
                0x000008bc                commands
 .text.check_isotime
                0x000009d8      0x1ce ds3231.o
                0x000009d8                check_isotime
 .text.convert_ds2iso
                0x00000ba6       0x6e ds3231.o
                0x00000ba6                convert_ds2iso
 .text.convert_iso2ds
                0x00000c14       0xc0 ds3231.o
                0x00000c14                convert_iso2ds
 .text.read_DS3231
                0x00000cd4       0x78 ds3231.o
                0x00000cd4                read_DS3231
 .text.get_time
                0x00000d4c       0x68 ds3231.o
                0x00000d4c                get_time
 .text.write_DS3231
                0x00000db4       0x70 ds3231.o
                0x00000db4                write_DS3231
 .text.put_time
                0x00000e24       0x6e ds3231.o
                0x00000e24                put_time
 .text.get_BOOTTIME
                0x00000e92        0xe eeprom.o
                0x00000e92                get_BOOTTIME
 .text.get_VERSION
                0x00000ea0        0xe eeprom.o
                0x00000ea0                get_VERSION
 .text.update_BOOTTIME
                0x00000eae       0x32 eeprom.o
                0x00000eae                update_BOOTTIME
 .text.update_VERSION
                0x00000ee0       0x3c eeprom.o
                0x00000ee0                update_VERSION
 .text.init_EEPROM
                0x00000f1c        0xa eeprom.o
                0x00000f1c                init_EEPROM
 .text.printError
                0x00000f26       0x6c errors.o
                0x00000f26                printError
 .text.read_FRAM
                0x00000f92       0x9c fram.o
                0x00000f92                read_FRAM
 .text.get_SETTIME
                0x0000102e       0x60 fram.o
                0x0000102e                get_SETTIME
 .text.write_FRAM
                0x0000108e       0x64 fram.o
                0x0000108e                write_FRAM
 .text.get_humidity
                0x000010f2      0x102 humidity.o
                0x000010f2                get_humidity
 .text.initialize
                0x000011f4       0x82 initialize.o
                0x000011f4                initialize
 .text.read_ionpump
                0x00001276       0xd6 ionpump.o
                0x00001276                read_ionpump
 .text.main     0x0000134c       0x7e main.o
                0x0000134c                main
 .text.read_MCP23008
                0x000013ca       0x5e mcp23008.o
                0x000013ca                read_MCP23008
 .text.write_MCP23008
                0x00001428       0x5c mcp23008.o
                0x00001428                write_MCP23008
 .text.read_MCP9808
                0x00001484       0xce mcp9808.o
                0x00001484                read_MCP9808
 .text.read_MMA8451
                0x00001552       0x7c mma8451.o
                0x00001552                read_MMA8451
 .text.get_orientation
                0x000015ce      0x13c mma8451.o
                0x000015ce                get_orientation
 .text.write_MMA8451
                0x0000170a       0x54 mma8451.o
                0x0000170a                write_MMA8451
 .text.init_MMA8451
                0x0000175e       0x64 mma8451.o
                0x0000175e                init_MMA8451
 .text.checksum_NMEA
                0x000017c2       0x92 nmea.o
                0x000017c2                checksum_NMEA
 .text.reset_OLED
                0x00001854       0x18 oled.o
                0x00001854                reset_OLED
 .text.write_OLED
                0x0000186c       0x24 oled.o
                0x0000186c                write_OLED
 .text.init_OLEDDISPLAY
                0x00001890      0x14c oled.o
                0x00001890                init_OLEDDISPLAY
 .text.init_OLED
                0x000019dc       0x22 oled.o
                0x000019dc                init_OLED
 .text.writestr_OLED
                0x000019fe       0xba oled.o
                0x000019fe                writestr_OLED
 .text.clear_OLED
                0x00001ab8       0x3c oled.o
                0x00001ab8                clear_OLED
 .text.read_PNEUSensors
                0x00001af4       0xd8 pneu.o
                0x00001af4                read_PNEUSensors
 .text.set_PNEUVALVES
                0x00001bcc       0x24 pneu.o
                0x00001bcc                set_PNEUVALVES
 .text.close_PNEU
                0x00001bf0      0x154 pneu.o
                0x00001bf0                close_PNEU
 .text.open_PNEU
                0x00001d44      0x154 pneu.o
                0x00001d44                open_PNEU
 .text.__vector_20
                0x00001e98       0x5e pneu.o
                0x00001e98                __vector_20
 .text.init_PORTS
                0x00001ef6       0x2c ports.o
                0x00001ef6                init_PORTS
 .text.report   0x00001f22      0xcee report.o
                0x00001f22                report
 .text.crc16    0x00002c10       0x4a roboclaw.o
                0x00002c10                crc16
 .text.get_FRAM_MOTOR_ENCODER
                0x00002c5a       0xd4 roboclaw.o
                0x00002c5a                get_FRAM_MOTOR_ENCODER
 .text.get_MOTOR
                0x00002d2e      0x146 roboclaw.o
                0x00002d2e                get_MOTOR
 .text.get_MOTOR_CURRENT
                0x00002e74       0x80 roboclaw.o
                0x00002e74                get_MOTOR_CURRENT
 .text.get_MOTOR_ENCODER
                0x00002ef4       0x9e roboclaw.o
                0x00002ef4                get_MOTOR_ENCODER
 .text.get_MOTOR_FLOAT
                0x00002f92       0x88 roboclaw.o
                0x00002f92                get_MOTOR_FLOAT
 .text.get_MOTOR_MAXCURRENT
                0x0000301a       0xcc roboclaw.o
                0x0000301a                get_MOTOR_MAXCURRENT
 .text.get_MOTOR_PID
                0x000030e6      0x31a roboclaw.o
                0x000030e6                get_MOTOR_PID
 .text.get_MOTOR_SPEED
                0x00003400       0x9e roboclaw.o
                0x00003400                get_MOTOR_SPEED
 .text.motorsMoving
                0x0000349e       0x5a roboclaw.o
                0x0000349e                motorsMoving
 .text.put_FRAM_ENCODERS
                0x000034f8       0xd6 roboclaw.o
                0x000034f8                put_FRAM_ENCODERS
 .text.put_MOTOR
                0x000035ce      0x110 roboclaw.o
                0x000035ce                put_MOTOR
 .text.move_MOTOR
                0x000036de       0x6a roboclaw.o
                0x000036de                move_MOTOR
 .text.move_MOTOR_CMD
                0x00003748      0x102 roboclaw.o
                0x00003748                move_MOTOR_CMD
 .text.put_MOTOR_ENCODER
                0x0000384a       0x4a roboclaw.o
                0x0000384a                put_MOTOR_ENCODER
 .text.put_MOTOR_MAXCURRENT
                0x00003894       0x68 roboclaw.o
                0x00003894                put_MOTOR_MAXCURRENT
 .text.put_MOTOR_PID
                0x000038fc      0x18c roboclaw.o
                0x000038fc                put_MOTOR_PID
 .text.init_MOTORS
                0x00003a88      0x114 roboclaw.o
                0x00003a88                init_MOTORS
 .text.set      0x00003b9c       0x94 set.o
                0x00003b9c                set
 .text.get_temperature
                0x00003c30       0x50 temperature.o
                0x00003c30                get_temperature
 .text.testroutine
                0x00003c80      0x2b2 testroutine.o
                0x00003c80                testroutine
 .text.init_RTC
                0x00003f32       0x5c timers.o
                0x00003f32                init_RTC
 .text.__vector_3
                0x00003f8e       0x44 timers.o
                0x00003f8e                __vector_3
 .text.start_TCB0
                0x00003fd2       0x24 timers.o
                0x00003fd2                start_TCB0
 .text.__vector_12
                0x00003ff6       0x6a timers.o
                0x00003ff6                __vector_12
 .text.init_TWI
                0x00004060       0x16 twi.o
                0x00004060                init_TWI
 .text.read_TWI
                0x00004076       0x44 twi.o
                0x00004076                read_TWI
 .text.readlast_TWI
                0x000040ba       0x3e twi.o
                0x000040ba                readlast_TWI
 .text.start_TWI
                0x000040f8       0x94 twi.o
                0x000040f8                start_TWI
 .text.stop_TWI
                0x0000418c        0x8 twi.o
                0x0000418c                stop_TWI
 .text.write_TWI
                0x00004194       0x82 twi.o
                0x00004194                write_TWI
 .text.init_USART
                0x00004216       0xb0 usart.o
                0x00004216                init_USART
 .text.send_USART
                0x000042c6      0x134 usart.o
                0x000042c6                send_USART
 .text.__vector_17
                0x000043fa       0x9c usart.o
                0x000043fa                __vector_17
 .text.__vector_18
                0x00004496       0x78 usart.o
                0x00004496                __vector_18
 .text.__vector_26
                0x0000450e       0x56 usart.o
                0x0000450e                __vector_26
 .text.__vector_27
                0x00004564       0x78 usart.o
                0x00004564                __vector_27
 .text.__vector_37
                0x000045dc       0x6a usart.o
                0x000045dc                __vector_37
 .text.__vector_38
                0x00004646       0x5c usart.o
                0x00004646                __vector_38
 .text.reboot   0x000046a2        0xc wdt.o
                0x000046a2                reboot
 .text.__vector_29
                0x000046ae       0x56 wdt.o
                0x000046ae                __vector_29
 .text.avr-libc.fplib
                0x00004704        0xe c:/program files (x86)/atmel/studio/7.0/toolchain/avr8/avr8-gnu-toolchain/bin/../lib/gcc/avr/5.4.0/../../../../avr/lib/avrxmega3\libm.a(addsf3.o)
                0x00004704                __subsf3
                0x00004706                __addsf3
 .text.avr-libc.fplib
                0x00004712       0xcc c:/program files (x86)/atmel/studio/7.0/toolchain/avr8/avr8-gnu-toolchain/bin/../lib/gcc/avr/5.4.0/../../../../avr/lib/avrxmega3\libm.a(addsf3x.o)
                0x00004734                __addsf3x
 .text.avr-libc.fplib
                0x000047de        0xa c:/program files (x86)/atmel/studio/7.0/toolchain/avr8/avr8-gnu-toolchain/bin/../lib/gcc/avr/5.4.0/../../../../avr/lib/avrxmega3\libm.a(cmpsf2.o)
                0x000047de                __nesf2
                0x000047de                __eqsf2
                0x000047de                __cmpsf2
                0x000047de                __ltsf2
                0x000047de                __lesf2
 .text.avr-libc.fplib
                0x000047e8        0x8 c:/program files (x86)/atmel/studio/7.0/toolchain/avr8/avr8-gnu-toolchain/bin/../lib/gcc/avr/5.4.0/../../../../avr/lib/avrxmega3\libm.a(divsf3.o)
                0x000047e8                __divsf3
 .text.avr-libc.fplib
                0x000047f0       0xdc c:/program files (x86)/atmel/studio/7.0/toolchain/avr8/avr8-gnu-toolchain/bin/../lib/gcc/avr/5.4.0/../../../../avr/lib/avrxmega3\libm.a(divsf3x.o)
                0x00004810                __divsf3x
                0x00004816                __divsf3_pse
 .text.avr-libc.fplib
                0x000048cc        0xe c:/program files (x86)/atmel/studio/7.0/toolchain/avr8/avr8-gnu-toolchain/bin/../lib/gcc/avr/5.4.0/../../../../avr/lib/avrxmega3\libm.a(fixsfsi.o)
                0x000048cc                __fixsfsi
 .text.avr-libc.fplib
                0x000048da       0x5e c:/program files (x86)/atmel/studio/7.0/toolchain/avr8/avr8-gnu-toolchain/bin/../lib/gcc/avr/5.4.0/../../../../avr/lib/avrxmega3\libm.a(fixunssfsi.o)
                0x000048da                __fixunssfsi
 .text.avr-libc.fplib
                0x00004938       0x7a c:/program files (x86)/atmel/studio/7.0/toolchain/avr8/avr8-gnu-toolchain/bin/../lib/gcc/avr/5.4.0/../../../../avr/lib/avrxmega3\libm.a(floatsisf.o)
                0x00004938                __floatunsisf
                0x0000493c                __floatsisf
 .text.avr-libc.fplib
                0x000049b2       0x48 c:/program files (x86)/atmel/studio/7.0/toolchain/avr8/avr8-gnu-toolchain/bin/../lib/gcc/avr/5.4.0/../../../../avr/lib/avrxmega3\libm.a(fp_cmp.o)
                0x000049b2                __fp_cmp
 .text.avr-libc.fplib
                0x000049fa        0xc c:/program files (x86)/atmel/studio/7.0/toolchain/avr8/avr8-gnu-toolchain/bin/../lib/gcc/avr/5.4.0/../../../../avr/lib/avrxmega3\libm.a(fp_inf.o)
                0x000049fa                __fp_inf
 .text.avr-libc.fplib
                0x00004a06        0x6 c:/program files (x86)/atmel/studio/7.0/toolchain/avr8/avr8-gnu-toolchain/bin/../lib/gcc/avr/5.4.0/../../../../avr/lib/avrxmega3\libm.a(fp_nan.o)
                0x00004a06                __fp_nan
 .text.avr-libc.fplib
                0x00004a0c        0xe c:/program files (x86)/atmel/studio/7.0/toolchain/avr8/avr8-gnu-toolchain/bin/../lib/gcc/avr/5.4.0/../../../../avr/lib/avrxmega3\libm.a(fp_pscA.o)
                0x00004a0c                __fp_pscA
 .text.avr-libc.fplib
                0x00004a1a        0xe c:/program files (x86)/atmel/studio/7.0/toolchain/avr8/avr8-gnu-toolchain/bin/../lib/gcc/avr/5.4.0/../../../../avr/lib/avrxmega3\libm.a(fp_pscB.o)
                0x00004a1a                __fp_pscB
 .text.avr-libc.fplib
                0x00004a28       0x22 c:/program files (x86)/atmel/studio/7.0/toolchain/avr8/avr8-gnu-toolchain/bin/../lib/gcc/avr/5.4.0/../../../../avr/lib/avrxmega3\libm.a(fp_round.o)
                0x00004a28                __fp_round
 .text.avr-libc.fplib
                0x00004a4a       0x44 c:/program files (x86)/atmel/studio/7.0/toolchain/avr8/avr8-gnu-toolchain/bin/../lib/gcc/avr/5.4.0/../../../../avr/lib/avrxmega3\libm.a(fp_split3.o)
                0x00004a4a                __fp_split3
                0x00004a5a                __fp_splitA
 .text.avr-libc.fplib
                0x00004a8e        0xe c:/program files (x86)/atmel/studio/7.0/toolchain/avr8/avr8-gnu-toolchain/bin/../lib/gcc/avr/5.4.0/../../../../avr/lib/avrxmega3\libm.a(fp_zero.o)
                0x00004a8e                __fp_zero
                0x00004a90                __fp_szero
 .text.avr-libc.fplib
                0x00004a9c        0xa c:/program files (x86)/atmel/studio/7.0/toolchain/avr8/avr8-gnu-toolchain/bin/../lib/gcc/avr/5.4.0/../../../../avr/lib/avrxmega3\libm.a(gesf2.o)
                0x00004a9c                __gesf2
                0x00004a9c                __gtsf2
 .text.avr-libc.fplib
                0x00004aa6        0x8 c:/program files (x86)/atmel/studio/7.0/toolchain/avr8/avr8-gnu-toolchain/bin/../lib/gcc/avr/5.4.0/../../../../avr/lib/avrxmega3\libm.a(mulsf3.o)
                0x00004aa6                __mulsf3
 .text.avr-libc.fplib
                0x00004aae       0xd2 c:/program files (x86)/atmel/studio/7.0/toolchain/avr8/avr8-gnu-toolchain/bin/../lib/gcc/avr/5.4.0/../../../../avr/lib/avrxmega3\libm.a(mulsf3x.o)
                0x00004acc                __mulsf3x
                0x00004ad2                __mulsf3_pse
 .text.avr-libc
                0x00004b80      0x6fa c:/program files (x86)/atmel/studio/7.0/toolchain/avr8/avr8-gnu-toolchain/bin/../lib/gcc/avr/5.4.0/../../../../avr/lib/avrxmega3\libprintf_flt.a(vfprintf_flt.o)
                0x00004b80                vfprintf
 .text.libgcc.div
                0x0000527a       0x28 c:/program files (x86)/atmel/studio/7.0/toolchain/avr8/avr8-gnu-toolchain/bin/../lib/gcc/avr/5.4.0/avrxmega3\libgcc.a(_divmodhi4.o)
                0x0000527a                _div
                0x0000527a                __divmodhi4
 .text.libgcc.div
                0x000052a2       0x2e c:/program files (x86)/atmel/studio/7.0/toolchain/avr8/avr8-gnu-toolchain/bin/../lib/gcc/avr/5.4.0/avrxmega3\libgcc.a(_divmodsi4.o)
                0x000052a2                __divmodsi4
 .text.libgcc.div
                0x000052d0       0x10 c:/program files (x86)/atmel/studio/7.0/toolchain/avr8/avr8-gnu-toolchain/bin/../lib/gcc/avr/5.4.0/avrxmega3\libgcc.a(_negsi2.o)
                0x000052d0                __negsi2
 .text.libgcc   0x000052e0        0xc c:/program files (x86)/atmel/studio/7.0/toolchain/avr8/avr8-gnu-toolchain/bin/../lib/gcc/avr/5.4.0/avrxmega3\libgcc.a(_tablejump2.o)
                0x000052e0                __tablejump2__
 .text.libgcc.mul
                0x000052ec       0x16 c:/program files (x86)/atmel/studio/7.0/toolchain/avr8/avr8-gnu-toolchain/bin/../lib/gcc/avr/5.4.0/avrxmega3\libgcc.a(_muluhisi3.o)
                0x000052ec                __muluhisi3
 .text.libgcc.prologue
                0x00005302       0x32 c:/program files (x86)/atmel/studio/7.0/toolchain/avr8/avr8-gnu-toolchain/bin/../lib/gcc/avr/5.4.0/avrxmega3\libgcc.a(_prologue.o)
                0x00005302                __prologue_saves__
 .text.libgcc.prologue
                0x00005334       0x30 c:/program files (x86)/atmel/studio/7.0/toolchain/avr8/avr8-gnu-toolchain/bin/../lib/gcc/avr/5.4.0/avrxmega3\libgcc.a(_epilogue.o)
                0x00005334                __epilogue_restores__
 .text.libgcc.div
                0x00005364       0x28 c:/program files (x86)/atmel/studio/7.0/toolchain/avr8/avr8-gnu-toolchain/bin/../lib/gcc/avr/5.4.0/avrxmega3\libgcc.a(_udivmodhi4.o)
                0x00005364                __udivmodhi4
 .text.libgcc.div
                0x0000538c       0x44 c:/program files (x86)/atmel/studio/7.0/toolchain/avr8/avr8-gnu-toolchain/bin/../lib/gcc/avr/5.4.0/avrxmega3\libgcc.a(_udivmodsi4.o)
                0x0000538c                __udivmodsi4
 .text.libgcc.mul
                0x000053d0       0x1e c:/program files (x86)/atmel/studio/7.0/toolchain/avr8/avr8-gnu-toolchain/bin/../lib/gcc/avr/5.4.0/avrxmega3\libgcc.a(_umulhisi3.o)
                0x000053d0                __umulhisi3
 .text.avr-libc
                0x000053ee       0x3c c:/program files (x86)/atmel/studio/7.0/toolchain/avr8/avr8-gnu-toolchain/bin/../lib/gcc/avr/5.4.0/../../../../avr/lib/avrxmega3\libc.a(atoi.o)
                0x000053ee                atoi
 .text.avr-libc
                0x0000542a       0x4e c:/program files (x86)/atmel/studio/7.0/toolchain/avr8/avr8-gnu-toolchain/bin/../lib/gcc/avr/5.4.0/../../../../avr/lib/avrxmega3\libc.a(atol.o)
                0x0000542a                atol
 .text.avr-libc
                0x00005478      0x1b0 c:/program files (x86)/atmel/studio/7.0/toolchain/avr8/avr8-gnu-toolchain/bin/../lib/gcc/avr/5.4.0/../../../../avr/lib/avrxmega3\libc.a(ftoa_engine.o)
                0x00005478                __ftoa_engine
 .text.avr-libc
                0x00005628       0x16 c:/program files (x86)/atmel/studio/7.0/toolchain/avr8/avr8-gnu-toolchain/bin/../lib/gcc/avr/5.4.0/../../../../avr/lib/avrxmega3\libc.a(strnlen_P.o)
                0x00005628                strnlen_P
 .text.avr-libc
                0x0000563e       0x16 c:/program files (x86)/atmel/studio/7.0/toolchain/avr8/avr8-gnu-toolchain/bin/../lib/gcc/avr/5.4.0/../../../../avr/lib/avrxmega3\libc.a(strcat.o)
                0x0000563e                strcat
 .text.avr-libc
                0x00005654        0xe c:/program files (x86)/atmel/studio/7.0/toolchain/avr8/avr8-gnu-toolchain/bin/../lib/gcc/avr/5.4.0/../../../../avr/lib/avrxmega3\libc.a(strcpy.o)
                0x00005654                strcpy
 .text.avr-libc
                0x00005662       0x16 c:/program files (x86)/atmel/studio/7.0/toolchain/avr8/avr8-gnu-toolchain/bin/../lib/gcc/avr/5.4.0/../../../../avr/lib/avrxmega3\libc.a(strnlen.o)
                0x00005662                strnlen
 .text.avr-libc
                0x00005678       0x2a c:/program files (x86)/atmel/studio/7.0/toolchain/avr8/avr8-gnu-toolchain/bin/../lib/gcc/avr/5.4.0/../../../../avr/lib/avrxmega3\libc.a(mulsi10.o)
                0x00005678                __mulsi_const_10
 .text.avr-libc
                0x000056a2       0x10 c:/program files (x86)/atmel/studio/7.0/toolchain/avr8/avr8-gnu-toolchain/bin/../lib/gcc/avr/5.4.0/../../../../avr/lib/avrxmega3\libc.a(mul10.o)
                0x000056a2                __mulhi_const_10
 .text.avr-libc
                0x000056b2       0x78 c:/program files (x86)/atmel/studio/7.0/toolchain/avr8/avr8-gnu-toolchain/bin/../lib/gcc/avr/5.4.0/../../../../avr/lib/avrxmega3\libc.a(fputc.o)
                0x000056b2                fputc
 .text.avr-libc
                0x0000572a       0x44 c:/program files (x86)/atmel/studio/7.0/toolchain/avr8/avr8-gnu-toolchain/bin/../lib/gcc/avr/5.4.0/../../../../avr/lib/avrxmega3\libc.a(sprintf.o)
                0x0000572a                sprintf
 .text.avr-libc
                0x0000576e       0xbc c:/program files (x86)/atmel/studio/7.0/toolchain/avr8/avr8-gnu-toolchain/bin/../lib/gcc/avr/5.4.0/../../../../avr/lib/avrxmega3\libc.a(ultoa_invert.o)
                0x0000576e                __ultoa_invert
 .text.avr-libc
                0x0000582a        0x8 C:/Program Files (x86)/Atmel/Studio/7.0/Packs/atmel/ATmega_DFP/1.6.364/gcc/dev/atmega4809/avrxmega3\libatmega4809.a(eerd_block.o)
                0x0000582a                eeprom_read_block
 .text.avr-libc
                0x00005832       0x20 C:/Program Files (x86)/Atmel/Studio/7.0/Packs/atmel/ATmega_DFP/1.6.364/gcc/dev/atmega4809/avrxmega3\libatmega4809.a(eeupd_block.o)
                0x00005832                eeprom_update_block
 .text.avr-libc
                0x00005852       0x16 C:/Program Files (x86)/Atmel/Studio/7.0/Packs/atmel/ATmega_DFP/1.6.364/gcc/dev/atmega4809/avrxmega3\libatmega4809.a(eeupd_byte.o)
                0x00005852                eeprom_update_byte
                0x00005854                eeprom_update_r18
 .text.avr-libc
                0x00005868       0x28 C:/Program Files (x86)/Atmel/Studio/7.0/Packs/atmel/ATmega_DFP/1.6.364/gcc/dev/atmega4809/avrxmega3\libatmega4809.a(eewr_byte.o)
                0x00005868                eeprom_write_byte
                0x0000586a                eeprom_write_r18
 .text.avr-libc
                0x00005890       0x10 C:/Program Files (x86)/Atmel/Studio/7.0/Packs/atmel/ATmega_DFP/1.6.364/gcc/dev/atmega4809/avrxmega3\libatmega4809.a(eerd_byte.o)
                0x00005890                eeprom_read_byte
                0x00005898                eeprom_mapen
 .text.avr-libc
                0x000058a0       0x12 c:/program files (x86)/atmel/studio/7.0/toolchain/avr8/avr8-gnu-toolchain/bin/../lib/gcc/avr/5.4.0/../../../../avr/lib/avrxmega3\libc.a(memcpy.o)
                0x000058a0                memcpy
                0x000058b2                . = ALIGN (0x2)
 *(.fini9)
 .fini9         0x000058b2        0x0 c:/program files (x86)/atmel/studio/7.0/toolchain/avr8/avr8-gnu-toolchain/bin/../lib/gcc/avr/5.4.0/avrxmega3\libgcc.a(_exit.o)
                0x000058b2                _exit
                0x000058b2                exit
 *(.fini9)
 *(.fini8)
 *(.fini8)
 *(.fini7)
 *(.fini7)
 *(.fini6)
 *(.fini6)
 *(.fini5)
 *(.fini5)
 *(.fini4)
 *(.fini4)
 *(.fini3)
 *(.fini3)
 *(.fini2)
 *(.fini2)
 *(.fini1)
 *(.fini1)
 *(.fini0)
 .fini0         0x000058b2        0x4 c:/program files (x86)/atmel/studio/7.0/toolchain/avr8/avr8-gnu-toolchain/bin/../lib/gcc/avr/5.4.0/avrxmega3\libgcc.a(_exit.o)
 *(.fini0)
                0x000058b6                _etext = .

.rodata         0x000098b6      0xa31 load address 0x000058b6
 *(.rodata)
 .rodata        0x000098b6        0x6 roboclaw.o
 *(.rodata*)
 .rodata.str1.1
                0x000098bc       0x66 commands.o
 .rodata.str1.1
                0x00009922      0x14a ds3231.o
 .rodata.str1.1
                0x00009a6c        0xb eeprom.o
 .rodata.str1.1
                0x00009a77        0xa errors.o
 .rodata.str1.1
                0x00009a81        0xa fram.o
 .rodata.str1.1
                0x00009a8b       0x11 initialize.o
 .rodata.str1.1
                0x00009a9c       0x29 mcp23008.o
 .rodata.str1.1
                0x00009ac5        0x8 nmea.o
 .rodata.str1.1
                0x00009acd       0x11 oled.o
 .rodata.str1.1
                0x00009ade       0x6b pneu.o
 .rodata.str1.1
                0x00009b49      0x2f0 report.o
                                0x301 (size before relaxing)
 .rodata.str1.1
                0x00009e39      0x329 roboclaw.o
 .rodata.str1.1
                0x0000a162       0x38 set.o
 .rodata.str1.1
                0x0000a19a       0xb6 testroutine.o
 .rodata.str1.1
                0x0000a250       0x97 twi.o
 *(.gnu.linkonce.r*)

.data           0x00802800        0x0 load address 0x000062e7
                [!provide]                PROVIDE (__data_start, .)
 *(.data)
 *(.data*)
 *(.gnu.linkonce.d*)
                0x00802800                . = ALIGN (0x2)
                0x00802800                _edata = .
                [!provide]                PROVIDE (__data_end, .)

.bss            0x00802800      0x853
                0x00802800                PROVIDE (__bss_start, .)
 *(.bss)
 *(.bss*)
 .bss.cstack.3771
                0x00802800        0x1 commands.o
 *(COMMON)
 COMMON         0x00802801        0xa commands.o
                0x00802801                USART3_ticks
                0x00802803                USART0_ticks
                0x00802805                TWI_ticks
                0x00802807                USART1_ticks
                0x00802809                timeoutOLED
 COMMON         0x0080280b        0x1 errors.o
                0x0080280b                squelchErrors
 COMMON         0x0080280c        0x1 initialize.o
                0x0080280c                rebootackd
 COMMON         0x0080280d      0x209 main.o
                0x0080280d                pcmd
                0x00802a15                firstpass
 COMMON         0x00802a16        0x2 oled.o
                0x00802a16                timerOLED
 COMMON         0x00802a18        0x1 pneu.o
                0x00802a18                pneuState
 COMMON         0x00802a19       0x22 roboclaw.o
                0x00802a19                pid
                0x00802a39                timeoutSAVEENCODER
                0x00802a3a                timerSAVEENCODER
 COMMON         0x00802a3b      0x618 usart.o
                0x00802a3b                recv1_buf
                0x00802b3f                recv0_buf
                0x00802c43                send0_buf
                0x00802d47                recv3_buf
                0x00802e4b                send3_buf
                0x00802f4f                send1_buf
                0x00803053                PROVIDE (__bss_end, .)
                0x000062e7                __data_load_start = LOADADDR (.data)
                0x000062e7                __data_load_end = (__data_load_start + SIZEOF (.data))

.noinit         0x00803053        0x0
                [!provide]                PROVIDE (__noinit_start, .)
 *(.noinit*)
                [!provide]                PROVIDE (__noinit_end, .)
                0x00803053                _end = .
                [!provide]                PROVIDE (__heap_start, .)

.eeprom         0x00810000        0x0
 *(.eeprom*)
                0x00810000                __eeprom_end = .

.fuse
 *(.fuse)
 *(.lfuse)
 *(.hfuse)
 *(.efuse)

.lock
 *(.lock*)

.signature
 *(.signature*)

.user_signatures
 *(.user_signatures*)

.stab
 *(.stab)

.stabstr
 *(.stabstr)

.stab.excl
 *(.stab.excl)

.stab.exclstr
 *(.stab.exclstr)

.stab.index
 *(.stab.index)

.stab.indexstr
 *(.stab.indexstr)

.comment        0x00000000       0x5c
 *(.comment)
 .comment       0x00000000       0x30 ad590.o
                                 0x31 (size before relaxing)
 .comment       0x00000030       0x31 ads1115.o
 .comment       0x00000030       0x31 commands.o
 .comment       0x00000030       0x31 ds3231.o
 .comment       0x00000030       0x31 eeprom.o
 .comment       0x00000030       0x31 errors.o
 .comment       0x00000030       0x31 fram.o
 .comment       0x00000030       0x31 humidity.o
 .comment       0x00000030       0x31 initialize.o
 .comment       0x00000030       0x31 ionpump.o
 .comment       0x00000030       0x31 main.o
 .comment       0x00000030       0x31 mcp23008.o
 .comment       0x00000030       0x31 mcp9808.o
 .comment       0x00000030       0x31 mma8451.o
 .comment       0x00000030       0x31 nmea.o
 .comment       0x00000030       0x31 oled.o
 .comment       0x00000030       0x31 pneu.o
 .comment       0x00000030       0x31 ports.o
 .comment       0x00000030       0x31 report.o
 .comment       0x00000030       0x31 roboclaw.o
 .comment       0x00000030       0x31 set.o
 .comment       0x00000030       0x31 temperature.o
 .comment       0x00000030       0x31 testroutine.o
 .comment       0x00000030       0x31 timers.o
 .comment       0x00000030       0x31 twi.o
 .comment       0x00000030       0x31 usart.o
 .comment       0x00000030       0x31 wdt.o
 .comment       0x00000030       0x2c c:/program files (x86)/atmel/studio/7.0/toolchain/avr8/avr8-gnu-toolchain/bin/../lib/gcc/avr/5.4.0/../../../../avr/lib/avrxmega3\libprintf_flt.a(vfprintf_flt.o)
                                 0x2d (size before relaxing)
 .comment       0x0000005c       0x31 c:/program files (x86)/atmel/studio/7.0/toolchain/avr8/avr8-gnu-toolchain/bin/../lib/gcc/avr/5.4.0/../../../../avr/lib/avrxmega3\libc.a(fputc.o)
 .comment       0x0000005c       0x31 c:/program files (x86)/atmel/studio/7.0/toolchain/avr8/avr8-gnu-toolchain/bin/../lib/gcc/avr/5.4.0/../../../../avr/lib/avrxmega3\libc.a(sprintf.o)

.note.gnu.avr.deviceinfo
                0x00000000       0x40
 .note.gnu.avr.deviceinfo
                0x00000000       0x40 C:/Program Files (x86)/Atmel/Studio/7.0/Packs/atmel/ATmega_DFP/1.6.364/gcc/dev/atmega4809/avrxmega3/crtatmega4809.o

.note.gnu.build-id
 *(.note.gnu.build-id)

.debug
 *(.debug)

.line
 *(.line)

.debug_srcinfo
 *(.debug_srcinfo)

.debug_sfnames
 *(.debug_sfnames)

.debug_aranges  0x00000000      0x638
 *(.debug_aranges)
 .debug_aranges
                0x00000000       0x20 ad590.o
 .debug_aranges
                0x00000020       0x20 ads1115.o
 .debug_aranges
                0x00000040       0x68 commands.o
 .debug_aranges
                0x000000a8       0x50 ds3231.o
 .debug_aranges
                0x000000f8       0x40 eeprom.o
 .debug_aranges
                0x00000138       0x20 errors.o
 .debug_aranges
                0x00000158       0x30 fram.o
 .debug_aranges
                0x00000188       0x20 humidity.o
 .debug_aranges
                0x000001a8       0x20 initialize.o
 .debug_aranges
                0x000001c8       0x20 ionpump.o
 .debug_aranges
                0x000001e8       0x20 main.o
 .debug_aranges
                0x00000208       0x28 mcp23008.o
 .debug_aranges
                0x00000230       0x20 mcp9808.o
 .debug_aranges
                0x00000250       0x38 mma8451.o
 .debug_aranges
                0x00000288       0x20 nmea.o
 .debug_aranges
                0x000002a8       0x48 oled.o
 .debug_aranges
                0x000002f0       0x48 pneu.o
 .debug_aranges
                0x00000338       0x20 ports.o
 .debug_aranges
                0x00000358       0x20 report.o
 .debug_aranges
                0x00000378       0xb8 roboclaw.o
 .debug_aranges
                0x00000430       0x20 set.o
 .debug_aranges
                0x00000450       0x20 temperature.o
 .debug_aranges
                0x00000470       0x20 testroutine.o
 .debug_aranges
                0x00000490       0x40 timers.o
 .debug_aranges
                0x000004d0       0x48 twi.o
 .debug_aranges
                0x00000518       0x58 usart.o
 .debug_aranges
                0x00000570       0x28 wdt.o
 .debug_aranges
                0x00000598       0x20 C:/Program Files (x86)/Atmel/Studio/7.0/Packs/atmel/ATmega_DFP/1.6.364/gcc/dev/atmega4809/avrxmega3\libatmega4809.a(eerd_block.o)
 .debug_aranges
                0x000005b8       0x20 C:/Program Files (x86)/Atmel/Studio/7.0/Packs/atmel/ATmega_DFP/1.6.364/gcc/dev/atmega4809/avrxmega3\libatmega4809.a(eeupd_block.o)
 .debug_aranges
                0x000005d8       0x20 C:/Program Files (x86)/Atmel/Studio/7.0/Packs/atmel/ATmega_DFP/1.6.364/gcc/dev/atmega4809/avrxmega3\libatmega4809.a(eeupd_byte.o)
 .debug_aranges
                0x000005f8       0x20 C:/Program Files (x86)/Atmel/Studio/7.0/Packs/atmel/ATmega_DFP/1.6.364/gcc/dev/atmega4809/avrxmega3\libatmega4809.a(eewr_byte.o)
 .debug_aranges
                0x00000618       0x20 C:/Program Files (x86)/Atmel/Studio/7.0/Packs/atmel/ATmega_DFP/1.6.364/gcc/dev/atmega4809/avrxmega3\libatmega4809.a(eerd_byte.o)

.debug_pubnames
 *(.debug_pubnames)

.debug_info     0x00000000     0xab3b
 *(.debug_info .gnu.linkonce.wi.*)
 .debug_info    0x00000000     0x248a C:/Program Files (x86)/Atmel/Studio/7.0/Packs/atmel/ATmega_DFP/1.6.364/gcc/dev/atmega4809/avrxmega3/crtatmega4809.o
 .debug_info    0x0000248a      0x21b ad590.o
 .debug_info    0x000026a5      0x33e ads1115.o
 .debug_info    0x000029e3      0xa1d commands.o
 .debug_info    0x00003400      0x729 ds3231.o
 .debug_info    0x00003b29      0x24f eeprom.o
 .debug_info    0x00003d78      0x15c errors.o
 .debug_info    0x00003ed4      0x363 fram.o
 .debug_info    0x00004237      0x164 humidity.o
 .debug_info    0x0000439b      0x2a1 initialize.o
 .debug_info    0x0000463c      0x10f ionpump.o
 .debug_info    0x0000474b      0x2b9 main.o
 .debug_info    0x00004a04      0x2ab mcp23008.o
 .debug_info    0x00004caf      0x191 mcp9808.o
 .debug_info    0x00004e40      0x429 mma8451.o
 .debug_info    0x00005269      0x15c nmea.o
 .debug_info    0x000053c5      0x9e9 oled.o
 .debug_info    0x00005dae      0x87f pneu.o
 .debug_info    0x0000662d      0x2d6 ports.o
 .debug_info    0x00006903      0xd84 report.o
 .debug_info    0x00007687     0x1435 roboclaw.o
 .debug_info    0x00008abc      0x223 set.o
 .debug_info    0x00008cdf      0x106 temperature.o
 .debug_info    0x00008de5      0x3dc testroutine.o
 .debug_info    0x000091c1      0x889 timers.o
 .debug_info    0x00009a4a      0x4c5 twi.o
 .debug_info    0x00009f0f      0x617 usart.o
 .debug_info    0x0000a526      0x2f6 wdt.o
 .debug_info    0x0000a81c       0xa0 C:/Program Files (x86)/Atmel/Studio/7.0/Packs/atmel/ATmega_DFP/1.6.364/gcc/dev/atmega4809/avrxmega3\libatmega4809.a(eerd_block.o)
 .debug_info    0x0000a8bc       0xa1 C:/Program Files (x86)/Atmel/Studio/7.0/Packs/atmel/ATmega_DFP/1.6.364/gcc/dev/atmega4809/avrxmega3\libatmega4809.a(eeupd_block.o)
 .debug_info    0x0000a95d       0xa0 C:/Program Files (x86)/Atmel/Studio/7.0/Packs/atmel/ATmega_DFP/1.6.364/gcc/dev/atmega4809/avrxmega3\libatmega4809.a(eeupd_byte.o)
 .debug_info    0x0000a9fd       0x9f C:/Program Files (x86)/Atmel/Studio/7.0/Packs/atmel/ATmega_DFP/1.6.364/gcc/dev/atmega4809/avrxmega3\libatmega4809.a(eewr_byte.o)
 .debug_info    0x0000aa9c       0x9f C:/Program Files (x86)/Atmel/Studio/7.0/Packs/atmel/ATmega_DFP/1.6.364/gcc/dev/atmega4809/avrxmega3\libatmega4809.a(eerd_byte.o)

.debug_abbrev   0x00000000     0x44d5
 *(.debug_abbrev)
 .debug_abbrev  0x00000000     0x2296 C:/Program Files (x86)/Atmel/Studio/7.0/Packs/atmel/ATmega_DFP/1.6.364/gcc/dev/atmega4809/avrxmega3/crtatmega4809.o
 .debug_abbrev  0x00002296      0x129 ad590.o
 .debug_abbrev  0x000023bf      0x11a ads1115.o
 .debug_abbrev  0x000024d9      0x298 commands.o
 .debug_abbrev  0x00002771      0x183 ds3231.o
 .debug_abbrev  0x000028f4       0xda eeprom.o
 .debug_abbrev  0x000029ce       0xf1 errors.o
 .debug_abbrev  0x00002abf      0x115 fram.o
 .debug_abbrev  0x00002bd4       0xb8 humidity.o
 .debug_abbrev  0x00002c8c       0xde initialize.o
 .debug_abbrev  0x00002d6a       0xab ionpump.o
 .debug_abbrev  0x00002e15      0x101 main.o
 .debug_abbrev  0x00002f16       0xb8 mcp23008.o
 .debug_abbrev  0x00002fce       0xb2 mcp9808.o
 .debug_abbrev  0x00003080      0x127 mma8451.o
 .debug_abbrev  0x000031a7      0x104 nmea.o
 .debug_abbrev  0x000032ab      0x1f6 oled.o
 .debug_abbrev  0x000034a1      0x1fe pneu.o
 .debug_abbrev  0x0000369f      0x124 ports.o
 .debug_abbrev  0x000037c3      0x166 report.o
 .debug_abbrev  0x00003929      0x316 roboclaw.o
 .debug_abbrev  0x00003c3f       0xf7 set.o
 .debug_abbrev  0x00003d36       0xa9 temperature.o
 .debug_abbrev  0x00003ddf      0x126 testroutine.o
 .debug_abbrev  0x00003f05      0x174 timers.o
 .debug_abbrev  0x00004079      0x14c twi.o
 .debug_abbrev  0x000041c5      0x1cb usart.o
 .debug_abbrev  0x00004390       0xe1 wdt.o
 .debug_abbrev  0x00004471       0x14 C:/Program Files (x86)/Atmel/Studio/7.0/Packs/atmel/ATmega_DFP/1.6.364/gcc/dev/atmega4809/avrxmega3\libatmega4809.a(eerd_block.o)
 .debug_abbrev  0x00004485       0x14 C:/Program Files (x86)/Atmel/Studio/7.0/Packs/atmel/ATmega_DFP/1.6.364/gcc/dev/atmega4809/avrxmega3\libatmega4809.a(eeupd_block.o)
 .debug_abbrev  0x00004499       0x14 C:/Program Files (x86)/Atmel/Studio/7.0/Packs/atmel/ATmega_DFP/1.6.364/gcc/dev/atmega4809/avrxmega3\libatmega4809.a(eeupd_byte.o)
 .debug_abbrev  0x000044ad       0x14 C:/Program Files (x86)/Atmel/Studio/7.0/Packs/atmel/ATmega_DFP/1.6.364/gcc/dev/atmega4809/avrxmega3\libatmega4809.a(eewr_byte.o)
 .debug_abbrev  0x000044c1       0x14 C:/Program Files (x86)/Atmel/Studio/7.0/Packs/atmel/ATmega_DFP/1.6.364/gcc/dev/atmega4809/avrxmega3\libatmega4809.a(eerd_byte.o)

.debug_line     0x00000000     0x4707
 *(.debug_line .debug_line.* .debug_line_end)
 .debug_line    0x00000000      0x187 C:/Program Files (x86)/Atmel/Studio/7.0/Packs/atmel/ATmega_DFP/1.6.364/gcc/dev/atmega4809/avrxmega3/crtatmega4809.o
 .debug_line    0x00000187      0x1a1 ad590.o
 .debug_line    0x00000328      0x240 ads1115.o
 .debug_line    0x00000568      0x5df commands.o
 .debug_line    0x00000b47      0x449 ds3231.o
 .debug_line    0x00000f90      0x129 eeprom.o
 .debug_line    0x000010b9       0xd4 errors.o
 .debug_line    0x0000118d      0x199 fram.o
 .debug_line    0x00001326      0x123 humidity.o
 .debug_line    0x00001449      0x147 initialize.o
 .debug_line    0x00001590       0xff ionpump.o
 .debug_line    0x0000168f      0x160 main.o
 .debug_line    0x000017ef      0x161 mcp23008.o
 .debug_line    0x00001950      0x107 mcp9808.o
 .debug_line    0x00001a57      0x233 mma8451.o
 .debug_line    0x00001c8a       0xfc nmea.o
 .debug_line    0x00001d86      0x38e oled.o
 .debug_line    0x00002114      0x3c1 pneu.o
 .debug_line    0x000024d5      0x196 ports.o
 .debug_line    0x0000266b      0x419 report.o
 .debug_line    0x00002a84      0xb2a roboclaw.o
 .debug_line    0x000035ae      0x118 set.o
 .debug_line    0x000036c6       0xea temperature.o
 .debug_line    0x000037b0      0x196 testroutine.o
 .debug_line    0x00003946      0x249 timers.o
 .debug_line    0x00003b8f      0x2e6 twi.o
 .debug_line    0x00003e75      0x4aa usart.o
 .debug_line    0x0000431f      0x12c wdt.o
 .debug_line    0x0000444b       0x5d C:/Program Files (x86)/Atmel/Studio/7.0/Packs/atmel/ATmega_DFP/1.6.364/gcc/dev/atmega4809/avrxmega3\libatmega4809.a(eerd_block.o)
 .debug_line    0x000044a8       0xa5 C:/Program Files (x86)/Atmel/Studio/7.0/Packs/atmel/ATmega_DFP/1.6.364/gcc/dev/atmega4809/avrxmega3\libatmega4809.a(eeupd_block.o)
 .debug_line    0x0000454d       0x80 C:/Program Files (x86)/Atmel/Studio/7.0/Packs/atmel/ATmega_DFP/1.6.364/gcc/dev/atmega4809/avrxmega3\libatmega4809.a(eeupd_byte.o)
 .debug_line    0x000045cd       0xc1 C:/Program Files (x86)/Atmel/Studio/7.0/Packs/atmel/ATmega_DFP/1.6.364/gcc/dev/atmega4809/avrxmega3\libatmega4809.a(eewr_byte.o)
 .debug_line    0x0000468e       0x79 C:/Program Files (x86)/Atmel/Studio/7.0/Packs/atmel/ATmega_DFP/1.6.364/gcc/dev/atmega4809/avrxmega3\libatmega4809.a(eerd_byte.o)

.debug_frame    0x00000000     0x11e8
 *(.debug_frame)
 .debug_frame   0x00000000       0x5c ad590.o
 .debug_frame   0x0000005c       0x60 ads1115.o
 .debug_frame   0x000000bc      0x164 commands.o
 .debug_frame   0x00000220      0x138 ds3231.o
 .debug_frame   0x00000358       0x84 eeprom.o
 .debug_frame   0x000003dc       0x40 errors.o
 .debug_frame   0x0000041c       0xac fram.o
 .debug_frame   0x000004c8       0x68 humidity.o
 .debug_frame   0x00000530       0x34 initialize.o
 .debug_frame   0x00000564       0x54 ionpump.o
 .debug_frame   0x000005b8       0x24 main.o
 .debug_frame   0x000005dc       0x50 mcp23008.o
 .debug_frame   0x0000062c       0x54 mcp9808.o
 .debug_frame   0x00000680       0xc4 mma8451.o
 .debug_frame   0x00000744       0x48 nmea.o
 .debug_frame   0x0000078c       0xc4 oled.o
 .debug_frame   0x00000850      0x110 pneu.o
 .debug_frame   0x00000960       0x24 ports.o
 .debug_frame   0x00000984       0x88 report.o
 .debug_frame   0x00000a0c      0x41c roboclaw.o
 .debug_frame   0x00000e28       0x34 set.o
 .debug_frame   0x00000e5c       0x34 temperature.o
 .debug_frame   0x00000e90       0x40 testroutine.o
 .debug_frame   0x00000ed0       0x8c timers.o
 .debug_frame   0x00000f5c       0x74 twi.o
 .debug_frame   0x00000fd0      0x19c usart.o
 .debug_frame   0x0000116c       0x7c wdt.o

.debug_str      0x00000000     0x23e8
 *(.debug_str)
 .debug_str     0x00000000      0xf85 C:/Program Files (x86)/Atmel/Studio/7.0/Packs/atmel/ATmega_DFP/1.6.364/gcc/dev/atmega4809/avrxmega3/crtatmega4809.o
 .debug_str     0x00000f85      0x1da ad590.o
                                0x21f (size before relaxing)
 .debug_str     0x0000115f       0x89 ads1115.o
                                0x272 (size before relaxing)
 .debug_str     0x000011e8      0x2db commands.o
                                0x4a1 (size before relaxing)
 .debug_str     0x000014c3       0xa2 ds3231.o
                                0x271 (size before relaxing)
 .debug_str     0x00001565       0x89 eeprom.o
                                0x1fd (size before relaxing)
 .debug_str     0x000015ee       0x40 errors.o
                                0x1e0 (size before relaxing)
 .debug_str     0x0000162e       0x5f fram.o
                                0x21a (size before relaxing)
 .debug_str     0x0000168d       0x34 humidity.o
                                0x1de (size before relaxing)
 .debug_str     0x000016c1       0x81 initialize.o
                                0x278 (size before relaxing)
 .debug_str     0x00001742       0x2a ionpump.o
                                0x1bd (size before relaxing)
 .debug_str     0x0000176c       0x2f main.o
                                0x280 (size before relaxing)
 .debug_str     0x0000179b       0x25 mcp23008.o
                                0x1e7 (size before relaxing)
 .debug_str     0x000017c0       0x26 mcp9808.o
                                0x1ef (size before relaxing)
 .debug_str     0x000017e6       0x41 mma8451.o
                                0x215 (size before relaxing)
 .debug_str     0x00001827       0x34 nmea.o
                                0x1bd (size before relaxing)
 .debug_str     0x0000185b       0x6a oled.o
                                0x35a (size before relaxing)
 .debug_str     0x000018c5      0x136 pneu.o
                                0x40d (size before relaxing)
 .debug_str     0x000019fb        0xd ports.o
                                0x31d (size before relaxing)
 .debug_str     0x00001a08      0x16b report.o
                                0x438 (size before relaxing)
 .debug_str     0x00001b73      0x151 roboclaw.o
                                0x51b (size before relaxing)
 .debug_str     0x00001cc4        0xb set.o
                                0x1cf (size before relaxing)
 .debug_str     0x00001ccf       0x13 temperature.o
                                0x1c7 (size before relaxing)
 .debug_str     0x00001ce2       0x13 testroutine.o
                                0x233 (size before relaxing)
 .debug_str     0x00001cf5      0x382 timers.o
                                0x667 (size before relaxing)
 .debug_str     0x00002077      0x16d twi.o
                                0x397 (size before relaxing)
 .debug_str     0x000021e4       0xdc usart.o
                                0x3e2 (size before relaxing)
 .debug_str     0x000022c0      0x128 wdt.o
                                0x38f (size before relaxing)

.debug_loc      0x00000000     0x4d8a
 *(.debug_loc)
 .debug_loc     0x00000000      0x1a7 ad590.o
 .debug_loc     0x000001a7      0x319 ads1115.o
 .debug_loc     0x000004c0      0x4e2 commands.o
 .debug_loc     0x000009a2      0x6bb ds3231.o
 .debug_loc     0x0000105d       0xda eeprom.o
 .debug_loc     0x00001137       0xae errors.o
 .debug_loc     0x000011e5      0x37b fram.o
 .debug_loc     0x00001560      0x21a humidity.o
 .debug_loc     0x0000177a       0x47 initialize.o
 .debug_loc     0x000017c1      0x101 ionpump.o
 .debug_loc     0x000018c2      0x18e mcp23008.o
 .debug_loc     0x00001a50      0x175 mcp9808.o
 .debug_loc     0x00001bc5      0x42c mma8451.o
 .debug_loc     0x00001ff1       0xef nmea.o
 .debug_loc     0x000020e0      0x33a oled.o
 .debug_loc     0x0000241a      0x5be pneu.o
 .debug_loc     0x000029d8       0x46 ports.o
 .debug_loc     0x00002a1e      0x3e8 report.o
 .debug_loc     0x00002e06     0x15bf roboclaw.o
 .debug_loc     0x000043c5       0xb9 set.o
 .debug_loc     0x0000447e       0x9b temperature.o
 .debug_loc     0x00004519       0x62 testroutine.o
 .debug_loc     0x0000457b      0x124 timers.o
 .debug_loc     0x0000469f       0xe0 twi.o
 .debug_loc     0x0000477f      0x540 usart.o
 .debug_loc     0x00004cbf       0xcb wdt.o

.debug_macinfo
 *(.debug_macinfo)

.debug_weaknames
 *(.debug_weaknames)

.debug_funcnames
 *(.debug_funcnames)

.debug_typenames
 *(.debug_typenames)

.debug_varnames
 *(.debug_varnames)

.debug_pubtypes
 *(.debug_pubtypes)

.debug_ranges   0x00000000      0x3e8
 *(.debug_ranges)
 .debug_ranges  0x00000000       0x10 ad590.o
 .debug_ranges  0x00000010       0x10 ads1115.o
 .debug_ranges  0x00000020       0x58 commands.o
 .debug_ranges  0x00000078       0x40 ds3231.o
 .debug_ranges  0x000000b8       0x30 eeprom.o
 .debug_ranges  0x000000e8       0x10 errors.o
 .debug_ranges  0x000000f8       0x20 fram.o
 .debug_ranges  0x00000118       0x10 humidity.o
 .debug_ranges  0x00000128       0x10 initialize.o
 .debug_ranges  0x00000138       0x10 ionpump.o
 .debug_ranges  0x00000148       0x10 main.o
 .debug_ranges  0x00000158       0x18 mcp23008.o
 .debug_ranges  0x00000170       0x10 mcp9808.o
 .debug_ranges  0x00000180       0x28 mma8451.o
 .debug_ranges  0x000001a8       0x10 nmea.o
 .debug_ranges  0x000001b8       0x38 oled.o
 .debug_ranges  0x000001f0       0x38 pneu.o
 .debug_ranges  0x00000228       0x10 ports.o
 .debug_ranges  0x00000238       0x10 report.o
 .debug_ranges  0x00000248       0xa8 roboclaw.o
 .debug_ranges  0x000002f0       0x10 set.o
 .debug_ranges  0x00000300       0x10 temperature.o
 .debug_ranges  0x00000310       0x10 testroutine.o
 .debug_ranges  0x00000320       0x30 timers.o
 .debug_ranges  0x00000350       0x38 twi.o
 .debug_ranges  0x00000388       0x48 usart.o
 .debug_ranges  0x000003d0       0x18 wdt.o

.debug_macro
 *(.debug_macro)
OUTPUT(specMech.elf elf32-avr)
LOAD linker stubs
