Archive member included to satisfy reference by file (symbol)

c:/program files (x86)/atmel/studio/7.0/toolchain/avr8/avr8-gnu-toolchain/bin/../lib/gcc/avr/5.4.0/../../../../avr/lib/avrxmega3\libm.a(addsf3.o)
                              ad590.o (__subsf3)
c:/program files (x86)/atmel/studio/7.0/toolchain/avr8/avr8-gnu-toolchain/bin/../lib/gcc/avr/5.4.0/../../../../avr/lib/avrxmega3\libm.a(addsf3x.o)
                              c:/program files (x86)/atmel/studio/7.0/toolchain/avr8/avr8-gnu-toolchain/bin/../lib/gcc/avr/5.4.0/../../../../avr/lib/avrxmega3\libm.a(addsf3.o) (__addsf3x)
c:/program files (x86)/atmel/studio/7.0/toolchain/avr8/avr8-gnu-toolchain/bin/../lib/gcc/avr/5.4.0/../../../../avr/lib/avrxmega3\libm.a(cmpsf2.o)
                              humidity.o (__ltsf2)
c:/program files (x86)/atmel/studio/7.0/toolchain/avr8/avr8-gnu-toolchain/bin/../lib/gcc/avr/5.4.0/../../../../avr/lib/avrxmega3\libm.a(divsf3.o)
                              humidity.o (__divsf3)
c:/program files (x86)/atmel/studio/7.0/toolchain/avr8/avr8-gnu-toolchain/bin/../lib/gcc/avr/5.4.0/../../../../avr/lib/avrxmega3\libm.a(divsf3x.o)
                              c:/program files (x86)/atmel/studio/7.0/toolchain/avr8/avr8-gnu-toolchain/bin/../lib/gcc/avr/5.4.0/../../../../avr/lib/avrxmega3\libm.a(divsf3.o) (__divsf3x)
c:/program files (x86)/atmel/studio/7.0/toolchain/avr8/avr8-gnu-toolchain/bin/../lib/gcc/avr/5.4.0/../../../../avr/lib/avrxmega3\libm.a(fixsfsi.o)
                              roboclaw.o (__fixsfsi)
c:/program files (x86)/atmel/studio/7.0/toolchain/avr8/avr8-gnu-toolchain/bin/../lib/gcc/avr/5.4.0/../../../../avr/lib/avrxmega3\libm.a(fixunssfsi.o)
                              c:/program files (x86)/atmel/studio/7.0/toolchain/avr8/avr8-gnu-toolchain/bin/../lib/gcc/avr/5.4.0/../../../../avr/lib/avrxmega3\libm.a(fixsfsi.o) (__fixunssfsi)
c:/program files (x86)/atmel/studio/7.0/toolchain/avr8/avr8-gnu-toolchain/bin/../lib/gcc/avr/5.4.0/../../../../avr/lib/avrxmega3\libm.a(floatsisf.o)
                              mcp9808.o (__floatunsisf)
c:/program files (x86)/atmel/studio/7.0/toolchain/avr8/avr8-gnu-toolchain/bin/../lib/gcc/avr/5.4.0/../../../../avr/lib/avrxmega3\libm.a(fp_cmp.o)
                              c:/program files (x86)/atmel/studio/7.0/toolchain/avr8/avr8-gnu-toolchain/bin/../lib/gcc/avr/5.4.0/../../../../avr/lib/avrxmega3\libm.a(cmpsf2.o) (__fp_cmp)
c:/program files (x86)/atmel/studio/7.0/toolchain/avr8/avr8-gnu-toolchain/bin/../lib/gcc/avr/5.4.0/../../../../avr/lib/avrxmega3\libm.a(fp_inf.o)
                              c:/program files (x86)/atmel/studio/7.0/toolchain/avr8/avr8-gnu-toolchain/bin/../lib/gcc/avr/5.4.0/../../../../avr/lib/avrxmega3\libm.a(addsf3x.o) (__fp_inf)
c:/program files (x86)/atmel/studio/7.0/toolchain/avr8/avr8-gnu-toolchain/bin/../lib/gcc/avr/5.4.0/../../../../avr/lib/avrxmega3\libm.a(fp_nan.o)
                              c:/program files (x86)/atmel/studio/7.0/toolchain/avr8/avr8-gnu-toolchain/bin/../lib/gcc/avr/5.4.0/../../../../avr/lib/avrxmega3\libm.a(addsf3x.o) (__fp_nan)
c:/program files (x86)/atmel/studio/7.0/toolchain/avr8/avr8-gnu-toolchain/bin/../lib/gcc/avr/5.4.0/../../../../avr/lib/avrxmega3\libm.a(fp_pscA.o)
                              c:/program files (x86)/atmel/studio/7.0/toolchain/avr8/avr8-gnu-toolchain/bin/../lib/gcc/avr/5.4.0/../../../../avr/lib/avrxmega3\libm.a(addsf3x.o) (__fp_pscA)
c:/program files (x86)/atmel/studio/7.0/toolchain/avr8/avr8-gnu-toolchain/bin/../lib/gcc/avr/5.4.0/../../../../avr/lib/avrxmega3\libm.a(fp_pscB.o)
                              c:/program files (x86)/atmel/studio/7.0/toolchain/avr8/avr8-gnu-toolchain/bin/../lib/gcc/avr/5.4.0/../../../../avr/lib/avrxmega3\libm.a(addsf3x.o) (__fp_pscB)
c:/program files (x86)/atmel/studio/7.0/toolchain/avr8/avr8-gnu-toolchain/bin/../lib/gcc/avr/5.4.0/../../../../avr/lib/avrxmega3\libm.a(fp_round.o)
                              c:/program files (x86)/atmel/studio/7.0/toolchain/avr8/avr8-gnu-toolchain/bin/../lib/gcc/avr/5.4.0/../../../../avr/lib/avrxmega3\libm.a(addsf3.o) (__fp_round)
c:/program files (x86)/atmel/studio/7.0/toolchain/avr8/avr8-gnu-toolchain/bin/../lib/gcc/avr/5.4.0/../../../../avr/lib/avrxmega3\libm.a(fp_split3.o)
                              c:/program files (x86)/atmel/studio/7.0/toolchain/avr8/avr8-gnu-toolchain/bin/../lib/gcc/avr/5.4.0/../../../../avr/lib/avrxmega3\libm.a(addsf3x.o) (__fp_split3)
c:/program files (x86)/atmel/studio/7.0/toolchain/avr8/avr8-gnu-toolchain/bin/../lib/gcc/avr/5.4.0/../../../../avr/lib/avrxmega3\libm.a(fp_zero.o)
                              c:/program files (x86)/atmel/studio/7.0/toolchain/avr8/avr8-gnu-toolchain/bin/../lib/gcc/avr/5.4.0/../../../../avr/lib/avrxmega3\libm.a(addsf3x.o) (__fp_zero)
c:/program files (x86)/atmel/studio/7.0/toolchain/avr8/avr8-gnu-toolchain/bin/../lib/gcc/avr/5.4.0/../../../../avr/lib/avrxmega3\libm.a(mulsf3.o)
                              ad590.o (__mulsf3)
[...]
Memory Configuration

Name             Origin             Length             Attributes
text             0x00000000         0x0000c000         xr
data             0x00802800         0x00001800         rw !x
eeprom           0x00810000         0x00000100         rw !x
fuse             0x00820000         0x0000000a         rw !x
lock             0x00830000         0x00000400         rw !x
signature        0x00840000         0x00000400         rw !x
user_signatures  0x00850000         0x00000400         rw !x
*default*        0x00000000         0xffffffff

Linker script and memory map

Address of section .data set to 0x802800
                0x00004000                __RODATA_PM_OFFSET__ = 0x4000
LOAD C:/Program Files (x86)/Atmel/Studio/7.0/Packs/atmel/ATmega_DFP/1.6.364/gcc/dev/atmega4809/avrxmega3/crtatmega4809.o
LOAD ad590.o
LOAD ads1115.o
LOAD beeper.o
LOAD commands.o
LOAD ds3231.o
LOAD eeprom.o
LOAD errors.o
LOAD fram.o
LOAD humidity.o
LOAD initialize.o
LOAD ionpump.o
LOAD main.o
LOAD mcp23008.o
LOAD mcp9808.o
LOAD mma8451.o
LOAD nmea.o
LOAD oled.o
LOAD pneu.o
LOAD ports.o
LOAD fan.o
LOAD report.o
LOAD roboclaw.o
LOAD set.o
LOAD temperature.o
LOAD testroutine.o
LOAD timers.o
LOAD twi.o
LOAD usart.o
LOAD wdt.o
START GROUP
LOAD c:/program files (x86)/atmel/studio/7.0/toolchain/avr8/avr8-gnu-toolchain/bin/../lib/gcc/avr/5.4.0/../../../../avr/lib/avrxmega3\libm.a
END GROUP
LOAD c:/program files (x86)/atmel/studio/7.0/toolchain/avr8/avr8-gnu-toolchain/bin/../lib/gcc/avr/5.4.0/../../../../avr/lib/avrxmega3\libprintf_flt.a
START GROUP
LOAD c:/program files (x86)/atmel/studio/7.0/toolchain/avr8/avr8-gnu-toolchain/bin/../lib/gcc/avr/5.4.0/avrxmega3\libgcc.a
LOAD c:/program files (x86)/atmel/studio/7.0/toolchain/avr8/avr8-gnu-toolchain/bin/../lib/gcc/avr/5.4.0/../../../../avr/lib/avrxmega3\libm.a
LOAD c:/program files (x86)/atmel/studio/7.0/toolchain/avr8/avr8-gnu-toolchain/bin/../lib/gcc/avr/5.4.0/../../../../avr/lib/avrxmega3\libc.a
LOAD C:/Program Files (x86)/Atmel/Studio/7.0/Packs/atmel/ATmega_DFP/1.6.364/gcc/dev/atmega4809/avrxmega3\libatmega4809.a
END GROUP
                [0x00000000]                __TEXT_REGION_ORIGIN__ = DEFINED (__TEXT_REGION_ORIGIN__)?__TEXT_REGION_ORIGIN__:0x0
                [0x00802800]                __DATA_REGION_ORIGIN__ = DEFINED (__DATA_REGION_ORIGIN__)?__DATA_REGION_ORIGIN__:0x802000
                [0x0000c000]                __TEXT_REGION_LENGTH__ = DEFINED (__TEXT_REGION_LENGTH__)?__TEXT_REGION_LENGTH__:0x100000
                [0x00001800]                __DATA_REGION_LENGTH__ = DEFINED (__DATA_REGION_LENGTH__)?__DATA_REGION_LENGTH__:0xffa0
                [0x00000100]                __EEPROM_REGION_LENGTH__ = DEFINED (__EEPROM_REGION_LENGTH__)?__EEPROM_REGION_LENGTH__:0x10000
                [0x0000000a]                __FUSE_REGION_LENGTH__ = DEFINED (__FUSE_REGION_LENGTH__)?__FUSE_REGION_LENGTH__:0x400
                0x00000400                __LOCK_REGION_LENGTH__ = DEFINED (__LOCK_REGION_LENGTH__)?__LOCK_REGION_LENGTH__:0x400
                0x00000400                __SIGNATURE_REGION_LENGTH__ = DEFINED (__SIGNATURE_REGION_LENGTH__)?__SIGNATURE_REGION_LENGTH__:0x400
                0x00000400                __USER_SIGNATURE_REGION_LENGTH__ = DEFINED (__USER_SIGNATURE_REGION_LENGTH__)?__USER_SIGNATURE_REGION_LENGTH__:0x400
                0x00008000                __RODATA_PM_OFFSET__ = DEFINED (__RODATA_PM_OFFSET__)?__RODATA_PM_OFFSET__:0x8000

.hash
 *(.hash)

.dynsym
 *(.dynsym)

.dynstr
 *(.dynstr)

.gnu.version
 *(.gnu.version)

.gnu.version_d
 *(.gnu.version_d)

.gnu.version_r
 *(.gnu.version_r)

.rel.init
 *(.rel.init)

.rela.init
 *(.rela.init)

.rel.text
 *(.rel.text)
 *(.rel.text.*)
 *(.rel.gnu.linkonce.t*)

.rela.text
 *(.rela.text)
 *(.rela.text.*)
 *(.rela.gnu.linkonce.t*)

.rel.fini
 *(.rel.fini)

.rela.fini
 *(.rela.fini)

.rel.rodata
 *(.rel.rodata)
 *(.rel.rodata.*)
 *(.rel.gnu.linkonce.r*)

.rela.rodata
 *(.rela.rodata)
 *(.rela.rodata.*)
 *(.rela.gnu.linkonce.r*)

.rel.data
 *(.rel.data)
 *(.rel.data.*)
 *(.rel.gnu.linkonce.d*)

.rela.data
 *(.rela.data)
 *(.rela.data.*)
 *(.rela.gnu.linkonce.d*)

.rel.ctors
 *(.rel.ctors)

.rela.ctors
 *(.rela.ctors)

.rel.dtors
 *(.rel.dtors)

.rela.dtors
 *(.rela.dtors)

.rel.got
 *(.rel.got)

.rela.got
 *(.rela.got)

.rel.bss
 *(.rel.bss)

.rela.bss
 *(.rela.bss)

.rel.plt
 *(.rel.plt)

.rela.plt
 *(.rela.plt)

.text           0x00000000     0x70f0
 *(.vectors)
 .vectors       0x00000000       0xa0 C:/Program Files (x86)/Atmel/Studio/7.0/Packs/atmel/ATmega_DFP/1.6.364/gcc/dev/atmega4809/avrxmega3/crtatmega4809.o
                0x00000000                __vector_default
                0x00000000                __vectors
 *(.vectors)
 *(.progmem.gcc*)
 .progmem.gcc_sw_table.commands
                0x000000a0       0x5a commands.o
 .progmem.gcc_sw_table.report
                0x000000fa       0x6c report.o
                0x00000166                . = ALIGN (0x2)
                0x00000166                __trampolines_start = .
 *(.trampolines)
 .trampolines   0x00000166        0x0 linker stubs
 *(.trampolines*)
                0x00000166                __trampolines_end = .
 *libprintf_flt.a:*(.progmem.data)
 .progmem.data  0x00000166        0x8 c:/program files (x86)/atmel/studio/7.0/toolchain/avr8/avr8-gnu-toolchain/bin/../lib/gcc/avr/5.4.0/../../../../avr/lib/avrxmega3\libprintf_flt.a(vfprintf_flt.o)
 *libc.a:*(.progmem.data)
 .progmem.data  0x0000016e       0xfa c:/program files (x86)/atmel/studio/7.0/toolchain/avr8/avr8-gnu-toolchain/bin/../lib/gcc/avr/5.4.0/../../../../avr/lib/avrxmega3\libc.a(ftoa_engine.o)
 *(.progmem*)
                0x00000268                . = ALIGN (0x2)
 *(.jumptables)
 *(.jumptables*)
 *(.lowtext)
 *(.lowtext*)
                0x00000268                __ctors_start = .
 *(.ctors)
                0x00000268                __ctors_end = .
                0x00000268                __dtors_start = .
 *(.dtors)
                0x00000268                __dtors_end = .
 SORT(*)(.ctors)
 SORT(*)(.dtors)
 *(.init0)
 .init0         0x00000268        0x0 C:/Program Files (x86)/Atmel/Studio/7.0/Packs/atmel/ATmega_DFP/1.6.364/gcc/dev/atmega4809/avrxmega3/crtatmega4809.o
                0x00000268                __init
 *(.init0)
 *(.init1)
 *(.init1)
 *(.init2)
 .init2         0x00000268        0xc C:/Program Files (x86)/Atmel/Studio/7.0/Packs/atmel/ATmega_DFP/1.6.364/gcc/dev/atmega4809/avrxmega3/crtatmega4809.o
 *(.init2)
 *(.init3)
 *(.init3)
 *(.init4)
 .init4         0x00000274       0x10 c:/program files (x86)/atmel/studio/7.0/toolchain/avr8/avr8-gnu-toolchain/bin/../lib/gcc/avr/5.4.0/avrxmega3\libgcc.a(_clear_bss.o)
                0x00000274                __do_clear_bss
 *(.init4)
 *(.init5)
 *(.init5)
 *(.init6)
 *(.init6)
 *(.init7)
 *(.init7)
 *(.init8)
 *(.init8)
 *(.init9)
 .init9         0x00000284        0x8 C:/Program Files (x86)/Atmel/Studio/7.0/Packs/atmel/ATmega_DFP/1.6.364/gcc/dev/atmega4809/avrxmega3/crtatmega4809.o
 *(.init9)
 *(.text)
 .text          0x0000028c        0x4 C:/Program Files (x86)/Atmel/Studio/7.0/Packs/atmel/ATmega_DFP/1.6.364/gcc/dev/atmega4809/avrxmega3/crtatmega4809.o
                0x0000028c                __vector_22
                0x0000028c                __vector_28
                0x0000028c                __vector_1
                0x0000028c                __vector_32
                0x0000028c                __vector_34
                0x0000028c                __vector_24
                0x0000028c                __bad_interrupt
                0x0000028c                __vector_6
                0x0000028c                __vector_31
                0x0000028c                __vector_35
                0x0000028c                __vector_39
                0x0000028c                __vector_23
                0x0000028c                __vector_30
                0x0000028c                __vector_25
                0x0000028c                __vector_11
                0x0000028c                __vector_13
                0x0000028c                __vector_19
                0x0000028c                __vector_7
                0x0000028c                __vector_5
                0x0000028c                __vector_33
                0x0000028c                __vector_9
                0x0000028c                __vector_2
                0x0000028c                __vector_21
                0x0000028c                __vector_15
                0x0000028c                __vector_36
                0x0000028c                __vector_8
                0x0000028c                __vector_14
                0x0000028c                __vector_10
                0x0000028c                __vector_16
                0x00000290                . = ALIGN (0x2)
 *(.text.*)
 .text.read_AD590
                0x00000290      0x106 ad590.o
                0x00000290                read_AD590
 .text.read_ADS1115
                0x00000396      0x1d6 ads1115.o
                0x00000396                read_ADS1115
 .text.beeper   0x0000056c       0x90 beeper.o
                0x0000056c                beeper
 .text.get_cmdline
                0x000005fc       0x58 commands.o
                0x000005fc                get_cmdline
 .text.isaletter
                0x00000654       0x1a commands.o
                0x00000654                isaletter
 .text.parse_cmd
                0x0000066e      0x128 commands.o
                0x0000066e                parse_cmd
 .text.printLine
                0x00000796       0x96 commands.o
                0x00000796                printLine
 .text.echo_cmd
                0x0000082c       0x80 commands.o
                0x0000082c                echo_cmd
 .text.send_EXprompt
                0x000008ac       0x2a commands.o
                0x000008ac                send_EXprompt
 .text.rebootACKd
                0x000008d6       0x54 commands.o
                0x000008d6                rebootACKd
 .text.send_GTprompt
                0x0000092a       0x2a commands.o
                0x0000092a                send_GTprompt
 .text.commands
                0x00000954      0x12c commands.o
                0x00000954                commands
 .text.check_isotime
                0x00000a80      0x2fe ds3231.o
                0x00000a80                check_isotime
 .text.convert_ds2iso
                0x00000d7e       0x6e ds3231.o
                0x00000d7e                convert_ds2iso
 .text.convert_iso2ds
                0x00000dec       0xc0 ds3231.o
                0x00000dec                convert_iso2ds
 .text.read_DS3231
                0x00000eac       0x78 ds3231.o
                0x00000eac                read_DS3231
 .text.get_time
                0x00000f24       0x68 ds3231.o
                0x00000f24                get_time
 .text.write_DS3231
                0x00000f8c       0x70 ds3231.o
                0x00000f8c                write_DS3231
 .text.put_time
                0x00000ffc       0x6e ds3231.o
                0x00000ffc                put_time
 .text.get_BOOTTIME
                0x0000106a        0xe eeprom.o
                0x0000106a                get_BOOTTIME
 .text.get_VERSION
                0x00001078        0xe eeprom.o
                0x00001078                get_VERSION
 .text.update_BOOTTIME
                0x00001086       0x32 eeprom.o
                0x00001086                update_BOOTTIME
 .text.update_VERSION
                0x000010b8       0x3c eeprom.o
                0x000010b8                update_VERSION
 .text.init_EEPROM
                0x000010f4        0xa eeprom.o
                0x000010f4                init_EEPROM
 .text.printError
                0x000010fe       0x6c errors.o
                0x000010fe                printError
 .text.read_FRAM
                0x0000116a       0x9c fram.o
                0x0000116a                read_FRAM
 .text.get_SETTIME
                0x00001206       0x60 fram.o
                0x00001206                get_SETTIME
 .text.write_FRAM
                0x00001266       0x64 fram.o
                0x00001266                write_FRAM
 .text.get_humidity
                0x000012ca      0x11e humidity.o
                0x000012ca                get_humidity
 .text.initialize
                0x000013e8       0x86 initialize.o
                0x000013e8                initialize
 .text.read_ionpump
                0x0000146e       0x86 ionpump.o
                0x0000146e                read_ionpump
 .text.main     0x000014f4       0x8a main.o
                0x000014f4                main
 .text.read_MCP23008
                0x0000157e       0x5e mcp23008.o
                0x0000157e                read_MCP23008
 .text.write_MCP23008
                0x000015dc       0x5c mcp23008.o
                0x000015dc                write_MCP23008
 .text.read_MCP9808
                0x00001638       0xce mcp9808.o
                0x00001638                read_MCP9808
 .text.read_MMA8451
                0x00001706       0x7c mma8451.o
                0x00001706                read_MMA8451
 .text.get_orientation
                0x00001782      0x13c mma8451.o
                0x00001782                get_orientation
 .text.write_MMA8451
                0x000018be       0x54 mma8451.o
                0x000018be                write_MMA8451
 .text.init_MMA8451
                0x00001912       0x64 mma8451.o
                0x00001912                init_MMA8451
 .text.checksum_NMEA
                0x00001976       0x92 nmea.o
                0x00001976                checksum_NMEA
 .text.reset_OLED
                0x00001a08       0x1a oled.o
                0x00001a08                reset_OLED
 .text.write_OLED
                0x00001a22       0x24 oled.o
                0x00001a22                write_OLED
 .text.init_OLEDDISPLAY
                0x00001a46      0x14c oled.o
                0x00001a46                init_OLEDDISPLAY
 .text.init_OLED
                0x00001b92       0x24 oled.o
                0x00001b92                init_OLED
 .text.writestr_OLED
                0x00001bb6       0xb6 oled.o
                0x00001bb6                writestr_OLED
 .text.clear_OLED
                0x00001c6c       0x3c oled.o
                0x00001c6c                clear_OLED
 .text.read_PNEUSensors
                0x00001ca8       0xd8 pneu.o
                0x00001ca8                read_PNEUSensors
 .text.set_PNEUVALVES
                0x00001d80       0x24 pneu.o
                0x00001d80                set_PNEUVALVES
 .text.close_PNEU
                0x00001da4      0x154 pneu.o
                0x00001da4                close_PNEU
 .text.init_PNEU
                0x00001ef8       0xbc pneu.o
                0x00001ef8                init_PNEU
 .text.open_PNEU
                0x00001fb4      0x154 pneu.o
                0x00001fb4                open_PNEU
 .text.__vector_20
                0x00002108       0x5e pneu.o
                0x00002108                __vector_20
 .text.init_PORTS
                0x00002166       0x32 ports.o
                0x00002166                init_PORTS
 .text.report   0x00002198     0x1040 report.o
                0x00002198                report
 .text.crc16    0x000031d8       0x4a roboclaw.o
                0x000031d8                crc16
 .text.get_FRAM_ENCSAVETIME
                0x00003222       0x88 roboclaw.o
                0x00003222                get_FRAM_ENCSAVETIME
 .text.get_FRAM_MOTOR_ENCODER
                0x000032aa      0x136 roboclaw.o
                0x000032aa                get_FRAM_MOTOR_ENCODER
 .text.get_MOTOR
                0x000033e0      0x1e8 roboclaw.o
                0x000033e0                get_MOTOR
 .text.get_MOTOR_CURRENT
                0x000035c8       0xda roboclaw.o
                0x000035c8                get_MOTOR_CURRENT
 .text.get_MOTOR_ENCODER
                0x000036a2       0xf8 roboclaw.o
                0x000036a2                get_MOTOR_ENCODER
 .text.get_MOTOR_FLOAT
                0x0000379a       0xe8 roboclaw.o
                0x0000379a                get_MOTOR_FLOAT
 .text.get_MOTOR_MAXCURRENT
                0x00003882      0x126 roboclaw.o
                0x00003882                get_MOTOR_MAXCURRENT
 .text.get_MOTOR_PID
                0x000039a8      0x45e roboclaw.o
                0x000039a8                get_MOTOR_PID
 .text.get_MOTOR_S4MODE
                0x00003e06       0xac roboclaw.o
                0x00003e06                get_MOTOR_S4MODE
 .text.get_MOTOR_SPEED
                0x00003eb2       0xf8 roboclaw.o
                0x00003eb2                get_MOTOR_SPEED
 .text.get_MOTOR_STATUS
                0x00003faa       0xfa roboclaw.o
                0x00003faa                get_MOTOR_STATUS
 .text.get_MOTOR_LIMIT
                0x000040a4       0x9a roboclaw.o
                0x000040a4                get_MOTOR_LIMIT
 .text.get_MOTOR_LIMITS
                0x0000413e       0x64 roboclaw.o
                0x0000413e                get_MOTOR_LIMITS
 .text.motorsMoving
                0x000041a2       0xc2 roboclaw.o
                0x000041a2                motorsMoving
 .text.put_FRAM_ENCODERS
                0x00004264       0xa2 roboclaw.o
                0x00004264                put_FRAM_ENCODERS
 .text.put_MOTOR
                0x00004306      0x19c roboclaw.o
                0x00004306                put_MOTOR
 .text.move_MOTOR
                0x000044a2      0x192 roboclaw.o
                0x000044a2                move_MOTOR
 .text.move_MOTORS_PISTON
                0x00004634      0x1f6 roboclaw.o
                0x00004634                move_MOTORS_PISTON
 .text.move_MOTOR_CMD
                0x0000482a      0x2ee roboclaw.o
                0x0000482a                move_MOTOR_CMD
 .text.put_MOTOR_ENCODER
                0x00004b18       0xaa roboclaw.o
                0x00004b18                put_MOTOR_ENCODER
 .text.init_MOTORS
                0x00004bc2       0x7c roboclaw.o
                0x00004bc2                init_MOTORS
 .text.put_MOTOR_PID
                0x00004c3e      0x3f4 roboclaw.o
                0x00004c3e                put_MOTOR_PID
 .text.unstick_MOTOR_LIMIT
                0x00005032      0x20e roboclaw.o
                0x00005032                unstick_MOTOR_LIMIT
 .text.zero_MOTOR_CMD
                0x00005240       0xde roboclaw.o
                0x00005240                zero_MOTOR_CMD
 .text.set      0x0000531e      0x3c6 set.o
                0x0000531e                set
 .text.get_temperature
                0x000056e4       0x78 temperature.o
                0x000056e4                get_temperature
 .text.testroutine
                0x0000575c       0x12 testroutine.o
                0x0000575c                testroutine
 .text.init_RTC
                0x0000576e       0x64 timers.o
                0x0000576e                init_RTC
 .text.__vector_3
                0x000057d2       0x44 timers.o
                0x000057d2                __vector_3
 .text.__vector_4
                0x00005816       0x7c timers.o
                0x00005816                __vector_4
 .text.__vector_12
                0x00005892       0x1e timers.o
                0x00005892                __vector_12
 .text.init_TWI
                0x000058b0       0x16 twi.o
                0x000058b0                init_TWI
 .text.read_TWI
                0x000058c6       0x44 twi.o
                0x000058c6                read_TWI
 .text.readlast_TWI
                0x0000590a       0x3e twi.o
                0x0000590a                readlast_TWI
 .text.start_TWI
                0x00005948       0x94 twi.o
                0x00005948                start_TWI
 .text.stop_TWI
                0x000059dc        0x8 twi.o
                0x000059dc                stop_TWI
 .text.write_TWI
                0x000059e4       0x82 twi.o
                0x000059e4                write_TWI
 .text.init_USART
                0x00005a66       0x94 usart.o
                0x00005a66                init_USART
 .text.send_USART
                0x00005afa      0x134 usart.o
                0x00005afa                send_USART
 .text.send_USART1
                0x00005c2e       0x2e usart.o
                0x00005c2e                send_USART1
 .text.__vector_26
                0x00005c5c       0x40 usart.o
                0x00005c5c                __vector_26
 .text.__vector_27
                0x00005c9c       0x70 usart.o
                0x00005c9c                __vector_27
 .text.__vector_17
                0x00005d0c       0x9c usart.o
                0x00005d0c                __vector_17
 .text.__vector_18
                0x00005da8       0x78 usart.o
                0x00005da8                __vector_18
 .text.__vector_37
                0x00005e20       0x6a usart.o
                0x00005e20                __vector_37
 .text.__vector_38
                0x00005e8a       0x5c usart.o
                0x00005e8a                __vector_38
 .text.reboot   0x00005ee6        0xc wdt.o
                0x00005ee6                reboot
 .text.__vector_29
                0x00005ef2       0x56 wdt.o
                0x00005ef2                __vector_29
 .text.avr-libc.fplib
                0x00005f48        0xe c:/program files (x86)/atmel/studio/7.0/toolchain/avr8/avr8-gnu-toolchain/bin/../lib/gcc/avr/5.4.0/../../../../avr/lib/avrxmega3\libm.a(addsf3.o)
                0x00005f48                __subsf3
                0x00005f4a                __addsf3
 .text.avr-libc.fplib
                0x00005f56       0xcc c:/program files (x86)/atmel/studio/7.0/toolchain/avr8/avr8-gnu-toolchain/bin/../lib/gcc/avr/5.4.0/../../../../avr/lib/avrxmega3\libm.a(addsf3x.o)
                0x00005f78                __addsf3x
 .text.avr-libc.fplib
                0x00006022        0xa c:/program files (x86)/atmel/studio/7.0/toolchain/avr8/avr8-gnu-toolchain/bin/../lib/gcc/avr/5.4.0/../../../../avr/lib/avrxmega3\libm.a(cmpsf2.o)
                0x00006022                __nesf2
                0x00006022                __eqsf2
                0x00006022                __cmpsf2
                0x00006022                __ltsf2
                0x00006022                __lesf2
 .text.avr-libc.fplib
                0x0000602c        0x8 c:/program files (x86)/atmel/studio/7.0/toolchain/avr8/avr8-gnu-toolchain/bin/../lib/gcc/avr/5.4.0/../../../../avr/lib/avrxmega3\libm.a(divsf3.o)
                0x0000602c                __divsf3
 .text.avr-libc.fplib
                0x00006034       0xdc c:/program files (x86)/atmel/studio/7.0/toolchain/avr8/avr8-gnu-toolchain/bin/../lib/gcc/avr/5.4.0/../../../../avr/lib/avrxmega3\libm.a(divsf3x.o)
                0x00006054                __divsf3x
                0x0000605a                __divsf3_pse
 .text.avr-libc.fplib
                0x00006110        0xe c:/program files (x86)/atmel/studio/7.0/toolchain/avr8/avr8-gnu-toolchain/bin/../lib/gcc/avr/5.4.0/../../../../avr/lib/avrxmega3\libm.a(fixsfsi.o)
                0x00006110                __fixsfsi
 .text.avr-libc.fplib
                0x0000611e       0x5e c:/program files (x86)/atmel/studio/7.0/toolchain/avr8/avr8-gnu-toolchain/bin/../lib/gcc/avr/5.4.0/../../../../avr/lib/avrxmega3\libm.a(fixunssfsi.o)
                0x0000611e                __fixunssfsi
 .text.avr-libc.fplib
                0x0000617c       0x7a c:/program files (x86)/atmel/studio/7.0/toolchain/avr8/avr8-gnu-toolchain/bin/../lib/gcc/avr/5.4.0/../../../../avr/lib/avrxmega3\libm.a(floatsisf.o)
                0x0000617c                __floatunsisf
                0x00006180                __floatsisf
 .text.avr-libc.fplib
                0x000061f6       0x48 c:/program files (x86)/atmel/studio/7.0/toolchain/avr8/avr8-gnu-toolchain/bin/../lib/gcc/avr/5.4.0/../../../../avr/lib/avrxmega3\libm.a(fp_cmp.o)
                0x000061f6                __fp_cmp
 .text.avr-libc.fplib
                0x0000623e        0xc c:/program files (x86)/atmel/studio/7.0/toolchain/avr8/avr8-gnu-toolchain/bin/../lib/gcc/avr/5.4.0/../../../../avr/lib/avrxmega3\libm.a(fp_inf.o)
                0x0000623e                __fp_inf
 .text.avr-libc.fplib
                0x0000624a        0x6 c:/program files (x86)/atmel/studio/7.0/toolchain/avr8/avr8-gnu-toolchain/bin/../lib/gcc/avr/5.4.0/../../../../avr/lib/avrxmega3\libm.a(fp_nan.o)
                0x0000624a                __fp_nan
 .text.avr-libc.fplib
                0x00006250        0xe c:/program files (x86)/atmel/studio/7.0/toolchain/avr8/avr8-gnu-toolchain/bin/../lib/gcc/avr/5.4.0/../../../../avr/lib/avrxmega3\libm.a(fp_pscA.o)
                0x00006250                __fp_pscA
 .text.avr-libc.fplib
                0x0000625e        0xe c:/program files (x86)/atmel/studio/7.0/toolchain/avr8/avr8-gnu-toolchain/bin/../lib/gcc/avr/5.4.0/../../../../avr/lib/avrxmega3\libm.a(fp_pscB.o)
                0x0000625e                __fp_pscB
 .text.avr-libc.fplib
                0x0000626c       0x22 c:/program files (x86)/atmel/studio/7.0/toolchain/avr8/avr8-gnu-toolchain/bin/../lib/gcc/avr/5.4.0/../../../../avr/lib/avrxmega3\libm.a(fp_round.o)
                0x0000626c                __fp_round
 .text.avr-libc.fplib
                0x0000628e       0x44 c:/program files (x86)/atmel/studio/7.0/toolchain/avr8/avr8-gnu-toolchain/bin/../lib/gcc/avr/5.4.0/../../../../avr/lib/avrxmega3\libm.a(fp_split3.o)
                0x0000628e                __fp_split3
                0x0000629e                __fp_splitA
 .text.avr-libc.fplib
                0x000062d2        0xe c:/program files (x86)/atmel/studio/7.0/toolchain/avr8/avr8-gnu-toolchain/bin/../lib/gcc/avr/5.4.0/../../../../avr/lib/avrxmega3\libm.a(fp_zero.o)
                0x000062d2                __fp_zero
                0x000062d4                __fp_szero
 .text.avr-libc.fplib
                0x000062e0        0x8 c:/program files (x86)/atmel/studio/7.0/toolchain/avr8/avr8-gnu-toolchain/bin/../lib/gcc/avr/5.4.0/../../../../avr/lib/avrxmega3\libm.a(mulsf3.o)
                0x000062e0                __mulsf3
 .text.avr-libc.fplib
                0x000062e8       0xd2 c:/program files (x86)/atmel/studio/7.0/toolchain/avr8/avr8-gnu-toolchain/bin/../lib/gcc/avr/5.4.0/../../../../avr/lib/avrxmega3\libm.a(mulsf3x.o)
                0x00006306                __mulsf3x
                0x0000630c                __mulsf3_pse
 .text.avr-libc
                0x000063ba      0x6fa c:/program files (x86)/atmel/studio/7.0/toolchain/avr8/avr8-gnu-toolchain/bin/../lib/gcc/avr/5.4.0/../../../../avr/lib/avrxmega3\libprintf_flt.a(vfprintf_flt.o)
                0x000063ba                vfprintf
 .text.libgcc.div
                0x00006ab4       0x28 c:/program files (x86)/atmel/studio/7.0/toolchain/avr8/avr8-gnu-toolchain/bin/../lib/gcc/avr/5.4.0/avrxmega3\libgcc.a(_divmodhi4.o)
                0x00006ab4                _div
                0x00006ab4                __divmodhi4
 .text.libgcc.div
                0x00006adc       0x2e c:/program files (x86)/atmel/studio/7.0/toolchain/avr8/avr8-gnu-toolchain/bin/../lib/gcc/avr/5.4.0/avrxmega3\libgcc.a(_divmodsi4.o)
                0x00006adc                __divmodsi4
 .text.libgcc.div
                0x00006b0a       0x10 c:/program files (x86)/atmel/studio/7.0/toolchain/avr8/avr8-gnu-toolchain/bin/../lib/gcc/avr/5.4.0/avrxmega3\libgcc.a(_negsi2.o)
                0x00006b0a                __negsi2
 .text.libgcc   0x00006b1a        0xc c:/program files (x86)/atmel/studio/7.0/toolchain/avr8/avr8-gnu-toolchain/bin/../lib/gcc/avr/5.4.0/avrxmega3\libgcc.a(_tablejump2.o)
                0x00006b1a                __tablejump2__
 .text.libgcc.mul
                0x00006b26       0x16 c:/program files (x86)/atmel/studio/7.0/toolchain/avr8/avr8-gnu-toolchain/bin/../lib/gcc/avr/5.4.0/avrxmega3\libgcc.a(_muluhisi3.o)
                0x00006b26                __muluhisi3
 .text.libgcc.prologue
                0x00006b3c       0x32 c:/program files (x86)/atmel/studio/7.0/toolchain/avr8/avr8-gnu-toolchain/bin/../lib/gcc/avr/5.4.0/avrxmega3\libgcc.a(_prologue.o)
                0x00006b3c                __prologue_saves__
 .text.libgcc.prologue
                0x00006b6e       0x30 c:/program files (x86)/atmel/studio/7.0/toolchain/avr8/avr8-gnu-toolchain/bin/../lib/gcc/avr/5.4.0/avrxmega3\libgcc.a(_epilogue.o)
                0x00006b6e                __epilogue_restores__
 .text.libgcc.div
                0x00006b9e       0x28 c:/program files (x86)/atmel/studio/7.0/toolchain/avr8/avr8-gnu-toolchain/bin/../lib/gcc/avr/5.4.0/avrxmega3\libgcc.a(_udivmodhi4.o)
                0x00006b9e                __udivmodhi4
 .text.libgcc.div
                0x00006bc6       0x44 c:/program files (x86)/atmel/studio/7.0/toolchain/avr8/avr8-gnu-toolchain/bin/../lib/gcc/avr/5.4.0/avrxmega3\libgcc.a(_udivmodsi4.o)
                0x00006bc6                __udivmodsi4
 .text.libgcc.mul
                0x00006c0a       0x1e c:/program files (x86)/atmel/studio/7.0/toolchain/avr8/avr8-gnu-toolchain/bin/../lib/gcc/avr/5.4.0/avrxmega3\libgcc.a(_umulhisi3.o)
                0x00006c0a                __umulhisi3
 .text.avr-libc
                0x00006c28       0x3c c:/program files (x86)/atmel/studio/7.0/toolchain/avr8/avr8-gnu-toolchain/bin/../lib/gcc/avr/5.4.0/../../../../avr/lib/avrxmega3\libc.a(atoi.o)
                0x00006c28                atoi
 .text.avr-libc
                0x00006c64       0x4e c:/program files (x86)/atmel/studio/7.0/toolchain/avr8/avr8-gnu-toolchain/bin/../lib/gcc/avr/5.4.0/../../../../avr/lib/avrxmega3\libc.a(atol.o)
                0x00006c64                atol
 .text.avr-libc
                0x00006cb2      0x1b0 c:/program files (x86)/atmel/studio/7.0/toolchain/avr8/avr8-gnu-toolchain/bin/../lib/gcc/avr/5.4.0/../../../../avr/lib/avrxmega3\libc.a(ftoa_engine.o)
                0x00006cb2                __ftoa_engine
 .text.avr-libc
                0x00006e62       0x16 c:/program files (x86)/atmel/studio/7.0/toolchain/avr8/avr8-gnu-toolchain/bin/../lib/gcc/avr/5.4.0/../../../../avr/lib/avrxmega3\libc.a(strnlen_P.o)
                0x00006e62                strnlen_P
 .text.avr-libc
                0x00006e78       0x16 c:/program files (x86)/atmel/studio/7.0/toolchain/avr8/avr8-gnu-toolchain/bin/../lib/gcc/avr/5.4.0/../../../../avr/lib/avrxmega3\libc.a(strcat.o)
                0x00006e78                strcat
 .text.avr-libc
                0x00006e8e        0xe c:/program files (x86)/atmel/studio/7.0/toolchain/avr8/avr8-gnu-toolchain/bin/../lib/gcc/avr/5.4.0/../../../../avr/lib/avrxmega3\libc.a(strcpy.o)
                0x00006e8e                strcpy
 .text.avr-libc
                0x00006e9c       0x16 c:/program files (x86)/atmel/studio/7.0/toolchain/avr8/avr8-gnu-toolchain/bin/../lib/gcc/avr/5.4.0/../../../../avr/lib/avrxmega3\libc.a(strnlen.o)
                0x00006e9c                strnlen
 .text.avr-libc
                0x00006eb2       0x2a c:/program files (x86)/atmel/studio/7.0/toolchain/avr8/avr8-gnu-toolchain/bin/../lib/gcc/avr/5.4.0/../../../../avr/lib/avrxmega3\libc.a(mulsi10.o)
                0x00006eb2                __mulsi_const_10
 .text.avr-libc
                0x00006edc       0x10 c:/program files (x86)/atmel/studio/7.0/toolchain/avr8/avr8-gnu-toolchain/bin/../lib/gcc/avr/5.4.0/../../../../avr/lib/avrxmega3\libc.a(mul10.o)
                0x00006edc                __mulhi_const_10
 .text.avr-libc
                0x00006eec       0x78 c:/program files (x86)/atmel/studio/7.0/toolchain/avr8/avr8-gnu-toolchain/bin/../lib/gcc/avr/5.4.0/../../../../avr/lib/avrxmega3\libc.a(fputc.o)
                0x00006eec                fputc
 .text.avr-libc
                0x00006f64       0x44 c:/program files (x86)/atmel/studio/7.0/toolchain/avr8/avr8-gnu-toolchain/bin/../lib/gcc/avr/5.4.0/../../../../avr/lib/avrxmega3\libc.a(sprintf.o)
                0x00006f64                sprintf
 .text.avr-libc
                0x00006fa8       0xbc c:/program files (x86)/atmel/studio/7.0/toolchain/avr8/avr8-gnu-toolchain/bin/../lib/gcc/avr/5.4.0/../../../../avr/lib/avrxmega3\libc.a(ultoa_invert.o)
                0x00006fa8                __ultoa_invert
 .text.avr-libc
                0x00007064        0x8 C:/Program Files (x86)/Atmel/Studio/7.0/Packs/atmel/ATmega_DFP/1.6.364/gcc/dev/atmega4809/avrxmega3\libatmega4809.a(eerd_block.o)
                0x00007064                eeprom_read_block
 .text.avr-libc
                0x0000706c       0x20 C:/Program Files (x86)/Atmel/Studio/7.0/Packs/atmel/ATmega_DFP/1.6.364/gcc/dev/atmega4809/avrxmega3\libatmega4809.a(eeupd_block.o)
                0x0000706c                eeprom_update_block
 .text.avr-libc
                0x0000708c       0x16 C:/Program Files (x86)/Atmel/Studio/7.0/Packs/atmel/ATmega_DFP/1.6.364/gcc/dev/atmega4809/avrxmega3\libatmega4809.a(eeupd_byte.o)
                0x0000708c                eeprom_update_byte
                0x0000708e                eeprom_update_r18
 .text.avr-libc
                0x000070a2       0x28 C:/Program Files (x86)/Atmel/Studio/7.0/Packs/atmel/ATmega_DFP/1.6.364/gcc/dev/atmega4809/avrxmega3\libatmega4809.a(eewr_byte.o)
                0x000070a2                eeprom_write_byte
                0x000070a4                eeprom_write_r18
 .text.avr-libc
                0x000070ca       0x10 C:/Program Files (x86)/Atmel/Studio/7.0/Packs/atmel/ATmega_DFP/1.6.364/gcc/dev/atmega4809/avrxmega3\libatmega4809.a(eerd_byte.o)
                0x000070ca                eeprom_read_byte
                0x000070d2                eeprom_mapen
 .text.avr-libc
                0x000070da       0x12 c:/program files (x86)/atmel/studio/7.0/toolchain/avr8/avr8-gnu-toolchain/bin/../lib/gcc/avr/5.4.0/../../../../avr/lib/avrxmega3\libc.a(memcpy.o)
                0x000070da                memcpy
                0x000070ec                . = ALIGN (0x2)
 *(.fini9)
 .fini9         0x000070ec        0x0 c:/program files (x86)/atmel/studio/7.0/toolchain/avr8/avr8-gnu-toolchain/bin/../lib/gcc/avr/5.4.0/avrxmega3\libgcc.a(_exit.o)
                0x000070ec                _exit
                0x000070ec                exit
 *(.fini9)
 *(.fini8)
 *(.fini8)
 *(.fini7)
 *(.fini7)
 *(.fini6)
 *(.fini6)
 *(.fini5)
 *(.fini5)
 *(.fini4)
 *(.fini4)
 *(.fini3)
 *(.fini3)
 *(.fini2)
 *(.fini2)
 *(.fini1)
 *(.fini1)
 *(.fini0)
 .fini0         0x000070ec        0x4 c:/program files (x86)/atmel/studio/7.0/toolchain/avr8/avr8-gnu-toolchain/bin/../lib/gcc/avr/5.4.0/avrxmega3\libgcc.a(_exit.o)
 *(.fini0)
                0x000070f0                _etext = .

.rodata         0x0000b0f0      0xc27 load address 0x000070f0
 *(.rodata)
 .rodata        0x0000b0f0        0x6 roboclaw.o
 *(.rodata*)
 .rodata.str1.1
                0x0000b0f6       0x66 commands.o
 .rodata.str1.1
                0x0000b15c      0x10b ds3231.o
 .rodata.str1.1
                0x0000b267        0xb eeprom.o
 .rodata.str1.1
                0x0000b272        0xa errors.o
 .rodata.str1.1
                0x0000b27c        0xa fram.o
 .rodata.str1.1
                0x0000b286       0x19 initialize.o
 .rodata.str1.1
                0x0000b29f       0x29 mcp23008.o
 .rodata.str1.1
                0x0000b2c8        0x8 nmea.o
 .rodata.str1.1
                0x0000b2d0       0x11 oled.o
 .rodata.str1.1
                0x0000b2e1       0x6b pneu.o
 .rodata.str1.1
                0x0000b34c      0x382 report.o
                                0x393 (size before relaxing)
 .rodata.str1.1
                0x0000b6ce      0x520 roboclaw.o
 .rodata.str1.1
                0x0000bbee       0x88 set.o
 .rodata.str1.1
                0x0000bc76        0xa testroutine.o
                                 0x12 (size before relaxing)
 .rodata.str1.1
                0x0000bc80       0x97 twi.o
 *(.gnu.linkonce.r*)

.data           0x00802800        0x0 load address 0x00007d17
                [!provide]                PROVIDE (__data_start, .)
 *(.data)
 *(.data*)
 *(.gnu.linkonce.d*)
                0x00802800                . = ALIGN (0x2)
                0x00802800                _edata = .
                [!provide]                PROVIDE (__data_end, .)

.bss            0x00802800      0xa5b
                0x00802800                PROVIDE (__bss_start, .)
 *(.bss)
 *(.bss*)
 .bss.cstack.3870
                0x00802800        0x1 commands.o
 *(COMMON)
 COMMON         0x00802801        0xc commands.o
                0x00802801                USART3_ticks
                0x00802803                USART0_ticks
                0x00802805                TWI_ticks
                0x00802807                USART1_ticks
                0x00802809                timeoutOLED
                0x0080280b                testTicks
 COMMON         0x0080280d        0x1 errors.o
                0x0080280d                squelchErrors
 COMMON         0x0080280e        0x1 initialize.o
                0x0080280e                rebootackd
 COMMON         0x0080280f      0x209 main.o
                0x0080280f                pcmd
                0x00802a17                firstpass
 COMMON         0x00802a18        0x2 oled.o
                0x00802a18                timerOLED
 COMMON         0x00802a1a        0x1 pneu.o
                0x00802a1a                pneuState
 COMMON         0x00802a1b       0x28 roboclaw.o
                0x00802a1b                pid
                0x00802a3b                timeoutSAVEENCODER
                0x00802a3c                timerSAVEENCODER
                0x00802a3d                motorDir
                0x00802a40                motorLim
 COMMON         0x00802a43      0x818 usart.o
                0x00802a43                ser_recv1
                0x00802b43                ser_send1
                0x00802c43                recv1_buf
                0x00802d47                recv0_buf
                0x00802e4b                send0_buf
                0x00802f4f                recv3_buf
                0x00803053                send3_buf
                0x00803157                send1_buf
                0x0080325b                PROVIDE (__bss_end, .)
                0x00007d17                __data_load_start = LOADADDR (.data)
                0x00007d17                __data_load_end = (__data_load_start + SIZEOF (.data))

.noinit         0x0080325b        0x0
                [!provide]                PROVIDE (__noinit_start, .)
 *(.noinit*)
                [!provide]                PROVIDE (__noinit_end, .)
                0x0080325b                _end = .
                [!provide]                PROVIDE (__heap_start, .)

.eeprom         0x00810000        0x0
 *(.eeprom*)
                0x00810000                __eeprom_end = .

.fuse
 *(.fuse)
 *(.lfuse)
 *(.hfuse)
 *(.efuse)

.lock
 *(.lock*)

.signature
 *(.signature*)

.user_signatures
 *(.user_signatures*)

.stab
 *(.stab)

.stabstr
 *(.stabstr)

.stab.excl
 *(.stab.excl)

.stab.exclstr
 *(.stab.exclstr)

.stab.index
 *(.stab.index)

.stab.indexstr
 *(.stab.indexstr)

.comment        0x00000000       0x5c
 *(.comment)
 .comment       0x00000000       0x30 ad590.o
                                 0x31 (size before relaxing)
 .comment       0x00000030       0x31 ads1115.o
 .comment       0x00000030       0x31 beeper.o
 .comment       0x00000030       0x31 commands.o
 .comment       0x00000030       0x31 ds3231.o
 .comment       0x00000030       0x31 eeprom.o
 .comment       0x00000030       0x31 errors.o
 .comment       0x00000030       0x31 fram.o
 .comment       0x00000030       0x31 humidity.o
 .comment       0x00000030       0x31 initialize.o
 .comment       0x00000030       0x31 ionpump.o
 .comment       0x00000030       0x31 main.o
 .comment       0x00000030       0x31 mcp23008.o
 .comment       0x00000030       0x31 mcp9808.o
 .comment       0x00000030       0x31 mma8451.o
 .comment       0x00000030       0x31 nmea.o
 .comment       0x00000030       0x31 oled.o
 .comment       0x00000030       0x31 pneu.o
 .comment       0x00000030       0x31 ports.o
 .comment       0x00000030       0x31 report.o
 .comment       0x00000030       0x31 roboclaw.o
 .comment       0x00000030       0x31 set.o
 .comment       0x00000030       0x31 temperature.o
 .comment       0x00000030       0x31 testroutine.o
 .comment       0x00000030       0x31 timers.o
 .comment       0x00000030       0x31 twi.o
 .comment       0x00000030       0x31 usart.o
 .comment       0x00000030       0x31 wdt.o
 .comment       0x00000030       0x2c c:/program files (x86)/atmel/studio/7.0/toolchain/avr8/avr8-gnu-toolchain/bin/../lib/gcc/avr/5.4.0/../../../../avr/lib/avrxmega3\libprintf_flt.a(vfprintf_flt.o)
                                 0x2d (size before relaxing)
 .comment       0x0000005c       0x31 c:/program files (x86)/atmel/studio/7.0/toolchain/avr8/avr8-gnu-toolchain/bin/../lib/gcc/avr/5.4.0/../../../../avr/lib/avrxmega3\libc.a(fputc.o)
 .comment       0x0000005c       0x31 c:/program files (x86)/atmel/studio/7.0/toolchain/avr8/avr8-gnu-toolchain/bin/../lib/gcc/avr/5.4.0/../../../../avr/lib/avrxmega3\libc.a(sprintf.o)

.note.gnu.avr.deviceinfo
                0x00000000       0x40
 .note.gnu.avr.deviceinfo
                0x00000000       0x40 C:/Program Files (x86)/Atmel/Studio/7.0/Packs/atmel/ATmega_DFP/1.6.364/gcc/dev/atmega4809/avrxmega3/crtatmega4809.o

.note.gnu.build-id
 *(.note.gnu.build-id)

.debug
 *(.debug)

.line
 *(.line)

.debug_srcinfo
 *(.debug_srcinfo)

.debug_sfnames
 *(.debug_sfnames)

.debug_aranges  0x00000000      0x6a0
 *(.debug_aranges)
 .debug_aranges
                0x00000000       0x20 ad590.o
 .debug_aranges
                0x00000020       0x20 ads1115.o
 .debug_aranges
                0x00000040       0x20 beeper.o
 .debug_aranges
                0x00000060       0x68 commands.o
 .debug_aranges
                0x000000c8       0x50 ds3231.o
 .debug_aranges
                0x00000118       0x40 eeprom.o
 .debug_aranges
                0x00000158       0x20 errors.o
 .debug_aranges
                0x00000178       0x30 fram.o
 .debug_aranges
                0x000001a8       0x20 humidity.o
 .debug_aranges
                0x000001c8       0x20 initialize.o
 .debug_aranges
                0x000001e8       0x20 ionpump.o
 .debug_aranges
                0x00000208       0x20 main.o
 .debug_aranges
                0x00000228       0x28 mcp23008.o
 .debug_aranges
                0x00000250       0x20 mcp9808.o
 .debug_aranges
                0x00000270       0x38 mma8451.o
 .debug_aranges
                0x000002a8       0x20 nmea.o
 .debug_aranges
                0x000002c8       0x48 oled.o
 .debug_aranges
                0x00000310       0x48 pneu.o
 .debug_aranges
                0x00000358       0x20 ports.o
 .debug_aranges
                0x00000378       0x20 report.o
 .debug_aranges
                0x00000398       0xf0 roboclaw.o
 .debug_aranges
                0x00000488       0x20 set.o
 .debug_aranges
                0x000004a8       0x20 temperature.o
 .debug_aranges
                0x000004c8       0x20 testroutine.o
 .debug_aranges
                0x000004e8       0x48 timers.o
 .debug_aranges
                0x00000530       0x48 twi.o
 .debug_aranges
                0x00000578       0x60 usart.o
 .debug_aranges
                0x000005d8       0x28 wdt.o
 .debug_aranges
                0x00000600       0x20 C:/Program Files (x86)/Atmel/Studio/7.0/Packs/atmel/ATmega_DFP/1.6.364/gcc/dev/atmega4809/avrxmega3\libatmega4809.a(eerd_block.o)
 .debug_aranges
                0x00000620       0x20 C:/Program Files (x86)/Atmel/Studio/7.0/Packs/atmel/ATmega_DFP/1.6.364/gcc/dev/atmega4809/avrxmega3\libatmega4809.a(eeupd_block.o)
 .debug_aranges
                0x00000640       0x20 C:/Program Files (x86)/Atmel/Studio/7.0/Packs/atmel/ATmega_DFP/1.6.364/gcc/dev/atmega4809/avrxmega3\libatmega4809.a(eeupd_byte.o)
 .debug_aranges
                0x00000660       0x20 C:/Program Files (x86)/Atmel/Studio/7.0/Packs/atmel/ATmega_DFP/1.6.364/gcc/dev/atmega4809/avrxmega3\libatmega4809.a(eewr_byte.o)
 .debug_aranges
                0x00000680       0x20 C:/Program Files (x86)/Atmel/Studio/7.0/Packs/atmel/ATmega_DFP/1.6.364/gcc/dev/atmega4809/avrxmega3\libatmega4809.a(eerd_byte.o)

.debug_pubnames
 *(.debug_pubnames)

.debug_info     0x00000000     0xc997
 *(.debug_info .gnu.linkonce.wi.*)
 .debug_info    0x00000000     0x248a C:/Program Files (x86)/Atmel/Studio/7.0/Packs/atmel/ATmega_DFP/1.6.364/gcc/dev/atmega4809/avrxmega3/crtatmega4809.o
 .debug_info    0x0000248a      0x218 ad590.o
 .debug_info    0x000026a2      0x33e ads1115.o
 .debug_info    0x000029e0      0x378 beeper.o
 .debug_info    0x00002d58      0xa59 commands.o
 .debug_info    0x000037b1      0x829 ds3231.o
 .debug_info    0x00003fda      0x24f eeprom.o
 .debug_info    0x00004229      0x1d4 errors.o
 .debug_info    0x000043fd      0x363 fram.o
 .debug_info    0x00004760      0x11e humidity.o
 .debug_info    0x0000487e      0x2e0 initialize.o
 .debug_info    0x00004b5e      0x10f ionpump.o
 .debug_info    0x00004c6d      0x4b1 main.o
 .debug_info    0x0000511e      0x2ab mcp23008.o
 .debug_info    0x000053c9      0x191 mcp9808.o
 .debug_info    0x0000555a      0x429 mma8451.o
 .debug_info    0x00005983      0x15c nmea.o
 .debug_info    0x00005adf      0x9e9 oled.o
 .debug_info    0x000064c8      0x9ef pneu.o
 .debug_info    0x00006eb7      0x2d6 ports.o
 .debug_info    0x0000718d     0x1109 report.o
 .debug_info    0x00008296     0x234b roboclaw.o
 .debug_info    0x0000a5e1      0x5bd set.o
 .debug_info    0x0000ab9e      0x106 temperature.o
 .debug_info    0x0000aca4      0x17e testroutine.o
 .debug_info    0x0000ae22      0x91d timers.o
 .debug_info    0x0000b73f      0x4f0 twi.o
 .debug_info    0x0000bc2f      0x6d3 usart.o
 .debug_info    0x0000c302      0x376 wdt.o
 .debug_info    0x0000c678       0xa0 C:/Program Files (x86)/Atmel/Studio/7.0/Packs/atmel/ATmega_DFP/1.6.364/gcc/dev/atmega4809/avrxmega3\libatmega4809.a(eerd_block.o)
 .debug_info    0x0000c718       0xa1 C:/Program Files (x86)/Atmel/Studio/7.0/Packs/atmel/ATmega_DFP/1.6.364/gcc/dev/atmega4809/avrxmega3\libatmega4809.a(eeupd_block.o)
 .debug_info    0x0000c7b9       0xa0 C:/Program Files (x86)/Atmel/Studio/7.0/Packs/atmel/ATmega_DFP/1.6.364/gcc/dev/atmega4809/avrxmega3\libatmega4809.a(eeupd_byte.o)
 .debug_info    0x0000c859       0x9f C:/Program Files (x86)/Atmel/Studio/7.0/Packs/atmel/ATmega_DFP/1.6.364/gcc/dev/atmega4809/avrxmega3\libatmega4809.a(eewr_byte.o)
 .debug_info    0x0000c8f8       0x9f C:/Program Files (x86)/Atmel/Studio/7.0/Packs/atmel/ATmega_DFP/1.6.364/gcc/dev/atmega4809/avrxmega3\libatmega4809.a(eerd_byte.o)

.debug_abbrev   0x00000000     0x470d
 *(.debug_abbrev)
 .debug_abbrev  0x00000000     0x2296 C:/Program Files (x86)/Atmel/Studio/7.0/Packs/atmel/ATmega_DFP/1.6.364/gcc/dev/atmega4809/avrxmega3/crtatmega4809.o
 .debug_abbrev  0x00002296      0x129 ad590.o
 .debug_abbrev  0x000023bf      0x11a ads1115.o
 .debug_abbrev  0x000024d9      0x14f beeper.o
 .debug_abbrev  0x00002628      0x289 commands.o
 .debug_abbrev  0x000028b1      0x183 ds3231.o
 .debug_abbrev  0x00002a34       0xda eeprom.o
 .debug_abbrev  0x00002b0e       0xf1 errors.o
 .debug_abbrev  0x00002bff      0x115 fram.o
 .debug_abbrev  0x00002d14       0xab humidity.o
 .debug_abbrev  0x00002dbf       0xf6 initialize.o
 .debug_abbrev  0x00002eb5       0xab ionpump.o
 .debug_abbrev  0x00002f60      0x146 main.o
 .debug_abbrev  0x000030a6       0xb8 mcp23008.o
 .debug_abbrev  0x0000315e       0xb2 mcp9808.o
 .debug_abbrev  0x00003210      0x127 mma8451.o
 .debug_abbrev  0x00003337      0x104 nmea.o
 .debug_abbrev  0x0000343b      0x1f6 oled.o
 .debug_abbrev  0x00003631      0x266 pneu.o
 .debug_abbrev  0x00003897      0x124 ports.o
 .debug_abbrev  0x000039bb      0x16d report.o
 .debug_abbrev  0x00003b28      0x305 roboclaw.o
 .debug_abbrev  0x00003e2d      0x15e set.o
 .debug_abbrev  0x00003f8b       0xa9 temperature.o
 .debug_abbrev  0x00004034       0xcd testroutine.o
 .debug_abbrev  0x00004101      0x174 timers.o
 .debug_abbrev  0x00004275      0x14c twi.o
 .debug_abbrev  0x000043c1      0x1f4 usart.o
 .debug_abbrev  0x000045b5       0xf4 wdt.o
 .debug_abbrev  0x000046a9       0x14 C:/Program Files (x86)/Atmel/Studio/7.0/Packs/atmel/ATmega_DFP/1.6.364/gcc/dev/atmega4809/avrxmega3\libatmega4809.a(eerd_block.o)
 .debug_abbrev  0x000046bd       0x14 C:/Program Files (x86)/Atmel/Studio/7.0/Packs/atmel/ATmega_DFP/1.6.364/gcc/dev/atmega4809/avrxmega3\libatmega4809.a(eeupd_block.o)
 .debug_abbrev  0x000046d1       0x14 C:/Program Files (x86)/Atmel/Studio/7.0/Packs/atmel/ATmega_DFP/1.6.364/gcc/dev/atmega4809/avrxmega3\libatmega4809.a(eeupd_byte.o)
 .debug_abbrev  0x000046e5       0x14 C:/Program Files (x86)/Atmel/Studio/7.0/Packs/atmel/ATmega_DFP/1.6.364/gcc/dev/atmega4809/avrxmega3\libatmega4809.a(eewr_byte.o)
 .debug_abbrev  0x000046f9       0x14 C:/Program Files (x86)/Atmel/Studio/7.0/Packs/atmel/ATmega_DFP/1.6.364/gcc/dev/atmega4809/avrxmega3\libatmega4809.a(eerd_byte.o)

.debug_line     0x00000000     0x52c1
 *(.debug_line .debug_line.* .debug_line_end)
 .debug_line    0x00000000      0x187 C:/Program Files (x86)/Atmel/Studio/7.0/Packs/atmel/ATmega_DFP/1.6.364/gcc/dev/atmega4809/avrxmega3/crtatmega4809.o
 .debug_line    0x00000187      0x1a1 ad590.o
 .debug_line    0x00000328      0x240 ads1115.o
 .debug_line    0x00000568      0x1d5 beeper.o
 .debug_line    0x0000073d      0x5f7 commands.o
 .debug_line    0x00000d34      0x491 ds3231.o
 .debug_line    0x000011c5      0x129 eeprom.o
 .debug_line    0x000012ee       0xea errors.o
 .debug_line    0x000013d8      0x199 fram.o
 .debug_line    0x00001571      0x106 humidity.o
 .debug_line    0x00001677      0x14b initialize.o
 .debug_line    0x000017c2       0xe7 ionpump.o
 .debug_line    0x000018a9      0x1de main.o
 .debug_line    0x00001a87      0x161 mcp23008.o
 .debug_line    0x00001be8      0x107 mcp9808.o
 .debug_line    0x00001cef      0x233 mma8451.o
 .debug_line    0x00001f22       0xfc nmea.o
 .debug_line    0x0000201e      0x38e oled.o
 .debug_line    0x000023ac      0x45d pneu.o
 .debug_line    0x00002809      0x19c ports.o
 .debug_line    0x000029a5      0x58d report.o
 .debug_line    0x00002f32     0x1159 roboclaw.o
 .debug_line    0x0000408b      0x253 set.o
 .debug_line    0x000042de       0xf6 temperature.o
 .debug_line    0x000043d4       0xd0 testroutine.o
 .debug_line    0x000044a4      0x278 timers.o
 .debug_line    0x0000471c      0x2f0 twi.o
 .debug_line    0x00004a0c      0x4b7 usart.o
 .debug_line    0x00004ec3      0x142 wdt.o
 .debug_line    0x00005005       0x5d C:/Program Files (x86)/Atmel/Studio/7.0/Packs/atmel/ATmega_DFP/1.6.364/gcc/dev/atmega4809/avrxmega3\libatmega4809.a(eerd_block.o)
 .debug_line    0x00005062       0xa5 C:/Program Files (x86)/Atmel/Studio/7.0/Packs/atmel/ATmega_DFP/1.6.364/gcc/dev/atmega4809/avrxmega3\libatmega4809.a(eeupd_block.o)
 .debug_line    0x00005107       0x80 C:/Program Files (x86)/Atmel/Studio/7.0/Packs/atmel/ATmega_DFP/1.6.364/gcc/dev/atmega4809/avrxmega3\libatmega4809.a(eeupd_byte.o)
 .debug_line    0x00005187       0xc1 C:/Program Files (x86)/Atmel/Studio/7.0/Packs/atmel/ATmega_DFP/1.6.364/gcc/dev/atmega4809/avrxmega3\libatmega4809.a(eewr_byte.o)
 .debug_line    0x00005248       0x79 C:/Program Files (x86)/Atmel/Studio/7.0/Packs/atmel/ATmega_DFP/1.6.364/gcc/dev/atmega4809/avrxmega3\libatmega4809.a(eerd_byte.o)

.debug_frame    0x00000000     0x1498
 *(.debug_frame)
 .debug_frame   0x00000000       0x5c ad590.o
 .debug_frame   0x0000005c       0x60 ads1115.o
 .debug_frame   0x000000bc       0x24 beeper.o
 .debug_frame   0x000000e0      0x164 commands.o
 .debug_frame   0x00000244      0x138 ds3231.o
 .debug_frame   0x0000037c       0x84 eeprom.o
 .debug_frame   0x00000400       0x40 errors.o
 .debug_frame   0x00000440       0xac fram.o
 .debug_frame   0x000004ec       0x68 humidity.o
 .debug_frame   0x00000554       0x34 initialize.o
 .debug_frame   0x00000588       0x40 ionpump.o
 .debug_frame   0x000005c8       0x24 main.o
 .debug_frame   0x000005ec       0x50 mcp23008.o
 .debug_frame   0x0000063c       0x54 mcp9808.o
 .debug_frame   0x00000690       0xc4 mma8451.o
 .debug_frame   0x00000754       0x48 nmea.o
 .debug_frame   0x0000079c       0xc4 oled.o
 .debug_frame   0x00000860      0x110 pneu.o
 .debug_frame   0x00000970       0x24 ports.o
 .debug_frame   0x00000994       0x88 report.o
 .debug_frame   0x00000a1c      0x680 roboclaw.o
 .debug_frame   0x0000109c       0x4c set.o
 .debug_frame   0x000010e8       0x34 temperature.o
 .debug_frame   0x0000111c       0x24 testroutine.o
 .debug_frame   0x00001140       0xac timers.o
 .debug_frame   0x000011ec       0x74 twi.o
 .debug_frame   0x00001260      0x1bc usart.o
 .debug_frame   0x0000141c       0x7c wdt.o

.debug_str      0x00000000     0x27f3
 *(.debug_str)
 .debug_str     0x00000000      0xf85 C:/Program Files (x86)/Atmel/Studio/7.0/Packs/atmel/ATmega_DFP/1.6.364/gcc/dev/atmega4809/avrxmega3/crtatmega4809.o
 .debug_str     0x00000f85      0x1da ad590.o
                                0x21f (size before relaxing)
 .debug_str     0x0000115f       0x98 ads1115.o
                                0x272 (size before relaxing)
 .debug_str     0x000011f7       0xcd beeper.o
                                0x294 (size before relaxing)
 .debug_str     0x000012c4      0x249 commands.o
                                0x4ce (size before relaxing)
 .debug_str     0x0000150d       0xc0 ds3231.o
                                0x296 (size before relaxing)
 .debug_str     0x000015cd       0x89 eeprom.o
                                0x1fd (size before relaxing)
 .debug_str     0x00001656       0x40 errors.o
                                0x22d (size before relaxing)
 .debug_str     0x00001696       0x5f fram.o
                                0x21a (size before relaxing)
 .debug_str     0x000016f5       0x24 humidity.o
                                0x1ce (size before relaxing)
 .debug_str     0x00001719       0x80 initialize.o
                                0x288 (size before relaxing)
 .debug_str     0x00001799       0x2a ionpump.o
                                0x1bd (size before relaxing)
 .debug_str     0x000017c3      0x1c4 main.o
                                0x47e (size before relaxing)
 .debug_str     0x00001987       0x25 mcp23008.o
                                0x1e7 (size before relaxing)
 .debug_str     0x000019ac       0x26 mcp9808.o
                                0x1ef (size before relaxing)
 .debug_str     0x000019d2       0x41 mma8451.o
                                0x215 (size before relaxing)
 .debug_str     0x00001a13       0x34 nmea.o
                                0x1bd (size before relaxing)
 .debug_str     0x00001a47       0x6a oled.o
                                0x35a (size before relaxing)
 .debug_str     0x00001ab1      0x12c pneu.o
                                0x499 (size before relaxing)
 .debug_str     0x00001bdd        0xd ports.o
                                0x31d (size before relaxing)
 .debug_str     0x00001bea      0x204 report.o
                                0x4fc (size before relaxing)
 .debug_str     0x00001dee      0x201 roboclaw.o
                                0x64e (size before relaxing)
 .debug_str     0x00001fef       0x23 set.o
                                0x2a8 (size before relaxing)
 .debug_str     0x00002012       0x13 temperature.o
                                0x1c7 (size before relaxing)
 .debug_str     0x00002025       0x13 testroutine.o
                                0x1f6 (size before relaxing)
 .debug_str     0x00002038      0x436 timers.o
                                0x7c5 (size before relaxing)
 .debug_str     0x0000246e      0x16d twi.o
                                0x3b3 (size before relaxing)
 .debug_str     0x000025db       0xf0 usart.o
                                0x428 (size before relaxing)
 .debug_str     0x000026cb      0x128 wdt.o
                                0x3df (size before relaxing)

.debug_loc      0x00000000     0x5fb5
 *(.debug_loc)
 .debug_loc     0x00000000      0x1ab ad590.o
 .debug_loc     0x000001ab      0x319 ads1115.o
 .debug_loc     0x000004c4      0x187 beeper.o
 .debug_loc     0x0000064b      0x4e2 commands.o
 .debug_loc     0x00000b2d      0x770 ds3231.o
 .debug_loc     0x0000129d       0xda eeprom.o
 .debug_loc     0x00001377       0xae errors.o
 .debug_loc     0x00001425      0x37b fram.o
 .debug_loc     0x000017a0      0x1e8 humidity.o
 .debug_loc     0x00001988       0x47 initialize.o
 .debug_loc     0x000019cf       0xcd ionpump.o
 .debug_loc     0x00001a9c      0x18e mcp23008.o
 .debug_loc     0x00001c2a      0x175 mcp9808.o
 .debug_loc     0x00001d9f      0x42c mma8451.o
 .debug_loc     0x000021cb       0xef nmea.o
 .debug_loc     0x000022ba      0x33a oled.o
 .debug_loc     0x000025f4      0x606 pneu.o
 .debug_loc     0x00002bfa       0x48 ports.o
 .debug_loc     0x00002c42      0x4d7 report.o
 .debug_loc     0x00003119     0x23cf roboclaw.o
 .debug_loc     0x000054e8      0x16f set.o
 .debug_loc     0x00005657       0x9b temperature.o
 .debug_loc     0x000056f2      0x160 timers.o
 .debug_loc     0x00005852       0xe0 twi.o
 .debug_loc     0x00005932      0x5b8 usart.o
 .debug_loc     0x00005eea       0xcb wdt.o

.debug_macinfo
 *(.debug_macinfo)

.debug_weaknames
 *(.debug_weaknames)

.debug_funcnames
 *(.debug_funcnames)

.debug_typenames
 *(.debug_typenames)

.debug_varnames
 *(.debug_varnames)

.debug_pubtypes
 *(.debug_pubtypes)

.debug_ranges   0x00000000      0x440
 *(.debug_ranges)
 .debug_ranges  0x00000000       0x10 ad590.o
 .debug_ranges  0x00000010       0x10 ads1115.o
 .debug_ranges  0x00000020       0x10 beeper.o
 .debug_ranges  0x00000030       0x58 commands.o
 .debug_ranges  0x00000088       0x40 ds3231.o
 .debug_ranges  0x000000c8       0x30 eeprom.o
 .debug_ranges  0x000000f8       0x10 errors.o
 .debug_ranges  0x00000108       0x20 fram.o
 .debug_ranges  0x00000128       0x10 humidity.o
 .debug_ranges  0x00000138       0x10 initialize.o
 .debug_ranges  0x00000148       0x10 ionpump.o
 .debug_ranges  0x00000158       0x10 main.o
 .debug_ranges  0x00000168       0x18 mcp23008.o
 .debug_ranges  0x00000180       0x10 mcp9808.o
 .debug_ranges  0x00000190       0x28 mma8451.o
 .debug_ranges  0x000001b8       0x10 nmea.o
 .debug_ranges  0x000001c8       0x38 oled.o
 .debug_ranges  0x00000200       0x38 pneu.o
 .debug_ranges  0x00000238       0x10 ports.o
 .debug_ranges  0x00000248       0x10 report.o
 .debug_ranges  0x00000258       0xe0 roboclaw.o
 .debug_ranges  0x00000338       0x10 set.o
 .debug_ranges  0x00000348       0x10 temperature.o
 .debug_ranges  0x00000358       0x10 testroutine.o
 .debug_ranges  0x00000368       0x38 timers.o
 .debug_ranges  0x000003a0       0x38 twi.o
 .debug_ranges  0x000003d8       0x50 usart.o
 .debug_ranges  0x00000428       0x18 wdt.o

.debug_macro
 *(.debug_macro)
OUTPUT(specMech.elf elf32-avr)
LOAD linker stubs
