Archive member included to satisfy reference by file (symbol)

c:/program files (x86)/atmel/studio/7.0/toolchain/avr8/avr8-gnu-toolchain/bin/../lib/gcc/avr/5.4.0/../../../../avr/lib/avrxmega3\libm.a(addsf3.o)
                              ad590.o (__subsf3)
c:/program files (x86)/atmel/studio/7.0/toolchain/avr8/avr8-gnu-toolchain/bin/../lib/gcc/avr/5.4.0/../../../../avr/lib/avrxmega3\libm.a(addsf3x.o)
                              c:/program files (x86)/atmel/studio/7.0/toolchain/avr8/avr8-gnu-toolchain/bin/../lib/gcc/avr/5.4.0/../../../../avr/lib/avrxmega3\libm.a(addsf3.o) (__addsf3x)
c:/program files (x86)/atmel/studio/7.0/toolchain/avr8/avr8-gnu-toolchain/bin/../lib/gcc/avr/5.4.0/../../../../avr/lib/avrxmega3\libm.a(cmpsf2.o)
                              ionpump.o (__ltsf2)
c:/program files (x86)/atmel/studio/7.0/toolchain/avr8/avr8-gnu-toolchain/bin/../lib/gcc/avr/5.4.0/../../../../avr/lib/avrxmega3\libm.a(divsf3.o)
                              humidity.o (__divsf3)
c:/program files (x86)/atmel/studio/7.0/toolchain/avr8/avr8-gnu-toolchain/bin/../lib/gcc/avr/5.4.0/../../../../avr/lib/avrxmega3\libm.a(divsf3x.o)
                              c:/program files (x86)/atmel/studio/7.0/toolchain/avr8/avr8-gnu-toolchain/bin/../lib/gcc/avr/5.4.0/../../../../avr/lib/avrxmega3\libm.a(divsf3.o) (__divsf3x)
c:/program files (x86)/atmel/studio/7.0/toolchain/avr8/avr8-gnu-toolchain/bin/../lib/gcc/avr/5.4.0/../../../../avr/lib/avrxmega3\libm.a(fixsfsi.o)
                              roboclaw.o (__fixsfsi)
c:/program files (x86)/atmel/studio/7.0/toolchain/avr8/avr8-gnu-toolchain/bin/../lib/gcc/avr/5.4.0/../../../../avr/lib/avrxmega3\libm.a(fixunssfsi.o)
                              c:/program files (x86)/atmel/studio/7.0/toolchain/avr8/avr8-gnu-toolchain/bin/../lib/gcc/avr/5.4.0/../../../../avr/lib/avrxmega3\libm.a(fixsfsi.o) (__fixunssfsi)
c:/program files (x86)/atmel/studio/7.0/toolchain/avr8/avr8-gnu-toolchain/bin/../lib/gcc/avr/5.4.0/../../../../avr/lib/avrxmega3\libm.a(floatsisf.o)
                              mcp9808.o (__floatunsisf)
c:/program files (x86)/atmel/studio/7.0/toolchain/avr8/avr8-gnu-toolchain/bin/../lib/gcc/avr/5.4.0/../../../../avr/lib/avrxmega3\libm.a(fp_cmp.o)
                              c:/program files (x86)/atmel/studio/7.0/toolchain/avr8/avr8-gnu-toolchain/bin/../lib/gcc/avr/5.4.0/../../../../avr/lib/avrxmega3\libm.a(cmpsf2.o) (__fp_cmp)
c:/program files (x86)/atmel/studio/7.0/toolchain/avr8/avr8-gnu-toolchain/bin/../lib/gcc/avr/5.4.0/../../../../avr/lib/avrxmega3\libm.a(fp_inf.o)
                              c:/program files (x86)/atmel/studio/7.0/toolchain/avr8/avr8-gnu-toolchain/bin/../lib/gcc/avr/5.4.0/../../../../avr/lib/avrxmega3\libm.a(addsf3x.o) (__fp_inf)
c:/program files (x86)/atmel/studio/7.0/toolchain/avr8/avr8-gnu-toolchain/bin/../lib/gcc/avr/5.4.0/../../../../avr/lib/avrxmega3\libm.a(fp_nan.o)
                              c:/program files (x86)/atmel/studio/7.0/toolchain/avr8/avr8-gnu-toolchain/bin/../lib/gcc/avr/5.4.0/../../../../avr/lib/avrxmega3\libm.a(addsf3x.o) (__fp_nan)
c:/program files (x86)/atmel/studio/7.0/toolchain/avr8/avr8-gnu-toolchain/bin/../lib/gcc/avr/5.4.0/../../../../avr/lib/avrxmega3\libm.a(fp_pscA.o)
                              c:/program files (x86)/atmel/studio/7.0/toolchain/avr8/avr8-gnu-toolchain/bin/../lib/gcc/avr/5.4.0/../../../../avr/lib/avrxmega3\libm.a(addsf3x.o) (__fp_pscA)
c:/program files (x86)/atmel/studio/7.0/toolchain/avr8/avr8-gnu-toolchain/bin/../lib/gcc/avr/5.4.0/../../../../avr/lib/avrxmega3\libm.a(fp_pscB.o)
                              c:/program files (x86)/atmel/studio/7.0/toolchain/avr8/avr8-gnu-toolchain/bin/../lib/gcc/avr/5.4.0/../../../../avr/lib/avrxmega3\libm.a(addsf3x.o) (__fp_pscB)
c:/program files (x86)/atmel/studio/7.0/toolchain/avr8/avr8-gnu-toolchain/bin/../lib/gcc/avr/5.4.0/../../../../avr/lib/avrxmega3\libm.a(fp_round.o)
                              c:/program files (x86)/atmel/studio/7.0/toolchain/avr8/avr8-gnu-toolchain/bin/../lib/gcc/avr/5.4.0/../../../../avr/lib/avrxmega3\libm.a(addsf3.o) (__fp_round)
c:/program files (x86)/atmel/studio/7.0/toolchain/avr8/avr8-gnu-toolchain/bin/../lib/gcc/avr/5.4.0/../../../../avr/lib/avrxmega3\libm.a(fp_split3.o)
                              c:/program files (x86)/atmel/studio/7.0/toolchain/avr8/avr8-gnu-toolchain/bin/../lib/gcc/avr/5.4.0/../../../../avr/lib/avrxmega3\libm.a(addsf3x.o) (__fp_split3)
c:/program files (x86)/atmel/studio/7.0/toolchain/avr8/avr8-gnu-toolchain/bin/../lib/gcc/avr/5.4.0/../../../../avr/lib/avrxmega3\libm.a(fp_zero.o)
                              c:/program files (x86)/atmel/studio/7.0/toolchain/avr8/avr8-gnu-toolchain/bin/../lib/gcc/avr/5.4.0/../../../../avr/lib/avrxmega3\libm.a(addsf3x.o) (__fp_zero)
c:/program files (x86)/atmel/studio/7.0/toolchain/avr8/avr8-gnu-toolchain/bin/../lib/gcc/avr/5.4.0/../../../../avr/lib/avrxmega3\libm.a(gesf2.o)
                              ionpump.o (__gtsf2)
[...]
Memory Configuration

Name             Origin             Length             Attributes
text             0x00000000         0x0000c000         xr
data             0x00802800         0x00001800         rw !x
eeprom           0x00810000         0x00000100         rw !x
fuse             0x00820000         0x0000000a         rw !x
lock             0x00830000         0x00000400         rw !x
signature        0x00840000         0x00000400         rw !x
user_signatures  0x00850000         0x00000400         rw !x
*default*        0x00000000         0xffffffff

Linker script and memory map

Address of section .data set to 0x802800
                0x00004000                __RODATA_PM_OFFSET__ = 0x4000
LOAD C:/Program Files (x86)/Atmel/Studio/7.0/Packs/atmel/ATmega_DFP/1.6.364/gcc/dev/atmega4809/avrxmega3/crtatmega4809.o
LOAD ad590.o
LOAD ads1115.o
LOAD commands.o
LOAD ds3231.o
LOAD eeprom.o
LOAD errors.o
LOAD fram.o
LOAD humidity.o
LOAD initialize.o
LOAD ionpump.o
LOAD main.o
LOAD mcp23008.o
LOAD mcp9808.o
LOAD mma8451.o
LOAD nmea.o
LOAD oled.o
LOAD pneu.o
LOAD ports.o
LOAD pushbutton.o
LOAD report.o
LOAD roboclaw.o
LOAD rtc.o
LOAD set.o
LOAD temperature.o
LOAD testroutine.o
LOAD timers.o
LOAD twi.o
LOAD usart.o
LOAD wdt.o
START GROUP
LOAD c:/program files (x86)/atmel/studio/7.0/toolchain/avr8/avr8-gnu-toolchain/bin/../lib/gcc/avr/5.4.0/../../../../avr/lib/avrxmega3\libm.a
END GROUP
LOAD c:/program files (x86)/atmel/studio/7.0/toolchain/avr8/avr8-gnu-toolchain/bin/../lib/gcc/avr/5.4.0/../../../../avr/lib/avrxmega3\libprintf_flt.a
START GROUP
LOAD c:/program files (x86)/atmel/studio/7.0/toolchain/avr8/avr8-gnu-toolchain/bin/../lib/gcc/avr/5.4.0/avrxmega3\libgcc.a
LOAD c:/program files (x86)/atmel/studio/7.0/toolchain/avr8/avr8-gnu-toolchain/bin/../lib/gcc/avr/5.4.0/../../../../avr/lib/avrxmega3\libm.a
LOAD c:/program files (x86)/atmel/studio/7.0/toolchain/avr8/avr8-gnu-toolchain/bin/../lib/gcc/avr/5.4.0/../../../../avr/lib/avrxmega3\libc.a
LOAD C:/Program Files (x86)/Atmel/Studio/7.0/Packs/atmel/ATmega_DFP/1.6.364/gcc/dev/atmega4809/avrxmega3\libatmega4809.a
END GROUP
                [0x00000000]                __TEXT_REGION_ORIGIN__ = DEFINED (__TEXT_REGION_ORIGIN__)?__TEXT_REGION_ORIGIN__:0x0
                [0x00802800]                __DATA_REGION_ORIGIN__ = DEFINED (__DATA_REGION_ORIGIN__)?__DATA_REGION_ORIGIN__:0x802000
                [0x0000c000]                __TEXT_REGION_LENGTH__ = DEFINED (__TEXT_REGION_LENGTH__)?__TEXT_REGION_LENGTH__:0x100000
                [0x00001800]                __DATA_REGION_LENGTH__ = DEFINED (__DATA_REGION_LENGTH__)?__DATA_REGION_LENGTH__:0xffa0
                [0x00000100]                __EEPROM_REGION_LENGTH__ = DEFINED (__EEPROM_REGION_LENGTH__)?__EEPROM_REGION_LENGTH__:0x10000
                [0x0000000a]                __FUSE_REGION_LENGTH__ = DEFINED (__FUSE_REGION_LENGTH__)?__FUSE_REGION_LENGTH__:0x400
                0x00000400                __LOCK_REGION_LENGTH__ = DEFINED (__LOCK_REGION_LENGTH__)?__LOCK_REGION_LENGTH__:0x400
                0x00000400                __SIGNATURE_REGION_LENGTH__ = DEFINED (__SIGNATURE_REGION_LENGTH__)?__SIGNATURE_REGION_LENGTH__:0x400
                0x00000400                __USER_SIGNATURE_REGION_LENGTH__ = DEFINED (__USER_SIGNATURE_REGION_LENGTH__)?__USER_SIGNATURE_REGION_LENGTH__:0x400
                0x00008000                __RODATA_PM_OFFSET__ = DEFINED (__RODATA_PM_OFFSET__)?__RODATA_PM_OFFSET__:0x8000

.hash
 *(.hash)

.dynsym
 *(.dynsym)

.dynstr
 *(.dynstr)

.gnu.version
 *(.gnu.version)

.gnu.version_d
 *(.gnu.version_d)

.gnu.version_r
 *(.gnu.version_r)

.rel.init
 *(.rel.init)

.rela.init
 *(.rela.init)

.rel.text
 *(.rel.text)
 *(.rel.text.*)
 *(.rel.gnu.linkonce.t*)

.rela.text
 *(.rela.text)
 *(.rela.text.*)
 *(.rela.gnu.linkonce.t*)

.rel.fini
 *(.rel.fini)

.rela.fini
 *(.rela.fini)

.rel.rodata
 *(.rel.rodata)
 *(.rel.rodata.*)
 *(.rel.gnu.linkonce.r*)

.rela.rodata
 *(.rela.rodata)
 *(.rela.rodata.*)
 *(.rela.gnu.linkonce.r*)

.rel.data
 *(.rel.data)
 *(.rel.data.*)
 *(.rel.gnu.linkonce.d*)

.rela.data
 *(.rela.data)
 *(.rela.data.*)
 *(.rela.gnu.linkonce.d*)

.rel.ctors
 *(.rel.ctors)

.rela.ctors
 *(.rela.ctors)

.rel.dtors
 *(.rel.dtors)

.rela.dtors
 *(.rela.dtors)

.rel.got
 *(.rel.got)

.rela.got
 *(.rela.got)

.rel.bss
 *(.rel.bss)

.rela.bss
 *(.rela.bss)

.rel.plt
 *(.rel.plt)

.rela.plt
 *(.rela.plt)

.text           0x00000000     0x4c0c
 *(.vectors)
 .vectors       0x00000000       0xa0 C:/Program Files (x86)/Atmel/Studio/7.0/Packs/atmel/ATmega_DFP/1.6.364/gcc/dev/atmega4809/avrxmega3/crtatmega4809.o
                0x00000000                __vector_default
                0x00000000                __vectors
 *(.vectors)
 *(.progmem.gcc*)
 .progmem.gcc_sw_table.commands
                0x000000a0       0x58 commands.o
 .progmem.gcc_sw_table.report
                0x000000f8       0x6c report.o
                0x00000164                . = ALIGN (0x2)
                0x00000164                __trampolines_start = .
 *(.trampolines)
 .trampolines   0x00000164        0x0 linker stubs
 *(.trampolines*)
                0x00000164                __trampolines_end = .
 *libprintf_flt.a:*(.progmem.data)
 .progmem.data  0x00000164        0x8 c:/program files (x86)/atmel/studio/7.0/toolchain/avr8/avr8-gnu-toolchain/bin/../lib/gcc/avr/5.4.0/../../../../avr/lib/avrxmega3\libprintf_flt.a(vfprintf_flt.o)
 *libc.a:*(.progmem.data)
 .progmem.data  0x0000016c       0xfa c:/program files (x86)/atmel/studio/7.0/toolchain/avr8/avr8-gnu-toolchain/bin/../lib/gcc/avr/5.4.0/../../../../avr/lib/avrxmega3\libc.a(ftoa_engine.o)
 *(.progmem*)
                0x00000266                . = ALIGN (0x2)
 *(.jumptables)
 *(.jumptables*)
 *(.lowtext)
 *(.lowtext*)
                0x00000266                __ctors_start = .
 *(.ctors)
                0x00000266                __ctors_end = .
                0x00000266                __dtors_start = .
 *(.dtors)
                0x00000266                __dtors_end = .
 SORT(*)(.ctors)
 SORT(*)(.dtors)
 *(.init0)
 .init0         0x00000266        0x0 C:/Program Files (x86)/Atmel/Studio/7.0/Packs/atmel/ATmega_DFP/1.6.364/gcc/dev/atmega4809/avrxmega3/crtatmega4809.o
                0x00000266                __init
 *(.init0)
 *(.init1)
 *(.init1)
 *(.init2)
 .init2         0x00000266        0xc C:/Program Files (x86)/Atmel/Studio/7.0/Packs/atmel/ATmega_DFP/1.6.364/gcc/dev/atmega4809/avrxmega3/crtatmega4809.o
 *(.init2)
 *(.init3)
 *(.init3)
 *(.init4)
 .init4         0x00000272       0x10 c:/program files (x86)/atmel/studio/7.0/toolchain/avr8/avr8-gnu-toolchain/bin/../lib/gcc/avr/5.4.0/avrxmega3\libgcc.a(_clear_bss.o)
                0x00000272                __do_clear_bss
 *(.init4)
 *(.init5)
 *(.init5)
 *(.init6)
 *(.init6)
 *(.init7)
 *(.init7)
 *(.init8)
 *(.init8)
 *(.init9)
 .init9         0x00000282        0x8 C:/Program Files (x86)/Atmel/Studio/7.0/Packs/atmel/ATmega_DFP/1.6.364/gcc/dev/atmega4809/avrxmega3/crtatmega4809.o
 *(.init9)
 *(.text)
 .text          0x0000028a        0x4 C:/Program Files (x86)/Atmel/Studio/7.0/Packs/atmel/ATmega_DFP/1.6.364/gcc/dev/atmega4809/avrxmega3/crtatmega4809.o
                0x0000028a                __vector_22
                0x0000028a                __vector_28
                0x0000028a                __vector_1
                0x0000028a                __vector_32
                0x0000028a                __vector_34
                0x0000028a                __vector_24
                0x0000028a                __bad_interrupt
                0x0000028a                __vector_6
                0x0000028a                __vector_31
                0x0000028a                __vector_35
                0x0000028a                __vector_39
                0x0000028a                __vector_23
                0x0000028a                __vector_30
                0x0000028a                __vector_25
                0x0000028a                __vector_11
                0x0000028a                __vector_13
                0x0000028a                __vector_19
                0x0000028a                __vector_7
                0x0000028a                __vector_5
                0x0000028a                __vector_33
                0x0000028a                __vector_4
                0x0000028a                __vector_9
                0x0000028a                __vector_2
                0x0000028a                __vector_21
                0x0000028a                __vector_15
                0x0000028a                __vector_36
                0x0000028a                __vector_8
                0x0000028a                __vector_14
                0x0000028a                __vector_10
                0x0000028a                __vector_16
                0x0000028e                . = ALIGN (0x2)
 *(.text.*)
 .text.read_AD590
                0x0000028e      0x102 ad590.o
                0x0000028e                read_AD590
 .text.read_ADS1115
                0x00000390      0x1d4 ads1115.o
                0x00000390                read_ADS1115
 .text.get_cmdline
                0x00000564       0x58 commands.o
                0x00000564                get_cmdline
 .text.isaletter
                0x000005bc       0x1a commands.o
                0x000005bc                isaletter
 .text.parse_cmd
                0x000005d6      0x128 commands.o
                0x000005d6                parse_cmd
 .text.printLine
                0x000006fe       0x96 commands.o
                0x000006fe                printLine
 .text.echo_cmd
                0x00000794       0x80 commands.o
                0x00000794                echo_cmd
 .text.send_EXprompt
                0x00000814       0x2a commands.o
                0x00000814                send_EXprompt
 .text.rebootACKd
                0x0000083e       0x54 commands.o
                0x0000083e                rebootACKd
 .text.send_GTprompt
                0x00000892       0x2a commands.o
                0x00000892                send_GTprompt
 .text.commands
                0x000008bc      0x11c commands.o
                0x000008bc                commands
 .text.convert_ds2iso
                0x000009d8       0x6e ds3231.o
                0x000009d8                convert_ds2iso
 .text.convert_iso2ds
                0x00000a46       0xc0 ds3231.o
                0x00000a46                convert_iso2ds
 .text.read_DS3231
                0x00000b06       0x78 ds3231.o
                0x00000b06                read_DS3231
 .text.get_time
                0x00000b7e       0x68 ds3231.o
                0x00000b7e                get_time
 .text.write_DS3231
                0x00000be6       0x70 ds3231.o
                0x00000be6                write_DS3231
 .text.put_time
                0x00000c56       0x4c ds3231.o
                0x00000c56                put_time
 .text.get_BOOTTIME
                0x00000ca2        0xe eeprom.o
                0x00000ca2                get_BOOTTIME
 .text.get_VERSION
                0x00000cb0        0xe eeprom.o
                0x00000cb0                get_VERSION
 .text.update_BOOTTIME
                0x00000cbe       0x32 eeprom.o
                0x00000cbe                update_BOOTTIME
 .text.update_VERSION
                0x00000cf0       0x3c eeprom.o
                0x00000cf0                update_VERSION
 .text.init_EEPROM
                0x00000d2c        0xa eeprom.o
                0x00000d2c                init_EEPROM
 .text.printError
                0x00000d36       0x6c errors.o
                0x00000d36                printError
 .text.read_FRAM
                0x00000da2       0x9c fram.o
                0x00000da2                read_FRAM
 .text.get_SETTIME
                0x00000e3e       0x60 fram.o
                0x00000e3e                get_SETTIME
 .text.write_FRAM
                0x00000e9e       0x64 fram.o
                0x00000e9e                write_FRAM
 .text.get_humidity
                0x00000f02      0x102 humidity.o
                0x00000f02                get_humidity
 .text.initialize
                0x00001004       0x7a initialize.o
                0x00001004                initialize
 .text.read_ionpump
                0x0000107e       0xd6 ionpump.o
                0x0000107e                read_ionpump
 .text.main     0x00001154       0x7e main.o
                0x00001154                main
 .text.read_MCP23008
                0x000011d2       0x5e mcp23008.o
                0x000011d2                read_MCP23008
 .text.write_MCP23008
                0x00001230       0x5c mcp23008.o
                0x00001230                write_MCP23008
 .text.read_MCP9808
                0x0000128c       0xce mcp9808.o
                0x0000128c                read_MCP9808
 .text.read_MMA8451
                0x0000135a       0x7c mma8451.o
                0x0000135a                read_MMA8451
 .text.get_orientation
                0x000013d6      0x13c mma8451.o
                0x000013d6                get_orientation
 .text.write_MMA8451
                0x00001512       0x54 mma8451.o
                0x00001512                write_MMA8451
 .text.init_MMA8451
                0x00001566       0x64 mma8451.o
                0x00001566                init_MMA8451
 .text.checksum_NMEA
                0x000015ca       0x92 nmea.o
                0x000015ca                checksum_NMEA
 .text.reset_OLED
                0x0000165c       0x18 oled.o
                0x0000165c                reset_OLED
 .text.write_OLED
                0x00001674       0x24 oled.o
                0x00001674                write_OLED
 .text.init_OLEDDISPLAY
                0x00001698      0x14c oled.o
                0x00001698                init_OLEDDISPLAY
 .text.init_OLED
                0x000017e4       0x22 oled.o
                0x000017e4                init_OLED
 .text.writestr_OLED
                0x00001806       0xba oled.o
                0x00001806                writestr_OLED
 .text.clear_OLED
                0x000018c0       0x3c oled.o
                0x000018c0                clear_OLED
 .text.read_PNEUSensors
                0x000018fc       0xd8 pneu.o
                0x000018fc                read_PNEUSensors
 .text.set_PNEUVALVES
                0x000019d4       0x24 pneu.o
                0x000019d4                set_PNEUVALVES
 .text.close_PNEU
                0x000019f8      0x154 pneu.o
                0x000019f8                close_PNEU
 .text.open_PNEU
                0x00001b4c      0x154 pneu.o
                0x00001b4c                open_PNEU
 .text.__vector_20
                0x00001ca0       0x5e pneu.o
                0x00001ca0                __vector_20
 .text.init_PORTS
                0x00001cfe       0x2c ports.o
                0x00001cfe                init_PORTS
 .text.report   0x00001d2a      0xaee report.o
                0x00001d2a                report
 .text.crc16    0x00002818       0x4a roboclaw.o
                0x00002818                crc16
 .text.get_FRAM_MOTOR_ENCODER
                0x00002862       0xd4 roboclaw.o
                0x00002862                get_FRAM_MOTOR_ENCODER
 .text.get_MOTOR
                0x00002936      0x156 roboclaw.o
                0x00002936                get_MOTOR
 .text.get_MOTOR_ENCODER
                0x00002a8c       0x9e roboclaw.o
                0x00002a8c                get_MOTOR_ENCODER
 .text.get_MOTOR_FLOAT
                0x00002b2a       0x88 roboclaw.o
                0x00002b2a                get_MOTOR_FLOAT
 .text.get_MOTOR_SPEED
                0x00002bb2       0x9e roboclaw.o
                0x00002bb2                get_MOTOR_SPEED
 .text.get_MOTOR_CURRENT
                0x00002c50       0x80 roboclaw.o
                0x00002c50                get_MOTOR_CURRENT
 .text.motorsMoving
                0x00002cd0       0x5a roboclaw.o
                0x00002cd0                motorsMoving
 .text.put_FRAM_ENCODERS
                0x00002d2a       0xd6 roboclaw.o
                0x00002d2a                put_FRAM_ENCODERS
 .text.put_MOTOR
                0x00002e00      0x120 roboclaw.o
                0x00002e00                put_MOTOR
 .text.move_MOTOR
                0x00002f20       0x6a roboclaw.o
                0x00002f20                move_MOTOR
 .text.move_MOTOR_CMD
                0x00002f8a      0x102 roboclaw.o
                0x00002f8a                move_MOTOR_CMD
 .text.put_MOTOR_ENCODER
                0x0000308c       0xae roboclaw.o
                0x0000308c                put_MOTOR_ENCODER
 .text.init_MOTORS
                0x0000313a       0x5c roboclaw.o
                0x0000313a                init_MOTORS
 .text.init_RTC
                0x00003196       0x5c rtc.o
                0x00003196                init_RTC
 .text.__vector_3
                0x000031f2       0x44 rtc.o
                0x000031f2                __vector_3
 .text.set      0x00003236       0x7a set.o
                0x00003236                set
 .text.get_temperature
                0x000032b0       0x50 temperature.o
                0x000032b0                get_temperature
 .text.testroutine
                0x00003300       0x88 testroutine.o
                0x00003300                testroutine
 .text.start_TCB0
                0x00003388       0x2c timers.o
                0x00003388                start_TCB0
 .text.stop_TCB0
                0x000033b4        0x6 timers.o
                0x000033b4                stop_TCB0
 .text.__vector_12
                0x000033ba       0x58 timers.o
                0x000033ba                __vector_12
 .text.init_TWI
                0x00003412       0x16 twi.o
                0x00003412                init_TWI
 .text.read_TWI
                0x00003428       0x54 twi.o
                0x00003428                read_TWI
 .text.readlast_TWI
                0x0000347c       0x4e twi.o
                0x0000347c                readlast_TWI
 .text.start_TWI
                0x000034ca       0xa4 twi.o
                0x000034ca                start_TWI
 .text.stop_TWI
                0x0000356e        0x8 twi.o
                0x0000356e                stop_TWI
 .text.write_TWI
                0x00003576       0xa6 twi.o
                0x00003576                write_TWI
 .text.init_USART
                0x0000361c       0xb0 usart.o
                0x0000361c                init_USART
 .text.send_USART
                0x000036cc      0x13c usart.o
                0x000036cc                send_USART
 .text.__vector_17
                0x00003808       0x9c usart.o
                0x00003808                __vector_17
 .text.__vector_18
                0x000038a4       0x78 usart.o
                0x000038a4                __vector_18
 .text.__vector_26
                0x0000391c       0x56 usart.o
                0x0000391c                __vector_26
 .text.__vector_27
                0x00003972       0x78 usart.o
                0x00003972                __vector_27
 .text.__vector_37
                0x000039ea       0x6a usart.o
                0x000039ea                __vector_37
 .text.__vector_38
                0x00003a54       0x5c usart.o
                0x00003a54                __vector_38
 .text.reboot   0x00003ab0        0xc wdt.o
                0x00003ab0                reboot
 .text.__vector_29
                0x00003abc       0x56 wdt.o
                0x00003abc                __vector_29
 .text.avr-libc.fplib
                0x00003b12        0xe c:/program files (x86)/atmel/studio/7.0/toolchain/avr8/avr8-gnu-toolchain/bin/../lib/gcc/avr/5.4.0/../../../../avr/lib/avrxmega3\libm.a(addsf3.o)
                0x00003b12                __subsf3
                0x00003b14                __addsf3
 .text.avr-libc.fplib
                0x00003b20       0xcc c:/program files (x86)/atmel/studio/7.0/toolchain/avr8/avr8-gnu-toolchain/bin/../lib/gcc/avr/5.4.0/../../../../avr/lib/avrxmega3\libm.a(addsf3x.o)
                0x00003b42                __addsf3x
 .text.avr-libc.fplib
                0x00003bec        0xa c:/program files (x86)/atmel/studio/7.0/toolchain/avr8/avr8-gnu-toolchain/bin/../lib/gcc/avr/5.4.0/../../../../avr/lib/avrxmega3\libm.a(cmpsf2.o)
                0x00003bec                __nesf2
                0x00003bec                __eqsf2
                0x00003bec                __cmpsf2
                0x00003bec                __ltsf2
                0x00003bec                __lesf2
 .text.avr-libc.fplib
                0x00003bf6        0x8 c:/program files (x86)/atmel/studio/7.0/toolchain/avr8/avr8-gnu-toolchain/bin/../lib/gcc/avr/5.4.0/../../../../avr/lib/avrxmega3\libm.a(divsf3.o)
                0x00003bf6                __divsf3
 .text.avr-libc.fplib
                0x00003bfe       0xdc c:/program files (x86)/atmel/studio/7.0/toolchain/avr8/avr8-gnu-toolchain/bin/../lib/gcc/avr/5.4.0/../../../../avr/lib/avrxmega3\libm.a(divsf3x.o)
                0x00003c1e                __divsf3x
                0x00003c24                __divsf3_pse
 .text.avr-libc.fplib
                0x00003cda       0x7a c:/program files (x86)/atmel/studio/7.0/toolchain/avr8/avr8-gnu-toolchain/bin/../lib/gcc/avr/5.4.0/../../../../avr/lib/avrxmega3\libm.a(floatsisf.o)
                0x00003cda                __floatunsisf
                0x00003cde                __floatsisf
 .text.avr-libc.fplib
                0x00003d54       0x48 c:/program files (x86)/atmel/studio/7.0/toolchain/avr8/avr8-gnu-toolchain/bin/../lib/gcc/avr/5.4.0/../../../../avr/lib/avrxmega3\libm.a(fp_cmp.o)
                0x00003d54                __fp_cmp
 .text.avr-libc.fplib
                0x00003d9c        0xc c:/program files (x86)/atmel/studio/7.0/toolchain/avr8/avr8-gnu-toolchain/bin/../lib/gcc/avr/5.4.0/../../../../avr/lib/avrxmega3\libm.a(fp_inf.o)
                0x00003d9c                __fp_inf
 .text.avr-libc.fplib
                0x00003da8        0x6 c:/program files (x86)/atmel/studio/7.0/toolchain/avr8/avr8-gnu-toolchain/bin/../lib/gcc/avr/5.4.0/../../../../avr/lib/avrxmega3\libm.a(fp_nan.o)
                0x00003da8                __fp_nan
 .text.avr-libc.fplib
                0x00003dae        0xe c:/program files (x86)/atmel/studio/7.0/toolchain/avr8/avr8-gnu-toolchain/bin/../lib/gcc/avr/5.4.0/../../../../avr/lib/avrxmega3\libm.a(fp_pscA.o)
                0x00003dae                __fp_pscA
 .text.avr-libc.fplib
                0x00003dbc        0xe c:/program files (x86)/atmel/studio/7.0/toolchain/avr8/avr8-gnu-toolchain/bin/../lib/gcc/avr/5.4.0/../../../../avr/lib/avrxmega3\libm.a(fp_pscB.o)
                0x00003dbc                __fp_pscB
 .text.avr-libc.fplib
                0x00003dca       0x22 c:/program files (x86)/atmel/studio/7.0/toolchain/avr8/avr8-gnu-toolchain/bin/../lib/gcc/avr/5.4.0/../../../../avr/lib/avrxmega3\libm.a(fp_round.o)
                0x00003dca                __fp_round
 .text.avr-libc.fplib
                0x00003dec       0x44 c:/program files (x86)/atmel/studio/7.0/toolchain/avr8/avr8-gnu-toolchain/bin/../lib/gcc/avr/5.4.0/../../../../avr/lib/avrxmega3\libm.a(fp_split3.o)
                0x00003dec                __fp_split3
                0x00003dfc                __fp_splitA
 .text.avr-libc.fplib
                0x00003e30        0xe c:/program files (x86)/atmel/studio/7.0/toolchain/avr8/avr8-gnu-toolchain/bin/../lib/gcc/avr/5.4.0/../../../../avr/lib/avrxmega3\libm.a(fp_zero.o)
                0x00003e30                __fp_zero
                0x00003e32                __fp_szero
 .text.avr-libc.fplib
                0x00003e3e        0xa c:/program files (x86)/atmel/studio/7.0/toolchain/avr8/avr8-gnu-toolchain/bin/../lib/gcc/avr/5.4.0/../../../../avr/lib/avrxmega3\libm.a(gesf2.o)
                0x00003e3e                __gesf2
                0x00003e3e                __gtsf2
 .text.avr-libc.fplib
                0x00003e48        0x8 c:/program files (x86)/atmel/studio/7.0/toolchain/avr8/avr8-gnu-toolchain/bin/../lib/gcc/avr/5.4.0/../../../../avr/lib/avrxmega3\libm.a(mulsf3.o)
                0x00003e48                __mulsf3
 .text.avr-libc.fplib
                0x00003e50       0xd2 c:/program files (x86)/atmel/studio/7.0/toolchain/avr8/avr8-gnu-toolchain/bin/../lib/gcc/avr/5.4.0/../../../../avr/lib/avrxmega3\libm.a(mulsf3x.o)
                0x00003e6e                __mulsf3x
                0x00003e74                __mulsf3_pse
 .text.avr-libc
                0x00003f22      0x6fa c:/program files (x86)/atmel/studio/7.0/toolchain/avr8/avr8-gnu-toolchain/bin/../lib/gcc/avr/5.4.0/../../../../avr/lib/avrxmega3\libprintf_flt.a(vfprintf_flt.o)
                0x00003f22                vfprintf
 .text.libgcc.div
                0x0000461c       0x28 c:/program files (x86)/atmel/studio/7.0/toolchain/avr8/avr8-gnu-toolchain/bin/../lib/gcc/avr/5.4.0/avrxmega3\libgcc.a(_divmodhi4.o)
                0x0000461c                _div
                0x0000461c                __divmodhi4
 .text.libgcc.div
                0x00004644       0x2e c:/program files (x86)/atmel/studio/7.0/toolchain/avr8/avr8-gnu-toolchain/bin/../lib/gcc/avr/5.4.0/avrxmega3\libgcc.a(_divmodsi4.o)
                0x00004644                __divmodsi4
 .text.libgcc.div
                0x00004672       0x10 c:/program files (x86)/atmel/studio/7.0/toolchain/avr8/avr8-gnu-toolchain/bin/../lib/gcc/avr/5.4.0/avrxmega3\libgcc.a(_negsi2.o)
                0x00004672                __negsi2
 .text.libgcc   0x00004682        0xc c:/program files (x86)/atmel/studio/7.0/toolchain/avr8/avr8-gnu-toolchain/bin/../lib/gcc/avr/5.4.0/avrxmega3\libgcc.a(_tablejump2.o)
                0x00004682                __tablejump2__
 .text.libgcc.mul
                0x0000468e       0x16 c:/program files (x86)/atmel/studio/7.0/toolchain/avr8/avr8-gnu-toolchain/bin/../lib/gcc/avr/5.4.0/avrxmega3\libgcc.a(_muluhisi3.o)
                0x0000468e                __muluhisi3
 .text.libgcc.prologue
                0x000046a4       0x32 c:/program files (x86)/atmel/studio/7.0/toolchain/avr8/avr8-gnu-toolchain/bin/../lib/gcc/avr/5.4.0/avrxmega3\libgcc.a(_prologue.o)
                0x000046a4                __prologue_saves__
 .text.libgcc.prologue
                0x000046d6       0x30 c:/program files (x86)/atmel/studio/7.0/toolchain/avr8/avr8-gnu-toolchain/bin/../lib/gcc/avr/5.4.0/avrxmega3\libgcc.a(_epilogue.o)
                0x000046d6                __epilogue_restores__
 .text.libgcc.div
                0x00004706       0x28 c:/program files (x86)/atmel/studio/7.0/toolchain/avr8/avr8-gnu-toolchain/bin/../lib/gcc/avr/5.4.0/avrxmega3\libgcc.a(_udivmodhi4.o)
                0x00004706                __udivmodhi4
 .text.libgcc.div
                0x0000472e       0x44 c:/program files (x86)/atmel/studio/7.0/toolchain/avr8/avr8-gnu-toolchain/bin/../lib/gcc/avr/5.4.0/avrxmega3\libgcc.a(_udivmodsi4.o)
                0x0000472e                __udivmodsi4
 .text.libgcc.mul
                0x00004772       0x1e c:/program files (x86)/atmel/studio/7.0/toolchain/avr8/avr8-gnu-toolchain/bin/../lib/gcc/avr/5.4.0/avrxmega3\libgcc.a(_umulhisi3.o)
                0x00004772                __umulhisi3
 .text.avr-libc
                0x00004790       0x4e c:/program files (x86)/atmel/studio/7.0/toolchain/avr8/avr8-gnu-toolchain/bin/../lib/gcc/avr/5.4.0/../../../../avr/lib/avrxmega3\libc.a(atol.o)
                0x00004790                atol
 .text.avr-libc
                0x000047de      0x1b0 c:/program files (x86)/atmel/studio/7.0/toolchain/avr8/avr8-gnu-toolchain/bin/../lib/gcc/avr/5.4.0/../../../../avr/lib/avrxmega3\libc.a(ftoa_engine.o)
                0x000047de                __ftoa_engine
 .text.avr-libc
                0x0000498e       0x16 c:/program files (x86)/atmel/studio/7.0/toolchain/avr8/avr8-gnu-toolchain/bin/../lib/gcc/avr/5.4.0/../../../../avr/lib/avrxmega3\libc.a(strnlen_P.o)
                0x0000498e                strnlen_P
 .text.avr-libc
                0x000049a4       0x16 c:/program files (x86)/atmel/studio/7.0/toolchain/avr8/avr8-gnu-toolchain/bin/../lib/gcc/avr/5.4.0/../../../../avr/lib/avrxmega3\libc.a(strcat.o)
                0x000049a4                strcat
 .text.avr-libc
                0x000049ba        0xe c:/program files (x86)/atmel/studio/7.0/toolchain/avr8/avr8-gnu-toolchain/bin/../lib/gcc/avr/5.4.0/../../../../avr/lib/avrxmega3\libc.a(strcpy.o)
                0x000049ba                strcpy
 .text.avr-libc
                0x000049c8       0x16 c:/program files (x86)/atmel/studio/7.0/toolchain/avr8/avr8-gnu-toolchain/bin/../lib/gcc/avr/5.4.0/../../../../avr/lib/avrxmega3\libc.a(strnlen.o)
                0x000049c8                strnlen
 .text.avr-libc
                0x000049de       0x2a c:/program files (x86)/atmel/studio/7.0/toolchain/avr8/avr8-gnu-toolchain/bin/../lib/gcc/avr/5.4.0/../../../../avr/lib/avrxmega3\libc.a(mulsi10.o)
                0x000049de                __mulsi_const_10
 .text.avr-libc
                0x00004a08       0x78 c:/program files (x86)/atmel/studio/7.0/toolchain/avr8/avr8-gnu-toolchain/bin/../lib/gcc/avr/5.4.0/../../../../avr/lib/avrxmega3\libc.a(fputc.o)
                0x00004a08                fputc
 .text.avr-libc
                0x00004a80       0x44 c:/program files (x86)/atmel/studio/7.0/toolchain/avr8/avr8-gnu-toolchain/bin/../lib/gcc/avr/5.4.0/../../../../avr/lib/avrxmega3\libc.a(sprintf.o)
                0x00004a80                sprintf
 .text.avr-libc
                0x00004ac4       0xbc c:/program files (x86)/atmel/studio/7.0/toolchain/avr8/avr8-gnu-toolchain/bin/../lib/gcc/avr/5.4.0/../../../../avr/lib/avrxmega3\libc.a(ultoa_invert.o)
                0x00004ac4                __ultoa_invert
 .text.avr-libc
                0x00004b80        0x8 C:/Program Files (x86)/Atmel/Studio/7.0/Packs/atmel/ATmega_DFP/1.6.364/gcc/dev/atmega4809/avrxmega3\libatmega4809.a(eerd_block.o)
                0x00004b80                eeprom_read_block
 .text.avr-libc
                0x00004b88       0x20 C:/Program Files (x86)/Atmel/Studio/7.0/Packs/atmel/ATmega_DFP/1.6.364/gcc/dev/atmega4809/avrxmega3\libatmega4809.a(eeupd_block.o)
                0x00004b88                eeprom_update_block
 .text.avr-libc
                0x00004ba8       0x16 C:/Program Files (x86)/Atmel/Studio/7.0/Packs/atmel/ATmega_DFP/1.6.364/gcc/dev/atmega4809/avrxmega3\libatmega4809.a(eeupd_byte.o)
                0x00004ba8                eeprom_update_byte
                0x00004baa                eeprom_update_r18
 .text.avr-libc
                0x00004bbe       0x28 C:/Program Files (x86)/Atmel/Studio/7.0/Packs/atmel/ATmega_DFP/1.6.364/gcc/dev/atmega4809/avrxmega3\libatmega4809.a(eewr_byte.o)
                0x00004bbe                eeprom_write_byte
                0x00004bc0                eeprom_write_r18
 .text.avr-libc
                0x00004be6       0x10 C:/Program Files (x86)/Atmel/Studio/7.0/Packs/atmel/ATmega_DFP/1.6.364/gcc/dev/atmega4809/avrxmega3\libatmega4809.a(eerd_byte.o)
                0x00004be6                eeprom_read_byte
                0x00004bee                eeprom_mapen
 .text.avr-libc
                0x00004bf6       0x12 c:/program files (x86)/atmel/studio/7.0/toolchain/avr8/avr8-gnu-toolchain/bin/../lib/gcc/avr/5.4.0/../../../../avr/lib/avrxmega3\libc.a(memcpy.o)
                0x00004bf6                memcpy
                0x00004c08                . = ALIGN (0x2)
 *(.fini9)
 .fini9         0x00004c08        0x0 c:/program files (x86)/atmel/studio/7.0/toolchain/avr8/avr8-gnu-toolchain/bin/../lib/gcc/avr/5.4.0/avrxmega3\libgcc.a(_exit.o)
                0x00004c08                _exit
                0x00004c08                exit
 *(.fini9)
 *(.fini8)
 *(.fini8)
 *(.fini7)
 *(.fini7)
 *(.fini6)
 *(.fini6)
 *(.fini5)
 *(.fini5)
 *(.fini4)
 *(.fini4)
 *(.fini3)
 *(.fini3)
 *(.fini2)
 *(.fini2)
 *(.fini1)
 *(.fini1)
 *(.fini0)
 .fini0         0x00004c08        0x4 c:/program files (x86)/atmel/studio/7.0/toolchain/avr8/avr8-gnu-toolchain/bin/../lib/gcc/avr/5.4.0/avrxmega3\libgcc.a(_exit.o)
 *(.fini0)
                0x00004c0c                _etext = .

.rodata         0x00008c0c      0x757 load address 0x00004c0c
 *(.rodata)
 .rodata        0x00008c0c        0x6 roboclaw.o
 *(.rodata*)
 .rodata.str1.1
                0x00008c12       0x66 commands.o
 .rodata.str1.1
                0x00008c78       0x4a ds3231.o
 .rodata.str1.1
                0x00008cc2        0xb eeprom.o
 .rodata.str1.1
                0x00008ccd        0xa errors.o
 .rodata.str1.1
                0x00008cd7        0xa fram.o
 .rodata.str1.1
                0x00008ce1       0x11 initialize.o
 .rodata.str1.1
                0x00008cf2       0x29 mcp23008.o
 .rodata.str1.1
                0x00008d1b        0x8 nmea.o
 .rodata.str1.1
                0x00008d23       0x11 oled.o
 .rodata.str1.1
                0x00008d34       0x6b pneu.o
 .rodata.str1.1
                0x00008d9f      0x256 report.o
                                0x267 (size before relaxing)
 .rodata.str1.1
                0x00008ff5      0x2a9 roboclaw.o
 .rodata.str1.1
                0x0000929e       0x1f set.o
 .rodata.str1.1
                0x000092bd        0xf testroutine.o
 .rodata.str1.1
                0x000092cc       0x97 twi.o
 *(.gnu.linkonce.r*)

.data           0x00802800        0x0 load address 0x00005363
                [!provide]                PROVIDE (__data_start, .)
 *(.data)
 *(.data*)
 *(.gnu.linkonce.d*)
                0x00802800                . = ALIGN (0x2)
                0x00802800                _edata = .
                [!provide]                PROVIDE (__data_end, .)

.bss            0x00802800      0x84d
                0x00802800                PROVIDE (__bss_start, .)
 *(.bss)
 *(.bss*)
 .bss.cstack.3751
                0x00802800        0x1 commands.o
 *(COMMON)
 COMMON         0x00802801        0x1 errors.o
                0x00802801                squelchErrors
 COMMON         0x00802802        0x1 initialize.o
                0x00802802                rebootackd
 COMMON         0x00802803      0x209 main.o
                0x00802803                pcmd
                0x00802a0b                firstpass
 COMMON         0x00802a0c        0x4 oled.o
                0x00802a0c                timerOLED
                0x00802a0e                timeoutOLED
 COMMON         0x00802a10        0x1 pneu.o
                0x00802a10                pneuState
 COMMON         0x00802a11       0x24 roboclaw.o
                0x00802a11                pid
                0x00802a2d                timeoutSAVEENCODER
                0x00802a2e                TWI_ticks
                0x00802a30                USART1_ticks
                0x00802a32                timerSAVEENCODER
                0x00802a33                ticks
 COMMON         0x00802a35      0x618 usart.o
                0x00802a35                recv1_buf
                0x00802b39                recv0_buf
                0x00802c3d                send0_buf
                0x00802d41                recv3_buf
                0x00802e45                send3_buf
                0x00802f49                send1_buf
                0x0080304d                PROVIDE (__bss_end, .)
                0x00005363                __data_load_start = LOADADDR (.data)
                0x00005363                __data_load_end = (__data_load_start + SIZEOF (.data))

.noinit         0x0080304d        0x0
                [!provide]                PROVIDE (__noinit_start, .)
 *(.noinit*)
                [!provide]                PROVIDE (__noinit_end, .)
                0x0080304d                _end = .
                [!provide]                PROVIDE (__heap_start, .)

.eeprom         0x00810000        0x0
 *(.eeprom*)
                0x00810000                __eeprom_end = .

.fuse
 *(.fuse)
 *(.lfuse)
 *(.hfuse)
 *(.efuse)

.lock
 *(.lock*)

.signature
 *(.signature*)

.user_signatures
 *(.user_signatures*)

.stab
 *(.stab)

.stabstr
 *(.stabstr)

.stab.excl
 *(.stab.excl)

.stab.exclstr
 *(.stab.exclstr)

.stab.index
 *(.stab.index)

.stab.indexstr
 *(.stab.indexstr)

.comment        0x00000000       0x5c
 *(.comment)
 .comment       0x00000000       0x30 ad590.o
                                 0x31 (size before relaxing)
 .comment       0x00000030       0x31 ads1115.o
 .comment       0x00000030       0x31 commands.o
 .comment       0x00000030       0x31 ds3231.o
 .comment       0x00000030       0x31 eeprom.o
 .comment       0x00000030       0x31 errors.o
 .comment       0x00000030       0x31 fram.o
 .comment       0x00000030       0x31 humidity.o
 .comment       0x00000030       0x31 initialize.o
 .comment       0x00000030       0x31 ionpump.o
 .comment       0x00000030       0x31 main.o
 .comment       0x00000030       0x31 mcp23008.o
 .comment       0x00000030       0x31 mcp9808.o
 .comment       0x00000030       0x31 mma8451.o
 .comment       0x00000030       0x31 nmea.o
 .comment       0x00000030       0x31 oled.o
 .comment       0x00000030       0x31 pneu.o
 .comment       0x00000030       0x31 ports.o
 .comment       0x00000030       0x31 report.o
 .comment       0x00000030       0x31 roboclaw.o
 .comment       0x00000030       0x31 rtc.o
 .comment       0x00000030       0x31 set.o
 .comment       0x00000030       0x31 temperature.o
 .comment       0x00000030       0x31 testroutine.o
 .comment       0x00000030       0x31 timers.o
 .comment       0x00000030       0x31 twi.o
 .comment       0x00000030       0x31 usart.o
 .comment       0x00000030       0x31 wdt.o
 .comment       0x00000030       0x2c c:/program files (x86)/atmel/studio/7.0/toolchain/avr8/avr8-gnu-toolchain/bin/../lib/gcc/avr/5.4.0/../../../../avr/lib/avrxmega3\libprintf_flt.a(vfprintf_flt.o)
                                 0x2d (size before relaxing)
 .comment       0x0000005c       0x31 c:/program files (x86)/atmel/studio/7.0/toolchain/avr8/avr8-gnu-toolchain/bin/../lib/gcc/avr/5.4.0/../../../../avr/lib/avrxmega3\libc.a(fputc.o)
 .comment       0x0000005c       0x31 c:/program files (x86)/atmel/studio/7.0/toolchain/avr8/avr8-gnu-toolchain/bin/../lib/gcc/avr/5.4.0/../../../../avr/lib/avrxmega3\libc.a(sprintf.o)

.note.gnu.avr.deviceinfo
                0x00000000       0x40
 .note.gnu.avr.deviceinfo
                0x00000000       0x40 C:/Program Files (x86)/Atmel/Studio/7.0/Packs/atmel/ATmega_DFP/1.6.364/gcc/dev/atmega4809/avrxmega3/crtatmega4809.o

.note.gnu.build-id
 *(.note.gnu.build-id)

.debug
 *(.debug)

.line
 *(.line)

.debug_srcinfo
 *(.debug_srcinfo)

.debug_sfnames
 *(.debug_sfnames)

.debug_aranges  0x00000000      0x628
 *(.debug_aranges)
 .debug_aranges
                0x00000000       0x20 ad590.o
 .debug_aranges
                0x00000020       0x20 ads1115.o
 .debug_aranges
                0x00000040       0x68 commands.o
 .debug_aranges
                0x000000a8       0x48 ds3231.o
 .debug_aranges
                0x000000f0       0x40 eeprom.o
 .debug_aranges
                0x00000130       0x20 errors.o
 .debug_aranges
                0x00000150       0x30 fram.o
 .debug_aranges
                0x00000180       0x20 humidity.o
 .debug_aranges
                0x000001a0       0x20 initialize.o
 .debug_aranges
                0x000001c0       0x20 ionpump.o
 .debug_aranges
                0x000001e0       0x20 main.o
 .debug_aranges
                0x00000200       0x28 mcp23008.o
 .debug_aranges
                0x00000228       0x20 mcp9808.o
 .debug_aranges
                0x00000248       0x38 mma8451.o
 .debug_aranges
                0x00000280       0x20 nmea.o
 .debug_aranges
                0x000002a0       0x48 oled.o
 .debug_aranges
                0x000002e8       0x48 pneu.o
 .debug_aranges
                0x00000330       0x20 ports.o
 .debug_aranges
                0x00000350       0x20 report.o
 .debug_aranges
                0x00000370       0x98 roboclaw.o
 .debug_aranges
                0x00000408       0x28 rtc.o
 .debug_aranges
                0x00000430       0x20 set.o
 .debug_aranges
                0x00000450       0x20 temperature.o
 .debug_aranges
                0x00000470       0x20 testroutine.o
 .debug_aranges
                0x00000490       0x30 timers.o
 .debug_aranges
                0x000004c0       0x48 twi.o
 .debug_aranges
                0x00000508       0x58 usart.o
 .debug_aranges
                0x00000560       0x28 wdt.o
 .debug_aranges
                0x00000588       0x20 C:/Program Files (x86)/Atmel/Studio/7.0/Packs/atmel/ATmega_DFP/1.6.364/gcc/dev/atmega4809/avrxmega3\libatmega4809.a(eerd_block.o)
 .debug_aranges
                0x000005a8       0x20 C:/Program Files (x86)/Atmel/Studio/7.0/Packs/atmel/ATmega_DFP/1.6.364/gcc/dev/atmega4809/avrxmega3\libatmega4809.a(eeupd_block.o)
 .debug_aranges
                0x000005c8       0x20 C:/Program Files (x86)/Atmel/Studio/7.0/Packs/atmel/ATmega_DFP/1.6.364/gcc/dev/atmega4809/avrxmega3\libatmega4809.a(eeupd_byte.o)
 .debug_aranges
                0x000005e8       0x20 C:/Program Files (x86)/Atmel/Studio/7.0/Packs/atmel/ATmega_DFP/1.6.364/gcc/dev/atmega4809/avrxmega3\libatmega4809.a(eewr_byte.o)
 .debug_aranges
                0x00000608       0x20 C:/Program Files (x86)/Atmel/Studio/7.0/Packs/atmel/ATmega_DFP/1.6.364/gcc/dev/atmega4809/avrxmega3\libatmega4809.a(eerd_byte.o)

.debug_pubnames
 *(.debug_pubnames)

.debug_info     0x00000000     0xa48d
 *(.debug_info .gnu.linkonce.wi.*)
 .debug_info    0x00000000     0x248a C:/Program Files (x86)/Atmel/Studio/7.0/Packs/atmel/ATmega_DFP/1.6.364/gcc/dev/atmega4809/avrxmega3/crtatmega4809.o
 .debug_info    0x0000248a      0x21b ad590.o
 .debug_info    0x000026a5      0x33e ads1115.o
 .debug_info    0x000029e3      0x9cb commands.o
 .debug_info    0x000033ae      0x4a2 ds3231.o
 .debug_info    0x00003850      0x24f eeprom.o
 .debug_info    0x00003a9f      0x15c errors.o
 .debug_info    0x00003bfb      0x363 fram.o
 .debug_info    0x00003f5e      0x164 humidity.o
 .debug_info    0x000040c2      0x22a initialize.o
 .debug_info    0x000042ec      0x10f ionpump.o
 .debug_info    0x000043fb      0x2af main.o
 .debug_info    0x000046aa      0x2ab mcp23008.o
 .debug_info    0x00004955      0x191 mcp9808.o
 .debug_info    0x00004ae6      0x429 mma8451.o
 .debug_info    0x00004f0f      0x15c nmea.o
 .debug_info    0x0000506b      0x9e4 oled.o
 .debug_info    0x00005a4f      0x862 pneu.o
 .debug_info    0x000062b1      0x2d6 ports.o
 .debug_info    0x00006587      0xc25 report.o
 .debug_info    0x000071ac     0x12ba roboclaw.o
 .debug_info    0x00008466      0x689 rtc.o
 .debug_info    0x00008aef      0x1fb set.o
 .debug_info    0x00008cea      0x106 temperature.o
 .debug_info    0x00008df0      0x206 testroutine.o
 .debug_info    0x00008ff6      0x292 timers.o
 .debug_info    0x00009288      0x5a7 twi.o
 .debug_info    0x0000982f      0x649 usart.o
 .debug_info    0x00009e78      0x2f6 wdt.o
 .debug_info    0x0000a16e       0xa0 C:/Program Files (x86)/Atmel/Studio/7.0/Packs/atmel/ATmega_DFP/1.6.364/gcc/dev/atmega4809/avrxmega3\libatmega4809.a(eerd_block.o)
 .debug_info    0x0000a20e       0xa1 C:/Program Files (x86)/Atmel/Studio/7.0/Packs/atmel/ATmega_DFP/1.6.364/gcc/dev/atmega4809/avrxmega3\libatmega4809.a(eeupd_block.o)
 .debug_info    0x0000a2af       0xa0 C:/Program Files (x86)/Atmel/Studio/7.0/Packs/atmel/ATmega_DFP/1.6.364/gcc/dev/atmega4809/avrxmega3\libatmega4809.a(eeupd_byte.o)
 .debug_info    0x0000a34f       0x9f C:/Program Files (x86)/Atmel/Studio/7.0/Packs/atmel/ATmega_DFP/1.6.364/gcc/dev/atmega4809/avrxmega3\libatmega4809.a(eewr_byte.o)
 .debug_info    0x0000a3ee       0x9f C:/Program Files (x86)/Atmel/Studio/7.0/Packs/atmel/ATmega_DFP/1.6.364/gcc/dev/atmega4809/avrxmega3\libatmega4809.a(eerd_byte.o)

.debug_abbrev   0x00000000     0x45c7
 *(.debug_abbrev)
 .debug_abbrev  0x00000000     0x2296 C:/Program Files (x86)/Atmel/Studio/7.0/Packs/atmel/ATmega_DFP/1.6.364/gcc/dev/atmega4809/avrxmega3/crtatmega4809.o
 .debug_abbrev  0x00002296      0x129 ad590.o
 .debug_abbrev  0x000023bf      0x11a ads1115.o
 .debug_abbrev  0x000024d9      0x287 commands.o
 .debug_abbrev  0x00002760      0x149 ds3231.o
 .debug_abbrev  0x000028a9       0xda eeprom.o
 .debug_abbrev  0x00002983       0xf1 errors.o
 .debug_abbrev  0x00002a74      0x115 fram.o
 .debug_abbrev  0x00002b89       0xb8 humidity.o
 .debug_abbrev  0x00002c41       0xd7 initialize.o
 .debug_abbrev  0x00002d18       0xab ionpump.o
 .debug_abbrev  0x00002dc3      0x101 main.o
 .debug_abbrev  0x00002ec4       0xb8 mcp23008.o
 .debug_abbrev  0x00002f7c       0xb2 mcp9808.o
 .debug_abbrev  0x0000302e      0x127 mma8451.o
 .debug_abbrev  0x00003155      0x104 nmea.o
 .debug_abbrev  0x00003259      0x1f6 oled.o
 .debug_abbrev  0x0000344f      0x1fe pneu.o
 .debug_abbrev  0x0000364d      0x124 ports.o
 .debug_abbrev  0x00003771      0x148 report.o
 .debug_abbrev  0x000038b9      0x314 roboclaw.o
 .debug_abbrev  0x00003bcd      0x13e rtc.o
 .debug_abbrev  0x00003d0b       0xf7 set.o
 .debug_abbrev  0x00003e02       0xa9 temperature.o
 .debug_abbrev  0x00003eab      0x156 testroutine.o
 .debug_abbrev  0x00004001      0x12b timers.o
 .debug_abbrev  0x0000412c      0x173 twi.o
 .debug_abbrev  0x0000429f      0x1e3 usart.o
 .debug_abbrev  0x00004482       0xe1 wdt.o
 .debug_abbrev  0x00004563       0x14 C:/Program Files (x86)/Atmel/Studio/7.0/Packs/atmel/ATmega_DFP/1.6.364/gcc/dev/atmega4809/avrxmega3\libatmega4809.a(eerd_block.o)
 .debug_abbrev  0x00004577       0x14 C:/Program Files (x86)/Atmel/Studio/7.0/Packs/atmel/ATmega_DFP/1.6.364/gcc/dev/atmega4809/avrxmega3\libatmega4809.a(eeupd_block.o)
 .debug_abbrev  0x0000458b       0x14 C:/Program Files (x86)/Atmel/Studio/7.0/Packs/atmel/ATmega_DFP/1.6.364/gcc/dev/atmega4809/avrxmega3\libatmega4809.a(eeupd_byte.o)
 .debug_abbrev  0x0000459f       0x14 C:/Program Files (x86)/Atmel/Studio/7.0/Packs/atmel/ATmega_DFP/1.6.364/gcc/dev/atmega4809/avrxmega3\libatmega4809.a(eewr_byte.o)
 .debug_abbrev  0x000045b3       0x14 C:/Program Files (x86)/Atmel/Studio/7.0/Packs/atmel/ATmega_DFP/1.6.364/gcc/dev/atmega4809/avrxmega3\libatmega4809.a(eerd_byte.o)

.debug_line     0x00000000     0x45ff
 *(.debug_line .debug_line.* .debug_line_end)
 .debug_line    0x00000000      0x187 C:/Program Files (x86)/Atmel/Studio/7.0/Packs/atmel/ATmega_DFP/1.6.364/gcc/dev/atmega4809/avrxmega3/crtatmega4809.o
 .debug_line    0x00000187      0x1a1 ad590.o
 .debug_line    0x00000328      0x240 ads1115.o
 .debug_line    0x00000568      0x5dc commands.o
 .debug_line    0x00000b44      0x293 ds3231.o
 .debug_line    0x00000dd7      0x129 eeprom.o
 .debug_line    0x00000f00       0xd4 errors.o
 .debug_line    0x00000fd4      0x199 fram.o
 .debug_line    0x0000116d      0x123 humidity.o
 .debug_line    0x00001290      0x135 initialize.o
 .debug_line    0x000013c5       0xff ionpump.o
 .debug_line    0x000014c4      0x160 main.o
 .debug_line    0x00001624      0x161 mcp23008.o
 .debug_line    0x00001785      0x107 mcp9808.o
 .debug_line    0x0000188c      0x233 mma8451.o
 .debug_line    0x00001abf       0xfc nmea.o
 .debug_line    0x00001bbb      0x38e oled.o
 .debug_line    0x00001f49      0x3c1 pneu.o
 .debug_line    0x0000230a      0x196 ports.o
 .debug_line    0x000024a0      0x3e9 report.o
 .debug_line    0x00002889      0xae0 roboclaw.o
 .debug_line    0x00003369      0x1cb rtc.o
 .debug_line    0x00003534      0x10c set.o
 .debug_line    0x00003640       0xea temperature.o
 .debug_line    0x0000372a      0x18c testroutine.o
 .debug_line    0x000038b6      0x165 timers.o
 .debug_line    0x00003a1b      0x340 twi.o
 .debug_line    0x00003d5b      0x4bc usart.o
 .debug_line    0x00004217      0x12c wdt.o
 .debug_line    0x00004343       0x5d C:/Program Files (x86)/Atmel/Studio/7.0/Packs/atmel/ATmega_DFP/1.6.364/gcc/dev/atmega4809/avrxmega3\libatmega4809.a(eerd_block.o)
 .debug_line    0x000043a0       0xa5 C:/Program Files (x86)/Atmel/Studio/7.0/Packs/atmel/ATmega_DFP/1.6.364/gcc/dev/atmega4809/avrxmega3\libatmega4809.a(eeupd_block.o)
 .debug_line    0x00004445       0x80 C:/Program Files (x86)/Atmel/Studio/7.0/Packs/atmel/ATmega_DFP/1.6.364/gcc/dev/atmega4809/avrxmega3\libatmega4809.a(eeupd_byte.o)
 .debug_line    0x000044c5       0xc1 C:/Program Files (x86)/Atmel/Studio/7.0/Packs/atmel/ATmega_DFP/1.6.364/gcc/dev/atmega4809/avrxmega3\libatmega4809.a(eewr_byte.o)
 .debug_line    0x00004586       0x79 C:/Program Files (x86)/Atmel/Studio/7.0/Packs/atmel/ATmega_DFP/1.6.364/gcc/dev/atmega4809/avrxmega3\libatmega4809.a(eerd_byte.o)

.debug_frame    0x00000000     0x1108
 *(.debug_frame)
 .debug_frame   0x00000000       0x5c ad590.o
 .debug_frame   0x0000005c       0x60 ads1115.o
 .debug_frame   0x000000bc      0x164 commands.o
 .debug_frame   0x00000220      0x104 ds3231.o
 .debug_frame   0x00000324       0x84 eeprom.o
 .debug_frame   0x000003a8       0x40 errors.o
 .debug_frame   0x000003e8       0xac fram.o
 .debug_frame   0x00000494       0x68 humidity.o
 .debug_frame   0x000004fc       0x34 initialize.o
 .debug_frame   0x00000530       0x54 ionpump.o
 .debug_frame   0x00000584       0x24 main.o
 .debug_frame   0x000005a8       0x50 mcp23008.o
 .debug_frame   0x000005f8       0x54 mcp9808.o
 .debug_frame   0x0000064c       0xc4 mma8451.o
 .debug_frame   0x00000710       0x48 nmea.o
 .debug_frame   0x00000758       0xc4 oled.o
 .debug_frame   0x0000081c      0x110 pneu.o
 .debug_frame   0x0000092c       0x24 ports.o
 .debug_frame   0x00000950       0x88 report.o
 .debug_frame   0x000009d8      0x354 roboclaw.o
 .debug_frame   0x00000d2c       0x48 rtc.o
 .debug_frame   0x00000d74       0x30 set.o
 .debug_frame   0x00000da4       0x34 temperature.o
 .debug_frame   0x00000dd8       0x44 testroutine.o
 .debug_frame   0x00000e1c       0x58 timers.o
 .debug_frame   0x00000e74       0x7c twi.o
 .debug_frame   0x00000ef0      0x19c usart.o
 .debug_frame   0x0000108c       0x7c wdt.o

.debug_str      0x00000000     0x2368
 *(.debug_str)
 .debug_str     0x00000000      0xf85 C:/Program Files (x86)/Atmel/Studio/7.0/Packs/atmel/ATmega_DFP/1.6.364/gcc/dev/atmega4809/avrxmega3/crtatmega4809.o
 .debug_str     0x00000f85      0x1da ad590.o
                                0x21f (size before relaxing)
 .debug_str     0x0000115f       0x89 ads1115.o
                                0x272 (size before relaxing)
 .debug_str     0x000011e8      0x2aa commands.o
                                0x470 (size before relaxing)
 .debug_str     0x00001492       0x92 ds3231.o
                                0x259 (size before relaxing)
 .debug_str     0x00001524       0x89 eeprom.o
                                0x1fd (size before relaxing)
 .debug_str     0x000015ad       0x40 errors.o
                                0x1e0 (size before relaxing)
 .debug_str     0x000015ed       0x5f fram.o
                                0x21a (size before relaxing)
 .debug_str     0x0000164c       0x34 humidity.o
                                0x1de (size before relaxing)
 .debug_str     0x00001680       0x76 initialize.o
                                0x23c (size before relaxing)
 .debug_str     0x000016f6       0x2a ionpump.o
                                0x1bd (size before relaxing)
 .debug_str     0x00001720       0x2f main.o
                                0x280 (size before relaxing)
 .debug_str     0x0000174f       0x25 mcp23008.o
                                0x1e7 (size before relaxing)
 .debug_str     0x00001774       0x26 mcp9808.o
                                0x1ef (size before relaxing)
 .debug_str     0x0000179a       0x41 mma8451.o
                                0x215 (size before relaxing)
 .debug_str     0x000017db       0x34 nmea.o
                                0x1bd (size before relaxing)
 .debug_str     0x0000180f       0x6a oled.o
                                0x35a (size before relaxing)
 .debug_str     0x00001879      0x136 pneu.o
                                0x3f8 (size before relaxing)
 .debug_str     0x000019af        0xd ports.o
                                0x31d (size before relaxing)
 .debug_str     0x000019bc      0x11c report.o
                                0x3dd (size before relaxing)
 .debug_str     0x00001ad8      0x16b roboclaw.o
                                0x4bb (size before relaxing)
 .debug_str     0x00001c43      0x337 rtc.o
                                0x5ce (size before relaxing)
 .debug_str     0x00001f7a        0xb set.o
                                0x1cf (size before relaxing)
 .debug_str     0x00001f85       0x13 temperature.o
                                0x1c7 (size before relaxing)
 .debug_str     0x00001f98       0x13 testroutine.o
                                0x23c (size before relaxing)
 .debug_str     0x00001fab       0x4c timers.o
                                0x264 (size before relaxing)
 .debug_str     0x00001ff7      0x16d twi.o
                                0x398 (size before relaxing)
 .debug_str     0x00002164       0xdc usart.o
                                0x3e3 (size before relaxing)
 .debug_str     0x00002240      0x128 wdt.o
                                0x38f (size before relaxing)

.debug_loc      0x00000000     0x48d4
 *(.debug_loc)
 .debug_loc     0x00000000      0x1a7 ad590.o
 .debug_loc     0x000001a7      0x319 ads1115.o
 .debug_loc     0x000004c0      0x4e2 commands.o
 .debug_loc     0x000009a2      0x46d ds3231.o
 .debug_loc     0x00000e0f       0xda eeprom.o
 .debug_loc     0x00000ee9       0xae errors.o
 .debug_loc     0x00000f97      0x37b fram.o
 .debug_loc     0x00001312      0x21a humidity.o
 .debug_loc     0x0000152c       0x47 initialize.o
 .debug_loc     0x00001573      0x101 ionpump.o
 .debug_loc     0x00001674      0x18e mcp23008.o
 .debug_loc     0x00001802      0x175 mcp9808.o
 .debug_loc     0x00001977      0x42c mma8451.o
 .debug_loc     0x00001da3       0xef nmea.o
 .debug_loc     0x00001e92      0x33a oled.o
 .debug_loc     0x000021cc      0x5be pneu.o
 .debug_loc     0x0000278a       0x46 ports.o
 .debug_loc     0x000027d0      0x3f5 report.o
 .debug_loc     0x00002bc5     0x131a roboclaw.o
 .debug_loc     0x00003edf       0xb3 rtc.o
 .debug_loc     0x00003f92       0xac set.o
 .debug_loc     0x0000403e       0x9b temperature.o
 .debug_loc     0x000040d9       0xd6 testroutine.o
 .debug_loc     0x000041af       0x71 timers.o
 .debug_loc     0x00004220       0xa9 twi.o
 .debug_loc     0x000042c9      0x540 usart.o
 .debug_loc     0x00004809       0xcb wdt.o

.debug_macinfo
 *(.debug_macinfo)

.debug_weaknames
 *(.debug_weaknames)

.debug_funcnames
 *(.debug_funcnames)

.debug_typenames
 *(.debug_typenames)

.debug_varnames
 *(.debug_varnames)

.debug_pubtypes
 *(.debug_pubtypes)

.debug_ranges   0x00000000      0x3c8
 *(.debug_ranges)
 .debug_ranges  0x00000000       0x10 ad590.o
 .debug_ranges  0x00000010       0x10 ads1115.o
 .debug_ranges  0x00000020       0x58 commands.o
 .debug_ranges  0x00000078       0x38 ds3231.o
 .debug_ranges  0x000000b0       0x30 eeprom.o
 .debug_ranges  0x000000e0       0x10 errors.o
 .debug_ranges  0x000000f0       0x20 fram.o
 .debug_ranges  0x00000110       0x10 humidity.o
 .debug_ranges  0x00000120       0x10 initialize.o
 .debug_ranges  0x00000130       0x10 ionpump.o
 .debug_ranges  0x00000140       0x10 main.o
 .debug_ranges  0x00000150       0x18 mcp23008.o
 .debug_ranges  0x00000168       0x10 mcp9808.o
 .debug_ranges  0x00000178       0x28 mma8451.o
 .debug_ranges  0x000001a0       0x10 nmea.o
 .debug_ranges  0x000001b0       0x38 oled.o
 .debug_ranges  0x000001e8       0x38 pneu.o
 .debug_ranges  0x00000220       0x10 ports.o
 .debug_ranges  0x00000230       0x10 report.o
 .debug_ranges  0x00000240       0x88 roboclaw.o
 .debug_ranges  0x000002c8       0x18 rtc.o
 .debug_ranges  0x000002e0       0x10 set.o
 .debug_ranges  0x000002f0       0x10 temperature.o
 .debug_ranges  0x00000300       0x10 testroutine.o
 .debug_ranges  0x00000310       0x20 timers.o
 .debug_ranges  0x00000330       0x38 twi.o
 .debug_ranges  0x00000368       0x48 usart.o
 .debug_ranges  0x000003b0       0x18 wdt.o

.debug_macro
 *(.debug_macro)
OUTPUT(specMech.elf elf32-avr)
LOAD linker stubs
