Archive member included to satisfy reference by file (symbol)

c:/program files (x86)/atmel/studio/7.0/toolchain/avr8/avr8-gnu-toolchain/bin/../lib/gcc/avr/5.4.0/../../../../avr/lib/avrxmega3\libm.a(addsf3.o)
                              ad590.o (__subsf3)
c:/program files (x86)/atmel/studio/7.0/toolchain/avr8/avr8-gnu-toolchain/bin/../lib/gcc/avr/5.4.0/../../../../avr/lib/avrxmega3\libm.a(addsf3x.o)
                              c:/program files (x86)/atmel/studio/7.0/toolchain/avr8/avr8-gnu-toolchain/bin/../lib/gcc/avr/5.4.0/../../../../avr/lib/avrxmega3\libm.a(addsf3.o) (__addsf3x)
c:/program files (x86)/atmel/studio/7.0/toolchain/avr8/avr8-gnu-toolchain/bin/../lib/gcc/avr/5.4.0/../../../../avr/lib/avrxmega3\libm.a(cmpsf2.o)
                              ionpump.o (__ltsf2)
c:/program files (x86)/atmel/studio/7.0/toolchain/avr8/avr8-gnu-toolchain/bin/../lib/gcc/avr/5.4.0/../../../../avr/lib/avrxmega3\libm.a(divsf3.o)
                              humidity.o (__divsf3)
c:/program files (x86)/atmel/studio/7.0/toolchain/avr8/avr8-gnu-toolchain/bin/../lib/gcc/avr/5.4.0/../../../../avr/lib/avrxmega3\libm.a(divsf3x.o)
                              c:/program files (x86)/atmel/studio/7.0/toolchain/avr8/avr8-gnu-toolchain/bin/../lib/gcc/avr/5.4.0/../../../../avr/lib/avrxmega3\libm.a(divsf3.o) (__divsf3x)
c:/program files (x86)/atmel/studio/7.0/toolchain/avr8/avr8-gnu-toolchain/bin/../lib/gcc/avr/5.4.0/../../../../avr/lib/avrxmega3\libm.a(floatsisf.o)
                              ads1115.o (__floatunsisf)
c:/program files (x86)/atmel/studio/7.0/toolchain/avr8/avr8-gnu-toolchain/bin/../lib/gcc/avr/5.4.0/../../../../avr/lib/avrxmega3\libm.a(fp_cmp.o)
                              c:/program files (x86)/atmel/studio/7.0/toolchain/avr8/avr8-gnu-toolchain/bin/../lib/gcc/avr/5.4.0/../../../../avr/lib/avrxmega3\libm.a(cmpsf2.o) (__fp_cmp)
c:/program files (x86)/atmel/studio/7.0/toolchain/avr8/avr8-gnu-toolchain/bin/../lib/gcc/avr/5.4.0/../../../../avr/lib/avrxmega3\libm.a(fp_inf.o)
                              c:/program files (x86)/atmel/studio/7.0/toolchain/avr8/avr8-gnu-toolchain/bin/../lib/gcc/avr/5.4.0/../../../../avr/lib/avrxmega3\libm.a(addsf3x.o) (__fp_inf)
c:/program files (x86)/atmel/studio/7.0/toolchain/avr8/avr8-gnu-toolchain/bin/../lib/gcc/avr/5.4.0/../../../../avr/lib/avrxmega3\libm.a(fp_nan.o)
                              c:/program files (x86)/atmel/studio/7.0/toolchain/avr8/avr8-gnu-toolchain/bin/../lib/gcc/avr/5.4.0/../../../../avr/lib/avrxmega3\libm.a(addsf3x.o) (__fp_nan)
c:/program files (x86)/atmel/studio/7.0/toolchain/avr8/avr8-gnu-toolchain/bin/../lib/gcc/avr/5.4.0/../../../../avr/lib/avrxmega3\libm.a(fp_pscA.o)
                              c:/program files (x86)/atmel/studio/7.0/toolchain/avr8/avr8-gnu-toolchain/bin/../lib/gcc/avr/5.4.0/../../../../avr/lib/avrxmega3\libm.a(addsf3x.o) (__fp_pscA)
c:/program files (x86)/atmel/studio/7.0/toolchain/avr8/avr8-gnu-toolchain/bin/../lib/gcc/avr/5.4.0/../../../../avr/lib/avrxmega3\libm.a(fp_pscB.o)
                              c:/program files (x86)/atmel/studio/7.0/toolchain/avr8/avr8-gnu-toolchain/bin/../lib/gcc/avr/5.4.0/../../../../avr/lib/avrxmega3\libm.a(addsf3x.o) (__fp_pscB)
c:/program files (x86)/atmel/studio/7.0/toolchain/avr8/avr8-gnu-toolchain/bin/../lib/gcc/avr/5.4.0/../../../../avr/lib/avrxmega3\libm.a(fp_round.o)
                              c:/program files (x86)/atmel/studio/7.0/toolchain/avr8/avr8-gnu-toolchain/bin/../lib/gcc/avr/5.4.0/../../../../avr/lib/avrxmega3\libm.a(addsf3.o) (__fp_round)
c:/program files (x86)/atmel/studio/7.0/toolchain/avr8/avr8-gnu-toolchain/bin/../lib/gcc/avr/5.4.0/../../../../avr/lib/avrxmega3\libm.a(fp_split3.o)
                              c:/program files (x86)/atmel/studio/7.0/toolchain/avr8/avr8-gnu-toolchain/bin/../lib/gcc/avr/5.4.0/../../../../avr/lib/avrxmega3\libm.a(addsf3x.o) (__fp_split3)
c:/program files (x86)/atmel/studio/7.0/toolchain/avr8/avr8-gnu-toolchain/bin/../lib/gcc/avr/5.4.0/../../../../avr/lib/avrxmega3\libm.a(fp_zero.o)
                              c:/program files (x86)/atmel/studio/7.0/toolchain/avr8/avr8-gnu-toolchain/bin/../lib/gcc/avr/5.4.0/../../../../avr/lib/avrxmega3\libm.a(addsf3x.o) (__fp_zero)
c:/program files (x86)/atmel/studio/7.0/toolchain/avr8/avr8-gnu-toolchain/bin/../lib/gcc/avr/5.4.0/../../../../avr/lib/avrxmega3\libm.a(gesf2.o)
                              ionpump.o (__gtsf2)
c:/program files (x86)/atmel/studio/7.0/toolchain/avr8/avr8-gnu-toolchain/bin/../lib/gcc/avr/5.4.0/../../../../avr/lib/avrxmega3\libm.a(mulsf3.o)
                              ad590.o (__mulsf3)
c:/program files (x86)/atmel/studio/7.0/toolchain/avr8/avr8-gnu-toolchain/bin/../lib/gcc/avr/5.4.0/../../../../avr/lib/avrxmega3\libm.a(mulsf3x.o)
                              c:/program files (x86)/atmel/studio/7.0/toolchain/avr8/avr8-gnu-toolchain/bin/../lib/gcc/avr/5.4.0/../../../../avr/lib/avrxmega3\libm.a(mulsf3.o) (__mulsf3x)
c:/program files (x86)/atmel/studio/7.0/toolchain/avr8/avr8-gnu-toolchain/bin/../lib/gcc/avr/5.4.0/../../../../avr/lib/avrxmega3\libprintf_flt.a(vfprintf_flt.o)
                              (vfprintf)
c:/program files (x86)/atmel/studio/7.0/toolchain/avr8/avr8-gnu-toolchain/bin/../lib/gcc/avr/5.4.0/avrxmega3\libgcc.a(_divmodhi4.o)
                              commands.o (__divmodhi4)
c:/program files (x86)/atmel/studio/7.0/toolchain/avr8/avr8-gnu-toolchain/bin/../lib/gcc/avr/5.4.0/avrxmega3\libgcc.a(_exit.o)
                              C:/Program Files (x86)/Atmel/Studio/7.0/Packs/atmel/ATmega_DFP/1.6.364/gcc/dev/atmega4809/avrxmega3/crtatmega4809.o (exit)
c:/program files (x86)/atmel/studio/7.0/toolchain/avr8/avr8-gnu-toolchain/bin/../lib/gcc/avr/5.4.0/avrxmega3\libgcc.a(_tablejump2.o)
                              report.o (__tablejump2__)
c:/program files (x86)/atmel/studio/7.0/toolchain/avr8/avr8-gnu-toolchain/bin/../lib/gcc/avr/5.4.0/avrxmega3\libgcc.a(_copy_data.o)
                              commands.o (__do_copy_data)
c:/program files (x86)/atmel/studio/7.0/toolchain/avr8/avr8-gnu-toolchain/bin/../lib/gcc/avr/5.4.0/avrxmega3\libgcc.a(_clear_bss.o)
                              commands.o (__do_clear_bss)
c:/program files (x86)/atmel/studio/7.0/toolchain/avr8/avr8-gnu-toolchain/bin/../lib/gcc/avr/5.4.0/avrxmega3\libgcc.a(_prologue.o)
                              c:/program files (x86)/atmel/studio/7.0/toolchain/avr8/avr8-gnu-toolchain/bin/../lib/gcc/avr/5.4.0/../../../../avr/lib/avrxmega3\libprintf_flt.a(vfprintf_flt.o) (__prologue_saves__)
c:/program files (x86)/atmel/studio/7.0/toolchain/avr8/avr8-gnu-toolchain/bin/../lib/gcc/avr/5.4.0/avrxmega3\libgcc.a(_epilogue.o)
                              c:/program files (x86)/atmel/studio/7.0/toolchain/avr8/avr8-gnu-toolchain/bin/../lib/gcc/avr/5.4.0/../../../../avr/lib/avrxmega3\libprintf_flt.a(vfprintf_flt.o) (__epilogue_restores__)
c:/program files (x86)/atmel/studio/7.0/toolchain/avr8/avr8-gnu-toolchain/bin/../lib/gcc/avr/5.4.0/avrxmega3\libgcc.a(_udivmodhi4.o)
                              c:/program files (x86)/atmel/studio/7.0/toolchain/avr8/avr8-gnu-toolchain/bin/../lib/gcc/avr/5.4.0/avrxmega3\libgcc.a(_divmodhi4.o) (__udivmodhi4)
c:/program files (x86)/atmel/studio/7.0/toolchain/avr8/avr8-gnu-toolchain/bin/../lib/gcc/avr/5.4.0/../../../../avr/lib/avrxmega3\libc.a(ftoa_engine.o)
                              c:/program files (x86)/atmel/studio/7.0/toolchain/avr8/avr8-gnu-toolchain/bin/../lib/gcc/avr/5.4.0/../../../../avr/lib/avrxmega3\libprintf_flt.a(vfprintf_flt.o) (__ftoa_engine)
c:/program files (x86)/atmel/studio/7.0/toolchain/avr8/avr8-gnu-toolchain/bin/../lib/gcc/avr/5.4.0/../../../../avr/lib/avrxmega3\libc.a(strnlen_P.o)
                              c:/program files (x86)/atmel/studio/7.0/toolchain/avr8/avr8-gnu-toolchain/bin/../lib/gcc/avr/5.4.0/../../../../avr/lib/avrxmega3\libprintf_flt.a(vfprintf_flt.o) (strnlen_P)
c:/program files (x86)/atmel/studio/7.0/toolchain/avr8/avr8-gnu-toolchain/bin/../lib/gcc/avr/5.4.0/../../../../avr/lib/avrxmega3\libc.a(strcat.o)
                              nmea.o (strcat)
c:/program files (x86)/atmel/studio/7.0/toolchain/avr8/avr8-gnu-toolchain/bin/../lib/gcc/avr/5.4.0/../../../../avr/lib/avrxmega3\libc.a(strcpy.o)
                              commands.o (strcpy)
c:/program files (x86)/atmel/studio/7.0/toolchain/avr8/avr8-gnu-toolchain/bin/../lib/gcc/avr/5.4.0/../../../../avr/lib/avrxmega3\libc.a(strnlen.o)
                              c:/program files (x86)/atmel/studio/7.0/toolchain/avr8/avr8-gnu-toolchain/bin/../lib/gcc/avr/5.4.0/../../../../avr/lib/avrxmega3\libprintf_flt.a(vfprintf_flt.o) (strnlen)
c:/program files (x86)/atmel/studio/7.0/toolchain/avr8/avr8-gnu-toolchain/bin/../lib/gcc/avr/5.4.0/../../../../avr/lib/avrxmega3\libc.a(fputc.o)
                              c:/program files (x86)/atmel/studio/7.0/toolchain/avr8/avr8-gnu-toolchain/bin/../lib/gcc/avr/5.4.0/../../../../avr/lib/avrxmega3\libprintf_flt.a(vfprintf_flt.o) (fputc)
c:/program files (x86)/atmel/studio/7.0/toolchain/avr8/avr8-gnu-toolchain/bin/../lib/gcc/avr/5.4.0/../../../../avr/lib/avrxmega3\libc.a(sprintf.o)
                              commands.o (sprintf)
c:/program files (x86)/atmel/studio/7.0/toolchain/avr8/avr8-gnu-toolchain/bin/../lib/gcc/avr/5.4.0/../../../../avr/lib/avrxmega3\libc.a(ultoa_invert.o)
                              c:/program files (x86)/atmel/studio/7.0/toolchain/avr8/avr8-gnu-toolchain/bin/../lib/gcc/avr/5.4.0/../../../../avr/lib/avrxmega3\libprintf_flt.a(vfprintf_flt.o) (__ultoa_invert)
C:/Program Files (x86)/Atmel/Studio/7.0/Packs/atmel/ATmega_DFP/1.6.364/gcc/dev/atmega4809/avrxmega3\libatmega4809.a(eerd_block.o)
                              eeprom.o (eeprom_read_block)
C:/Program Files (x86)/Atmel/Studio/7.0/Packs/atmel/ATmega_DFP/1.6.364/gcc/dev/atmega4809/avrxmega3\libatmega4809.a(eeupd_block.o)
                              eeprom.o (eeprom_update_block)
C:/Program Files (x86)/Atmel/Studio/7.0/Packs/atmel/ATmega_DFP/1.6.364/gcc/dev/atmega4809/avrxmega3\libatmega4809.a(eeupd_byte.o)
                              C:/Program Files (x86)/Atmel/Studio/7.0/Packs/atmel/ATmega_DFP/1.6.364/gcc/dev/atmega4809/avrxmega3\libatmega4809.a(eeupd_block.o) (eeprom_update_r18)
C:/Program Files (x86)/Atmel/Studio/7.0/Packs/atmel/ATmega_DFP/1.6.364/gcc/dev/atmega4809/avrxmega3\libatmega4809.a(eewr_byte.o)
                              C:/Program Files (x86)/Atmel/Studio/7.0/Packs/atmel/ATmega_DFP/1.6.364/gcc/dev/atmega4809/avrxmega3\libatmega4809.a(eeupd_byte.o) (eeprom_write_r18)
C:/Program Files (x86)/Atmel/Studio/7.0/Packs/atmel/ATmega_DFP/1.6.364/gcc/dev/atmega4809/avrxmega3\libatmega4809.a(eerd_byte.o)
                              C:/Program Files (x86)/Atmel/Studio/7.0/Packs/atmel/ATmega_DFP/1.6.364/gcc/dev/atmega4809/avrxmega3\libatmega4809.a(eeupd_byte.o) (eeprom_mapen)
c:/program files (x86)/atmel/studio/7.0/toolchain/avr8/avr8-gnu-toolchain/bin/../lib/gcc/avr/5.4.0/../../../../avr/lib/avrxmega3\libc.a(memcpy.o)
                              C:/Program Files (x86)/Atmel/Studio/7.0/Packs/atmel/ATmega_DFP/1.6.364/gcc/dev/atmega4809/avrxmega3\libatmega4809.a(eerd_block.o) (memcpy)

Allocating common symbols
Common symbol       size              file

pcmd                0x208             main.o
recv1_buf           0x85              usart.o
timerOLED           0x2               oled.o
recv0_buf           0x85              usart.o
send0_buf           0x85              usart.o
recv3_buf           0x85              usart.o
send3_buf           0x85              usart.o
timeoutOLED         0x2               oled.o
pneuState           0x1               pneu.o
send1_buf           0x85              usart.o

Discarded input sections

 .data          0x00000000        0x0 C:/Program Files (x86)/Atmel/Studio/7.0/Packs/atmel/ATmega_DFP/1.6.364/gcc/dev/atmega4809/avrxmega3/crtatmega4809.o
 .bss           0x00000000        0x0 C:/Program Files (x86)/Atmel/Studio/7.0/Packs/atmel/ATmega_DFP/1.6.364/gcc/dev/atmega4809/avrxmega3/crtatmega4809.o
 .text          0x00000000        0x0 ad590.o
 .data          0x00000000        0x0 ad590.o
 .bss           0x00000000        0x0 ad590.o
 .text          0x00000000        0x0 ads1115.o
 .data          0x00000000        0x0 ads1115.o
 .bss           0x00000000        0x0 ads1115.o
 .text          0x00000000        0x0 beeper.o
 .data          0x00000000        0x0 beeper.o
 .bss           0x00000000        0x0 beeper.o
 .text          0x00000000        0x0 commands.o
 .data          0x00000000        0x0 commands.o
 .bss           0x00000000        0x0 commands.o
 .text          0x00000000        0x0 ds3231.o
 .data          0x00000000        0x0 ds3231.o
 .bss           0x00000000        0x0 ds3231.o
 .text          0x00000000        0x0 eeprom.o
 .data          0x00000000        0x0 eeprom.o
 .bss           0x00000000        0x0 eeprom.o
 .text          0x00000000        0x0 fram.o
 .data          0x00000000        0x0 fram.o
 .bss           0x00000000        0x0 fram.o
 .text          0x00000000        0x0 humidity.o
 .data          0x00000000        0x0 humidity.o
 .bss           0x00000000        0x0 humidity.o
 .text          0x00000000        0x0 initialize.o
 .data          0x00000000        0x0 initialize.o
 .bss           0x00000000        0x0 initialize.o
 .text          0x00000000        0x0 interrupts.o
 .data          0x00000000        0x0 interrupts.o
 .bss           0x00000000        0x0 interrupts.o
 .text          0x00000000        0x0 ionpump.o
 .data          0x00000000        0x0 ionpump.o
 .bss           0x00000000        0x0 ionpump.o
 .text          0x00000000        0x0 led.o
 .data          0x00000000        0x0 led.o
 .bss           0x00000000        0x0 led.o
 .text          0x00000000        0x0 main.o
 .data          0x00000000        0x0 main.o
 .bss           0x00000000        0x0 main.o
 .text          0x00000000        0x0 mcp23008.o
 .data          0x00000000        0x0 mcp23008.o
 .bss           0x00000000        0x0 mcp23008.o
 .text          0x00000000        0x0 mcp9808.o
 .data          0x00000000        0x0 mcp9808.o
 .bss           0x00000000        0x0 mcp9808.o
 .text          0x00000000        0x0 mma8451.o
 .data          0x00000000        0x0 mma8451.o
 .bss           0x00000000        0x0 mma8451.o
 .text          0x00000000        0x0 nmea.o
 .data          0x00000000        0x0 nmea.o
 .bss           0x00000000        0x0 nmea.o
 .text          0x00000000        0x0 oled.o
 .data          0x00000000        0x0 oled.o
 .bss           0x00000000        0x0 oled.o
 .text          0x00000000        0x0 pneu.o
 .data          0x00000000        0x0 pneu.o
 .bss           0x00000000        0x0 pneu.o
 .text          0x00000000        0x0 ports.o
 .data          0x00000000        0x0 ports.o
 .bss           0x00000000        0x0 ports.o
 .text          0x00000000        0x0 report.o
 .data          0x00000000        0x0 report.o
 .bss           0x00000000        0x0 report.o
 .text          0x00000000        0x0 rtc.o
 .data          0x00000000        0x0 rtc.o
 .bss           0x00000000        0x0 rtc.o
 .text          0x00000000        0x0 set.o
 .data          0x00000000        0x0 set.o
 .bss           0x00000000        0x0 set.o
 .text          0x00000000        0x0 specID.o
 .data          0x00000000        0x0 specID.o
 .bss           0x00000000        0x0 specID.o
 .text          0x00000000        0x0 temperature.o
 .data          0x00000000        0x0 temperature.o
 .bss           0x00000000        0x0 temperature.o
 .text          0x00000000        0x0 twi.o
 .data          0x00000000        0x0 twi.o
 .bss           0x00000000        0x0 twi.o
 .text          0x00000000        0x0 usart.o
 .data          0x00000000        0x0 usart.o
 .bss           0x00000000        0x0 usart.o
 .text          0x00000000        0x0 wdt.o
 .data          0x00000000        0x0 wdt.o
 .bss           0x00000000        0x0 wdt.o
 .text          0x00000000        0x0 c:/program files (x86)/atmel/studio/7.0/toolchain/avr8/avr8-gnu-toolchain/bin/../lib/gcc/avr/5.4.0/../../../../avr/lib/avrxmega3\libm.a(addsf3.o)
 .data          0x00000000        0x0 c:/program files (x86)/atmel/studio/7.0/toolchain/avr8/avr8-gnu-toolchain/bin/../lib/gcc/avr/5.4.0/../../../../avr/lib/avrxmega3\libm.a(addsf3.o)
 .bss           0x00000000        0x0 c:/program files (x86)/atmel/studio/7.0/toolchain/avr8/avr8-gnu-toolchain/bin/../lib/gcc/avr/5.4.0/../../../../avr/lib/avrxmega3\libm.a(addsf3.o)
 .text          0x00000000        0x0 c:/program files (x86)/atmel/studio/7.0/toolchain/avr8/avr8-gnu-toolchain/bin/../lib/gcc/avr/5.4.0/../../../../avr/lib/avrxmega3\libm.a(addsf3x.o)
 .data          0x00000000        0x0 c:/program files (x86)/atmel/studio/7.0/toolchain/avr8/avr8-gnu-toolchain/bin/../lib/gcc/avr/5.4.0/../../../../avr/lib/avrxmega3\libm.a(addsf3x.o)
 .bss           0x00000000        0x0 c:/program files (x86)/atmel/studio/7.0/toolchain/avr8/avr8-gnu-toolchain/bin/../lib/gcc/avr/5.4.0/../../../../avr/lib/avrxmega3\libm.a(addsf3x.o)
 .text          0x00000000        0x0 c:/program files (x86)/atmel/studio/7.0/toolchain/avr8/avr8-gnu-toolchain/bin/../lib/gcc/avr/5.4.0/../../../../avr/lib/avrxmega3\libm.a(cmpsf2.o)
 .data          0x00000000        0x0 c:/program files (x86)/atmel/studio/7.0/toolchain/avr8/avr8-gnu-toolchain/bin/../lib/gcc/avr/5.4.0/../../../../avr/lib/avrxmega3\libm.a(cmpsf2.o)
 .bss           0x00000000        0x0 c:/program files (x86)/atmel/studio/7.0/toolchain/avr8/avr8-gnu-toolchain/bin/../lib/gcc/avr/5.4.0/../../../../avr/lib/avrxmega3\libm.a(cmpsf2.o)
 .text          0x00000000        0x0 c:/program files (x86)/atmel/studio/7.0/toolchain/avr8/avr8-gnu-toolchain/bin/../lib/gcc/avr/5.4.0/../../../../avr/lib/avrxmega3\libm.a(divsf3.o)
 .data          0x00000000        0x0 c:/program files (x86)/atmel/studio/7.0/toolchain/avr8/avr8-gnu-toolchain/bin/../lib/gcc/avr/5.4.0/../../../../avr/lib/avrxmega3\libm.a(divsf3.o)
 .bss           0x00000000        0x0 c:/program files (x86)/atmel/studio/7.0/toolchain/avr8/avr8-gnu-toolchain/bin/../lib/gcc/avr/5.4.0/../../../../avr/lib/avrxmega3\libm.a(divsf3.o)
 .text          0x00000000        0x0 c:/program files (x86)/atmel/studio/7.0/toolchain/avr8/avr8-gnu-toolchain/bin/../lib/gcc/avr/5.4.0/../../../../avr/lib/avrxmega3\libm.a(divsf3x.o)
 .data          0x00000000        0x0 c:/program files (x86)/atmel/studio/7.0/toolchain/avr8/avr8-gnu-toolchain/bin/../lib/gcc/avr/5.4.0/../../../../avr/lib/avrxmega3\libm.a(divsf3x.o)
 .bss           0x00000000        0x0 c:/program files (x86)/atmel/studio/7.0/toolchain/avr8/avr8-gnu-toolchain/bin/../lib/gcc/avr/5.4.0/../../../../avr/lib/avrxmega3\libm.a(divsf3x.o)
 .text          0x00000000        0x0 c:/program files (x86)/atmel/studio/7.0/toolchain/avr8/avr8-gnu-toolchain/bin/../lib/gcc/avr/5.4.0/../../../../avr/lib/avrxmega3\libm.a(floatsisf.o)
 .data          0x00000000        0x0 c:/program files (x86)/atmel/studio/7.0/toolchain/avr8/avr8-gnu-toolchain/bin/../lib/gcc/avr/5.4.0/../../../../avr/lib/avrxmega3\libm.a(floatsisf.o)
 .bss           0x00000000        0x0 c:/program files (x86)/atmel/studio/7.0/toolchain/avr8/avr8-gnu-toolchain/bin/../lib/gcc/avr/5.4.0/../../../../avr/lib/avrxmega3\libm.a(floatsisf.o)
 .text          0x00000000        0x0 c:/program files (x86)/atmel/studio/7.0/toolchain/avr8/avr8-gnu-toolchain/bin/../lib/gcc/avr/5.4.0/../../../../avr/lib/avrxmega3\libm.a(fp_cmp.o)
 .data          0x00000000        0x0 c:/program files (x86)/atmel/studio/7.0/toolchain/avr8/avr8-gnu-toolchain/bin/../lib/gcc/avr/5.4.0/../../../../avr/lib/avrxmega3\libm.a(fp_cmp.o)
 .bss           0x00000000        0x0 c:/program files (x86)/atmel/studio/7.0/toolchain/avr8/avr8-gnu-toolchain/bin/../lib/gcc/avr/5.4.0/../../../../avr/lib/avrxmega3\libm.a(fp_cmp.o)
 .text          0x00000000        0x0 c:/program files (x86)/atmel/studio/7.0/toolchain/avr8/avr8-gnu-toolchain/bin/../lib/gcc/avr/5.4.0/../../../../avr/lib/avrxmega3\libm.a(fp_inf.o)
 .data          0x00000000        0x0 c:/program files (x86)/atmel/studio/7.0/toolchain/avr8/avr8-gnu-toolchain/bin/../lib/gcc/avr/5.4.0/../../../../avr/lib/avrxmega3\libm.a(fp_inf.o)
 .bss           0x00000000        0x0 c:/program files (x86)/atmel/studio/7.0/toolchain/avr8/avr8-gnu-toolchain/bin/../lib/gcc/avr/5.4.0/../../../../avr/lib/avrxmega3\libm.a(fp_inf.o)
 .text          0x00000000        0x0 c:/program files (x86)/atmel/studio/7.0/toolchain/avr8/avr8-gnu-toolchain/bin/../lib/gcc/avr/5.4.0/../../../../avr/lib/avrxmega3\libm.a(fp_nan.o)
 .data          0x00000000        0x0 c:/program files (x86)/atmel/studio/7.0/toolchain/avr8/avr8-gnu-toolchain/bin/../lib/gcc/avr/5.4.0/../../../../avr/lib/avrxmega3\libm.a(fp_nan.o)
 .bss           0x00000000        0x0 c:/program files (x86)/atmel/studio/7.0/toolchain/avr8/avr8-gnu-toolchain/bin/../lib/gcc/avr/5.4.0/../../../../avr/lib/avrxmega3\libm.a(fp_nan.o)
 .text          0x00000000        0x0 c:/program files (x86)/atmel/studio/7.0/toolchain/avr8/avr8-gnu-toolchain/bin/../lib/gcc/avr/5.4.0/../../../../avr/lib/avrxmega3\libm.a(fp_pscA.o)
 .data          0x00000000        0x0 c:/program files (x86)/atmel/studio/7.0/toolchain/avr8/avr8-gnu-toolchain/bin/../lib/gcc/avr/5.4.0/../../../../avr/lib/avrxmega3\libm.a(fp_pscA.o)
 .bss           0x00000000        0x0 c:/program files (x86)/atmel/studio/7.0/toolchain/avr8/avr8-gnu-toolchain/bin/../lib/gcc/avr/5.4.0/../../../../avr/lib/avrxmega3\libm.a(fp_pscA.o)
 .text          0x00000000        0x0 c:/program files (x86)/atmel/studio/7.0/toolchain/avr8/avr8-gnu-toolchain/bin/../lib/gcc/avr/5.4.0/../../../../avr/lib/avrxmega3\libm.a(fp_pscB.o)
 .data          0x00000000        0x0 c:/program files (x86)/atmel/studio/7.0/toolchain/avr8/avr8-gnu-toolchain/bin/../lib/gcc/avr/5.4.0/../../../../avr/lib/avrxmega3\libm.a(fp_pscB.o)
 .bss           0x00000000        0x0 c:/program files (x86)/atmel/studio/7.0/toolchain/avr8/avr8-gnu-toolchain/bin/../lib/gcc/avr/5.4.0/../../../../avr/lib/avrxmega3\libm.a(fp_pscB.o)
 .text          0x00000000        0x0 c:/program files (x86)/atmel/studio/7.0/toolchain/avr8/avr8-gnu-toolchain/bin/../lib/gcc/avr/5.4.0/../../../../avr/lib/avrxmega3\libm.a(fp_round.o)
 .data          0x00000000        0x0 c:/program files (x86)/atmel/studio/7.0/toolchain/avr8/avr8-gnu-toolchain/bin/../lib/gcc/avr/5.4.0/../../../../avr/lib/avrxmega3\libm.a(fp_round.o)
 .bss           0x00000000        0x0 c:/program files (x86)/atmel/studio/7.0/toolchain/avr8/avr8-gnu-toolchain/bin/../lib/gcc/avr/5.4.0/../../../../avr/lib/avrxmega3\libm.a(fp_round.o)
 .text          0x00000000        0x0 c:/program files (x86)/atmel/studio/7.0/toolchain/avr8/avr8-gnu-toolchain/bin/../lib/gcc/avr/5.4.0/../../../../avr/lib/avrxmega3\libm.a(fp_split3.o)
 .data          0x00000000        0x0 c:/program files (x86)/atmel/studio/7.0/toolchain/avr8/avr8-gnu-toolchain/bin/../lib/gcc/avr/5.4.0/../../../../avr/lib/avrxmega3\libm.a(fp_split3.o)
 .bss           0x00000000        0x0 c:/program files (x86)/atmel/studio/7.0/toolchain/avr8/avr8-gnu-toolchain/bin/../lib/gcc/avr/5.4.0/../../../../avr/lib/avrxmega3\libm.a(fp_split3.o)
 .text          0x00000000        0x0 c:/program files (x86)/atmel/studio/7.0/toolchain/avr8/avr8-gnu-toolchain/bin/../lib/gcc/avr/5.4.0/../../../../avr/lib/avrxmega3\libm.a(fp_zero.o)
 .data          0x00000000        0x0 c:/program files (x86)/atmel/studio/7.0/toolchain/avr8/avr8-gnu-toolchain/bin/../lib/gcc/avr/5.4.0/../../../../avr/lib/avrxmega3\libm.a(fp_zero.o)
 .bss           0x00000000        0x0 c:/program files (x86)/atmel/studio/7.0/toolchain/avr8/avr8-gnu-toolchain/bin/../lib/gcc/avr/5.4.0/../../../../avr/lib/avrxmega3\libm.a(fp_zero.o)
 .text          0x00000000        0x0 c:/program files (x86)/atmel/studio/7.0/toolchain/avr8/avr8-gnu-toolchain/bin/../lib/gcc/avr/5.4.0/../../../../avr/lib/avrxmega3\libm.a(gesf2.o)
 .data          0x00000000        0x0 c:/program files (x86)/atmel/studio/7.0/toolchain/avr8/avr8-gnu-toolchain/bin/../lib/gcc/avr/5.4.0/../../../../avr/lib/avrxmega3\libm.a(gesf2.o)
 .bss           0x00000000        0x0 c:/program files (x86)/atmel/studio/7.0/toolchain/avr8/avr8-gnu-toolchain/bin/../lib/gcc/avr/5.4.0/../../../../avr/lib/avrxmega3\libm.a(gesf2.o)
 .text          0x00000000        0x0 c:/program files (x86)/atmel/studio/7.0/toolchain/avr8/avr8-gnu-toolchain/bin/../lib/gcc/avr/5.4.0/../../../../avr/lib/avrxmega3\libm.a(mulsf3.o)
 .data          0x00000000        0x0 c:/program files (x86)/atmel/studio/7.0/toolchain/avr8/avr8-gnu-toolchain/bin/../lib/gcc/avr/5.4.0/../../../../avr/lib/avrxmega3\libm.a(mulsf3.o)
 .bss           0x00000000        0x0 c:/program files (x86)/atmel/studio/7.0/toolchain/avr8/avr8-gnu-toolchain/bin/../lib/gcc/avr/5.4.0/../../../../avr/lib/avrxmega3\libm.a(mulsf3.o)
 .text          0x00000000        0x0 c:/program files (x86)/atmel/studio/7.0/toolchain/avr8/avr8-gnu-toolchain/bin/../lib/gcc/avr/5.4.0/../../../../avr/lib/avrxmega3\libm.a(mulsf3x.o)
 .data          0x00000000        0x0 c:/program files (x86)/atmel/studio/7.0/toolchain/avr8/avr8-gnu-toolchain/bin/../lib/gcc/avr/5.4.0/../../../../avr/lib/avrxmega3\libm.a(mulsf3x.o)
 .bss           0x00000000        0x0 c:/program files (x86)/atmel/studio/7.0/toolchain/avr8/avr8-gnu-toolchain/bin/../lib/gcc/avr/5.4.0/../../../../avr/lib/avrxmega3\libm.a(mulsf3x.o)
 .text          0x00000000        0x0 c:/program files (x86)/atmel/studio/7.0/toolchain/avr8/avr8-gnu-toolchain/bin/../lib/gcc/avr/5.4.0/../../../../avr/lib/avrxmega3\libprintf_flt.a(vfprintf_flt.o)
 .data          0x00000000        0x0 c:/program files (x86)/atmel/studio/7.0/toolchain/avr8/avr8-gnu-toolchain/bin/../lib/gcc/avr/5.4.0/../../../../avr/lib/avrxmega3\libprintf_flt.a(vfprintf_flt.o)
 .bss           0x00000000        0x0 c:/program files (x86)/atmel/studio/7.0/toolchain/avr8/avr8-gnu-toolchain/bin/../lib/gcc/avr/5.4.0/../../../../avr/lib/avrxmega3\libprintf_flt.a(vfprintf_flt.o)
 .text          0x00000000        0x0 c:/program files (x86)/atmel/studio/7.0/toolchain/avr8/avr8-gnu-toolchain/bin/../lib/gcc/avr/5.4.0/avrxmega3\libgcc.a(_divmodhi4.o)
 .data          0x00000000        0x0 c:/program files (x86)/atmel/studio/7.0/toolchain/avr8/avr8-gnu-toolchain/bin/../lib/gcc/avr/5.4.0/avrxmega3\libgcc.a(_divmodhi4.o)
 .bss           0x00000000        0x0 c:/program files (x86)/atmel/studio/7.0/toolchain/avr8/avr8-gnu-toolchain/bin/../lib/gcc/avr/5.4.0/avrxmega3\libgcc.a(_divmodhi4.o)
 .text.libgcc.mul
                0x00000000        0x0 c:/program files (x86)/atmel/studio/7.0/toolchain/avr8/avr8-gnu-toolchain/bin/../lib/gcc/avr/5.4.0/avrxmega3\libgcc.a(_divmodhi4.o)
 .text.libgcc   0x00000000        0x0 c:/program files (x86)/atmel/studio/7.0/toolchain/avr8/avr8-gnu-toolchain/bin/../lib/gcc/avr/5.4.0/avrxmega3\libgcc.a(_divmodhi4.o)
 .text.libgcc.prologue
                0x00000000        0x0 c:/program files (x86)/atmel/studio/7.0/toolchain/avr8/avr8-gnu-toolchain/bin/../lib/gcc/avr/5.4.0/avrxmega3\libgcc.a(_divmodhi4.o)
 .text.libgcc.builtins
                0x00000000        0x0 c:/program files (x86)/atmel/studio/7.0/toolchain/avr8/avr8-gnu-toolchain/bin/../lib/gcc/avr/5.4.0/avrxmega3\libgcc.a(_divmodhi4.o)
 .text.libgcc.fmul
                0x00000000        0x0 c:/program files (x86)/atmel/studio/7.0/toolchain/avr8/avr8-gnu-toolchain/bin/../lib/gcc/avr/5.4.0/avrxmega3\libgcc.a(_divmodhi4.o)
 .text.libgcc.fixed
                0x00000000        0x0 c:/program files (x86)/atmel/studio/7.0/toolchain/avr8/avr8-gnu-toolchain/bin/../lib/gcc/avr/5.4.0/avrxmega3\libgcc.a(_divmodhi4.o)
 .text          0x00000000        0x0 c:/program files (x86)/atmel/studio/7.0/toolchain/avr8/avr8-gnu-toolchain/bin/../lib/gcc/avr/5.4.0/avrxmega3\libgcc.a(_exit.o)
 .data          0x00000000        0x0 c:/program files (x86)/atmel/studio/7.0/toolchain/avr8/avr8-gnu-toolchain/bin/../lib/gcc/avr/5.4.0/avrxmega3\libgcc.a(_exit.o)
 .bss           0x00000000        0x0 c:/program files (x86)/atmel/studio/7.0/toolchain/avr8/avr8-gnu-toolchain/bin/../lib/gcc/avr/5.4.0/avrxmega3\libgcc.a(_exit.o)
 .text.libgcc.mul
                0x00000000        0x0 c:/program files (x86)/atmel/studio/7.0/toolchain/avr8/avr8-gnu-toolchain/bin/../lib/gcc/avr/5.4.0/avrxmega3\libgcc.a(_exit.o)
 .text.libgcc.div
                0x00000000        0x0 c:/program files (x86)/atmel/studio/7.0/toolchain/avr8/avr8-gnu-toolchain/bin/../lib/gcc/avr/5.4.0/avrxmega3\libgcc.a(_exit.o)
 .text.libgcc   0x00000000        0x0 c:/program files (x86)/atmel/studio/7.0/toolchain/avr8/avr8-gnu-toolchain/bin/../lib/gcc/avr/5.4.0/avrxmega3\libgcc.a(_exit.o)
 .text.libgcc.prologue
                0x00000000        0x0 c:/program files (x86)/atmel/studio/7.0/toolchain/avr8/avr8-gnu-toolchain/bin/../lib/gcc/avr/5.4.0/avrxmega3\libgcc.a(_exit.o)
 .text.libgcc.builtins
                0x00000000        0x0 c:/program files (x86)/atmel/studio/7.0/toolchain/avr8/avr8-gnu-toolchain/bin/../lib/gcc/avr/5.4.0/avrxmega3\libgcc.a(_exit.o)
 .text.libgcc.fmul
                0x00000000        0x0 c:/program files (x86)/atmel/studio/7.0/toolchain/avr8/avr8-gnu-toolchain/bin/../lib/gcc/avr/5.4.0/avrxmega3\libgcc.a(_exit.o)
 .text.libgcc.fixed
                0x00000000        0x0 c:/program files (x86)/atmel/studio/7.0/toolchain/avr8/avr8-gnu-toolchain/bin/../lib/gcc/avr/5.4.0/avrxmega3\libgcc.a(_exit.o)
 .text          0x00000000        0x0 c:/program files (x86)/atmel/studio/7.0/toolchain/avr8/avr8-gnu-toolchain/bin/../lib/gcc/avr/5.4.0/avrxmega3\libgcc.a(_tablejump2.o)
 .data          0x00000000        0x0 c:/program files (x86)/atmel/studio/7.0/toolchain/avr8/avr8-gnu-toolchain/bin/../lib/gcc/avr/5.4.0/avrxmega3\libgcc.a(_tablejump2.o)
 .bss           0x00000000        0x0 c:/program files (x86)/atmel/studio/7.0/toolchain/avr8/avr8-gnu-toolchain/bin/../lib/gcc/avr/5.4.0/avrxmega3\libgcc.a(_tablejump2.o)
 .text.libgcc.mul
                0x00000000        0x0 c:/program files (x86)/atmel/studio/7.0/toolchain/avr8/avr8-gnu-toolchain/bin/../lib/gcc/avr/5.4.0/avrxmega3\libgcc.a(_tablejump2.o)
 .text.libgcc.div
                0x00000000        0x0 c:/program files (x86)/atmel/studio/7.0/toolchain/avr8/avr8-gnu-toolchain/bin/../lib/gcc/avr/5.4.0/avrxmega3\libgcc.a(_tablejump2.o)
 .text.libgcc.prologue
                0x00000000        0x0 c:/program files (x86)/atmel/studio/7.0/toolchain/avr8/avr8-gnu-toolchain/bin/../lib/gcc/avr/5.4.0/avrxmega3\libgcc.a(_tablejump2.o)
 .text.libgcc.builtins
                0x00000000        0x0 c:/program files (x86)/atmel/studio/7.0/toolchain/avr8/avr8-gnu-toolchain/bin/../lib/gcc/avr/5.4.0/avrxmega3\libgcc.a(_tablejump2.o)
 .text.libgcc.fmul
                0x00000000        0x0 c:/program files (x86)/atmel/studio/7.0/toolchain/avr8/avr8-gnu-toolchain/bin/../lib/gcc/avr/5.4.0/avrxmega3\libgcc.a(_tablejump2.o)
 .text.libgcc.fixed
                0x00000000        0x0 c:/program files (x86)/atmel/studio/7.0/toolchain/avr8/avr8-gnu-toolchain/bin/../lib/gcc/avr/5.4.0/avrxmega3\libgcc.a(_tablejump2.o)
 .text          0x00000000        0x0 c:/program files (x86)/atmel/studio/7.0/toolchain/avr8/avr8-gnu-toolchain/bin/../lib/gcc/avr/5.4.0/avrxmega3\libgcc.a(_copy_data.o)
 .data          0x00000000        0x0 c:/program files (x86)/atmel/studio/7.0/toolchain/avr8/avr8-gnu-toolchain/bin/../lib/gcc/avr/5.4.0/avrxmega3\libgcc.a(_copy_data.o)
 .bss           0x00000000        0x0 c:/program files (x86)/atmel/studio/7.0/toolchain/avr8/avr8-gnu-toolchain/bin/../lib/gcc/avr/5.4.0/avrxmega3\libgcc.a(_copy_data.o)
 .text.libgcc.mul
                0x00000000        0x0 c:/program files (x86)/atmel/studio/7.0/toolchain/avr8/avr8-gnu-toolchain/bin/../lib/gcc/avr/5.4.0/avrxmega3\libgcc.a(_copy_data.o)
 .text.libgcc.div
                0x00000000        0x0 c:/program files (x86)/atmel/studio/7.0/toolchain/avr8/avr8-gnu-toolchain/bin/../lib/gcc/avr/5.4.0/avrxmega3\libgcc.a(_copy_data.o)
 .text.libgcc   0x00000000        0x0 c:/program files (x86)/atmel/studio/7.0/toolchain/avr8/avr8-gnu-toolchain/bin/../lib/gcc/avr/5.4.0/avrxmega3\libgcc.a(_copy_data.o)
 .text.libgcc.prologue
                0x00000000        0x0 c:/program files (x86)/atmel/studio/7.0/toolchain/avr8/avr8-gnu-toolchain/bin/../lib/gcc/avr/5.4.0/avrxmega3\libgcc.a(_copy_data.o)
 .text.libgcc.builtins
                0x00000000        0x0 c:/program files (x86)/atmel/studio/7.0/toolchain/avr8/avr8-gnu-toolchain/bin/../lib/gcc/avr/5.4.0/avrxmega3\libgcc.a(_copy_data.o)
 .text.libgcc.fmul
                0x00000000        0x0 c:/program files (x86)/atmel/studio/7.0/toolchain/avr8/avr8-gnu-toolchain/bin/../lib/gcc/avr/5.4.0/avrxmega3\libgcc.a(_copy_data.o)
 .text.libgcc.fixed
                0x00000000        0x0 c:/program files (x86)/atmel/studio/7.0/toolchain/avr8/avr8-gnu-toolchain/bin/../lib/gcc/avr/5.4.0/avrxmega3\libgcc.a(_copy_data.o)
 .text          0x00000000        0x0 c:/program files (x86)/atmel/studio/7.0/toolchain/avr8/avr8-gnu-toolchain/bin/../lib/gcc/avr/5.4.0/avrxmega3\libgcc.a(_clear_bss.o)
 .data          0x00000000        0x0 c:/program files (x86)/atmel/studio/7.0/toolchain/avr8/avr8-gnu-toolchain/bin/../lib/gcc/avr/5.4.0/avrxmega3\libgcc.a(_clear_bss.o)
 .bss           0x00000000        0x0 c:/program files (x86)/atmel/studio/7.0/toolchain/avr8/avr8-gnu-toolchain/bin/../lib/gcc/avr/5.4.0/avrxmega3\libgcc.a(_clear_bss.o)
 .text.libgcc.mul
                0x00000000        0x0 c:/program files (x86)/atmel/studio/7.0/toolchain/avr8/avr8-gnu-toolchain/bin/../lib/gcc/avr/5.4.0/avrxmega3\libgcc.a(_clear_bss.o)
 .text.libgcc.div
                0x00000000        0x0 c:/program files (x86)/atmel/studio/7.0/toolchain/avr8/avr8-gnu-toolchain/bin/../lib/gcc/avr/5.4.0/avrxmega3\libgcc.a(_clear_bss.o)
 .text.libgcc   0x00000000        0x0 c:/program files (x86)/atmel/studio/7.0/toolchain/avr8/avr8-gnu-toolchain/bin/../lib/gcc/avr/5.4.0/avrxmega3\libgcc.a(_clear_bss.o)
 .text.libgcc.prologue
                0x00000000        0x0 c:/program files (x86)/atmel/studio/7.0/toolchain/avr8/avr8-gnu-toolchain/bin/../lib/gcc/avr/5.4.0/avrxmega3\libgcc.a(_clear_bss.o)
 .text.libgcc.builtins
                0x00000000        0x0 c:/program files (x86)/atmel/studio/7.0/toolchain/avr8/avr8-gnu-toolchain/bin/../lib/gcc/avr/5.4.0/avrxmega3\libgcc.a(_clear_bss.o)
 .text.libgcc.fmul
                0x00000000        0x0 c:/program files (x86)/atmel/studio/7.0/toolchain/avr8/avr8-gnu-toolchain/bin/../lib/gcc/avr/5.4.0/avrxmega3\libgcc.a(_clear_bss.o)
 .text.libgcc.fixed
                0x00000000        0x0 c:/program files (x86)/atmel/studio/7.0/toolchain/avr8/avr8-gnu-toolchain/bin/../lib/gcc/avr/5.4.0/avrxmega3\libgcc.a(_clear_bss.o)
 .text          0x00000000        0x0 c:/program files (x86)/atmel/studio/7.0/toolchain/avr8/avr8-gnu-toolchain/bin/../lib/gcc/avr/5.4.0/avrxmega3\libgcc.a(_prologue.o)
 .data          0x00000000        0x0 c:/program files (x86)/atmel/studio/7.0/toolchain/avr8/avr8-gnu-toolchain/bin/../lib/gcc/avr/5.4.0/avrxmega3\libgcc.a(_prologue.o)
 .bss           0x00000000        0x0 c:/program files (x86)/atmel/studio/7.0/toolchain/avr8/avr8-gnu-toolchain/bin/../lib/gcc/avr/5.4.0/avrxmega3\libgcc.a(_prologue.o)
 .text.libgcc.mul
                0x00000000        0x0 c:/program files (x86)/atmel/studio/7.0/toolchain/avr8/avr8-gnu-toolchain/bin/../lib/gcc/avr/5.4.0/avrxmega3\libgcc.a(_prologue.o)
 .text.libgcc.div
                0x00000000        0x0 c:/program files (x86)/atmel/studio/7.0/toolchain/avr8/avr8-gnu-toolchain/bin/../lib/gcc/avr/5.4.0/avrxmega3\libgcc.a(_prologue.o)
 .text.libgcc   0x00000000        0x0 c:/program files (x86)/atmel/studio/7.0/toolchain/avr8/avr8-gnu-toolchain/bin/../lib/gcc/avr/5.4.0/avrxmega3\libgcc.a(_prologue.o)
 .text.libgcc.builtins
                0x00000000        0x0 c:/program files (x86)/atmel/studio/7.0/toolchain/avr8/avr8-gnu-toolchain/bin/../lib/gcc/avr/5.4.0/avrxmega3\libgcc.a(_prologue.o)
 .text.libgcc.fmul
                0x00000000        0x0 c:/program files (x86)/atmel/studio/7.0/toolchain/avr8/avr8-gnu-toolchain/bin/../lib/gcc/avr/5.4.0/avrxmega3\libgcc.a(_prologue.o)
 .text.libgcc.fixed
                0x00000000        0x0 c:/program files (x86)/atmel/studio/7.0/toolchain/avr8/avr8-gnu-toolchain/bin/../lib/gcc/avr/5.4.0/avrxmega3\libgcc.a(_prologue.o)
 .text          0x00000000        0x0 c:/program files (x86)/atmel/studio/7.0/toolchain/avr8/avr8-gnu-toolchain/bin/../lib/gcc/avr/5.4.0/avrxmega3\libgcc.a(_epilogue.o)
 .data          0x00000000        0x0 c:/program files (x86)/atmel/studio/7.0/toolchain/avr8/avr8-gnu-toolchain/bin/../lib/gcc/avr/5.4.0/avrxmega3\libgcc.a(_epilogue.o)
 .bss           0x00000000        0x0 c:/program files (x86)/atmel/studio/7.0/toolchain/avr8/avr8-gnu-toolchain/bin/../lib/gcc/avr/5.4.0/avrxmega3\libgcc.a(_epilogue.o)
 .text.libgcc.mul
                0x00000000        0x0 c:/program files (x86)/atmel/studio/7.0/toolchain/avr8/avr8-gnu-toolchain/bin/../lib/gcc/avr/5.4.0/avrxmega3\libgcc.a(_epilogue.o)
 .text.libgcc.div
                0x00000000        0x0 c:/program files (x86)/atmel/studio/7.0/toolchain/avr8/avr8-gnu-toolchain/bin/../lib/gcc/avr/5.4.0/avrxmega3\libgcc.a(_epilogue.o)
 .text.libgcc   0x00000000        0x0 c:/program files (x86)/atmel/studio/7.0/toolchain/avr8/avr8-gnu-toolchain/bin/../lib/gcc/avr/5.4.0/avrxmega3\libgcc.a(_epilogue.o)
 .text.libgcc.builtins
                0x00000000        0x0 c:/program files (x86)/atmel/studio/7.0/toolchain/avr8/avr8-gnu-toolchain/bin/../lib/gcc/avr/5.4.0/avrxmega3\libgcc.a(_epilogue.o)
 .text.libgcc.fmul
                0x00000000        0x0 c:/program files (x86)/atmel/studio/7.0/toolchain/avr8/avr8-gnu-toolchain/bin/../lib/gcc/avr/5.4.0/avrxmega3\libgcc.a(_epilogue.o)
 .text.libgcc.fixed
                0x00000000        0x0 c:/program files (x86)/atmel/studio/7.0/toolchain/avr8/avr8-gnu-toolchain/bin/../lib/gcc/avr/5.4.0/avrxmega3\libgcc.a(_epilogue.o)
 .text          0x00000000        0x0 c:/program files (x86)/atmel/studio/7.0/toolchain/avr8/avr8-gnu-toolchain/bin/../lib/gcc/avr/5.4.0/avrxmega3\libgcc.a(_udivmodhi4.o)
 .data          0x00000000        0x0 c:/program files (x86)/atmel/studio/7.0/toolchain/avr8/avr8-gnu-toolchain/bin/../lib/gcc/avr/5.4.0/avrxmega3\libgcc.a(_udivmodhi4.o)
 .bss           0x00000000        0x0 c:/program files (x86)/atmel/studio/7.0/toolchain/avr8/avr8-gnu-toolchain/bin/../lib/gcc/avr/5.4.0/avrxmega3\libgcc.a(_udivmodhi4.o)
 .text.libgcc.mul
                0x00000000        0x0 c:/program files (x86)/atmel/studio/7.0/toolchain/avr8/avr8-gnu-toolchain/bin/../lib/gcc/avr/5.4.0/avrxmega3\libgcc.a(_udivmodhi4.o)
 .text.libgcc   0x00000000        0x0 c:/program files (x86)/atmel/studio/7.0/toolchain/avr8/avr8-gnu-toolchain/bin/../lib/gcc/avr/5.4.0/avrxmega3\libgcc.a(_udivmodhi4.o)
 .text.libgcc.prologue
                0x00000000        0x0 c:/program files (x86)/atmel/studio/7.0/toolchain/avr8/avr8-gnu-toolchain/bin/../lib/gcc/avr/5.4.0/avrxmega3\libgcc.a(_udivmodhi4.o)
 .text.libgcc.builtins
                0x00000000        0x0 c:/program files (x86)/atmel/studio/7.0/toolchain/avr8/avr8-gnu-toolchain/bin/../lib/gcc/avr/5.4.0/avrxmega3\libgcc.a(_udivmodhi4.o)
 .text.libgcc.fmul
                0x00000000        0x0 c:/program files (x86)/atmel/studio/7.0/toolchain/avr8/avr8-gnu-toolchain/bin/../lib/gcc/avr/5.4.0/avrxmega3\libgcc.a(_udivmodhi4.o)
 .text.libgcc.fixed
                0x00000000        0x0 c:/program files (x86)/atmel/studio/7.0/toolchain/avr8/avr8-gnu-toolchain/bin/../lib/gcc/avr/5.4.0/avrxmega3\libgcc.a(_udivmodhi4.o)
 .text          0x00000000        0x0 c:/program files (x86)/atmel/studio/7.0/toolchain/avr8/avr8-gnu-toolchain/bin/../lib/gcc/avr/5.4.0/../../../../avr/lib/avrxmega3\libc.a(ftoa_engine.o)
 .data          0x00000000        0x0 c:/program files (x86)/atmel/studio/7.0/toolchain/avr8/avr8-gnu-toolchain/bin/../lib/gcc/avr/5.4.0/../../../../avr/lib/avrxmega3\libc.a(ftoa_engine.o)
 .bss           0x00000000        0x0 c:/program files (x86)/atmel/studio/7.0/toolchain/avr8/avr8-gnu-toolchain/bin/../lib/gcc/avr/5.4.0/../../../../avr/lib/avrxmega3\libc.a(ftoa_engine.o)
 .text          0x00000000        0x0 c:/program files (x86)/atmel/studio/7.0/toolchain/avr8/avr8-gnu-toolchain/bin/../lib/gcc/avr/5.4.0/../../../../avr/lib/avrxmega3\libc.a(strnlen_P.o)
 .data          0x00000000        0x0 c:/program files (x86)/atmel/studio/7.0/toolchain/avr8/avr8-gnu-toolchain/bin/../lib/gcc/avr/5.4.0/../../../../avr/lib/avrxmega3\libc.a(strnlen_P.o)
 .bss           0x00000000        0x0 c:/program files (x86)/atmel/studio/7.0/toolchain/avr8/avr8-gnu-toolchain/bin/../lib/gcc/avr/5.4.0/../../../../avr/lib/avrxmega3\libc.a(strnlen_P.o)
 .text          0x00000000        0x0 c:/program files (x86)/atmel/studio/7.0/toolchain/avr8/avr8-gnu-toolchain/bin/../lib/gcc/avr/5.4.0/../../../../avr/lib/avrxmega3\libc.a(strcat.o)
 .data          0x00000000        0x0 c:/program files (x86)/atmel/studio/7.0/toolchain/avr8/avr8-gnu-toolchain/bin/../lib/gcc/avr/5.4.0/../../../../avr/lib/avrxmega3\libc.a(strcat.o)
 .bss           0x00000000        0x0 c:/program files (x86)/atmel/studio/7.0/toolchain/avr8/avr8-gnu-toolchain/bin/../lib/gcc/avr/5.4.0/../../../../avr/lib/avrxmega3\libc.a(strcat.o)
 .text          0x00000000        0x0 c:/program files (x86)/atmel/studio/7.0/toolchain/avr8/avr8-gnu-toolchain/bin/../lib/gcc/avr/5.4.0/../../../../avr/lib/avrxmega3\libc.a(strcpy.o)
 .data          0x00000000        0x0 c:/program files (x86)/atmel/studio/7.0/toolchain/avr8/avr8-gnu-toolchain/bin/../lib/gcc/avr/5.4.0/../../../../avr/lib/avrxmega3\libc.a(strcpy.o)
 .bss           0x00000000        0x0 c:/program files (x86)/atmel/studio/7.0/toolchain/avr8/avr8-gnu-toolchain/bin/../lib/gcc/avr/5.4.0/../../../../avr/lib/avrxmega3\libc.a(strcpy.o)
 .text          0x00000000        0x0 c:/program files (x86)/atmel/studio/7.0/toolchain/avr8/avr8-gnu-toolchain/bin/../lib/gcc/avr/5.4.0/../../../../avr/lib/avrxmega3\libc.a(strnlen.o)
 .data          0x00000000        0x0 c:/program files (x86)/atmel/studio/7.0/toolchain/avr8/avr8-gnu-toolchain/bin/../lib/gcc/avr/5.4.0/../../../../avr/lib/avrxmega3\libc.a(strnlen.o)
 .bss           0x00000000        0x0 c:/program files (x86)/atmel/studio/7.0/toolchain/avr8/avr8-gnu-toolchain/bin/../lib/gcc/avr/5.4.0/../../../../avr/lib/avrxmega3\libc.a(strnlen.o)
 .text          0x00000000        0x0 c:/program files (x86)/atmel/studio/7.0/toolchain/avr8/avr8-gnu-toolchain/bin/../lib/gcc/avr/5.4.0/../../../../avr/lib/avrxmega3\libc.a(fputc.o)
 .data          0x00000000        0x0 c:/program files (x86)/atmel/studio/7.0/toolchain/avr8/avr8-gnu-toolchain/bin/../lib/gcc/avr/5.4.0/../../../../avr/lib/avrxmega3\libc.a(fputc.o)
 .bss           0x00000000        0x0 c:/program files (x86)/atmel/studio/7.0/toolchain/avr8/avr8-gnu-toolchain/bin/../lib/gcc/avr/5.4.0/../../../../avr/lib/avrxmega3\libc.a(fputc.o)
 .text          0x00000000        0x0 c:/program files (x86)/atmel/studio/7.0/toolchain/avr8/avr8-gnu-toolchain/bin/../lib/gcc/avr/5.4.0/../../../../avr/lib/avrxmega3\libc.a(sprintf.o)
 .data          0x00000000        0x0 c:/program files (x86)/atmel/studio/7.0/toolchain/avr8/avr8-gnu-toolchain/bin/../lib/gcc/avr/5.4.0/../../../../avr/lib/avrxmega3\libc.a(sprintf.o)
 .bss           0x00000000        0x0 c:/program files (x86)/atmel/studio/7.0/toolchain/avr8/avr8-gnu-toolchain/bin/../lib/gcc/avr/5.4.0/../../../../avr/lib/avrxmega3\libc.a(sprintf.o)
 .text          0x00000000        0x0 c:/program files (x86)/atmel/studio/7.0/toolchain/avr8/avr8-gnu-toolchain/bin/../lib/gcc/avr/5.4.0/../../../../avr/lib/avrxmega3\libc.a(ultoa_invert.o)
 .data          0x00000000        0x0 c:/program files (x86)/atmel/studio/7.0/toolchain/avr8/avr8-gnu-toolchain/bin/../lib/gcc/avr/5.4.0/../../../../avr/lib/avrxmega3\libc.a(ultoa_invert.o)
 .bss           0x00000000        0x0 c:/program files (x86)/atmel/studio/7.0/toolchain/avr8/avr8-gnu-toolchain/bin/../lib/gcc/avr/5.4.0/../../../../avr/lib/avrxmega3\libc.a(ultoa_invert.o)
 .text          0x00000000        0x0 C:/Program Files (x86)/Atmel/Studio/7.0/Packs/atmel/ATmega_DFP/1.6.364/gcc/dev/atmega4809/avrxmega3\libatmega4809.a(eerd_block.o)
 .data          0x00000000        0x0 C:/Program Files (x86)/Atmel/Studio/7.0/Packs/atmel/ATmega_DFP/1.6.364/gcc/dev/atmega4809/avrxmega3\libatmega4809.a(eerd_block.o)
 .bss           0x00000000        0x0 C:/Program Files (x86)/Atmel/Studio/7.0/Packs/atmel/ATmega_DFP/1.6.364/gcc/dev/atmega4809/avrxmega3\libatmega4809.a(eerd_block.o)
 .text          0x00000000        0x0 C:/Program Files (x86)/Atmel/Studio/7.0/Packs/atmel/ATmega_DFP/1.6.364/gcc/dev/atmega4809/avrxmega3\libatmega4809.a(eeupd_block.o)
 .data          0x00000000        0x0 C:/Program Files (x86)/Atmel/Studio/7.0/Packs/atmel/ATmega_DFP/1.6.364/gcc/dev/atmega4809/avrxmega3\libatmega4809.a(eeupd_block.o)
 .bss           0x00000000        0x0 C:/Program Files (x86)/Atmel/Studio/7.0/Packs/atmel/ATmega_DFP/1.6.364/gcc/dev/atmega4809/avrxmega3\libatmega4809.a(eeupd_block.o)
 .text          0x00000000        0x0 C:/Program Files (x86)/Atmel/Studio/7.0/Packs/atmel/ATmega_DFP/1.6.364/gcc/dev/atmega4809/avrxmega3\libatmega4809.a(eeupd_byte.o)
 .data          0x00000000        0x0 C:/Program Files (x86)/Atmel/Studio/7.0/Packs/atmel/ATmega_DFP/1.6.364/gcc/dev/atmega4809/avrxmega3\libatmega4809.a(eeupd_byte.o)
 .bss           0x00000000        0x0 C:/Program Files (x86)/Atmel/Studio/7.0/Packs/atmel/ATmega_DFP/1.6.364/gcc/dev/atmega4809/avrxmega3\libatmega4809.a(eeupd_byte.o)
 .text          0x00000000        0x0 C:/Program Files (x86)/Atmel/Studio/7.0/Packs/atmel/ATmega_DFP/1.6.364/gcc/dev/atmega4809/avrxmega3\libatmega4809.a(eewr_byte.o)
 .data          0x00000000        0x0 C:/Program Files (x86)/Atmel/Studio/7.0/Packs/atmel/ATmega_DFP/1.6.364/gcc/dev/atmega4809/avrxmega3\libatmega4809.a(eewr_byte.o)
 .bss           0x00000000        0x0 C:/Program Files (x86)/Atmel/Studio/7.0/Packs/atmel/ATmega_DFP/1.6.364/gcc/dev/atmega4809/avrxmega3\libatmega4809.a(eewr_byte.o)
 .text          0x00000000        0x0 C:/Program Files (x86)/Atmel/Studio/7.0/Packs/atmel/ATmega_DFP/1.6.364/gcc/dev/atmega4809/avrxmega3\libatmega4809.a(eerd_byte.o)
 .data          0x00000000        0x0 C:/Program Files (x86)/Atmel/Studio/7.0/Packs/atmel/ATmega_DFP/1.6.364/gcc/dev/atmega4809/avrxmega3\libatmega4809.a(eerd_byte.o)
 .bss           0x00000000        0x0 C:/Program Files (x86)/Atmel/Studio/7.0/Packs/atmel/ATmega_DFP/1.6.364/gcc/dev/atmega4809/avrxmega3\libatmega4809.a(eerd_byte.o)
 .text          0x00000000        0x0 c:/program files (x86)/atmel/studio/7.0/toolchain/avr8/avr8-gnu-toolchain/bin/../lib/gcc/avr/5.4.0/../../../../avr/lib/avrxmega3\libc.a(memcpy.o)
 .data          0x00000000        0x0 c:/program files (x86)/atmel/studio/7.0/toolchain/avr8/avr8-gnu-toolchain/bin/../lib/gcc/avr/5.4.0/../../../../avr/lib/avrxmega3\libc.a(memcpy.o)
 .bss           0x00000000        0x0 c:/program files (x86)/atmel/studio/7.0/toolchain/avr8/avr8-gnu-toolchain/bin/../lib/gcc/avr/5.4.0/../../../../avr/lib/avrxmega3\libc.a(memcpy.o)

Memory Configuration

Name             Origin             Length             Attributes
text             0x00000000         0x0000c000         xr
data             0x00802800         0x00001800         rw !x
eeprom           0x00810000         0x00000100         rw !x
fuse             0x00820000         0x0000000a         rw !x
lock             0x00830000         0x00000400         rw !x
signature        0x00840000         0x00000400         rw !x
user_signatures  0x00850000         0x00000400         rw !x
*default*        0x00000000         0xffffffff

Linker script and memory map

Address of section .data set to 0x802800
                0x00004000                __RODATA_PM_OFFSET__ = 0x4000
LOAD C:/Program Files (x86)/Atmel/Studio/7.0/Packs/atmel/ATmega_DFP/1.6.364/gcc/dev/atmega4809/avrxmega3/crtatmega4809.o
LOAD ad590.o
LOAD ads1115.o
LOAD beeper.o
LOAD commands.o
LOAD ds3231.o
LOAD eeprom.o
LOAD fram.o
LOAD humidity.o
LOAD initialize.o
LOAD interrupts.o
LOAD ionpump.o
LOAD led.o
LOAD main.o
LOAD mcp23008.o
LOAD mcp9808.o
LOAD mma8451.o
LOAD nmea.o
LOAD oled.o
LOAD pneu.o
LOAD ports.o
LOAD report.o
LOAD rtc.o
LOAD set.o
LOAD specID.o
LOAD temperature.o
LOAD twi.o
LOAD usart.o
LOAD wdt.o
START GROUP
LOAD c:/program files (x86)/atmel/studio/7.0/toolchain/avr8/avr8-gnu-toolchain/bin/../lib/gcc/avr/5.4.0/../../../../avr/lib/avrxmega3\libm.a
END GROUP
LOAD c:/program files (x86)/atmel/studio/7.0/toolchain/avr8/avr8-gnu-toolchain/bin/../lib/gcc/avr/5.4.0/../../../../avr/lib/avrxmega3\libprintf_flt.a
START GROUP
LOAD c:/program files (x86)/atmel/studio/7.0/toolchain/avr8/avr8-gnu-toolchain/bin/../lib/gcc/avr/5.4.0/avrxmega3\libgcc.a
LOAD c:/program files (x86)/atmel/studio/7.0/toolchain/avr8/avr8-gnu-toolchain/bin/../lib/gcc/avr/5.4.0/../../../../avr/lib/avrxmega3\libm.a
LOAD c:/program files (x86)/atmel/studio/7.0/toolchain/avr8/avr8-gnu-toolchain/bin/../lib/gcc/avr/5.4.0/../../../../avr/lib/avrxmega3\libc.a
LOAD C:/Program Files (x86)/Atmel/Studio/7.0/Packs/atmel/ATmega_DFP/1.6.364/gcc/dev/atmega4809/avrxmega3\libatmega4809.a
END GROUP
                [0x00000000]                __TEXT_REGION_ORIGIN__ = DEFINED (__TEXT_REGION_ORIGIN__)?__TEXT_REGION_ORIGIN__:0x0
                [0x00802800]                __DATA_REGION_ORIGIN__ = DEFINED (__DATA_REGION_ORIGIN__)?__DATA_REGION_ORIGIN__:0x802000
                [0x0000c000]                __TEXT_REGION_LENGTH__ = DEFINED (__TEXT_REGION_LENGTH__)?__TEXT_REGION_LENGTH__:0x100000
                [0x00001800]                __DATA_REGION_LENGTH__ = DEFINED (__DATA_REGION_LENGTH__)?__DATA_REGION_LENGTH__:0xffa0
                [0x00000100]                __EEPROM_REGION_LENGTH__ = DEFINED (__EEPROM_REGION_LENGTH__)?__EEPROM_REGION_LENGTH__:0x10000
                [0x0000000a]                __FUSE_REGION_LENGTH__ = DEFINED (__FUSE_REGION_LENGTH__)?__FUSE_REGION_LENGTH__:0x400
                0x00000400                __LOCK_REGION_LENGTH__ = DEFINED (__LOCK_REGION_LENGTH__)?__LOCK_REGION_LENGTH__:0x400
                0x00000400                __SIGNATURE_REGION_LENGTH__ = DEFINED (__SIGNATURE_REGION_LENGTH__)?__SIGNATURE_REGION_LENGTH__:0x400
                0x00000400                __USER_SIGNATURE_REGION_LENGTH__ = DEFINED (__USER_SIGNATURE_REGION_LENGTH__)?__USER_SIGNATURE_REGION_LENGTH__:0x400
                0x00008000                __RODATA_PM_OFFSET__ = DEFINED (__RODATA_PM_OFFSET__)?__RODATA_PM_OFFSET__:0x8000

.hash
 *(.hash)

.dynsym
 *(.dynsym)

.dynstr
 *(.dynstr)

.gnu.version
 *(.gnu.version)

.gnu.version_d
 *(.gnu.version_d)

.gnu.version_r
 *(.gnu.version_r)

.rel.init
 *(.rel.init)

.rela.init
 *(.rela.init)

.rel.text
 *(.rel.text)
 *(.rel.text.*)
 *(.rel.gnu.linkonce.t*)

.rela.text
 *(.rela.text)
 *(.rela.text.*)
 *(.rela.gnu.linkonce.t*)

.rel.fini
 *(.rel.fini)

.rela.fini
 *(.rela.fini)

.rel.rodata
 *(.rel.rodata)
 *(.rel.rodata.*)
 *(.rel.gnu.linkonce.r*)

.rela.rodata
 *(.rela.rodata)
 *(.rela.rodata.*)
 *(.rela.gnu.linkonce.r*)

.rel.data
 *(.rel.data)
 *(.rel.data.*)
 *(.rel.gnu.linkonce.d*)

.rela.data
 *(.rela.data)
 *(.rela.data.*)
 *(.rela.gnu.linkonce.d*)

.rel.ctors
 *(.rel.ctors)

.rela.ctors
 *(.rela.ctors)

.rel.dtors
 *(.rel.dtors)

.rela.dtors
 *(.rela.dtors)

.rel.got
 *(.rel.got)

.rela.got
 *(.rela.got)

.rel.bss
 *(.rel.bss)

.rela.bss
 *(.rela.bss)

.rel.plt
 *(.rel.plt)

.rela.plt
 *(.rela.plt)

.text           0x00000000     0x3abe
 *(.vectors)
 .vectors       0x00000000       0xa0 C:/Program Files (x86)/Atmel/Studio/7.0/Packs/atmel/ATmega_DFP/1.6.364/gcc/dev/atmega4809/avrxmega3/crtatmega4809.o
                0x00000000                __vector_default
                0x00000000                __vectors
 *(.vectors)
 *(.progmem.gcc*)
 .progmem.gcc_sw_table.report
                0x000000a0       0x6a report.o
                0x0000010a                . = ALIGN (0x2)
                0x0000010a                __trampolines_start = .
 *(.trampolines)
 .trampolines   0x0000010a        0x0 linker stubs
 *(.trampolines*)
                0x0000010a                __trampolines_end = .
 *libprintf_flt.a:*(.progmem.data)
 .progmem.data  0x0000010a        0x8 c:/program files (x86)/atmel/studio/7.0/toolchain/avr8/avr8-gnu-toolchain/bin/../lib/gcc/avr/5.4.0/../../../../avr/lib/avrxmega3\libprintf_flt.a(vfprintf_flt.o)
 *libc.a:*(.progmem.data)
 .progmem.data  0x00000112       0xfa c:/program files (x86)/atmel/studio/7.0/toolchain/avr8/avr8-gnu-toolchain/bin/../lib/gcc/avr/5.4.0/../../../../avr/lib/avrxmega3\libc.a(ftoa_engine.o)
 *(.progmem*)
                0x0000020c                . = ALIGN (0x2)
 *(.jumptables)
 *(.jumptables*)
 *(.lowtext)
 *(.lowtext*)
                0x0000020c                __ctors_start = .
 *(.ctors)
                0x0000020c                __ctors_end = .
                0x0000020c                __dtors_start = .
 *(.dtors)
                0x0000020c                __dtors_end = .
 SORT(*)(.ctors)
 SORT(*)(.dtors)
 *(.init0)
 .init0         0x0000020c        0x0 C:/Program Files (x86)/Atmel/Studio/7.0/Packs/atmel/ATmega_DFP/1.6.364/gcc/dev/atmega4809/avrxmega3/crtatmega4809.o
                0x0000020c                __init
 *(.init0)
 *(.init1)
 *(.init1)
 *(.init2)
 .init2         0x0000020c        0xc C:/Program Files (x86)/Atmel/Studio/7.0/Packs/atmel/ATmega_DFP/1.6.364/gcc/dev/atmega4809/avrxmega3/crtatmega4809.o
 *(.init2)
 *(.init3)
 *(.init3)
 *(.init4)
 .init4         0x00000218       0x16 c:/program files (x86)/atmel/studio/7.0/toolchain/avr8/avr8-gnu-toolchain/bin/../lib/gcc/avr/5.4.0/avrxmega3\libgcc.a(_copy_data.o)
                0x00000218                __do_copy_data
 .init4         0x0000022e       0x10 c:/program files (x86)/atmel/studio/7.0/toolchain/avr8/avr8-gnu-toolchain/bin/../lib/gcc/avr/5.4.0/avrxmega3\libgcc.a(_clear_bss.o)
                0x0000022e                __do_clear_bss
 *(.init4)
 *(.init5)
 *(.init5)
 *(.init6)
 *(.init6)
 *(.init7)
 *(.init7)
 *(.init8)
 *(.init8)
 *(.init9)
 .init9         0x0000023e        0x8 C:/Program Files (x86)/Atmel/Studio/7.0/Packs/atmel/ATmega_DFP/1.6.364/gcc/dev/atmega4809/avrxmega3/crtatmega4809.o
 *(.init9)
 *(.text)
 .text          0x00000246        0x4 C:/Program Files (x86)/Atmel/Studio/7.0/Packs/atmel/ATmega_DFP/1.6.364/gcc/dev/atmega4809/avrxmega3/crtatmega4809.o
                0x00000246                __vector_22
                0x00000246                __vector_28
                0x00000246                __vector_1
                0x00000246                __vector_32
                0x00000246                __vector_34
                0x00000246                __vector_24
                0x00000246                __vector_12
                0x00000246                __bad_interrupt
                0x00000246                __vector_6
                0x00000246                __vector_31
                0x00000246                __vector_35
                0x00000246                __vector_39
                0x00000246                __vector_23
                0x00000246                __vector_30
                0x00000246                __vector_25
                0x00000246                __vector_11
                0x00000246                __vector_13
                0x00000246                __vector_19
                0x00000246                __vector_7
                0x00000246                __vector_5
                0x00000246                __vector_33
                0x00000246                __vector_4
                0x00000246                __vector_9
                0x00000246                __vector_2
                0x00000246                __vector_21
                0x00000246                __vector_15
                0x00000246                __vector_36
                0x00000246                __vector_8
                0x00000246                __vector_14
                0x00000246                __vector_10
                0x00000246                __vector_16
                0x0000024a                . = ALIGN (0x2)
 *(.text.*)
 .text.read_AD590
                0x0000024a       0xac ad590.o
                0x0000024a                read_AD590
 .text.read_ADS1115
                0x000002f6      0x1fe ads1115.o
                0x000002f6                read_ADS1115
 .text.init_BEEPER
                0x000004f4        0xe beeper.o
                0x000004f4                init_BEEPER
 .text.echo_cmd
                0x00000502       0x8a commands.o
                0x00000502                echo_cmd
 .text.isaletter
                0x0000058c       0x1a commands.o
                0x0000058c                isaletter
 .text.parse_cmd
                0x000005a6      0x128 commands.o
                0x000005a6                parse_cmd
 .text.send_prompt
                0x000006ce      0x10c commands.o
                0x000006ce                send_prompt
 .text.commands
                0x000007da      0x152 commands.o
                0x000007da                commands
 .text.convert_ds2iso
                0x0000092c       0x42 ds3231.o
                0x0000092c                convert_ds2iso
 .text.convert_iso2ds
                0x0000096e       0xc0 ds3231.o
                0x0000096e                convert_iso2ds
 .text.read_DS3231
                0x00000a2e       0x7c ds3231.o
                0x00000a2e                read_DS3231
 .text.get_time
                0x00000aaa       0x54 ds3231.o
                0x00000aaa                get_time
 .text.write_DS3231
                0x00000afe       0x74 ds3231.o
                0x00000afe                write_DS3231
 .text.put_time
                0x00000b72       0x30 ds3231.o
                0x00000b72                put_time
 .text.get_BOOTTIME
                0x00000ba2        0xe eeprom.o
                0x00000ba2                get_BOOTTIME
 .text.get_VERSION
                0x00000bb0        0xe eeprom.o
                0x00000bb0                get_VERSION
 .text.update_BOOTTIME
                0x00000bbe       0x32 eeprom.o
                0x00000bbe                update_BOOTTIME
 .text.update_VERSION
                0x00000bf0       0x3c eeprom.o
                0x00000bf0                update_VERSION
 .text.init_EEPROM
                0x00000c2c        0xa eeprom.o
                0x00000c2c                init_EEPROM
 .text.read_FRAM
                0x00000c36       0x84 fram.o
                0x00000c36                read_FRAM
 .text.write_FRAM
                0x00000cba       0x64 fram.o
                0x00000cba                write_FRAM
 .text.get_humidity
                0x00000d1e       0xc8 humidity.o
                0x00000d1e                get_humidity
 .text.initialize
                0x00000de6       0x86 initialize.o
                0x00000de6                initialize
 .text.__vector_29
                0x00000e6c       0x56 interrupts.o
                0x00000e6c                __vector_29
 .text.read_ionpump
                0x00000ec2       0x9c ionpump.o
                0x00000ec2                read_ionpump
 .text.init_LED
                0x00000f5e        0xc led.o
                0x00000f5e                init_LED
 .text.main     0x00000f6a       0x18 main.o
                0x00000f6a                main
 .text.read_MCP23008
                0x00000f82       0x2e mcp23008.o
                0x00000f82                read_MCP23008
 .text.write_MCP23008
                0x00000fb0       0x54 mcp23008.o
                0x00000fb0                write_MCP23008
 .text.read_MCP9808
                0x00001004       0x9e mcp9808.o
                0x00001004                read_MCP9808
 .text.read_MMA8451
                0x000010a2       0x68 mma8451.o
                0x000010a2                read_MMA8451
 .text.get_orientation
                0x0000110a      0x12e mma8451.o
                0x0000110a                get_orientation
 .text.write_MMA8451
                0x00001238       0x54 mma8451.o
                0x00001238                write_MMA8451
 .text.init_MMA8451
                0x0000128c       0x64 mma8451.o
                0x0000128c                init_MMA8451
 .text.checksum_NMEA
                0x000012f0       0x92 nmea.o
                0x000012f0                checksum_NMEA
 .text.format_ERR
                0x00001382       0x72 nmea.o
                0x00001382                format_ERR
 .text.write_OLED
                0x000013f4       0x24 oled.o
                0x000013f4                write_OLED
 .text.init_OLED
                0x00001418      0x180 oled.o
                0x00001418                init_OLED
 .text.writestr_OLED
                0x00001598       0xba oled.o
                0x00001598                writestr_OLED
 .text.clear_OLED
                0x00001652       0x56 oled.o
                0x00001652                clear_OLED
 .text.init_PNEU
                0x000016a8       0x7a pneu.o
                0x000016a8                init_PNEU
 .text.read_PNEUSENSORS
                0x00001722       0xd8 pneu.o
                0x00001722                read_PNEUSENSORS
 .text.set_PNEUVALVES
                0x000017fa       0x24 pneu.o
                0x000017fa                set_PNEUVALVES
 .text.close_PNEU
                0x0000181e      0x124 pneu.o
                0x0000181e                close_PNEU
 .text.open_PNEU
                0x00001942      0x124 pneu.o
                0x00001942                open_PNEU
 .text.__vector_20
                0x00001a66       0x64 pneu.o
                0x00001a66                __vector_20
 .text.init_PORTS
                0x00001aca       0x70 ports.o
                0x00001aca                init_PORTS
 .text.report   0x00001b3a      0x9b0 report.o
                0x00001b3a                report
 .text.init_RTC
                0x000024ea       0x5c rtc.o
                0x000024ea                init_RTC
 .text.__vector_3
                0x00002546       0x8a rtc.o
                0x00002546                __vector_3
 .text.set      0x000025d0       0x62 set.o
                0x000025d0                set
 .text.init_SPECID
                0x00002632       0x10 specID.o
                0x00002632                init_SPECID
 .text.get_temperature
                0x00002642       0x20 temperature.o
                0x00002642                get_temperature
 .text.init_TWI
                0x00002662       0x16 twi.o
                0x00002662                init_TWI
 .text.read_TWI
                0x00002678       0x20 twi.o
                0x00002678                read_TWI
 .text.readlast_TWI
                0x00002698       0x1a twi.o
                0x00002698                readlast_TWI
 .text.start_TWI
                0x000026b2       0x42 twi.o
                0x000026b2                start_TWI
 .text.stop_TWI
                0x000026f4        0x8 twi.o
                0x000026f4                stop_TWI
 .text.write_TWI
                0x000026fc       0x2a twi.o
                0x000026fc                write_TWI
 .text.init_USART
                0x00002726       0x8e usart.o
                0x00002726                init_USART
 .text.send_USART
                0x000027b4       0xde usart.o
                0x000027b4                send_USART
 .text.__vector_17
                0x00002892       0x68 usart.o
                0x00002892                __vector_17
 .text.__vector_18
                0x000028fa       0x60 usart.o
                0x000028fa                __vector_18
 .text.__vector_26
                0x0000295a       0x6a usart.o
                0x0000295a                __vector_26
 .text.__vector_27
                0x000029c4       0x5c usart.o
                0x000029c4                __vector_27
 .text.__vector_37
                0x00002a20       0x6a usart.o
                0x00002a20                __vector_37
 .text.__vector_38
                0x00002a8a       0x5c usart.o
                0x00002a8a                __vector_38
 .text.reboot   0x00002ae6        0xc wdt.o
                0x00002ae6                reboot
 .text.avr-libc.fplib
                0x00002af2        0xe c:/program files (x86)/atmel/studio/7.0/toolchain/avr8/avr8-gnu-toolchain/bin/../lib/gcc/avr/5.4.0/../../../../avr/lib/avrxmega3\libm.a(addsf3.o)
                0x00002af2                __subsf3
                0x00002af4                __addsf3
 .text.avr-libc.fplib
                0x00002b00       0xcc c:/program files (x86)/atmel/studio/7.0/toolchain/avr8/avr8-gnu-toolchain/bin/../lib/gcc/avr/5.4.0/../../../../avr/lib/avrxmega3\libm.a(addsf3x.o)
                0x00002b22                __addsf3x
 .text.avr-libc.fplib
                0x00002bcc        0xa c:/program files (x86)/atmel/studio/7.0/toolchain/avr8/avr8-gnu-toolchain/bin/../lib/gcc/avr/5.4.0/../../../../avr/lib/avrxmega3\libm.a(cmpsf2.o)
                0x00002bcc                __nesf2
                0x00002bcc                __eqsf2
                0x00002bcc                __cmpsf2
                0x00002bcc                __ltsf2
                0x00002bcc                __lesf2
 .text.avr-libc.fplib
                0x00002bd6        0x8 c:/program files (x86)/atmel/studio/7.0/toolchain/avr8/avr8-gnu-toolchain/bin/../lib/gcc/avr/5.4.0/../../../../avr/lib/avrxmega3\libm.a(divsf3.o)
                0x00002bd6                __divsf3
 .text.avr-libc.fplib
                0x00002bde       0xdc c:/program files (x86)/atmel/studio/7.0/toolchain/avr8/avr8-gnu-toolchain/bin/../lib/gcc/avr/5.4.0/../../../../avr/lib/avrxmega3\libm.a(divsf3x.o)
                0x00002bfe                __divsf3x
                0x00002c04                __divsf3_pse
 .text.avr-libc.fplib
                0x00002cba       0x7a c:/program files (x86)/atmel/studio/7.0/toolchain/avr8/avr8-gnu-toolchain/bin/../lib/gcc/avr/5.4.0/../../../../avr/lib/avrxmega3\libm.a(floatsisf.o)
                0x00002cba                __floatunsisf
                0x00002cbe                __floatsisf
 .text.avr-libc.fplib
                0x00002d34       0x48 c:/program files (x86)/atmel/studio/7.0/toolchain/avr8/avr8-gnu-toolchain/bin/../lib/gcc/avr/5.4.0/../../../../avr/lib/avrxmega3\libm.a(fp_cmp.o)
                0x00002d34                __fp_cmp
 .text.avr-libc.fplib
                0x00002d7c        0xc c:/program files (x86)/atmel/studio/7.0/toolchain/avr8/avr8-gnu-toolchain/bin/../lib/gcc/avr/5.4.0/../../../../avr/lib/avrxmega3\libm.a(fp_inf.o)
                0x00002d7c                __fp_inf
 .text.avr-libc.fplib
                0x00002d88        0x6 c:/program files (x86)/atmel/studio/7.0/toolchain/avr8/avr8-gnu-toolchain/bin/../lib/gcc/avr/5.4.0/../../../../avr/lib/avrxmega3\libm.a(fp_nan.o)
                0x00002d88                __fp_nan
 .text.avr-libc.fplib
                0x00002d8e        0xe c:/program files (x86)/atmel/studio/7.0/toolchain/avr8/avr8-gnu-toolchain/bin/../lib/gcc/avr/5.4.0/../../../../avr/lib/avrxmega3\libm.a(fp_pscA.o)
                0x00002d8e                __fp_pscA
 .text.avr-libc.fplib
                0x00002d9c        0xe c:/program files (x86)/atmel/studio/7.0/toolchain/avr8/avr8-gnu-toolchain/bin/../lib/gcc/avr/5.4.0/../../../../avr/lib/avrxmega3\libm.a(fp_pscB.o)
                0x00002d9c                __fp_pscB
 .text.avr-libc.fplib
                0x00002daa       0x22 c:/program files (x86)/atmel/studio/7.0/toolchain/avr8/avr8-gnu-toolchain/bin/../lib/gcc/avr/5.4.0/../../../../avr/lib/avrxmega3\libm.a(fp_round.o)
                0x00002daa                __fp_round
 .text.avr-libc.fplib
                0x00002dcc       0x44 c:/program files (x86)/atmel/studio/7.0/toolchain/avr8/avr8-gnu-toolchain/bin/../lib/gcc/avr/5.4.0/../../../../avr/lib/avrxmega3\libm.a(fp_split3.o)
                0x00002dcc                __fp_split3
                0x00002ddc                __fp_splitA
 .text.avr-libc.fplib
                0x00002e10        0xe c:/program files (x86)/atmel/studio/7.0/toolchain/avr8/avr8-gnu-toolchain/bin/../lib/gcc/avr/5.4.0/../../../../avr/lib/avrxmega3\libm.a(fp_zero.o)
                0x00002e10                __fp_zero
                0x00002e12                __fp_szero
 .text.avr-libc.fplib
                0x00002e1e        0xa c:/program files (x86)/atmel/studio/7.0/toolchain/avr8/avr8-gnu-toolchain/bin/../lib/gcc/avr/5.4.0/../../../../avr/lib/avrxmega3\libm.a(gesf2.o)
                0x00002e1e                __gesf2
                0x00002e1e                __gtsf2
 .text.avr-libc.fplib
                0x00002e28        0x8 c:/program files (x86)/atmel/studio/7.0/toolchain/avr8/avr8-gnu-toolchain/bin/../lib/gcc/avr/5.4.0/../../../../avr/lib/avrxmega3\libm.a(mulsf3.o)
                0x00002e28                __mulsf3
 .text.avr-libc.fplib
                0x00002e30       0xd2 c:/program files (x86)/atmel/studio/7.0/toolchain/avr8/avr8-gnu-toolchain/bin/../lib/gcc/avr/5.4.0/../../../../avr/lib/avrxmega3\libm.a(mulsf3x.o)
                0x00002e4e                __mulsf3x
                0x00002e54                __mulsf3_pse
 .text.avr-libc
                0x00002f02      0x6fa c:/program files (x86)/atmel/studio/7.0/toolchain/avr8/avr8-gnu-toolchain/bin/../lib/gcc/avr/5.4.0/../../../../avr/lib/avrxmega3\libprintf_flt.a(vfprintf_flt.o)
                0x00002f02                vfprintf
 .text.libgcc.div
                0x000035fc       0x28 c:/program files (x86)/atmel/studio/7.0/toolchain/avr8/avr8-gnu-toolchain/bin/../lib/gcc/avr/5.4.0/avrxmega3\libgcc.a(_divmodhi4.o)
                0x000035fc                _div
                0x000035fc                __divmodhi4
 .text.libgcc   0x00003624        0xc c:/program files (x86)/atmel/studio/7.0/toolchain/avr8/avr8-gnu-toolchain/bin/../lib/gcc/avr/5.4.0/avrxmega3\libgcc.a(_tablejump2.o)
                0x00003624                __tablejump2__
 .text.libgcc.prologue
                0x00003630       0x32 c:/program files (x86)/atmel/studio/7.0/toolchain/avr8/avr8-gnu-toolchain/bin/../lib/gcc/avr/5.4.0/avrxmega3\libgcc.a(_prologue.o)
                0x00003630                __prologue_saves__
 .text.libgcc.prologue
                0x00003662       0x30 c:/program files (x86)/atmel/studio/7.0/toolchain/avr8/avr8-gnu-toolchain/bin/../lib/gcc/avr/5.4.0/avrxmega3\libgcc.a(_epilogue.o)
                0x00003662                __epilogue_restores__
 .text.libgcc.div
                0x00003692       0x28 c:/program files (x86)/atmel/studio/7.0/toolchain/avr8/avr8-gnu-toolchain/bin/../lib/gcc/avr/5.4.0/avrxmega3\libgcc.a(_udivmodhi4.o)
                0x00003692                __udivmodhi4
 .text.avr-libc
                0x000036ba      0x1b0 c:/program files (x86)/atmel/studio/7.0/toolchain/avr8/avr8-gnu-toolchain/bin/../lib/gcc/avr/5.4.0/../../../../avr/lib/avrxmega3\libc.a(ftoa_engine.o)
                0x000036ba                __ftoa_engine
 .text.avr-libc
                0x0000386a       0x16 c:/program files (x86)/atmel/studio/7.0/toolchain/avr8/avr8-gnu-toolchain/bin/../lib/gcc/avr/5.4.0/../../../../avr/lib/avrxmega3\libc.a(strnlen_P.o)
                0x0000386a                strnlen_P
 .text.avr-libc
                0x00003880       0x16 c:/program files (x86)/atmel/studio/7.0/toolchain/avr8/avr8-gnu-toolchain/bin/../lib/gcc/avr/5.4.0/../../../../avr/lib/avrxmega3\libc.a(strcat.o)
                0x00003880                strcat
 .text.avr-libc
                0x00003896        0xe c:/program files (x86)/atmel/studio/7.0/toolchain/avr8/avr8-gnu-toolchain/bin/../lib/gcc/avr/5.4.0/../../../../avr/lib/avrxmega3\libc.a(strcpy.o)
                0x00003896                strcpy
 .text.avr-libc
                0x000038a4       0x16 c:/program files (x86)/atmel/studio/7.0/toolchain/avr8/avr8-gnu-toolchain/bin/../lib/gcc/avr/5.4.0/../../../../avr/lib/avrxmega3\libc.a(strnlen.o)
                0x000038a4                strnlen
 .text.avr-libc
                0x000038ba       0x78 c:/program files (x86)/atmel/studio/7.0/toolchain/avr8/avr8-gnu-toolchain/bin/../lib/gcc/avr/5.4.0/../../../../avr/lib/avrxmega3\libc.a(fputc.o)
                0x000038ba                fputc
 .text.avr-libc
                0x00003932       0x44 c:/program files (x86)/atmel/studio/7.0/toolchain/avr8/avr8-gnu-toolchain/bin/../lib/gcc/avr/5.4.0/../../../../avr/lib/avrxmega3\libc.a(sprintf.o)
                0x00003932                sprintf
 .text.avr-libc
                0x00003976       0xbc c:/program files (x86)/atmel/studio/7.0/toolchain/avr8/avr8-gnu-toolchain/bin/../lib/gcc/avr/5.4.0/../../../../avr/lib/avrxmega3\libc.a(ultoa_invert.o)
                0x00003976                __ultoa_invert
 .text.avr-libc
                0x00003a32        0x8 C:/Program Files (x86)/Atmel/Studio/7.0/Packs/atmel/ATmega_DFP/1.6.364/gcc/dev/atmega4809/avrxmega3\libatmega4809.a(eerd_block.o)
                0x00003a32                eeprom_read_block
 .text.avr-libc
                0x00003a3a       0x20 C:/Program Files (x86)/Atmel/Studio/7.0/Packs/atmel/ATmega_DFP/1.6.364/gcc/dev/atmega4809/avrxmega3\libatmega4809.a(eeupd_block.o)
                0x00003a3a                eeprom_update_block
 .text.avr-libc
                0x00003a5a       0x16 C:/Program Files (x86)/Atmel/Studio/7.0/Packs/atmel/ATmega_DFP/1.6.364/gcc/dev/atmega4809/avrxmega3\libatmega4809.a(eeupd_byte.o)
                0x00003a5a                eeprom_update_byte
                0x00003a5c                eeprom_update_r18
 .text.avr-libc
                0x00003a70       0x28 C:/Program Files (x86)/Atmel/Studio/7.0/Packs/atmel/ATmega_DFP/1.6.364/gcc/dev/atmega4809/avrxmega3\libatmega4809.a(eewr_byte.o)
                0x00003a70                eeprom_write_byte
                0x00003a72                eeprom_write_r18
 .text.avr-libc
                0x00003a98       0x10 C:/Program Files (x86)/Atmel/Studio/7.0/Packs/atmel/ATmega_DFP/1.6.364/gcc/dev/atmega4809/avrxmega3\libatmega4809.a(eerd_byte.o)
                0x00003a98                eeprom_read_byte
                0x00003aa0                eeprom_mapen
 .text.avr-libc
                0x00003aa8       0x12 c:/program files (x86)/atmel/studio/7.0/toolchain/avr8/avr8-gnu-toolchain/bin/../lib/gcc/avr/5.4.0/../../../../avr/lib/avrxmega3\libc.a(memcpy.o)
                0x00003aa8                memcpy
                0x00003aba                . = ALIGN (0x2)
 *(.fini9)
 .fini9         0x00003aba        0x0 c:/program files (x86)/atmel/studio/7.0/toolchain/avr8/avr8-gnu-toolchain/bin/../lib/gcc/avr/5.4.0/avrxmega3\libgcc.a(_exit.o)
                0x00003aba                _exit
                0x00003aba                exit
 *(.fini9)
 *(.fini8)
 *(.fini8)
 *(.fini7)
 *(.fini7)
 *(.fini6)
 *(.fini6)
 *(.fini5)
 *(.fini5)
 *(.fini4)
 *(.fini4)
 *(.fini3)
 *(.fini3)
 *(.fini2)
 *(.fini2)
 *(.fini1)
 *(.fini1)
 *(.fini0)
 .fini0         0x00003aba        0x4 c:/program files (x86)/atmel/studio/7.0/toolchain/avr8/avr8-gnu-toolchain/bin/../lib/gcc/avr/5.4.0/avrxmega3\libgcc.a(_exit.o)
 *(.fini0)
                0x00003abe                _etext = .

.rodata         0x00007abe      0x21e load address 0x00003abe
 *(.rodata)
 *(.rodata*)
 .rodata.str1.1
                0x00007abe        0xb commands.o
 .rodata.str1.1
                0x00007ac9       0x32 ds3231.o
 .rodata.str1.1
                0x00007afb        0xb eeprom.o
 .rodata.str1.1
                0x00007b06       0x11 initialize.o
 .rodata.str1.1
                0x00007b17       0x10 nmea.o
 .rodata.str1.1
                0x00007b27       0x11 oled.o
 .rodata.str1.1
                0x00007b38       0x29 pneu.o
 .rodata.str1.1
                0x00007b61      0x17b report.o
                                0x18c (size before relaxing)
 *(.gnu.linkonce.r*)

.data           0x00802800        0x2 load address 0x00003cdc
                0x00802800                PROVIDE (__data_start, .)
 *(.data)
 *(.data*)
 .data.rebootnack.3518
                0x00802800        0x1 commands.o
 *(.gnu.linkonce.d*)
                0x00802802                . = ALIGN (0x2)
 *fill*         0x00802801        0x1 
                0x00802802                _edata = .
                0x00802802                PROVIDE (__data_end, .)

.bss            0x00802802      0x52c
                0x00802802                PROVIDE (__bss_start, .)
 *(.bss)
 *(.bss*)
 .bss.cstack.3519
                0x00802802        0x1 commands.o
 *(COMMON)
 COMMON         0x00802803      0x208 main.o
                0x00802803                pcmd
 COMMON         0x00802a0b        0x4 oled.o
                0x00802a0b                timerOLED
                0x00802a0d                timeoutOLED
 COMMON         0x00802a0f        0x1 pneu.o
                0x00802a0f                pneuState
 COMMON         0x00802a10      0x31e usart.o
                0x00802a10                recv1_buf
                0x00802a95                recv0_buf
                0x00802b1a                send0_buf
                0x00802b9f                recv3_buf
                0x00802c24                send3_buf
                0x00802ca9                send1_buf
                0x00802d2e                PROVIDE (__bss_end, .)
                0x00003cdc                __data_load_start = LOADADDR (.data)
                0x00003cde                __data_load_end = (__data_load_start + SIZEOF (.data))

.noinit         0x00802d2e        0x0
                [!provide]                PROVIDE (__noinit_start, .)
 *(.noinit*)
                [!provide]                PROVIDE (__noinit_end, .)
                0x00802d2e                _end = .
                [!provide]                PROVIDE (__heap_start, .)

.eeprom         0x00810000        0x0
 *(.eeprom*)
                0x00810000                __eeprom_end = .

.fuse
 *(.fuse)
 *(.lfuse)
 *(.hfuse)
 *(.efuse)

.lock
 *(.lock*)

.signature
 *(.signature*)

.user_signatures
 *(.user_signatures*)

.stab
 *(.stab)

.stabstr
 *(.stabstr)

.stab.excl
 *(.stab.excl)

.stab.exclstr
 *(.stab.exclstr)

.stab.index
 *(.stab.index)

.stab.indexstr
 *(.stab.indexstr)

.comment        0x00000000       0x5c
 *(.comment)
 .comment       0x00000000       0x30 ad590.o
                                 0x31 (size before relaxing)
 .comment       0x00000030       0x31 ads1115.o
 .comment       0x00000030       0x31 beeper.o
 .comment       0x00000030       0x31 commands.o
 .comment       0x00000030       0x31 ds3231.o
 .comment       0x00000030       0x31 eeprom.o
 .comment       0x00000030       0x31 fram.o
 .comment       0x00000030       0x31 humidity.o
 .comment       0x00000030       0x31 initialize.o
 .comment       0x00000030       0x31 interrupts.o
 .comment       0x00000030       0x31 ionpump.o
 .comment       0x00000030       0x31 led.o
 .comment       0x00000030       0x31 main.o
 .comment       0x00000030       0x31 mcp23008.o
 .comment       0x00000030       0x31 mcp9808.o
 .comment       0x00000030       0x31 mma8451.o
 .comment       0x00000030       0x31 nmea.o
 .comment       0x00000030       0x31 oled.o
 .comment       0x00000030       0x31 pneu.o
 .comment       0x00000030       0x31 ports.o
 .comment       0x00000030       0x31 report.o
 .comment       0x00000030       0x31 rtc.o
 .comment       0x00000030       0x31 set.o
 .comment       0x00000030       0x31 specID.o
 .comment       0x00000030       0x31 temperature.o
 .comment       0x00000030       0x31 twi.o
 .comment       0x00000030       0x31 usart.o
 .comment       0x00000030       0x31 wdt.o
 .comment       0x00000030       0x2c c:/program files (x86)/atmel/studio/7.0/toolchain/avr8/avr8-gnu-toolchain/bin/../lib/gcc/avr/5.4.0/../../../../avr/lib/avrxmega3\libprintf_flt.a(vfprintf_flt.o)
                                 0x2d (size before relaxing)
 .comment       0x0000005c       0x31 c:/program files (x86)/atmel/studio/7.0/toolchain/avr8/avr8-gnu-toolchain/bin/../lib/gcc/avr/5.4.0/../../../../avr/lib/avrxmega3\libc.a(fputc.o)
 .comment       0x0000005c       0x31 c:/program files (x86)/atmel/studio/7.0/toolchain/avr8/avr8-gnu-toolchain/bin/../lib/gcc/avr/5.4.0/../../../../avr/lib/avrxmega3\libc.a(sprintf.o)

.note.gnu.avr.deviceinfo
                0x00000000       0x40
 .note.gnu.avr.deviceinfo
                0x00000000       0x40 C:/Program Files (x86)/Atmel/Studio/7.0/Packs/atmel/ATmega_DFP/1.6.364/gcc/dev/atmega4809/avrxmega3/crtatmega4809.o

.note.gnu.build-id
 *(.note.gnu.build-id)

.debug
 *(.debug)

.line
 *(.line)

.debug_srcinfo
 *(.debug_srcinfo)

.debug_sfnames
 *(.debug_sfnames)

.debug_aranges  0x00000000      0x560
 *(.debug_aranges)
 .debug_aranges
                0x00000000       0x20 ad590.o
 .debug_aranges
                0x00000020       0x20 ads1115.o
 .debug_aranges
                0x00000040       0x20 beeper.o
 .debug_aranges
                0x00000060       0x40 commands.o
 .debug_aranges
                0x000000a0       0x48 ds3231.o
 .debug_aranges
                0x000000e8       0x40 eeprom.o
 .debug_aranges
                0x00000128       0x28 fram.o
 .debug_aranges
                0x00000150       0x20 humidity.o
 .debug_aranges
                0x00000170       0x20 initialize.o
 .debug_aranges
                0x00000190       0x20 interrupts.o
 .debug_aranges
                0x000001b0       0x20 ionpump.o
 .debug_aranges
                0x000001d0       0x20 led.o
 .debug_aranges
                0x000001f0       0x20 main.o
 .debug_aranges
                0x00000210       0x28 mcp23008.o
 .debug_aranges
                0x00000238       0x20 mcp9808.o
 .debug_aranges
                0x00000258       0x38 mma8451.o
 .debug_aranges
                0x00000290       0x28 nmea.o
 .debug_aranges
                0x000002b8       0x38 oled.o
 .debug_aranges
                0x000002f0       0x48 pneu.o
 .debug_aranges
                0x00000338       0x20 ports.o
 .debug_aranges
                0x00000358       0x20 report.o
 .debug_aranges
                0x00000378       0x28 rtc.o
 .debug_aranges
                0x000003a0       0x20 set.o
 .debug_aranges
                0x000003c0       0x20 specID.o
 .debug_aranges
                0x000003e0       0x20 temperature.o
 .debug_aranges
                0x00000400       0x48 twi.o
 .debug_aranges
                0x00000448       0x58 usart.o
 .debug_aranges
                0x000004a0       0x20 wdt.o
 .debug_aranges
                0x000004c0       0x20 C:/Program Files (x86)/Atmel/Studio/7.0/Packs/atmel/ATmega_DFP/1.6.364/gcc/dev/atmega4809/avrxmega3\libatmega4809.a(eerd_block.o)
 .debug_aranges
                0x000004e0       0x20 C:/Program Files (x86)/Atmel/Studio/7.0/Packs/atmel/ATmega_DFP/1.6.364/gcc/dev/atmega4809/avrxmega3\libatmega4809.a(eeupd_block.o)
 .debug_aranges
                0x00000500       0x20 C:/Program Files (x86)/Atmel/Studio/7.0/Packs/atmel/ATmega_DFP/1.6.364/gcc/dev/atmega4809/avrxmega3\libatmega4809.a(eeupd_byte.o)
 .debug_aranges
                0x00000520       0x20 C:/Program Files (x86)/Atmel/Studio/7.0/Packs/atmel/ATmega_DFP/1.6.364/gcc/dev/atmega4809/avrxmega3\libatmega4809.a(eewr_byte.o)
 .debug_aranges
                0x00000540       0x20 C:/Program Files (x86)/Atmel/Studio/7.0/Packs/atmel/ATmega_DFP/1.6.364/gcc/dev/atmega4809/avrxmega3\libatmega4809.a(eerd_byte.o)

.debug_pubnames
 *(.debug_pubnames)

.debug_info     0x00000000     0x8e19
 *(.debug_info .gnu.linkonce.wi.*)
 .debug_info    0x00000000     0x248a C:/Program Files (x86)/Atmel/Studio/7.0/Packs/atmel/ATmega_DFP/1.6.364/gcc/dev/atmega4809/avrxmega3/crtatmega4809.o
 .debug_info    0x0000248a      0x214 ad590.o
 .debug_info    0x0000269e      0x347 ads1115.o
 .debug_info    0x000029e5      0x21f beeper.o
 .debug_info    0x00002c04      0x8d7 commands.o
 .debug_info    0x000034db      0x459 ds3231.o
 .debug_info    0x00003934      0x24f eeprom.o
 .debug_info    0x00003b83      0x2c0 fram.o
 .debug_info    0x00003e43      0x14b humidity.o
 .debug_info    0x00003f8e      0x427 initialize.o
 .debug_info    0x000043b5      0x23a interrupts.o
 .debug_info    0x000045ef      0x105 ionpump.o
 .debug_info    0x000046f4      0x21f led.o
 .debug_info    0x00004913      0x1e4 main.o
 .debug_info    0x00004af7      0x214 mcp23008.o
 .debug_info    0x00004d0b      0x17e mcp9808.o
 .debug_info    0x00004e89      0x43d mma8451.o
 .debug_info    0x000052c6      0x339 nmea.o
 .debug_info    0x000055ff      0x987 oled.o
 .debug_info    0x00005f86      0x78b pneu.o
 .debug_info    0x00006711      0x255 ports.o
 .debug_info    0x00006966      0xc5f report.o
 .debug_info    0x000075c5      0x6b6 rtc.o
 .debug_info    0x00007c7b      0x19e set.o
 .debug_info    0x00007e19      0x21f specID.o
 .debug_info    0x00008038       0xeb temperature.o
 .debug_info    0x00008123      0x304 twi.o
 .debug_info    0x00008427      0x582 usart.o
 .debug_info    0x000089a9      0x151 wdt.o
 .debug_info    0x00008afa       0xa0 C:/Program Files (x86)/Atmel/Studio/7.0/Packs/atmel/ATmega_DFP/1.6.364/gcc/dev/atmega4809/avrxmega3\libatmega4809.a(eerd_block.o)
 .debug_info    0x00008b9a       0xa1 C:/Program Files (x86)/Atmel/Studio/7.0/Packs/atmel/ATmega_DFP/1.6.364/gcc/dev/atmega4809/avrxmega3\libatmega4809.a(eeupd_block.o)
 .debug_info    0x00008c3b       0xa0 C:/Program Files (x86)/Atmel/Studio/7.0/Packs/atmel/ATmega_DFP/1.6.364/gcc/dev/atmega4809/avrxmega3\libatmega4809.a(eeupd_byte.o)
 .debug_info    0x00008cdb       0x9f C:/Program Files (x86)/Atmel/Studio/7.0/Packs/atmel/ATmega_DFP/1.6.364/gcc/dev/atmega4809/avrxmega3\libatmega4809.a(eewr_byte.o)
 .debug_info    0x00008d7a       0x9f C:/Program Files (x86)/Atmel/Studio/7.0/Packs/atmel/ATmega_DFP/1.6.364/gcc/dev/atmega4809/avrxmega3\libatmega4809.a(eerd_byte.o)

.debug_abbrev   0x00000000     0x4006
 *(.debug_abbrev)
 .debug_abbrev  0x00000000     0x2296 C:/Program Files (x86)/Atmel/Studio/7.0/Packs/atmel/ATmega_DFP/1.6.364/gcc/dev/atmega4809/avrxmega3/crtatmega4809.o
 .debug_abbrev  0x00002296      0x120 ad590.o
 .debug_abbrev  0x000023b6      0x111 ads1115.o
 .debug_abbrev  0x000024c7       0xa4 beeper.o
 .debug_abbrev  0x0000256b      0x226 commands.o
 .debug_abbrev  0x00002791      0x142 ds3231.o
 .debug_abbrev  0x000028d3       0xda eeprom.o
 .debug_abbrev  0x000029ad       0xd0 fram.o
 .debug_abbrev  0x00002a7d       0xa9 humidity.o
 .debug_abbrev  0x00002b26      0x121 initialize.o
 .debug_abbrev  0x00002c47       0xc3 interrupts.o
 .debug_abbrev  0x00002d0a       0x9c ionpump.o
 .debug_abbrev  0x00002da6       0xa4 led.o
 .debug_abbrev  0x00002e4a       0xdb main.o
 .debug_abbrev  0x00002f25       0xc7 mcp23008.o
 .debug_abbrev  0x00002fec       0x9a mcp9808.o
 .debug_abbrev  0x00003086      0x127 mma8451.o
 .debug_abbrev  0x000031ad      0x145 nmea.o
 .debug_abbrev  0x000032f2      0x1cd oled.o
 .debug_abbrev  0x000034bf      0x1c2 pneu.o
 .debug_abbrev  0x00003681       0xbe ports.o
 .debug_abbrev  0x0000373f      0x189 report.o
 .debug_abbrev  0x000038c8      0x176 rtc.o
 .debug_abbrev  0x00003a3e       0xf7 set.o
 .debug_abbrev  0x00003b35       0xa4 specID.o
 .debug_abbrev  0x00003bd9       0x90 temperature.o
 .debug_abbrev  0x00003c69      0x112 twi.o
 .debug_abbrev  0x00003d7b      0x18a usart.o
 .debug_abbrev  0x00003f05       0x9d wdt.o
 .debug_abbrev  0x00003fa2       0x14 C:/Program Files (x86)/Atmel/Studio/7.0/Packs/atmel/ATmega_DFP/1.6.364/gcc/dev/atmega4809/avrxmega3\libatmega4809.a(eerd_block.o)
 .debug_abbrev  0x00003fb6       0x14 C:/Program Files (x86)/Atmel/Studio/7.0/Packs/atmel/ATmega_DFP/1.6.364/gcc/dev/atmega4809/avrxmega3\libatmega4809.a(eeupd_block.o)
 .debug_abbrev  0x00003fca       0x14 C:/Program Files (x86)/Atmel/Studio/7.0/Packs/atmel/ATmega_DFP/1.6.364/gcc/dev/atmega4809/avrxmega3\libatmega4809.a(eeupd_byte.o)
 .debug_abbrev  0x00003fde       0x14 C:/Program Files (x86)/Atmel/Studio/7.0/Packs/atmel/ATmega_DFP/1.6.364/gcc/dev/atmega4809/avrxmega3\libatmega4809.a(eewr_byte.o)
 .debug_abbrev  0x00003ff2       0x14 C:/Program Files (x86)/Atmel/Studio/7.0/Packs/atmel/ATmega_DFP/1.6.364/gcc/dev/atmega4809/avrxmega3\libatmega4809.a(eerd_byte.o)

.debug_line     0x00000000     0x37f4
 *(.debug_line .debug_line.* .debug_line_end)
 .debug_line    0x00000000      0x187 C:/Program Files (x86)/Atmel/Studio/7.0/Packs/atmel/ATmega_DFP/1.6.364/gcc/dev/atmega4809/avrxmega3/crtatmega4809.o
 .debug_line    0x00000187      0x181 ad590.o
 .debug_line    0x00000308      0x23e ads1115.o
 .debug_line    0x00000546      0x10d beeper.o
 .debug_line    0x00000653      0x481 commands.o
 .debug_line    0x00000ad4      0x26d ds3231.o
 .debug_line    0x00000d41      0x12a eeprom.o
 .debug_line    0x00000e6b      0x151 fram.o
 .debug_line    0x00000fbc      0x106 humidity.o
 .debug_line    0x000010c2      0x188 initialize.o
 .debug_line    0x0000124a      0x124 interrupts.o
 .debug_line    0x0000136e       0xf9 ionpump.o
 .debug_line    0x00001467      0x104 led.o
 .debug_line    0x0000156b       0xc6 main.o
 .debug_line    0x00001631      0x129 mcp23008.o
 .debug_line    0x0000175a       0xf3 mcp9808.o
 .debug_line    0x0000184d      0x219 mma8451.o
 .debug_line    0x00001a66      0x196 nmea.o
 .debug_line    0x00001bfc      0x368 oled.o
 .debug_line    0x00001f64      0x38a pneu.o
 .debug_line    0x000022ee      0x1f2 ports.o
 .debug_line    0x000024e0      0x47a report.o
 .debug_line    0x0000295a      0x1d8 rtc.o
 .debug_line    0x00002b32       0xdd set.o
 .debug_line    0x00002c0f      0x107 specID.o
 .debug_line    0x00002d16       0xd9 temperature.o
 .debug_line    0x00002def      0x244 twi.o
 .debug_line    0x00003033      0x401 usart.o
 .debug_line    0x00003434      0x104 wdt.o
 .debug_line    0x00003538       0x5d C:/Program Files (x86)/Atmel/Studio/7.0/Packs/atmel/ATmega_DFP/1.6.364/gcc/dev/atmega4809/avrxmega3\libatmega4809.a(eerd_block.o)
 .debug_line    0x00003595       0xa5 C:/Program Files (x86)/Atmel/Studio/7.0/Packs/atmel/ATmega_DFP/1.6.364/gcc/dev/atmega4809/avrxmega3\libatmega4809.a(eeupd_block.o)
 .debug_line    0x0000363a       0x80 C:/Program Files (x86)/Atmel/Studio/7.0/Packs/atmel/ATmega_DFP/1.6.364/gcc/dev/atmega4809/avrxmega3\libatmega4809.a(eeupd_byte.o)
 .debug_line    0x000036ba       0xc1 C:/Program Files (x86)/Atmel/Studio/7.0/Packs/atmel/ATmega_DFP/1.6.364/gcc/dev/atmega4809/avrxmega3\libatmega4809.a(eewr_byte.o)
 .debug_line    0x0000377b       0x79 C:/Program Files (x86)/Atmel/Studio/7.0/Packs/atmel/ATmega_DFP/1.6.364/gcc/dev/atmega4809/avrxmega3\libatmega4809.a(eerd_byte.o)

.debug_frame    0x00000000      0xc20
 *(.debug_frame)
 .debug_frame   0x00000000       0x40 ad590.o
 .debug_frame   0x00000040       0x4c ads1115.o
 .debug_frame   0x0000008c       0x24 beeper.o
 .debug_frame   0x000000b0       0xcc commands.o
 .debug_frame   0x0000017c      0x110 ds3231.o
 .debug_frame   0x0000028c       0x84 eeprom.o
 .debug_frame   0x00000310       0x74 fram.o
 .debug_frame   0x00000384       0x4c humidity.o
 .debug_frame   0x000003d0       0x34 initialize.o
 .debug_frame   0x00000404       0x6c interrupts.o
 .debug_frame   0x00000470       0x38 ionpump.o
 .debug_frame   0x000004a8       0x24 led.o
 .debug_frame   0x000004cc       0x24 main.o
 .debug_frame   0x000004f0       0x50 mcp23008.o
 .debug_frame   0x00000540       0x48 mcp9808.o
 .debug_frame   0x00000588       0xc4 mma8451.o
 .debug_frame   0x0000064c       0x74 nmea.o
 .debug_frame   0x000006c0       0xa4 oled.o
 .debug_frame   0x00000764      0x110 pneu.o
 .debug_frame   0x00000874       0x24 ports.o
 .debug_frame   0x00000898       0x88 report.o
 .debug_frame   0x00000920       0x7c rtc.o
 .debug_frame   0x0000099c       0x30 set.o
 .debug_frame   0x000009cc       0x24 specID.o
 .debug_frame   0x000009f0       0x24 temperature.o
 .debug_frame   0x00000a14       0x74 twi.o
 .debug_frame   0x00000a88      0x174 usart.o
 .debug_frame   0x00000bfc       0x24 wdt.o

.debug_str      0x00000000     0x205c
 *(.debug_str)
 .debug_str     0x00000000      0xf85 C:/Program Files (x86)/Atmel/Studio/7.0/Packs/atmel/ATmega_DFP/1.6.364/gcc/dev/atmega4809/avrxmega3/crtatmega4809.o
 .debug_str     0x00000f85      0x1da ad590.o
                                0x21f (size before relaxing)
 .debug_str     0x0000115f       0x8b ads1115.o
                                0x279 (size before relaxing)
 .debug_str     0x000011ea       0xca beeper.o
                                0x246 (size before relaxing)
 .debug_str     0x000012b4      0x16a commands.o
                                0x3de (size before relaxing)
 .debug_str     0x0000141e       0x90 ds3231.o
                                0x24a (size before relaxing)
 .debug_str     0x000014ae       0x89 eeprom.o
                                0x1fd (size before relaxing)
 .debug_str     0x00001537       0x38 fram.o
                                0x1fa (size before relaxing)
 .debug_str     0x0000156f       0x34 humidity.o
                                0x1d6 (size before relaxing)
 .debug_str     0x000015a3      0x119 initialize.o
                                0x387 (size before relaxing)
 .debug_str     0x000016bc       0x1e interrupts.o
                                0x251 (size before relaxing)
 .debug_str     0x000016da       0x2a ionpump.o
                                0x1bd (size before relaxing)
 .debug_str     0x00001704        0xb led.o
                                0x240 (size before relaxing)
 .debug_str     0x0000170f       0x11 main.o
                                0x1f0 (size before relaxing)
 .debug_str     0x00001720       0x1e mcp23008.o
                                0x1d6 (size before relaxing)
 .debug_str     0x0000173e       0x21 mcp9808.o
                                0x1ea (size before relaxing)
 .debug_str     0x0000175f       0x41 mma8451.o
                                0x215 (size before relaxing)
 .debug_str     0x000017a0       0x3e nmea.o
                                0x28b (size before relaxing)
 .debug_str     0x000017de       0x5b oled.o
                                0x336 (size before relaxing)
 .debug_str     0x00001839       0xad pneu.o
                                0x3d1 (size before relaxing)
 .debug_str     0x000018e6        0xd ports.o
                                0x2d2 (size before relaxing)
 .debug_str     0x000018f3       0x84 report.o
                                0x3da (size before relaxing)
 .debug_str     0x00001977      0x343 rtc.o
                                0x5cb (size before relaxing)
 .debug_str     0x00001cba        0xb set.o
                                0x1c4 (size before relaxing)
 .debug_str     0x00001cc5        0xe specID.o
                                0x246 (size before relaxing)
 .debug_str     0x00001cd3       0x13 temperature.o
                                0x1c7 (size before relaxing)
 .debug_str     0x00001ce6      0x16d twi.o
                                0x352 (size before relaxing)
 .debug_str     0x00001e53       0xed usart.o
                                0x39e (size before relaxing)
 .debug_str     0x00001f40      0x11c wdt.o
                                0x2d0 (size before relaxing)

.debug_loc      0x00000000     0x340c
 *(.debug_loc)
 .debug_loc     0x00000000      0x133 ad590.o
 .debug_loc     0x00000133      0x338 ads1115.o
 .debug_loc     0x0000046b      0x499 commands.o
 .debug_loc     0x00000904      0x5da ds3231.o
 .debug_loc     0x00000ede       0xda eeprom.o
 .debug_loc     0x00000fb8      0x325 fram.o
 .debug_loc     0x000012dd      0x1b7 humidity.o
 .debug_loc     0x00001494       0x47 initialize.o
 .debug_loc     0x000014db       0xcb interrupts.o
 .debug_loc     0x000015a6       0xe8 ionpump.o
 .debug_loc     0x0000168e      0x1af mcp23008.o
 .debug_loc     0x0000183d      0x123 mcp9808.o
 .debug_loc     0x00001960      0x484 mma8451.o
 .debug_loc     0x00001de4      0x176 nmea.o
 .debug_loc     0x00001f5a      0x339 oled.o
 .debug_loc     0x00002293      0x6e6 pneu.o
 .debug_loc     0x00002979      0x3ac report.o
 .debug_loc     0x00002d25      0x135 rtc.o
 .debug_loc     0x00002e5a       0xac set.o
 .debug_loc     0x00002f06       0x8f temperature.o
 .debug_loc     0x00002f95       0x4b twi.o
 .debug_loc     0x00002fe0      0x42c usart.o

.debug_macinfo
 *(.debug_macinfo)

.debug_weaknames
 *(.debug_weaknames)

.debug_funcnames
 *(.debug_funcnames)

.debug_typenames
 *(.debug_typenames)

.debug_varnames
 *(.debug_varnames)

.debug_pubtypes
 *(.debug_pubtypes)

.debug_ranges   0x00000000      0x300
 *(.debug_ranges)
 .debug_ranges  0x00000000       0x10 ad590.o
 .debug_ranges  0x00000010       0x10 ads1115.o
 .debug_ranges  0x00000020       0x10 beeper.o
 .debug_ranges  0x00000030       0x30 commands.o
 .debug_ranges  0x00000060       0x38 ds3231.o
 .debug_ranges  0x00000098       0x30 eeprom.o
 .debug_ranges  0x000000c8       0x18 fram.o
 .debug_ranges  0x000000e0       0x10 humidity.o
 .debug_ranges  0x000000f0       0x10 initialize.o
 .debug_ranges  0x00000100       0x10 interrupts.o
 .debug_ranges  0x00000110       0x10 ionpump.o
 .debug_ranges  0x00000120       0x10 led.o
 .debug_ranges  0x00000130       0x10 main.o
 .debug_ranges  0x00000140       0x18 mcp23008.o
 .debug_ranges  0x00000158       0x10 mcp9808.o
 .debug_ranges  0x00000168       0x28 mma8451.o
 .debug_ranges  0x00000190       0x18 nmea.o
 .debug_ranges  0x000001a8       0x28 oled.o
 .debug_ranges  0x000001d0       0x38 pneu.o
 .debug_ranges  0x00000208       0x10 ports.o
 .debug_ranges  0x00000218       0x10 report.o
 .debug_ranges  0x00000228       0x18 rtc.o
 .debug_ranges  0x00000240       0x10 set.o
 .debug_ranges  0x00000250       0x10 specID.o
 .debug_ranges  0x00000260       0x10 temperature.o
 .debug_ranges  0x00000270       0x38 twi.o
 .debug_ranges  0x000002a8       0x48 usart.o
 .debug_ranges  0x000002f0       0x10 wdt.o

.debug_macro
 *(.debug_macro)
OUTPUT(specMech.elf elf32-avr)
LOAD linker stubs
