Archive member included to satisfy reference by file (symbol)

c:/program files (x86)/atmel/studio/7.0/toolchain/avr8/avr8-gnu-toolchain/bin/../lib/gcc/avr/5.4.0/../../../../avr/lib/avrxmega3\libm.a(addsf3.o)
                              ad590.o (__subsf3)
c:/program files (x86)/atmel/studio/7.0/toolchain/avr8/avr8-gnu-toolchain/bin/../lib/gcc/avr/5.4.0/../../../../avr/lib/avrxmega3\libm.a(addsf3x.o)
                              c:/program files (x86)/atmel/studio/7.0/toolchain/avr8/avr8-gnu-toolchain/bin/../lib/gcc/avr/5.4.0/../../../../avr/lib/avrxmega3\libm.a(addsf3.o) (__addsf3x)
c:/program files (x86)/atmel/studio/7.0/toolchain/avr8/avr8-gnu-toolchain/bin/../lib/gcc/avr/5.4.0/../../../../avr/lib/avrxmega3\libm.a(cmpsf2.o)
                              ionpump.o (__ltsf2)
c:/program files (x86)/atmel/studio/7.0/toolchain/avr8/avr8-gnu-toolchain/bin/../lib/gcc/avr/5.4.0/../../../../avr/lib/avrxmega3\libm.a(divsf3.o)
                              humidity.o (__divsf3)
c:/program files (x86)/atmel/studio/7.0/toolchain/avr8/avr8-gnu-toolchain/bin/../lib/gcc/avr/5.4.0/../../../../avr/lib/avrxmega3\libm.a(divsf3x.o)
                              c:/program files (x86)/atmel/studio/7.0/toolchain/avr8/avr8-gnu-toolchain/bin/../lib/gcc/avr/5.4.0/../../../../avr/lib/avrxmega3\libm.a(divsf3.o) (__divsf3x)
c:/program files (x86)/atmel/studio/7.0/toolchain/avr8/avr8-gnu-toolchain/bin/../lib/gcc/avr/5.4.0/../../../../avr/lib/avrxmega3\libm.a(floatsisf.o)
                              ads1115.o (__floatunsisf)
c:/program files (x86)/atmel/studio/7.0/toolchain/avr8/avr8-gnu-toolchain/bin/../lib/gcc/avr/5.4.0/../../../../avr/lib/avrxmega3\libm.a(fp_cmp.o)
                              c:/program files (x86)/atmel/studio/7.0/toolchain/avr8/avr8-gnu-toolchain/bin/../lib/gcc/avr/5.4.0/../../../../avr/lib/avrxmega3\libm.a(cmpsf2.o) (__fp_cmp)
c:/program files (x86)/atmel/studio/7.0/toolchain/avr8/avr8-gnu-toolchain/bin/../lib/gcc/avr/5.4.0/../../../../avr/lib/avrxmega3\libm.a(fp_inf.o)
                              c:/program files (x86)/atmel/studio/7.0/toolchain/avr8/avr8-gnu-toolchain/bin/../lib/gcc/avr/5.4.0/../../../../avr/lib/avrxmega3\libm.a(addsf3x.o) (__fp_inf)
c:/program files (x86)/atmel/studio/7.0/toolchain/avr8/avr8-gnu-toolchain/bin/../lib/gcc/avr/5.4.0/../../../../avr/lib/avrxmega3\libm.a(fp_nan.o)
                              c:/program files (x86)/atmel/studio/7.0/toolchain/avr8/avr8-gnu-toolchain/bin/../lib/gcc/avr/5.4.0/../../../../avr/lib/avrxmega3\libm.a(addsf3x.o) (__fp_nan)
c:/program files (x86)/atmel/studio/7.0/toolchain/avr8/avr8-gnu-toolchain/bin/../lib/gcc/avr/5.4.0/../../../../avr/lib/avrxmega3\libm.a(fp_pscA.o)
                              c:/program files (x86)/atmel/studio/7.0/toolchain/avr8/avr8-gnu-toolchain/bin/../lib/gcc/avr/5.4.0/../../../../avr/lib/avrxmega3\libm.a(addsf3x.o) (__fp_pscA)
c:/program files (x86)/atmel/studio/7.0/toolchain/avr8/avr8-gnu-toolchain/bin/../lib/gcc/avr/5.4.0/../../../../avr/lib/avrxmega3\libm.a(fp_pscB.o)
                              c:/program files (x86)/atmel/studio/7.0/toolchain/avr8/avr8-gnu-toolchain/bin/../lib/gcc/avr/5.4.0/../../../../avr/lib/avrxmega3\libm.a(addsf3x.o) (__fp_pscB)
c:/program files (x86)/atmel/studio/7.0/toolchain/avr8/avr8-gnu-toolchain/bin/../lib/gcc/avr/5.4.0/../../../../avr/lib/avrxmega3\libm.a(fp_round.o)
                              c:/program files (x86)/atmel/studio/7.0/toolchain/avr8/avr8-gnu-toolchain/bin/../lib/gcc/avr/5.4.0/../../../../avr/lib/avrxmega3\libm.a(addsf3.o) (__fp_round)
c:/program files (x86)/atmel/studio/7.0/toolchain/avr8/avr8-gnu-toolchain/bin/../lib/gcc/avr/5.4.0/../../../../avr/lib/avrxmega3\libm.a(fp_split3.o)
                              c:/program files (x86)/atmel/studio/7.0/toolchain/avr8/avr8-gnu-toolchain/bin/../lib/gcc/avr/5.4.0/../../../../avr/lib/avrxmega3\libm.a(addsf3x.o) (__fp_split3)
c:/program files (x86)/atmel/studio/7.0/toolchain/avr8/avr8-gnu-toolchain/bin/../lib/gcc/avr/5.4.0/../../../../avr/lib/avrxmega3\libm.a(fp_zero.o)
                              c:/program files (x86)/atmel/studio/7.0/toolchain/avr8/avr8-gnu-toolchain/bin/../lib/gcc/avr/5.4.0/../../../../avr/lib/avrxmega3\libm.a(addsf3x.o) (__fp_zero)
c:/program files (x86)/atmel/studio/7.0/toolchain/avr8/avr8-gnu-toolchain/bin/../lib/gcc/avr/5.4.0/../../../../avr/lib/avrxmega3\libm.a(gesf2.o)
                              ionpump.o (__gtsf2)
c:/program files (x86)/atmel/studio/7.0/toolchain/avr8/avr8-gnu-toolchain/bin/../lib/gcc/avr/5.4.0/../../../../avr/lib/avrxmega3\libm.a(mulsf3.o)
                              ad590.o (__mulsf3)
c:/program files (x86)/atmel/studio/7.0/toolchain/avr8/avr8-gnu-toolchain/bin/../lib/gcc/avr/5.4.0/../../../../avr/lib/avrxmega3\libm.a(mulsf3x.o)
                              c:/program files (x86)/atmel/studio/7.0/toolchain/avr8/avr8-gnu-toolchain/bin/../lib/gcc/avr/5.4.0/../../../../avr/lib/avrxmega3\libm.a(mulsf3.o) (__mulsf3x)
[...]
Memory Configuration

Name             Origin             Length             Attributes
text             0x00000000         0x0000c000         xr
data             0x00802800         0x00001800         rw !x
eeprom           0x00810000         0x00000100         rw !x
fuse             0x00820000         0x0000000a         rw !x
lock             0x00830000         0x00000400         rw !x
signature        0x00840000         0x00000400         rw !x
user_signatures  0x00850000         0x00000400         rw !x
*default*        0x00000000         0xffffffff

Linker script and memory map

Address of section .data set to 0x802800
                0x00004000                __RODATA_PM_OFFSET__ = 0x4000
LOAD C:/Program Files (x86)/Atmel/Studio/7.0/Packs/atmel/ATmega_DFP/1.6.364/gcc/dev/atmega4809/avrxmega3/crtatmega4809.o
LOAD ad590.o
LOAD ads1115.o
LOAD beeper.o
LOAD commands.o
LOAD ds3231.o
LOAD eeprom.o
LOAD fram.o
LOAD humidity.o
LOAD initialize.o
LOAD interrupts.o
LOAD ionpump.o
LOAD led.o
LOAD main.o
LOAD mcp23008.o
LOAD mcp9808.o
LOAD mma8451.o
LOAD nmea.o
LOAD oled.o
LOAD pneu.o
LOAD ports.o
LOAD report.o
LOAD roboclaw.o
LOAD rtc.o
LOAD set.o
LOAD specID.o
LOAD temperature.o
LOAD testroutine.o
LOAD timers.o
LOAD twi.o
LOAD usart.o
LOAD wdt.o
LOAD xport.o
START GROUP
LOAD c:/program files (x86)/atmel/studio/7.0/toolchain/avr8/avr8-gnu-toolchain/bin/../lib/gcc/avr/5.4.0/../../../../avr/lib/avrxmega3\libm.a
END GROUP
LOAD c:/program files (x86)/atmel/studio/7.0/toolchain/avr8/avr8-gnu-toolchain/bin/../lib/gcc/avr/5.4.0/../../../../avr/lib/avrxmega3\libprintf_flt.a
START GROUP
LOAD c:/program files (x86)/atmel/studio/7.0/toolchain/avr8/avr8-gnu-toolchain/bin/../lib/gcc/avr/5.4.0/avrxmega3\libgcc.a
LOAD c:/program files (x86)/atmel/studio/7.0/toolchain/avr8/avr8-gnu-toolchain/bin/../lib/gcc/avr/5.4.0/../../../../avr/lib/avrxmega3\libm.a
LOAD c:/program files (x86)/atmel/studio/7.0/toolchain/avr8/avr8-gnu-toolchain/bin/../lib/gcc/avr/5.4.0/../../../../avr/lib/avrxmega3\libc.a
LOAD C:/Program Files (x86)/Atmel/Studio/7.0/Packs/atmel/ATmega_DFP/1.6.364/gcc/dev/atmega4809/avrxmega3\libatmega4809.a
END GROUP
                [0x00000000]                __TEXT_REGION_ORIGIN__ = DEFINED (__TEXT_REGION_ORIGIN__)?__TEXT_REGION_ORIGIN__:0x0
                [0x00802800]                __DATA_REGION_ORIGIN__ = DEFINED (__DATA_REGION_ORIGIN__)?__DATA_REGION_ORIGIN__:0x802000
                [0x0000c000]                __TEXT_REGION_LENGTH__ = DEFINED (__TEXT_REGION_LENGTH__)?__TEXT_REGION_LENGTH__:0x100000
                [0x00001800]                __DATA_REGION_LENGTH__ = DEFINED (__DATA_REGION_LENGTH__)?__DATA_REGION_LENGTH__:0xffa0
                [0x00000100]                __EEPROM_REGION_LENGTH__ = DEFINED (__EEPROM_REGION_LENGTH__)?__EEPROM_REGION_LENGTH__:0x10000
                [0x0000000a]                __FUSE_REGION_LENGTH__ = DEFINED (__FUSE_REGION_LENGTH__)?__FUSE_REGION_LENGTH__:0x400
                0x00000400                __LOCK_REGION_LENGTH__ = DEFINED (__LOCK_REGION_LENGTH__)?__LOCK_REGION_LENGTH__:0x400
                0x00000400                __SIGNATURE_REGION_LENGTH__ = DEFINED (__SIGNATURE_REGION_LENGTH__)?__SIGNATURE_REGION_LENGTH__:0x400
                0x00000400                __USER_SIGNATURE_REGION_LENGTH__ = DEFINED (__USER_SIGNATURE_REGION_LENGTH__)?__USER_SIGNATURE_REGION_LENGTH__:0x400
                0x00008000                __RODATA_PM_OFFSET__ = DEFINED (__RODATA_PM_OFFSET__)?__RODATA_PM_OFFSET__:0x8000

.hash
 *(.hash)

.dynsym
 *(.dynsym)

.dynstr
 *(.dynstr)

.gnu.version
 *(.gnu.version)

.gnu.version_d
 *(.gnu.version_d)

.gnu.version_r
 *(.gnu.version_r)

.rel.init
 *(.rel.init)

.rela.init
 *(.rela.init)

.rel.text
 *(.rel.text)
 *(.rel.text.*)
 *(.rel.gnu.linkonce.t*)

.rela.text
 *(.rela.text)
 *(.rela.text.*)
 *(.rela.gnu.linkonce.t*)

.rel.fini
 *(.rel.fini)

.rela.fini
 *(.rela.fini)

.rel.rodata
 *(.rel.rodata)
 *(.rel.rodata.*)
 *(.rel.gnu.linkonce.r*)

.rela.rodata
 *(.rela.rodata)
 *(.rela.rodata.*)
 *(.rela.gnu.linkonce.r*)

.rel.data
 *(.rel.data)
 *(.rel.data.*)
 *(.rel.gnu.linkonce.d*)

.rela.data
 *(.rela.data)
 *(.rela.data.*)
 *(.rela.gnu.linkonce.d*)

.rel.ctors
 *(.rel.ctors)

.rela.ctors
 *(.rela.ctors)

.rel.dtors
 *(.rel.dtors)

.rela.dtors
 *(.rela.dtors)

.rel.got
 *(.rel.got)

.rela.got
 *(.rela.got)

.rel.bss
 *(.rel.bss)

.rela.bss
 *(.rela.bss)

.rel.plt
 *(.rel.plt)

.rela.plt
 *(.rela.plt)

.text           0x00000000     0x427e
 *(.vectors)
 .vectors       0x00000000       0xa0 C:/Program Files (x86)/Atmel/Studio/7.0/Packs/atmel/ATmega_DFP/1.6.364/gcc/dev/atmega4809/avrxmega3/crtatmega4809.o
                0x00000000                __vector_default
                0x00000000                __vectors
 *(.vectors)
 *(.progmem.gcc*)
 .progmem.gcc_sw_table.commands
                0x000000a0       0x46 commands.o
 .progmem.gcc_sw_table.report
                0x000000e6       0x6a report.o
                0x00000150                . = ALIGN (0x2)
                0x00000150                __trampolines_start = .
 *(.trampolines)
 .trampolines   0x00000150        0x0 linker stubs
 *(.trampolines*)
                0x00000150                __trampolines_end = .
 *libprintf_flt.a:*(.progmem.data)
 .progmem.data  0x00000150        0x8 c:/program files (x86)/atmel/studio/7.0/toolchain/avr8/avr8-gnu-toolchain/bin/../lib/gcc/avr/5.4.0/../../../../avr/lib/avrxmega3\libprintf_flt.a(vfprintf_flt.o)
 *libc.a:*(.progmem.data)
 .progmem.data  0x00000158       0xfa c:/program files (x86)/atmel/studio/7.0/toolchain/avr8/avr8-gnu-toolchain/bin/../lib/gcc/avr/5.4.0/../../../../avr/lib/avrxmega3\libc.a(ftoa_engine.o)
 *(.progmem*)
                0x00000252                . = ALIGN (0x2)
 *(.jumptables)
 *(.jumptables*)
 *(.lowtext)
 *(.lowtext*)
                0x00000252                __ctors_start = .
 *(.ctors)
                0x00000252                __ctors_end = .
                0x00000252                __dtors_start = .
 *(.dtors)
                0x00000252                __dtors_end = .
 SORT(*)(.ctors)
 SORT(*)(.dtors)
 *(.init0)
 .init0         0x00000252        0x0 C:/Program Files (x86)/Atmel/Studio/7.0/Packs/atmel/ATmega_DFP/1.6.364/gcc/dev/atmega4809/avrxmega3/crtatmega4809.o
                0x00000252                __init
 *(.init0)
 *(.init1)
 *(.init1)
 *(.init2)
 .init2         0x00000252        0xc C:/Program Files (x86)/Atmel/Studio/7.0/Packs/atmel/ATmega_DFP/1.6.364/gcc/dev/atmega4809/avrxmega3/crtatmega4809.o
 *(.init2)
 *(.init3)
 *(.init3)
 *(.init4)
 .init4         0x0000025e       0x16 c:/program files (x86)/atmel/studio/7.0/toolchain/avr8/avr8-gnu-toolchain/bin/../lib/gcc/avr/5.4.0/avrxmega3\libgcc.a(_copy_data.o)
                0x0000025e                __do_copy_data
 .init4         0x00000274       0x10 c:/program files (x86)/atmel/studio/7.0/toolchain/avr8/avr8-gnu-toolchain/bin/../lib/gcc/avr/5.4.0/avrxmega3\libgcc.a(_clear_bss.o)
                0x00000274                __do_clear_bss
 *(.init4)
 *(.init5)
 *(.init5)
 *(.init6)
 *(.init6)
 *(.init7)
 *(.init7)
 *(.init8)
 *(.init8)
 *(.init9)
 .init9         0x00000284        0x8 C:/Program Files (x86)/Atmel/Studio/7.0/Packs/atmel/ATmega_DFP/1.6.364/gcc/dev/atmega4809/avrxmega3/crtatmega4809.o
 *(.init9)
 *(.text)
 .text          0x0000028c        0x4 C:/Program Files (x86)/Atmel/Studio/7.0/Packs/atmel/ATmega_DFP/1.6.364/gcc/dev/atmega4809/avrxmega3/crtatmega4809.o
                0x0000028c                __vector_22
                0x0000028c                __vector_28
                0x0000028c                __vector_1
                0x0000028c                __vector_32
                0x0000028c                __vector_34
                0x0000028c                __vector_24
                0x0000028c                __bad_interrupt
                0x0000028c                __vector_6
                0x0000028c                __vector_31
                0x0000028c                __vector_35
                0x0000028c                __vector_39
                0x0000028c                __vector_23
                0x0000028c                __vector_30
                0x0000028c                __vector_25
                0x0000028c                __vector_11
                0x0000028c                __vector_13
                0x0000028c                __vector_19
                0x0000028c                __vector_7
                0x0000028c                __vector_5
                0x0000028c                __vector_33
                0x0000028c                __vector_4
                0x0000028c                __vector_9
                0x0000028c                __vector_2
                0x0000028c                __vector_21
                0x0000028c                __vector_15
                0x0000028c                __vector_36
                0x0000028c                __vector_8
                0x0000028c                __vector_14
                0x0000028c                __vector_10
                0x0000028c                __vector_16
                0x00000290                . = ALIGN (0x2)
 *(.text.*)
 .text.read_AD590
                0x00000290       0xac ad590.o
                0x00000290                read_AD590
 .text.read_ADS1115
                0x0000033c      0x1fe ads1115.o
                0x0000033c                read_ADS1115
 .text.init_BEEPER
                0x0000053a        0xe beeper.o
                0x0000053a                init_BEEPER
 .text.echo_cmd
                0x00000548       0x8a commands.o
                0x00000548                echo_cmd
 .text.isaletter
                0x000005d2       0x1a commands.o
                0x000005d2                isaletter
 .text.parse_cmd
                0x000005ec      0x128 commands.o
                0x000005ec                parse_cmd
 .text.send_prompt
                0x00000714       0xbe commands.o
                0x00000714                send_prompt
 .text.commands
                0x000007d2      0x186 commands.o
                0x000007d2                commands
 .text.convert_ds2iso
                0x00000958       0x42 ds3231.o
                0x00000958                convert_ds2iso
 .text.convert_iso2ds
                0x0000099a       0xc0 ds3231.o
                0x0000099a                convert_iso2ds
 .text.read_DS3231
                0x00000a5a       0x7c ds3231.o
                0x00000a5a                read_DS3231
 .text.get_time
                0x00000ad6       0x54 ds3231.o
                0x00000ad6                get_time
 .text.write_DS3231
                0x00000b2a       0x74 ds3231.o
                0x00000b2a                write_DS3231
 .text.put_time
                0x00000b9e       0x30 ds3231.o
                0x00000b9e                put_time
 .text.get_BOOTTIME
                0x00000bce        0xe eeprom.o
                0x00000bce                get_BOOTTIME
 .text.get_VERSION
                0x00000bdc        0xe eeprom.o
                0x00000bdc                get_VERSION
 .text.update_BOOTTIME
                0x00000bea       0x32 eeprom.o
                0x00000bea                update_BOOTTIME
 .text.update_VERSION
                0x00000c1c       0x3c eeprom.o
                0x00000c1c                update_VERSION
 .text.init_EEPROM
                0x00000c58        0xa eeprom.o
                0x00000c58                init_EEPROM
 .text.read_FRAM
                0x00000c62       0x84 fram.o
                0x00000c62                read_FRAM
 .text.write_FRAM
                0x00000ce6       0x64 fram.o
                0x00000ce6                write_FRAM
 .text.get_humidity
                0x00000d4a       0xc8 humidity.o
                0x00000d4a                get_humidity
 .text.initialize
                0x00000e12       0x8a initialize.o
                0x00000e12                initialize
 .text.__vector_29
                0x00000e9c       0x56 interrupts.o
                0x00000e9c                __vector_29
 .text.read_ionpump
                0x00000ef2       0x9c ionpump.o
                0x00000ef2                read_ionpump
 .text.init_LED
                0x00000f8e        0xc led.o
                0x00000f8e                init_LED
 .text.main     0x00000f9a       0x18 main.o
                0x00000f9a                main
 .text.read_MCP23008
                0x00000fb2       0x2e mcp23008.o
                0x00000fb2                read_MCP23008
 .text.write_MCP23008
                0x00000fe0       0x54 mcp23008.o
                0x00000fe0                write_MCP23008
 .text.read_MCP9808
                0x00001034       0x9e mcp9808.o
                0x00001034                read_MCP9808
 .text.read_MMA8451
                0x000010d2       0x68 mma8451.o
                0x000010d2                read_MMA8451
 .text.get_orientation
                0x0000113a      0x130 mma8451.o
                0x0000113a                get_orientation
 .text.write_MMA8451
                0x0000126a       0x54 mma8451.o
                0x0000126a                write_MMA8451
 .text.init_MMA8451
                0x000012be       0x64 mma8451.o
                0x000012be                init_MMA8451
 .text.checksum_NMEA
                0x00001322       0x92 nmea.o
                0x00001322                checksum_NMEA
 .text.printError
                0x000013b4       0x92 nmea.o
                0x000013b4                printError
 .text.write_OLED
                0x00001446       0x24 oled.o
                0x00001446                write_OLED
 .text.init_OLED
                0x0000146a      0x180 oled.o
                0x0000146a                init_OLED
 .text.writestr_OLED
                0x000015ea       0xba oled.o
                0x000015ea                writestr_OLED
 .text.clear_OLED
                0x000016a4       0x56 oled.o
                0x000016a4                clear_OLED
 .text.init_PNEU
                0x000016fa       0x7a pneu.o
                0x000016fa                init_PNEU
 .text.read_PNEUSENSORS
                0x00001774       0xd8 pneu.o
                0x00001774                read_PNEUSENSORS
 .text.set_PNEUVALVES
                0x0000184c       0x24 pneu.o
                0x0000184c                set_PNEUVALVES
 .text.close_PNEU
                0x00001870      0x124 pneu.o
                0x00001870                close_PNEU
 .text.open_PNEU
                0x00001994      0x124 pneu.o
                0x00001994                open_PNEU
 .text.__vector_20
                0x00001ab8       0x64 pneu.o
                0x00001ab8                __vector_20
 .text.init_PORTS
                0x00001b1c       0x70 ports.o
                0x00001b1c                init_PORTS
 .text.report   0x00001b8c      0xa8a report.o
                0x00001b8c                report
 .text.crc16    0x00002616       0x4a roboclaw.o
                0x00002616                crc16
 .text.ROBOGoTo
                0x00002660       0xa4 roboclaw.o
                0x00002660                ROBOGoTo
 .text.get_ROBOEncoder
                0x00002704      0x132 roboclaw.o
                0x00002704                get_ROBOEncoder
 .text.ROBOMove
                0x00002836       0xd4 roboclaw.o
                0x00002836                ROBOMove
 .text.get_ROBOInt32
                0x0000290a       0xe8 roboclaw.o
                0x0000290a                get_ROBOInt32
 .text.init_RTC
                0x000029f2       0x5c rtc.o
                0x000029f2                init_RTC
 .text.__vector_3
                0x00002a4e       0x8a rtc.o
                0x00002a4e                __vector_3
 .text.set      0x00002ad8       0x62 set.o
                0x00002ad8                set
 .text.init_SPECID
                0x00002b3a       0x10 specID.o
                0x00002b3a                init_SPECID
 .text.get_temperature
                0x00002b4a       0x20 temperature.o
                0x00002b4a                get_temperature
 .text.testroutine
                0x00002b6a       0x80 testroutine.o
                0x00002b6a                testroutine
 .text.start_TCB0
                0x00002bea       0x2c timers.o
                0x00002bea                start_TCB0
 .text.stop_TCB0
                0x00002c16        0x6 timers.o
                0x00002c16                stop_TCB0
 .text.__vector_12
                0x00002c1c       0x34 timers.o
                0x00002c1c                __vector_12
 .text.init_TWI
                0x00002c50       0x16 twi.o
                0x00002c50                init_TWI
 .text.read_TWI
                0x00002c66       0x20 twi.o
                0x00002c66                read_TWI
 .text.readlast_TWI
                0x00002c86       0x1a twi.o
                0x00002c86                readlast_TWI
 .text.start_TWI
                0x00002ca0       0x4c twi.o
                0x00002ca0                start_TWI
 .text.stop_TWI
                0x00002cec        0x8 twi.o
                0x00002cec                stop_TWI
 .text.write_TWI
                0x00002cf4       0x2a twi.o
                0x00002cf4                write_TWI
 .text.init_USART
                0x00002d1e       0xb0 usart.o
                0x00002d1e                init_USART
 .text.send_USART
                0x00002dce      0x10c usart.o
                0x00002dce                send_USART
 .text.__vector_17
                0x00002eda       0x86 usart.o
                0x00002eda                __vector_17
 .text.__vector_18
                0x00002f60       0x6e usart.o
                0x00002f60                __vector_18
 .text.__vector_26
                0x00002fce       0x56 usart.o
                0x00002fce                __vector_26
 .text.__vector_27
                0x00003024       0x6e usart.o
                0x00003024                __vector_27
 .text.__vector_37
                0x00003092       0x6a usart.o
                0x00003092                __vector_37
 .text.__vector_38
                0x000030fc       0x5c usart.o
                0x000030fc                __vector_38
 .text.reboot   0x00003158       0x14 wdt.o
                0x00003158                reboot
 .text.init_XPORT
                0x0000316c       0x18 xport.o
                0x0000316c                init_XPORT
 .text.avr-libc.fplib
                0x00003184        0xe c:/program files (x86)/atmel/studio/7.0/toolchain/avr8/avr8-gnu-toolchain/bin/../lib/gcc/avr/5.4.0/../../../../avr/lib/avrxmega3\libm.a(addsf3.o)
                0x00003184                __subsf3
                0x00003186                __addsf3
 .text.avr-libc.fplib
                0x00003192       0xcc c:/program files (x86)/atmel/studio/7.0/toolchain/avr8/avr8-gnu-toolchain/bin/../lib/gcc/avr/5.4.0/../../../../avr/lib/avrxmega3\libm.a(addsf3x.o)
                0x000031b4                __addsf3x
 .text.avr-libc.fplib
                0x0000325e        0xa c:/program files (x86)/atmel/studio/7.0/toolchain/avr8/avr8-gnu-toolchain/bin/../lib/gcc/avr/5.4.0/../../../../avr/lib/avrxmega3\libm.a(cmpsf2.o)
                0x0000325e                __nesf2
                0x0000325e                __eqsf2
                0x0000325e                __cmpsf2
                0x0000325e                __ltsf2
                0x0000325e                __lesf2
 .text.avr-libc.fplib
                0x00003268        0x8 c:/program files (x86)/atmel/studio/7.0/toolchain/avr8/avr8-gnu-toolchain/bin/../lib/gcc/avr/5.4.0/../../../../avr/lib/avrxmega3\libm.a(divsf3.o)
                0x00003268                __divsf3
 .text.avr-libc.fplib
                0x00003270       0xdc c:/program files (x86)/atmel/studio/7.0/toolchain/avr8/avr8-gnu-toolchain/bin/../lib/gcc/avr/5.4.0/../../../../avr/lib/avrxmega3\libm.a(divsf3x.o)
                0x00003290                __divsf3x
                0x00003296                __divsf3_pse
 .text.avr-libc.fplib
                0x0000334c       0x7a c:/program files (x86)/atmel/studio/7.0/toolchain/avr8/avr8-gnu-toolchain/bin/../lib/gcc/avr/5.4.0/../../../../avr/lib/avrxmega3\libm.a(floatsisf.o)
                0x0000334c                __floatunsisf
                0x00003350                __floatsisf
 .text.avr-libc.fplib
                0x000033c6       0x48 c:/program files (x86)/atmel/studio/7.0/toolchain/avr8/avr8-gnu-toolchain/bin/../lib/gcc/avr/5.4.0/../../../../avr/lib/avrxmega3\libm.a(fp_cmp.o)
                0x000033c6                __fp_cmp
 .text.avr-libc.fplib
                0x0000340e        0xc c:/program files (x86)/atmel/studio/7.0/toolchain/avr8/avr8-gnu-toolchain/bin/../lib/gcc/avr/5.4.0/../../../../avr/lib/avrxmega3\libm.a(fp_inf.o)
                0x0000340e                __fp_inf
 .text.avr-libc.fplib
                0x0000341a        0x6 c:/program files (x86)/atmel/studio/7.0/toolchain/avr8/avr8-gnu-toolchain/bin/../lib/gcc/avr/5.4.0/../../../../avr/lib/avrxmega3\libm.a(fp_nan.o)
                0x0000341a                __fp_nan
 .text.avr-libc.fplib
                0x00003420        0xe c:/program files (x86)/atmel/studio/7.0/toolchain/avr8/avr8-gnu-toolchain/bin/../lib/gcc/avr/5.4.0/../../../../avr/lib/avrxmega3\libm.a(fp_pscA.o)
                0x00003420                __fp_pscA
 .text.avr-libc.fplib
                0x0000342e        0xe c:/program files (x86)/atmel/studio/7.0/toolchain/avr8/avr8-gnu-toolchain/bin/../lib/gcc/avr/5.4.0/../../../../avr/lib/avrxmega3\libm.a(fp_pscB.o)
                0x0000342e                __fp_pscB
 .text.avr-libc.fplib
                0x0000343c       0x22 c:/program files (x86)/atmel/studio/7.0/toolchain/avr8/avr8-gnu-toolchain/bin/../lib/gcc/avr/5.4.0/../../../../avr/lib/avrxmega3\libm.a(fp_round.o)
                0x0000343c                __fp_round
 .text.avr-libc.fplib
                0x0000345e       0x44 c:/program files (x86)/atmel/studio/7.0/toolchain/avr8/avr8-gnu-toolchain/bin/../lib/gcc/avr/5.4.0/../../../../avr/lib/avrxmega3\libm.a(fp_split3.o)
                0x0000345e                __fp_split3
                0x0000346e                __fp_splitA
 .text.avr-libc.fplib
                0x000034a2        0xe c:/program files (x86)/atmel/studio/7.0/toolchain/avr8/avr8-gnu-toolchain/bin/../lib/gcc/avr/5.4.0/../../../../avr/lib/avrxmega3\libm.a(fp_zero.o)
                0x000034a2                __fp_zero
                0x000034a4                __fp_szero
 .text.avr-libc.fplib
                0x000034b0        0xa c:/program files (x86)/atmel/studio/7.0/toolchain/avr8/avr8-gnu-toolchain/bin/../lib/gcc/avr/5.4.0/../../../../avr/lib/avrxmega3\libm.a(gesf2.o)
                0x000034b0                __gesf2
                0x000034b0                __gtsf2
 .text.avr-libc.fplib
                0x000034ba        0x8 c:/program files (x86)/atmel/studio/7.0/toolchain/avr8/avr8-gnu-toolchain/bin/../lib/gcc/avr/5.4.0/../../../../avr/lib/avrxmega3\libm.a(mulsf3.o)
                0x000034ba                __mulsf3
 .text.avr-libc.fplib
                0x000034c2       0xd2 c:/program files (x86)/atmel/studio/7.0/toolchain/avr8/avr8-gnu-toolchain/bin/../lib/gcc/avr/5.4.0/../../../../avr/lib/avrxmega3\libm.a(mulsf3x.o)
                0x000034e0                __mulsf3x
                0x000034e6                __mulsf3_pse
 .text.avr-libc
                0x00003594      0x6fa c:/program files (x86)/atmel/studio/7.0/toolchain/avr8/avr8-gnu-toolchain/bin/../lib/gcc/avr/5.4.0/../../../../avr/lib/avrxmega3\libprintf_flt.a(vfprintf_flt.o)
                0x00003594                vfprintf
 .text.libgcc.div
                0x00003c8e       0x28 c:/program files (x86)/atmel/studio/7.0/toolchain/avr8/avr8-gnu-toolchain/bin/../lib/gcc/avr/5.4.0/avrxmega3\libgcc.a(_divmodhi4.o)
                0x00003c8e                _div
                0x00003c8e                __divmodhi4
 .text.libgcc.div
                0x00003cb6       0x2e c:/program files (x86)/atmel/studio/7.0/toolchain/avr8/avr8-gnu-toolchain/bin/../lib/gcc/avr/5.4.0/avrxmega3\libgcc.a(_divmodsi4.o)
                0x00003cb6                __divmodsi4
 .text.libgcc.div
                0x00003ce4       0x10 c:/program files (x86)/atmel/studio/7.0/toolchain/avr8/avr8-gnu-toolchain/bin/../lib/gcc/avr/5.4.0/avrxmega3\libgcc.a(_negsi2.o)
                0x00003ce4                __negsi2
 .text.libgcc   0x00003cf4        0xc c:/program files (x86)/atmel/studio/7.0/toolchain/avr8/avr8-gnu-toolchain/bin/../lib/gcc/avr/5.4.0/avrxmega3\libgcc.a(_tablejump2.o)
                0x00003cf4                __tablejump2__
 .text.libgcc.mul
                0x00003d00       0x16 c:/program files (x86)/atmel/studio/7.0/toolchain/avr8/avr8-gnu-toolchain/bin/../lib/gcc/avr/5.4.0/avrxmega3\libgcc.a(_muluhisi3.o)
                0x00003d00                __muluhisi3
 .text.libgcc.prologue
                0x00003d16       0x32 c:/program files (x86)/atmel/studio/7.0/toolchain/avr8/avr8-gnu-toolchain/bin/../lib/gcc/avr/5.4.0/avrxmega3\libgcc.a(_prologue.o)
                0x00003d16                __prologue_saves__
 .text.libgcc.prologue
                0x00003d48       0x30 c:/program files (x86)/atmel/studio/7.0/toolchain/avr8/avr8-gnu-toolchain/bin/../lib/gcc/avr/5.4.0/avrxmega3\libgcc.a(_epilogue.o)
                0x00003d48                __epilogue_restores__
 .text.libgcc.div
                0x00003d78       0x28 c:/program files (x86)/atmel/studio/7.0/toolchain/avr8/avr8-gnu-toolchain/bin/../lib/gcc/avr/5.4.0/avrxmega3\libgcc.a(_udivmodhi4.o)
                0x00003d78                __udivmodhi4
 .text.libgcc.div
                0x00003da0       0x44 c:/program files (x86)/atmel/studio/7.0/toolchain/avr8/avr8-gnu-toolchain/bin/../lib/gcc/avr/5.4.0/avrxmega3\libgcc.a(_udivmodsi4.o)
                0x00003da0                __udivmodsi4
 .text.libgcc.mul
                0x00003de4       0x1e c:/program files (x86)/atmel/studio/7.0/toolchain/avr8/avr8-gnu-toolchain/bin/../lib/gcc/avr/5.4.0/avrxmega3\libgcc.a(_umulhisi3.o)
                0x00003de4                __umulhisi3
 .text.avr-libc
                0x00003e02       0x4e c:/program files (x86)/atmel/studio/7.0/toolchain/avr8/avr8-gnu-toolchain/bin/../lib/gcc/avr/5.4.0/../../../../avr/lib/avrxmega3\libc.a(atol.o)
                0x00003e02                atol
 .text.avr-libc
                0x00003e50      0x1b0 c:/program files (x86)/atmel/studio/7.0/toolchain/avr8/avr8-gnu-toolchain/bin/../lib/gcc/avr/5.4.0/../../../../avr/lib/avrxmega3\libc.a(ftoa_engine.o)
                0x00003e50                __ftoa_engine
 .text.avr-libc
                0x00004000       0x16 c:/program files (x86)/atmel/studio/7.0/toolchain/avr8/avr8-gnu-toolchain/bin/../lib/gcc/avr/5.4.0/../../../../avr/lib/avrxmega3\libc.a(strnlen_P.o)
                0x00004000                strnlen_P
 .text.avr-libc
                0x00004016       0x16 c:/program files (x86)/atmel/studio/7.0/toolchain/avr8/avr8-gnu-toolchain/bin/../lib/gcc/avr/5.4.0/../../../../avr/lib/avrxmega3\libc.a(strcat.o)
                0x00004016                strcat
 .text.avr-libc
                0x0000402c        0xe c:/program files (x86)/atmel/studio/7.0/toolchain/avr8/avr8-gnu-toolchain/bin/../lib/gcc/avr/5.4.0/../../../../avr/lib/avrxmega3\libc.a(strcpy.o)
                0x0000402c                strcpy
 .text.avr-libc
                0x0000403a       0x16 c:/program files (x86)/atmel/studio/7.0/toolchain/avr8/avr8-gnu-toolchain/bin/../lib/gcc/avr/5.4.0/../../../../avr/lib/avrxmega3\libc.a(strnlen.o)
                0x0000403a                strnlen
 .text.avr-libc
                0x00004050       0x2a c:/program files (x86)/atmel/studio/7.0/toolchain/avr8/avr8-gnu-toolchain/bin/../lib/gcc/avr/5.4.0/../../../../avr/lib/avrxmega3\libc.a(mulsi10.o)
                0x00004050                __mulsi_const_10
 .text.avr-libc
                0x0000407a       0x78 c:/program files (x86)/atmel/studio/7.0/toolchain/avr8/avr8-gnu-toolchain/bin/../lib/gcc/avr/5.4.0/../../../../avr/lib/avrxmega3\libc.a(fputc.o)
                0x0000407a                fputc
 .text.avr-libc
                0x000040f2       0x44 c:/program files (x86)/atmel/studio/7.0/toolchain/avr8/avr8-gnu-toolchain/bin/../lib/gcc/avr/5.4.0/../../../../avr/lib/avrxmega3\libc.a(sprintf.o)
                0x000040f2                sprintf
 .text.avr-libc
                0x00004136       0xbc c:/program files (x86)/atmel/studio/7.0/toolchain/avr8/avr8-gnu-toolchain/bin/../lib/gcc/avr/5.4.0/../../../../avr/lib/avrxmega3\libc.a(ultoa_invert.o)
                0x00004136                __ultoa_invert
 .text.avr-libc
                0x000041f2        0x8 C:/Program Files (x86)/Atmel/Studio/7.0/Packs/atmel/ATmega_DFP/1.6.364/gcc/dev/atmega4809/avrxmega3\libatmega4809.a(eerd_block.o)
                0x000041f2                eeprom_read_block
 .text.avr-libc
                0x000041fa       0x20 C:/Program Files (x86)/Atmel/Studio/7.0/Packs/atmel/ATmega_DFP/1.6.364/gcc/dev/atmega4809/avrxmega3\libatmega4809.a(eeupd_block.o)
                0x000041fa                eeprom_update_block
 .text.avr-libc
                0x0000421a       0x16 C:/Program Files (x86)/Atmel/Studio/7.0/Packs/atmel/ATmega_DFP/1.6.364/gcc/dev/atmega4809/avrxmega3\libatmega4809.a(eeupd_byte.o)
                0x0000421a                eeprom_update_byte
                0x0000421c                eeprom_update_r18
 .text.avr-libc
                0x00004230       0x28 C:/Program Files (x86)/Atmel/Studio/7.0/Packs/atmel/ATmega_DFP/1.6.364/gcc/dev/atmega4809/avrxmega3\libatmega4809.a(eewr_byte.o)
                0x00004230                eeprom_write_byte
                0x00004232                eeprom_write_r18
 .text.avr-libc
                0x00004258       0x10 C:/Program Files (x86)/Atmel/Studio/7.0/Packs/atmel/ATmega_DFP/1.6.364/gcc/dev/atmega4809/avrxmega3\libatmega4809.a(eerd_byte.o)
                0x00004258                eeprom_read_byte
                0x00004260                eeprom_mapen
 .text.avr-libc
                0x00004268       0x12 c:/program files (x86)/atmel/studio/7.0/toolchain/avr8/avr8-gnu-toolchain/bin/../lib/gcc/avr/5.4.0/../../../../avr/lib/avrxmega3\libc.a(memcpy.o)
                0x00004268                memcpy
                0x0000427a                . = ALIGN (0x2)
 *(.fini9)
 .fini9         0x0000427a        0x0 c:/program files (x86)/atmel/studio/7.0/toolchain/avr8/avr8-gnu-toolchain/bin/../lib/gcc/avr/5.4.0/avrxmega3\libgcc.a(_exit.o)
                0x0000427a                _exit
                0x0000427a                exit
 *(.fini9)
 *(.fini8)
 *(.fini8)
 *(.fini7)
 *(.fini7)
 *(.fini6)
 *(.fini6)
 *(.fini5)
 *(.fini5)
 *(.fini4)
 *(.fini4)
 *(.fini3)
 *(.fini3)
 *(.fini2)
 *(.fini2)
 *(.fini1)
 *(.fini1)
 *(.fini0)
 .fini0         0x0000427a        0x4 c:/program files (x86)/atmel/studio/7.0/toolchain/avr8/avr8-gnu-toolchain/bin/../lib/gcc/avr/5.4.0/avrxmega3\libgcc.a(_exit.o)
 *(.fini0)
                0x0000427e                _etext = .

.rodata         0x0000827e      0x261 load address 0x0000427e
 *(.rodata)
 *(.rodata*)
 .rodata.str1.1
                0x0000827e        0xb commands.o
 .rodata.str1.1
                0x00008289       0x2d ds3231.o
 .rodata.str1.1
                0x000082b6        0xb eeprom.o
 .rodata.str1.1
                0x000082c1       0x11 initialize.o
 .rodata.str1.1
                0x000082d2       0x16 nmea.o
 .rodata.str1.1
                0x000082e8       0x11 oled.o
 .rodata.str1.1
                0x000082f9       0x29 pneu.o
 .rodata.str1.1
                0x00008322      0x1b0 report.o
                                0x1c1 (size before relaxing)
 .rodata.str1.1
                0x000084d2        0xd testroutine.o
 *(.gnu.linkonce.r*)

.data           0x00802800        0x2 load address 0x000044df
                0x00802800                PROVIDE (__data_start, .)
 *(.data)
 *(.data*)
 .data.rebootnack.3662
                0x00802800        0x1 commands.o
 *(.gnu.linkonce.d*)
                0x00802802                . = ALIGN (0x2)
 *fill*         0x00802801        0x1 
                0x00802802                _edata = .
                0x00802802                PROVIDE (__data_end, .)

.bss            0x00802802      0x8a6
                0x00802802                PROVIDE (__bss_start, .)
 *(.bss)
 *(.bss*)
 .bss.cstack.3663
                0x00802802        0x1 commands.o
 *(COMMON)
 COMMON         0x00802803       0x7a ad590.o
                0x00802803                scratchbuf
                0x0080287b                ticks
 COMMON         0x0080287d      0x208 main.o
                0x0080287d                pcmd
 COMMON         0x00802a85        0x4 oled.o
                0x00802a85                timerOLED
                0x00802a87                timeoutOLED
 COMMON         0x00802a89        0x1 pneu.o
                0x00802a89                pneuState
 COMMON         0x00802a8a      0x61e usart.o
                0x00802a8a                recv1_buf
                0x00802b8f                recv0_buf
                0x00802c94                send0_buf
                0x00802d99                recv3_buf
                0x00802e9e                send3_buf
                0x00802fa3                send1_buf
                0x008030a8                PROVIDE (__bss_end, .)
                0x000044df                __data_load_start = LOADADDR (.data)
                0x000044e1                __data_load_end = (__data_load_start + SIZEOF (.data))

.noinit         0x008030a8        0x0
                [!provide]                PROVIDE (__noinit_start, .)
 *(.noinit*)
                [!provide]                PROVIDE (__noinit_end, .)
                0x008030a8                _end = .
                [!provide]                PROVIDE (__heap_start, .)

.eeprom         0x00810000        0x0
 *(.eeprom*)
                0x00810000                __eeprom_end = .

.fuse
 *(.fuse)
 *(.lfuse)
 *(.hfuse)
 *(.efuse)

.lock
 *(.lock*)

.signature
 *(.signature*)

.user_signatures
 *(.user_signatures*)

.stab
 *(.stab)

.stabstr
 *(.stabstr)

.stab.excl
 *(.stab.excl)

.stab.exclstr
 *(.stab.exclstr)

.stab.index
 *(.stab.index)

.stab.indexstr
 *(.stab.indexstr)

.comment        0x00000000       0x5c
 *(.comment)
 .comment       0x00000000       0x30 ad590.o
                                 0x31 (size before relaxing)
 .comment       0x00000030       0x31 ads1115.o
 .comment       0x00000030       0x31 beeper.o
 .comment       0x00000030       0x31 commands.o
 .comment       0x00000030       0x31 ds3231.o
 .comment       0x00000030       0x31 eeprom.o
 .comment       0x00000030       0x31 fram.o
 .comment       0x00000030       0x31 humidity.o
 .comment       0x00000030       0x31 initialize.o
 .comment       0x00000030       0x31 interrupts.o
 .comment       0x00000030       0x31 ionpump.o
 .comment       0x00000030       0x31 led.o
 .comment       0x00000030       0x31 main.o
 .comment       0x00000030       0x31 mcp23008.o
 .comment       0x00000030       0x31 mcp9808.o
 .comment       0x00000030       0x31 mma8451.o
 .comment       0x00000030       0x31 nmea.o
 .comment       0x00000030       0x31 oled.o
 .comment       0x00000030       0x31 pneu.o
 .comment       0x00000030       0x31 ports.o
 .comment       0x00000030       0x31 report.o
 .comment       0x00000030       0x31 roboclaw.o
 .comment       0x00000030       0x31 rtc.o
 .comment       0x00000030       0x31 set.o
 .comment       0x00000030       0x31 specID.o
 .comment       0x00000030       0x31 temperature.o
 .comment       0x00000030       0x31 testroutine.o
 .comment       0x00000030       0x31 timers.o
 .comment       0x00000030       0x31 twi.o
 .comment       0x00000030       0x31 usart.o
 .comment       0x00000030       0x31 wdt.o
 .comment       0x00000030       0x31 xport.o
 .comment       0x00000030       0x2c c:/program files (x86)/atmel/studio/7.0/toolchain/avr8/avr8-gnu-toolchain/bin/../lib/gcc/avr/5.4.0/../../../../avr/lib/avrxmega3\libprintf_flt.a(vfprintf_flt.o)
                                 0x2d (size before relaxing)
 .comment       0x0000005c       0x31 c:/program files (x86)/atmel/studio/7.0/toolchain/avr8/avr8-gnu-toolchain/bin/../lib/gcc/avr/5.4.0/../../../../avr/lib/avrxmega3\libc.a(fputc.o)
 .comment       0x0000005c       0x31 c:/program files (x86)/atmel/studio/7.0/toolchain/avr8/avr8-gnu-toolchain/bin/../lib/gcc/avr/5.4.0/../../../../avr/lib/avrxmega3\libc.a(sprintf.o)

.note.gnu.avr.deviceinfo
                0x00000000       0x40
 .note.gnu.avr.deviceinfo
                0x00000000       0x40 C:/Program Files (x86)/Atmel/Studio/7.0/Packs/atmel/ATmega_DFP/1.6.364/gcc/dev/atmega4809/avrxmega3/crtatmega4809.o

.note.gnu.build-id
 *(.note.gnu.build-id)

.debug
 *(.debug)

.line
 *(.line)

.debug_srcinfo
 *(.debug_srcinfo)

.debug_sfnames
 *(.debug_sfnames)

.debug_aranges  0x00000000      0x628
 *(.debug_aranges)
 .debug_aranges
                0x00000000       0x20 ad590.o
 .debug_aranges
                0x00000020       0x20 ads1115.o
 .debug_aranges
                0x00000040       0x20 beeper.o
 .debug_aranges
                0x00000060       0x48 commands.o
 .debug_aranges
                0x000000a8       0x48 ds3231.o
 .debug_aranges
                0x000000f0       0x40 eeprom.o
 .debug_aranges
                0x00000130       0x28 fram.o
 .debug_aranges
                0x00000158       0x20 humidity.o
 .debug_aranges
                0x00000178       0x20 initialize.o
 .debug_aranges
                0x00000198       0x20 interrupts.o
 .debug_aranges
                0x000001b8       0x20 ionpump.o
 .debug_aranges
                0x000001d8       0x20 led.o
 .debug_aranges
                0x000001f8       0x20 main.o
 .debug_aranges
                0x00000218       0x28 mcp23008.o
 .debug_aranges
                0x00000240       0x20 mcp9808.o
 .debug_aranges
                0x00000260       0x38 mma8451.o
 .debug_aranges
                0x00000298       0x28 nmea.o
 .debug_aranges
                0x000002c0       0x38 oled.o
 .debug_aranges
                0x000002f8       0x48 pneu.o
 .debug_aranges
                0x00000340       0x20 ports.o
 .debug_aranges
                0x00000360       0x20 report.o
 .debug_aranges
                0x00000380       0x50 roboclaw.o
 .debug_aranges
                0x000003d0       0x28 rtc.o
 .debug_aranges
                0x000003f8       0x20 set.o
 .debug_aranges
                0x00000418       0x20 specID.o
 .debug_aranges
                0x00000438       0x20 temperature.o
 .debug_aranges
                0x00000458       0x20 testroutine.o
 .debug_aranges
                0x00000478       0x30 timers.o
 .debug_aranges
                0x000004a8       0x48 twi.o
 .debug_aranges
                0x000004f0       0x58 usart.o
 .debug_aranges
                0x00000548       0x20 wdt.o
 .debug_aranges
                0x00000568       0x20 xport.o
 .debug_aranges
                0x00000588       0x20 C:/Program Files (x86)/Atmel/Studio/7.0/Packs/atmel/ATmega_DFP/1.6.364/gcc/dev/atmega4809/avrxmega3\libatmega4809.a(eerd_block.o)
 .debug_aranges
                0x000005a8       0x20 C:/Program Files (x86)/Atmel/Studio/7.0/Packs/atmel/ATmega_DFP/1.6.364/gcc/dev/atmega4809/avrxmega3\libatmega4809.a(eeupd_block.o)
 .debug_aranges
                0x000005c8       0x20 C:/Program Files (x86)/Atmel/Studio/7.0/Packs/atmel/ATmega_DFP/1.6.364/gcc/dev/atmega4809/avrxmega3\libatmega4809.a(eeupd_byte.o)
 .debug_aranges
                0x000005e8       0x20 C:/Program Files (x86)/Atmel/Studio/7.0/Packs/atmel/ATmega_DFP/1.6.364/gcc/dev/atmega4809/avrxmega3\libatmega4809.a(eewr_byte.o)
 .debug_aranges
                0x00000608       0x20 C:/Program Files (x86)/Atmel/Studio/7.0/Packs/atmel/ATmega_DFP/1.6.364/gcc/dev/atmega4809/avrxmega3\libatmega4809.a(eerd_byte.o)

.debug_pubnames
 *(.debug_pubnames)

.debug_info     0x00000000     0xa62d
 *(.debug_info .gnu.linkonce.wi.*)
 .debug_info    0x00000000     0x248a C:/Program Files (x86)/Atmel/Studio/7.0/Packs/atmel/ATmega_DFP/1.6.364/gcc/dev/atmega4809/avrxmega3/crtatmega4809.o
 .debug_info    0x0000248a      0x258 ad590.o
 .debug_info    0x000026e2      0x38b ads1115.o
 .debug_info    0x00002a6d      0x263 beeper.o
 .debug_info    0x00002cd0      0x8d6 commands.o
 .debug_info    0x000035a6      0x49d ds3231.o
 .debug_info    0x00003a43      0x29e eeprom.o
 .debug_info    0x00003ce1      0x2f9 fram.o
 .debug_info    0x00003fda      0x18f humidity.o
 .debug_info    0x00004169      0x476 initialize.o
 .debug_info    0x000045df      0x27e interrupts.o
 .debug_info    0x0000485d      0x149 ionpump.o
 .debug_info    0x000049a6      0x263 led.o
 .debug_info    0x00004c09      0x238 main.o
 .debug_info    0x00004e41      0x258 mcp23008.o
 .debug_info    0x00005099      0x1c0 mcp9808.o
 .debug_info    0x00005259      0x46a mma8451.o
 .debug_info    0x000056c3      0x3f2 nmea.o
 .debug_info    0x00005ab5      0x9c0 oled.o
 .debug_info    0x00006475      0x7cf pneu.o
 .debug_info    0x00006c44      0x299 ports.o
 .debug_info    0x00006edd      0xdb8 report.o
 .debug_info    0x00007c95      0x7b8 roboclaw.o
 .debug_info    0x0000844d      0x6ea rtc.o
 .debug_info    0x00008b37      0x1e2 set.o
 .debug_info    0x00008d19      0x263 specID.o
 .debug_info    0x00008f7c      0x12f temperature.o
 .debug_info    0x000090ab      0x1df testroutine.o
 .debug_info    0x0000928a      0x290 timers.o
 .debug_info    0x0000951a      0x34c twi.o
 .debug_info    0x00009866      0x5fa usart.o
 .debug_info    0x00009e60      0x1c6 wdt.o
 .debug_info    0x0000a026      0x2e8 xport.o
 .debug_info    0x0000a30e       0xa0 C:/Program Files (x86)/Atmel/Studio/7.0/Packs/atmel/ATmega_DFP/1.6.364/gcc/dev/atmega4809/avrxmega3\libatmega4809.a(eerd_block.o)
 .debug_info    0x0000a3ae       0xa1 C:/Program Files (x86)/Atmel/Studio/7.0/Packs/atmel/ATmega_DFP/1.6.364/gcc/dev/atmega4809/avrxmega3\libatmega4809.a(eeupd_block.o)
 .debug_info    0x0000a44f       0xa0 C:/Program Files (x86)/Atmel/Studio/7.0/Packs/atmel/ATmega_DFP/1.6.364/gcc/dev/atmega4809/avrxmega3\libatmega4809.a(eeupd_byte.o)
 .debug_info    0x0000a4ef       0x9f C:/Program Files (x86)/Atmel/Studio/7.0/Packs/atmel/ATmega_DFP/1.6.364/gcc/dev/atmega4809/avrxmega3\libatmega4809.a(eewr_byte.o)
 .debug_info    0x0000a58e       0x9f C:/Program Files (x86)/Atmel/Studio/7.0/Packs/atmel/ATmega_DFP/1.6.364/gcc/dev/atmega4809/avrxmega3\libatmega4809.a(eerd_byte.o)

.debug_abbrev   0x00000000     0x48d9
 *(.debug_abbrev)
 .debug_abbrev  0x00000000     0x2296 C:/Program Files (x86)/Atmel/Studio/7.0/Packs/atmel/ATmega_DFP/1.6.364/gcc/dev/atmega4809/avrxmega3/crtatmega4809.o
 .debug_abbrev  0x00002296      0x14a ad590.o
 .debug_abbrev  0x000023e0      0x13b ads1115.o
 .debug_abbrev  0x0000251b       0xb5 beeper.o
 .debug_abbrev  0x000025d0      0x24d commands.o
 .debug_abbrev  0x0000281d      0x15a ds3231.o
 .debug_abbrev  0x00002977       0xff eeprom.o
 .debug_abbrev  0x00002a76       0xfa fram.o
 .debug_abbrev  0x00002b70       0xd3 humidity.o
 .debug_abbrev  0x00002c43      0x132 initialize.o
 .debug_abbrev  0x00002d75       0xd4 interrupts.o
 .debug_abbrev  0x00002e49       0xc6 ionpump.o
 .debug_abbrev  0x00002f0f       0xb5 led.o
 .debug_abbrev  0x00002fc4       0xe8 main.o
 .debug_abbrev  0x000030ac       0xf1 mcp23008.o
 .debug_abbrev  0x0000319d       0xc4 mcp9808.o
 .debug_abbrev  0x00003261      0x13f mma8451.o
 .debug_abbrev  0x000033a0      0x172 nmea.o
 .debug_abbrev  0x00003512      0x1cd oled.o
 .debug_abbrev  0x000036df      0x1c2 pneu.o
 .debug_abbrev  0x000038a1       0xcf ports.o
 .debug_abbrev  0x00003970      0x1b0 report.o
 .debug_abbrev  0x00003b20      0x237 roboclaw.o
 .debug_abbrev  0x00003d57      0x187 rtc.o
 .debug_abbrev  0x00003ede      0x10f set.o
 .debug_abbrev  0x00003fed       0xb5 specID.o
 .debug_abbrev  0x000040a2       0xba temperature.o
 .debug_abbrev  0x0000415c      0x147 testroutine.o
 .debug_abbrev  0x000042a3      0x12b timers.o
 .debug_abbrev  0x000043ce      0x109 twi.o
 .debug_abbrev  0x000044d7      0x1a2 usart.o
 .debug_abbrev  0x00004679       0xdf wdt.o
 .debug_abbrev  0x00004758      0x11d xport.o
 .debug_abbrev  0x00004875       0x14 C:/Program Files (x86)/Atmel/Studio/7.0/Packs/atmel/ATmega_DFP/1.6.364/gcc/dev/atmega4809/avrxmega3\libatmega4809.a(eerd_block.o)
 .debug_abbrev  0x00004889       0x14 C:/Program Files (x86)/Atmel/Studio/7.0/Packs/atmel/ATmega_DFP/1.6.364/gcc/dev/atmega4809/avrxmega3\libatmega4809.a(eeupd_block.o)
 .debug_abbrev  0x0000489d       0x14 C:/Program Files (x86)/Atmel/Studio/7.0/Packs/atmel/ATmega_DFP/1.6.364/gcc/dev/atmega4809/avrxmega3\libatmega4809.a(eeupd_byte.o)
 .debug_abbrev  0x000048b1       0x14 C:/Program Files (x86)/Atmel/Studio/7.0/Packs/atmel/ATmega_DFP/1.6.364/gcc/dev/atmega4809/avrxmega3\libatmega4809.a(eewr_byte.o)
 .debug_abbrev  0x000048c5       0x14 C:/Program Files (x86)/Atmel/Studio/7.0/Packs/atmel/ATmega_DFP/1.6.364/gcc/dev/atmega4809/avrxmega3\libatmega4809.a(eerd_byte.o)

.debug_line     0x00000000     0x44bb
 *(.debug_line .debug_line.* .debug_line_end)
 .debug_line    0x00000000      0x187 C:/Program Files (x86)/Atmel/Studio/7.0/Packs/atmel/ATmega_DFP/1.6.364/gcc/dev/atmega4809/avrxmega3/crtatmega4809.o
 .debug_line    0x00000187      0x19c ad590.o
 .debug_line    0x00000323      0x247 ads1115.o
 .debug_line    0x0000056a      0x11a beeper.o
 .debug_line    0x00000684      0x51e commands.o
 .debug_line    0x00000ba2      0x276 ds3231.o
 .debug_line    0x00000e18      0x198 eeprom.o
 .debug_line    0x00000fb0      0x15a fram.o
 .debug_line    0x0000110a      0x113 humidity.o
 .debug_line    0x0000121d      0x1a4 initialize.o
 .debug_line    0x000013c1      0x124 interrupts.o
 .debug_line    0x000014e5      0x106 ionpump.o
 .debug_line    0x000015eb      0x111 led.o
 .debug_line    0x000016fc       0xdf main.o
 .debug_line    0x000017db      0x132 mcp23008.o
 .debug_line    0x0000190d       0xfc mcp9808.o
 .debug_line    0x00001a09      0x222 mma8451.o
 .debug_line    0x00001c2b      0x1ba nmea.o
 .debug_line    0x00001de5      0x371 oled.o
 .debug_line    0x00002156      0x3a2 pneu.o
 .debug_line    0x000024f8      0x1ff ports.o
 .debug_line    0x000026f7      0x52c report.o
 .debug_line    0x00002c23      0x4d9 roboclaw.o
 .debug_line    0x000030fc      0x1e2 rtc.o
 .debug_line    0x000032de      0x101 set.o
 .debug_line    0x000033df      0x114 specID.o
 .debug_line    0x000034f3       0xf1 temperature.o
 .debug_line    0x000035e4      0x153 testroutine.o
 .debug_line    0x00003737      0x15a timers.o
 .debug_line    0x00003891      0x245 twi.o
 .debug_line    0x00003ad6      0x46f usart.o
 .debug_line    0x00003f45      0x12d wdt.o
 .debug_line    0x00004072      0x18d xport.o
 .debug_line    0x000041ff       0x5d C:/Program Files (x86)/Atmel/Studio/7.0/Packs/atmel/ATmega_DFP/1.6.364/gcc/dev/atmega4809/avrxmega3\libatmega4809.a(eerd_block.o)
 .debug_line    0x0000425c       0xa5 C:/Program Files (x86)/Atmel/Studio/7.0/Packs/atmel/ATmega_DFP/1.6.364/gcc/dev/atmega4809/avrxmega3\libatmega4809.a(eeupd_block.o)
 .debug_line    0x00004301       0x80 C:/Program Files (x86)/Atmel/Studio/7.0/Packs/atmel/ATmega_DFP/1.6.364/gcc/dev/atmega4809/avrxmega3\libatmega4809.a(eeupd_byte.o)
 .debug_line    0x00004381       0xc1 C:/Program Files (x86)/Atmel/Studio/7.0/Packs/atmel/ATmega_DFP/1.6.364/gcc/dev/atmega4809/avrxmega3\libatmega4809.a(eewr_byte.o)
 .debug_line    0x00004442       0x79 C:/Program Files (x86)/Atmel/Studio/7.0/Packs/atmel/ATmega_DFP/1.6.364/gcc/dev/atmega4809/avrxmega3\libatmega4809.a(eerd_byte.o)

.debug_frame    0x00000000      0xe5c
 *(.debug_frame)
 .debug_frame   0x00000000       0x40 ad590.o
 .debug_frame   0x00000040       0x4c ads1115.o
 .debug_frame   0x0000008c       0x24 beeper.o
 .debug_frame   0x000000b0       0xe4 commands.o
 .debug_frame   0x00000194      0x110 ds3231.o
 .debug_frame   0x000002a4       0x84 eeprom.o
 .debug_frame   0x00000328       0x74 fram.o
 .debug_frame   0x0000039c       0x4c humidity.o
 .debug_frame   0x000003e8       0x34 initialize.o
 .debug_frame   0x0000041c       0x6c interrupts.o
 .debug_frame   0x00000488       0x38 ionpump.o
 .debug_frame   0x000004c0       0x24 led.o
 .debug_frame   0x000004e4       0x24 main.o
 .debug_frame   0x00000508       0x50 mcp23008.o
 .debug_frame   0x00000558       0x48 mcp9808.o
 .debug_frame   0x000005a0       0xc4 mma8451.o
 .debug_frame   0x00000664       0x74 nmea.o
 .debug_frame   0x000006d8       0xa4 oled.o
 .debug_frame   0x0000077c      0x110 pneu.o
 .debug_frame   0x0000088c       0x24 ports.o
 .debug_frame   0x000008b0       0x88 report.o
 .debug_frame   0x00000938      0x148 roboclaw.o
 .debug_frame   0x00000a80       0x7c rtc.o
 .debug_frame   0x00000afc       0x30 set.o
 .debug_frame   0x00000b2c       0x24 specID.o
 .debug_frame   0x00000b50       0x24 temperature.o
 .debug_frame   0x00000b74       0x40 testroutine.o
 .debug_frame   0x00000bb4       0x58 timers.o
 .debug_frame   0x00000c0c       0x74 twi.o
 .debug_frame   0x00000c80      0x194 usart.o
 .debug_frame   0x00000e14       0x24 wdt.o
 .debug_frame   0x00000e38       0x24 xport.o

.debug_str      0x00000000     0x2265
 *(.debug_str)
 .debug_str     0x00000000      0xf85 C:/Program Files (x86)/Atmel/Studio/7.0/Packs/atmel/ATmega_DFP/1.6.364/gcc/dev/atmega4809/avrxmega3/crtatmega4809.o
 .debug_str     0x00000f85      0x1f4 ad590.o
                                0x239 (size before relaxing)
 .debug_str     0x00001179       0x8b ads1115.o
                                0x293 (size before relaxing)
 .debug_str     0x00001204       0xca beeper.o
                                0x260 (size before relaxing)
 .debug_str     0x000012ce      0x17b commands.o
                                0x409 (size before relaxing)
 .debug_str     0x00001449       0x90 ds3231.o
                                0x264 (size before relaxing)
 .debug_str     0x000014d9       0x89 eeprom.o
                                0x21f (size before relaxing)
 .debug_str     0x00001562       0x38 fram.o
                                0x20b (size before relaxing)
 .debug_str     0x0000159a       0x34 humidity.o
                                0x1f0 (size before relaxing)
 .debug_str     0x000015ce      0x124 initialize.o
                                0x3a3 (size before relaxing)
 .debug_str     0x000016f2       0x1e interrupts.o
                                0x26b (size before relaxing)
 .debug_str     0x00001710       0x2a ionpump.o
                                0x1d7 (size before relaxing)
 .debug_str     0x0000173a        0xb led.o
                                0x25a (size before relaxing)
 .debug_str     0x00001745       0x11 main.o
                                0x211 (size before relaxing)
 .debug_str     0x00001756       0x1e mcp23008.o
                                0x1f0 (size before relaxing)
 .debug_str     0x00001774       0x21 mcp9808.o
                                0x204 (size before relaxing)
 .debug_str     0x00001795       0x41 mma8451.o
                                0x22f (size before relaxing)
 .debug_str     0x000017d6       0x59 nmea.o
                                0x2c7 (size before relaxing)
 .debug_str     0x0000182f       0x5b oled.o
                                0x347 (size before relaxing)
 .debug_str     0x0000188a       0xad pneu.o
                                0x3eb (size before relaxing)
 .debug_str     0x00001937        0xd ports.o
                                0x2ec (size before relaxing)
 .debug_str     0x00001944      0x10f report.o
                                0x490 (size before relaxing)
 .debug_str     0x00001a53       0xe2 roboclaw.o
                                0x33e (size before relaxing)
 .debug_str     0x00001b35      0x333 rtc.o
                                0x5d6 (size before relaxing)
 .debug_str     0x00001e68        0xb set.o
                                0x1de (size before relaxing)
 .debug_str     0x00001e73        0xe specID.o
                                0x260 (size before relaxing)
 .debug_str     0x00001e81       0x13 temperature.o
                                0x1e1 (size before relaxing)
 .debug_str     0x00001e94       0x13 testroutine.o
                                0x215 (size before relaxing)
 .debug_str     0x00001ea7       0x4c timers.o
                                0x258 (size before relaxing)
 .debug_str     0x00001ef3      0x16d twi.o
                                0x36c (size before relaxing)
 .debug_str     0x00002060       0xdc usart.o
                                0x3bc (size before relaxing)
 .debug_str     0x0000213c      0x11c wdt.o
                                0x300 (size before relaxing)
 .debug_str     0x00002258        0xd xport.o
                                0x2a9 (size before relaxing)

.debug_loc      0x00000000     0x3f29
 *(.debug_loc)
 .debug_loc     0x00000000      0x133 ad590.o
 .debug_loc     0x00000133      0x338 ads1115.o
 .debug_loc     0x0000046b      0x4d9 commands.o
 .debug_loc     0x00000944      0x5da ds3231.o
 .debug_loc     0x00000f1e       0xda eeprom.o
 .debug_loc     0x00000ff8      0x325 fram.o
 .debug_loc     0x0000131d      0x1b7 humidity.o
 .debug_loc     0x000014d4       0x47 initialize.o
 .debug_loc     0x0000151b       0xcb interrupts.o
 .debug_loc     0x000015e6       0xe8 ionpump.o
 .debug_loc     0x000016ce      0x1af mcp23008.o
 .debug_loc     0x0000187d      0x123 mcp9808.o
 .debug_loc     0x000019a0      0x463 mma8451.o
 .debug_loc     0x00001e03      0x1cc nmea.o
 .debug_loc     0x00001fcf      0x339 oled.o
 .debug_loc     0x00002308      0x6e6 pneu.o
 .debug_loc     0x000029ee      0x431 report.o
 .debug_loc     0x00002e1f      0x782 roboclaw.o
 .debug_loc     0x000035a1      0x135 rtc.o
 .debug_loc     0x000036d6       0xac set.o
 .debug_loc     0x00003782       0x8f temperature.o
 .debug_loc     0x00003811       0xa9 testroutine.o
 .debug_loc     0x000038ba       0x71 timers.o
 .debug_loc     0x0000392b       0x5a twi.o
 .debug_loc     0x00003985      0x55e usart.o
 .debug_loc     0x00003ee3       0x46 xport.o

.debug_macinfo
 *(.debug_macinfo)

.debug_weaknames
 *(.debug_weaknames)

.debug_funcnames
 *(.debug_funcnames)

.debug_typenames
 *(.debug_typenames)

.debug_varnames
 *(.debug_varnames)

.debug_pubtypes
 *(.debug_pubtypes)

.debug_ranges   0x00000000      0x388
 *(.debug_ranges)
 .debug_ranges  0x00000000       0x10 ad590.o
 .debug_ranges  0x00000010       0x10 ads1115.o
 .debug_ranges  0x00000020       0x10 beeper.o
 .debug_ranges  0x00000030       0x38 commands.o
 .debug_ranges  0x00000068       0x38 ds3231.o
 .debug_ranges  0x000000a0       0x30 eeprom.o
 .debug_ranges  0x000000d0       0x18 fram.o
 .debug_ranges  0x000000e8       0x10 humidity.o
 .debug_ranges  0x000000f8       0x10 initialize.o
 .debug_ranges  0x00000108       0x10 interrupts.o
 .debug_ranges  0x00000118       0x10 ionpump.o
 .debug_ranges  0x00000128       0x10 led.o
 .debug_ranges  0x00000138       0x10 main.o
 .debug_ranges  0x00000148       0x18 mcp23008.o
 .debug_ranges  0x00000160       0x10 mcp9808.o
 .debug_ranges  0x00000170       0x28 mma8451.o
 .debug_ranges  0x00000198       0x18 nmea.o
 .debug_ranges  0x000001b0       0x28 oled.o
 .debug_ranges  0x000001d8       0x38 pneu.o
 .debug_ranges  0x00000210       0x10 ports.o
 .debug_ranges  0x00000220       0x10 report.o
 .debug_ranges  0x00000230       0x40 roboclaw.o
 .debug_ranges  0x00000270       0x18 rtc.o
 .debug_ranges  0x00000288       0x10 set.o
 .debug_ranges  0x00000298       0x10 specID.o
 .debug_ranges  0x000002a8       0x10 temperature.o
 .debug_ranges  0x000002b8       0x10 testroutine.o
 .debug_ranges  0x000002c8       0x20 timers.o
 .debug_ranges  0x000002e8       0x38 twi.o
 .debug_ranges  0x00000320       0x48 usart.o
 .debug_ranges  0x00000368       0x10 wdt.o
 .debug_ranges  0x00000378       0x10 xport.o

.debug_macro
 *(.debug_macro)
OUTPUT(specMech.elf elf32-avr)
LOAD linker stubs
