Archive member included to satisfy reference by file (symbol)

c:/program files (x86)/atmel/studio/7.0/toolchain/avr8/avr8-gnu-toolchain/bin/../lib/gcc/avr/5.4.0/../../../../avr/lib/avrxmega3\libm.a(addsf3.o)
                              ad590.o (__subsf3)
c:/program files (x86)/atmel/studio/7.0/toolchain/avr8/avr8-gnu-toolchain/bin/../lib/gcc/avr/5.4.0/../../../../avr/lib/avrxmega3\libm.a(addsf3x.o)
                              c:/program files (x86)/atmel/studio/7.0/toolchain/avr8/avr8-gnu-toolchain/bin/../lib/gcc/avr/5.4.0/../../../../avr/lib/avrxmega3\libm.a(addsf3.o) (__addsf3x)
c:/program files (x86)/atmel/studio/7.0/toolchain/avr8/avr8-gnu-toolchain/bin/../lib/gcc/avr/5.4.0/../../../../avr/lib/avrxmega3\libm.a(cmpsf2.o)
                              humidity.o (__ltsf2)
c:/program files (x86)/atmel/studio/7.0/toolchain/avr8/avr8-gnu-toolchain/bin/../lib/gcc/avr/5.4.0/../../../../avr/lib/avrxmega3\libm.a(divsf3.o)
                              humidity.o (__divsf3)
c:/program files (x86)/atmel/studio/7.0/toolchain/avr8/avr8-gnu-toolchain/bin/../lib/gcc/avr/5.4.0/../../../../avr/lib/avrxmega3\libm.a(divsf3x.o)
                              c:/program files (x86)/atmel/studio/7.0/toolchain/avr8/avr8-gnu-toolchain/bin/../lib/gcc/avr/5.4.0/../../../../avr/lib/avrxmega3\libm.a(divsf3.o) (__divsf3x)
c:/program files (x86)/atmel/studio/7.0/toolchain/avr8/avr8-gnu-toolchain/bin/../lib/gcc/avr/5.4.0/../../../../avr/lib/avrxmega3\libm.a(floatsisf.o)
                              mcp9808.o (__floatunsisf)
c:/program files (x86)/atmel/studio/7.0/toolchain/avr8/avr8-gnu-toolchain/bin/../lib/gcc/avr/5.4.0/../../../../avr/lib/avrxmega3\libm.a(fp_cmp.o)
                              c:/program files (x86)/atmel/studio/7.0/toolchain/avr8/avr8-gnu-toolchain/bin/../lib/gcc/avr/5.4.0/../../../../avr/lib/avrxmega3\libm.a(cmpsf2.o) (__fp_cmp)
c:/program files (x86)/atmel/studio/7.0/toolchain/avr8/avr8-gnu-toolchain/bin/../lib/gcc/avr/5.4.0/../../../../avr/lib/avrxmega3\libm.a(fp_inf.o)
                              c:/program files (x86)/atmel/studio/7.0/toolchain/avr8/avr8-gnu-toolchain/bin/../lib/gcc/avr/5.4.0/../../../../avr/lib/avrxmega3\libm.a(addsf3x.o) (__fp_inf)
c:/program files (x86)/atmel/studio/7.0/toolchain/avr8/avr8-gnu-toolchain/bin/../lib/gcc/avr/5.4.0/../../../../avr/lib/avrxmega3\libm.a(fp_nan.o)
                              c:/program files (x86)/atmel/studio/7.0/toolchain/avr8/avr8-gnu-toolchain/bin/../lib/gcc/avr/5.4.0/../../../../avr/lib/avrxmega3\libm.a(addsf3x.o) (__fp_nan)
c:/program files (x86)/atmel/studio/7.0/toolchain/avr8/avr8-gnu-toolchain/bin/../lib/gcc/avr/5.4.0/../../../../avr/lib/avrxmega3\libm.a(fp_pscA.o)
                              c:/program files (x86)/atmel/studio/7.0/toolchain/avr8/avr8-gnu-toolchain/bin/../lib/gcc/avr/5.4.0/../../../../avr/lib/avrxmega3\libm.a(addsf3x.o) (__fp_pscA)
c:/program files (x86)/atmel/studio/7.0/toolchain/avr8/avr8-gnu-toolchain/bin/../lib/gcc/avr/5.4.0/../../../../avr/lib/avrxmega3\libm.a(fp_pscB.o)
                              c:/program files (x86)/atmel/studio/7.0/toolchain/avr8/avr8-gnu-toolchain/bin/../lib/gcc/avr/5.4.0/../../../../avr/lib/avrxmega3\libm.a(addsf3x.o) (__fp_pscB)
c:/program files (x86)/atmel/studio/7.0/toolchain/avr8/avr8-gnu-toolchain/bin/../lib/gcc/avr/5.4.0/../../../../avr/lib/avrxmega3\libm.a(fp_round.o)
                              c:/program files (x86)/atmel/studio/7.0/toolchain/avr8/avr8-gnu-toolchain/bin/../lib/gcc/avr/5.4.0/../../../../avr/lib/avrxmega3\libm.a(addsf3.o) (__fp_round)
c:/program files (x86)/atmel/studio/7.0/toolchain/avr8/avr8-gnu-toolchain/bin/../lib/gcc/avr/5.4.0/../../../../avr/lib/avrxmega3\libm.a(fp_split3.o)
                              c:/program files (x86)/atmel/studio/7.0/toolchain/avr8/avr8-gnu-toolchain/bin/../lib/gcc/avr/5.4.0/../../../../avr/lib/avrxmega3\libm.a(addsf3x.o) (__fp_split3)
c:/program files (x86)/atmel/studio/7.0/toolchain/avr8/avr8-gnu-toolchain/bin/../lib/gcc/avr/5.4.0/../../../../avr/lib/avrxmega3\libm.a(fp_zero.o)
                              c:/program files (x86)/atmel/studio/7.0/toolchain/avr8/avr8-gnu-toolchain/bin/../lib/gcc/avr/5.4.0/../../../../avr/lib/avrxmega3\libm.a(addsf3x.o) (__fp_zero)
c:/program files (x86)/atmel/studio/7.0/toolchain/avr8/avr8-gnu-toolchain/bin/../lib/gcc/avr/5.4.0/../../../../avr/lib/avrxmega3\libm.a(gesf2.o)
                              ionpump.o (__gtsf2)
c:/program files (x86)/atmel/studio/7.0/toolchain/avr8/avr8-gnu-toolchain/bin/../lib/gcc/avr/5.4.0/../../../../avr/lib/avrxmega3\libm.a(mulsf3.o)
                              ad590.o (__mulsf3)
c:/program files (x86)/atmel/studio/7.0/toolchain/avr8/avr8-gnu-toolchain/bin/../lib/gcc/avr/5.4.0/../../../../avr/lib/avrxmega3\libm.a(mulsf3x.o)
                              c:/program files (x86)/atmel/studio/7.0/toolchain/avr8/avr8-gnu-toolchain/bin/../lib/gcc/avr/5.4.0/../../../../avr/lib/avrxmega3\libm.a(mulsf3.o) (__mulsf3x)
[...]
Memory Configuration

Name             Origin             Length             Attributes
text             0x00000000         0x0000c000         xr
data             0x00802800         0x00001800         rw !x
eeprom           0x00810000         0x00000100         rw !x
fuse             0x00820000         0x0000000a         rw !x
lock             0x00830000         0x00000400         rw !x
signature        0x00840000         0x00000400         rw !x
user_signatures  0x00850000         0x00000400         rw !x
*default*        0x00000000         0xffffffff

Linker script and memory map

Address of section .data set to 0x802800
                0x00004000                __RODATA_PM_OFFSET__ = 0x4000
LOAD C:/Program Files (x86)/Atmel/Studio/7.0/Packs/atmel/ATmega_DFP/1.6.364/gcc/dev/atmega4809/avrxmega3/crtatmega4809.o
LOAD ad590.o
LOAD ads1115.o
LOAD commands.o
LOAD ds3231.o
LOAD eeprom.o
LOAD errors.o
LOAD fram.o
LOAD humidity.o
LOAD initialize.o
LOAD ionpump.o
LOAD main.o
LOAD mcp23008.o
LOAD mcp9808.o
LOAD mma8451.o
LOAD nmea.o
LOAD oled.o
LOAD pneu.o
LOAD ports.o
LOAD pushbutton.o
LOAD report.o
LOAD roboclaw.o
LOAD set.o
LOAD temperature.o
LOAD testroutine.o
LOAD timers.o
LOAD twi.o
LOAD usart.o
LOAD wdt.o
START GROUP
LOAD c:/program files (x86)/atmel/studio/7.0/toolchain/avr8/avr8-gnu-toolchain/bin/../lib/gcc/avr/5.4.0/../../../../avr/lib/avrxmega3\libm.a
END GROUP
LOAD c:/program files (x86)/atmel/studio/7.0/toolchain/avr8/avr8-gnu-toolchain/bin/../lib/gcc/avr/5.4.0/../../../../avr/lib/avrxmega3\libprintf_flt.a
START GROUP
LOAD c:/program files (x86)/atmel/studio/7.0/toolchain/avr8/avr8-gnu-toolchain/bin/../lib/gcc/avr/5.4.0/avrxmega3\libgcc.a
LOAD c:/program files (x86)/atmel/studio/7.0/toolchain/avr8/avr8-gnu-toolchain/bin/../lib/gcc/avr/5.4.0/../../../../avr/lib/avrxmega3\libm.a
LOAD c:/program files (x86)/atmel/studio/7.0/toolchain/avr8/avr8-gnu-toolchain/bin/../lib/gcc/avr/5.4.0/../../../../avr/lib/avrxmega3\libc.a
LOAD C:/Program Files (x86)/Atmel/Studio/7.0/Packs/atmel/ATmega_DFP/1.6.364/gcc/dev/atmega4809/avrxmega3\libatmega4809.a
END GROUP
                [0x00000000]                __TEXT_REGION_ORIGIN__ = DEFINED (__TEXT_REGION_ORIGIN__)?__TEXT_REGION_ORIGIN__:0x0
                [0x00802800]                __DATA_REGION_ORIGIN__ = DEFINED (__DATA_REGION_ORIGIN__)?__DATA_REGION_ORIGIN__:0x802000
                [0x0000c000]                __TEXT_REGION_LENGTH__ = DEFINED (__TEXT_REGION_LENGTH__)?__TEXT_REGION_LENGTH__:0x100000
                [0x00001800]                __DATA_REGION_LENGTH__ = DEFINED (__DATA_REGION_LENGTH__)?__DATA_REGION_LENGTH__:0xffa0
                [0x00000100]                __EEPROM_REGION_LENGTH__ = DEFINED (__EEPROM_REGION_LENGTH__)?__EEPROM_REGION_LENGTH__:0x10000
                [0x0000000a]                __FUSE_REGION_LENGTH__ = DEFINED (__FUSE_REGION_LENGTH__)?__FUSE_REGION_LENGTH__:0x400
                0x00000400                __LOCK_REGION_LENGTH__ = DEFINED (__LOCK_REGION_LENGTH__)?__LOCK_REGION_LENGTH__:0x400
                0x00000400                __SIGNATURE_REGION_LENGTH__ = DEFINED (__SIGNATURE_REGION_LENGTH__)?__SIGNATURE_REGION_LENGTH__:0x400
                0x00000400                __USER_SIGNATURE_REGION_LENGTH__ = DEFINED (__USER_SIGNATURE_REGION_LENGTH__)?__USER_SIGNATURE_REGION_LENGTH__:0x400
                0x00008000                __RODATA_PM_OFFSET__ = DEFINED (__RODATA_PM_OFFSET__)?__RODATA_PM_OFFSET__:0x8000

.hash
 *(.hash)

.dynsym
 *(.dynsym)

.dynstr
 *(.dynstr)

.gnu.version
 *(.gnu.version)

.gnu.version_d
 *(.gnu.version_d)

.gnu.version_r
 *(.gnu.version_r)

.rel.init
 *(.rel.init)

.rela.init
 *(.rela.init)

.rel.text
 *(.rel.text)
 *(.rel.text.*)
 *(.rel.gnu.linkonce.t*)

.rela.text
 *(.rela.text)
 *(.rela.text.*)
 *(.rela.gnu.linkonce.t*)

.rel.fini
 *(.rel.fini)

.rela.fini
 *(.rela.fini)

.rel.rodata
 *(.rel.rodata)
 *(.rel.rodata.*)
 *(.rel.gnu.linkonce.r*)

.rela.rodata
 *(.rela.rodata)
 *(.rela.rodata.*)
 *(.rela.gnu.linkonce.r*)

.rel.data
 *(.rel.data)
 *(.rel.data.*)
 *(.rel.gnu.linkonce.d*)

.rela.data
 *(.rela.data)
 *(.rela.data.*)
 *(.rela.gnu.linkonce.d*)

.rel.ctors
 *(.rel.ctors)

.rela.ctors
 *(.rela.ctors)

.rel.dtors
 *(.rel.dtors)

.rela.dtors
 *(.rela.dtors)

.rel.got
 *(.rel.got)

.rela.got
 *(.rela.got)

.rel.bss
 *(.rel.bss)

.rela.bss
 *(.rela.bss)

.rel.plt
 *(.rel.plt)

.rela.plt
 *(.rela.plt)

.text           0x00000000     0x63ac
 *(.vectors)
 .vectors       0x00000000       0xa0 C:/Program Files (x86)/Atmel/Studio/7.0/Packs/atmel/ATmega_DFP/1.6.364/gcc/dev/atmega4809/avrxmega3/crtatmega4809.o
                0x00000000                __vector_default
                0x00000000                __vectors
 *(.vectors)
 *(.progmem.gcc*)
 .progmem.gcc_sw_table.commands
                0x000000a0       0x58 commands.o
 .progmem.gcc_sw_table.report
                0x000000f8       0x6c report.o
 .progmem.gcc_sw_table.move_MOTOR_CMD
                0x00000164       0x70 roboclaw.o
                0x000001d4                . = ALIGN (0x2)
                0x000001d4                __trampolines_start = .
 *(.trampolines)
 .trampolines   0x000001d4        0x0 linker stubs
 *(.trampolines*)
                0x000001d4                __trampolines_end = .
 *libprintf_flt.a:*(.progmem.data)
 .progmem.data  0x000001d4        0x8 c:/program files (x86)/atmel/studio/7.0/toolchain/avr8/avr8-gnu-toolchain/bin/../lib/gcc/avr/5.4.0/../../../../avr/lib/avrxmega3\libprintf_flt.a(vfprintf_flt.o)
 *libc.a:*(.progmem.data)
 .progmem.data  0x000001dc       0xfa c:/program files (x86)/atmel/studio/7.0/toolchain/avr8/avr8-gnu-toolchain/bin/../lib/gcc/avr/5.4.0/../../../../avr/lib/avrxmega3\libc.a(ftoa_engine.o)
 *(.progmem*)
                0x000002d6                . = ALIGN (0x2)
 *(.jumptables)
 *(.jumptables*)
 *(.lowtext)
 *(.lowtext*)
                0x000002d6                __ctors_start = .
 *(.ctors)
                0x000002d6                __ctors_end = .
                0x000002d6                __dtors_start = .
 *(.dtors)
                0x000002d6                __dtors_end = .
 SORT(*)(.ctors)
 SORT(*)(.dtors)
 *(.init0)
 .init0         0x000002d6        0x0 C:/Program Files (x86)/Atmel/Studio/7.0/Packs/atmel/ATmega_DFP/1.6.364/gcc/dev/atmega4809/avrxmega3/crtatmega4809.o
                0x000002d6                __init
 *(.init0)
 *(.init1)
 *(.init1)
 *(.init2)
 .init2         0x000002d6        0xc C:/Program Files (x86)/Atmel/Studio/7.0/Packs/atmel/ATmega_DFP/1.6.364/gcc/dev/atmega4809/avrxmega3/crtatmega4809.o
 *(.init2)
 *(.init3)
 *(.init3)
 *(.init4)
 .init4         0x000002e2       0x10 c:/program files (x86)/atmel/studio/7.0/toolchain/avr8/avr8-gnu-toolchain/bin/../lib/gcc/avr/5.4.0/avrxmega3\libgcc.a(_clear_bss.o)
                0x000002e2                __do_clear_bss
 *(.init4)
 *(.init5)
 *(.init5)
 *(.init6)
 *(.init6)
 *(.init7)
 *(.init7)
 *(.init8)
 *(.init8)
 *(.init9)
 .init9         0x000002f2        0x8 C:/Program Files (x86)/Atmel/Studio/7.0/Packs/atmel/ATmega_DFP/1.6.364/gcc/dev/atmega4809/avrxmega3/crtatmega4809.o
 *(.init9)
 *(.text)
 .text          0x000002fa        0x4 C:/Program Files (x86)/Atmel/Studio/7.0/Packs/atmel/ATmega_DFP/1.6.364/gcc/dev/atmega4809/avrxmega3/crtatmega4809.o
                0x000002fa                __vector_22
                0x000002fa                __vector_28
                0x000002fa                __vector_1
                0x000002fa                __vector_32
                0x000002fa                __vector_34
                0x000002fa                __vector_24
                0x000002fa                __bad_interrupt
                0x000002fa                __vector_6
                0x000002fa                __vector_31
                0x000002fa                __vector_35
                0x000002fa                __vector_39
                0x000002fa                __vector_23
                0x000002fa                __vector_30
                0x000002fa                __vector_25
                0x000002fa                __vector_11
                0x000002fa                __vector_13
                0x000002fa                __vector_19
                0x000002fa                __vector_7
                0x000002fa                __vector_5
                0x000002fa                __vector_33
                0x000002fa                __vector_4
                0x000002fa                __vector_9
                0x000002fa                __vector_2
                0x000002fa                __vector_21
                0x000002fa                __vector_15
                0x000002fa                __vector_36
                0x000002fa                __vector_8
                0x000002fa                __vector_14
                0x000002fa                __vector_10
                0x000002fa                __vector_16
                0x000002fe                . = ALIGN (0x2)
 *(.text.*)
 .text.read_AD590
                0x000002fe      0x102 ad590.o
                0x000002fe                read_AD590
 .text.read_ADS1115
                0x00000400      0x1d4 ads1115.o
                0x00000400                read_ADS1115
 .text.get_cmdline
                0x000005d4       0x58 commands.o
                0x000005d4                get_cmdline
 .text.isaletter
                0x0000062c       0x1a commands.o
                0x0000062c                isaletter
 .text.parse_cmd
                0x00000646      0x128 commands.o
                0x00000646                parse_cmd
 .text.printLine
                0x0000076e       0x96 commands.o
                0x0000076e                printLine
 .text.echo_cmd
                0x00000804       0x80 commands.o
                0x00000804                echo_cmd
 .text.send_EXprompt
                0x00000884       0x2a commands.o
                0x00000884                send_EXprompt
 .text.rebootACKd
                0x000008ae       0x54 commands.o
                0x000008ae                rebootACKd
 .text.send_GTprompt
                0x00000902       0x2a commands.o
                0x00000902                send_GTprompt
 .text.commands
                0x0000092c      0x11c commands.o
                0x0000092c                commands
 .text.check_isotime
                0x00000a48      0x2fe ds3231.o
                0x00000a48                check_isotime
 .text.convert_ds2iso
                0x00000d46       0x6e ds3231.o
                0x00000d46                convert_ds2iso
 .text.convert_iso2ds
                0x00000db4       0xc0 ds3231.o
                0x00000db4                convert_iso2ds
 .text.read_DS3231
                0x00000e74       0x78 ds3231.o
                0x00000e74                read_DS3231
 .text.get_time
                0x00000eec       0x68 ds3231.o
                0x00000eec                get_time
 .text.write_DS3231
                0x00000f54       0x70 ds3231.o
                0x00000f54                write_DS3231
 .text.put_time
                0x00000fc4       0x6e ds3231.o
                0x00000fc4                put_time
 .text.get_BOOTTIME
                0x00001032        0xe eeprom.o
                0x00001032                get_BOOTTIME
 .text.get_VERSION
                0x00001040        0xe eeprom.o
                0x00001040                get_VERSION
 .text.update_BOOTTIME
                0x0000104e       0x32 eeprom.o
                0x0000104e                update_BOOTTIME
 .text.update_VERSION
                0x00001080       0x3c eeprom.o
                0x00001080                update_VERSION
 .text.init_EEPROM
                0x000010bc        0xa eeprom.o
                0x000010bc                init_EEPROM
 .text.printError
                0x000010c6       0x6c errors.o
                0x000010c6                printError
 .text.read_FRAM
                0x00001132       0x9c fram.o
                0x00001132                read_FRAM
 .text.get_SETTIME
                0x000011ce       0x60 fram.o
                0x000011ce                get_SETTIME
 .text.write_FRAM
                0x0000122e       0x64 fram.o
                0x0000122e                write_FRAM
 .text.get_humidity
                0x00001292      0x138 humidity.o
                0x00001292                get_humidity
 .text.initialize
                0x000013ca       0x86 initialize.o
                0x000013ca                initialize
 .text.read_ionpump
                0x00001450       0xd6 ionpump.o
                0x00001450                read_ionpump
 .text.main     0x00001526       0x7e main.o
                0x00001526                main
 .text.read_MCP23008
                0x000015a4       0x5e mcp23008.o
                0x000015a4                read_MCP23008
 .text.write_MCP23008
                0x00001602       0x5c mcp23008.o
                0x00001602                write_MCP23008
 .text.read_MCP9808
                0x0000165e       0xce mcp9808.o
                0x0000165e                read_MCP9808
 .text.read_MMA8451
                0x0000172c       0x7c mma8451.o
                0x0000172c                read_MMA8451
 .text.get_orientation
                0x000017a8      0x13c mma8451.o
                0x000017a8                get_orientation
 .text.write_MMA8451
                0x000018e4       0x54 mma8451.o
                0x000018e4                write_MMA8451
 .text.init_MMA8451
                0x00001938       0x64 mma8451.o
                0x00001938                init_MMA8451
 .text.checksum_NMEA
                0x0000199c       0x92 nmea.o
                0x0000199c                checksum_NMEA
 .text.reset_OLED
                0x00001a2e       0x18 oled.o
                0x00001a2e                reset_OLED
 .text.write_OLED
                0x00001a46       0x24 oled.o
                0x00001a46                write_OLED
 .text.init_OLEDDISPLAY
                0x00001a6a      0x14c oled.o
                0x00001a6a                init_OLEDDISPLAY
 .text.init_OLED
                0x00001bb6       0x22 oled.o
                0x00001bb6                init_OLED
 .text.writestr_OLED
                0x00001bd8       0xb6 oled.o
                0x00001bd8                writestr_OLED
 .text.clear_OLED
                0x00001c8e       0x3c oled.o
                0x00001c8e                clear_OLED
 .text.init_PNEU
                0x00001cca       0x7a pneu.o
                0x00001cca                init_PNEU
 .text.read_PNEUSensors
                0x00001d44       0xd8 pneu.o
                0x00001d44                read_PNEUSensors
 .text.set_PNEUVALVES
                0x00001e1c       0x24 pneu.o
                0x00001e1c                set_PNEUVALVES
 .text.close_PNEU
                0x00001e40      0x154 pneu.o
                0x00001e40                close_PNEU
 .text.open_PNEU
                0x00001f94      0x154 pneu.o
                0x00001f94                open_PNEU
 .text.__vector_20
                0x000020e8       0x5e pneu.o
                0x000020e8                __vector_20
 .text.init_PORTS
                0x00002146       0x2c ports.o
                0x00002146                init_PORTS
 .text.report   0x00002172      0xe10 report.o
                0x00002172                report
 .text.crc16    0x00002f82       0x4a roboclaw.o
                0x00002f82                crc16
 .text.get_FRAM_ENCSAVETIME
                0x00002fcc       0x88 roboclaw.o
                0x00002fcc                get_FRAM_ENCSAVETIME
 .text.get_FRAM_MOTOR_ENCODER
                0x00003054      0x136 roboclaw.o
                0x00003054                get_FRAM_MOTOR_ENCODER
 .text.get_MOTOR
                0x0000318a      0x1b6 roboclaw.o
                0x0000318a                get_MOTOR
 .text.get_MOTOR_CURRENT
                0x00003340       0xda roboclaw.o
                0x00003340                get_MOTOR_CURRENT
 .text.get_MOTOR_ENCODER
                0x0000341a       0xf8 roboclaw.o
                0x0000341a                get_MOTOR_ENCODER
 .text.get_MOTOR_FLOAT
                0x00003512       0xe8 roboclaw.o
                0x00003512                get_MOTOR_FLOAT
 .text.get_MOTOR_MAXCURRENT
                0x000035fa      0x126 roboclaw.o
                0x000035fa                get_MOTOR_MAXCURRENT
 .text.get_MOTOR_PID
                0x00003720      0x45e roboclaw.o
                0x00003720                get_MOTOR_PID
 .text.get_MOTOR_S4MODE
                0x00003b7e       0xac roboclaw.o
                0x00003b7e                get_MOTOR_S4MODE
 .text.get_MOTOR_SPEED
                0x00003c2a       0xf8 roboclaw.o
                0x00003c2a                get_MOTOR_SPEED
 .text.motorsMoving
                0x00003d22       0xc2 roboclaw.o
                0x00003d22                motorsMoving
 .text.put_FRAM_ENCODERS
                0x00003de4       0xa2 roboclaw.o
                0x00003de4                put_FRAM_ENCODERS
 .text.put_MOTOR
                0x00003e86      0x19c roboclaw.o
                0x00003e86                put_MOTOR
 .text.move_MOTOR
                0x00004022      0x114 roboclaw.o
                0x00004022                move_MOTOR
 .text.move_MOTORS_PISTON
                0x00004136      0x150 roboclaw.o
                0x00004136                move_MOTORS_PISTON
 .text.put_MOTOR_ENCODER
                0x00004286       0xaa roboclaw.o
                0x00004286                put_MOTOR_ENCODER
 .text.init_MOTORS
                0x00004330       0x64 roboclaw.o
                0x00004330                init_MOTORS
 .text.stop_MOTORS
                0x00004394       0xac roboclaw.o
                0x00004394                stop_MOTORS
 .text.move_MOTOR_CMD
                0x00004440      0x2aa roboclaw.o
                0x00004440                move_MOTOR_CMD
 .text.set      0x000046ea      0x2c0 set.o
                0x000046ea                set
 .text.get_temperature
                0x000049aa       0x78 temperature.o
                0x000049aa                get_temperature
 .text.testroutine
                0x00004a22       0x7e testroutine.o
                0x00004a22                testroutine
 .text.init_RTC
                0x00004aa0       0x5c timers.o
                0x00004aa0                init_RTC
 .text.__vector_3
                0x00004afc       0x44 timers.o
                0x00004afc                __vector_3
 .text.start_TCB0
                0x00004b40       0x24 timers.o
                0x00004b40                start_TCB0
 .text.__vector_12
                0x00004b64       0x6a timers.o
                0x00004b64                __vector_12
 .text.init_TWI
                0x00004bce       0x16 twi.o
                0x00004bce                init_TWI
 .text.read_TWI
                0x00004be4       0x44 twi.o
                0x00004be4                read_TWI
 .text.readlast_TWI
                0x00004c28       0x3e twi.o
                0x00004c28                readlast_TWI
 .text.start_TWI
                0x00004c66       0x94 twi.o
                0x00004c66                start_TWI
 .text.stop_TWI
                0x00004cfa        0x8 twi.o
                0x00004cfa                stop_TWI
 .text.write_TWI
                0x00004d02       0x82 twi.o
                0x00004d02                write_TWI
 .text.init_USART
                0x00004d84       0x94 usart.o
                0x00004d84                init_USART
 .text.send_USART
                0x00004e18      0x134 usart.o
                0x00004e18                send_USART
 .text.send_USART1
                0x00004f4c       0x2e usart.o
                0x00004f4c                send_USART1
 .text.__vector_26
                0x00004f7a       0x40 usart.o
                0x00004f7a                __vector_26
 .text.__vector_27
                0x00004fba       0x70 usart.o
                0x00004fba                __vector_27
 .text.__vector_17
                0x0000502a       0x9c usart.o
                0x0000502a                __vector_17
 .text.__vector_18
                0x000050c6       0x78 usart.o
                0x000050c6                __vector_18
 .text.__vector_37
                0x0000513e       0x6a usart.o
                0x0000513e                __vector_37
 .text.__vector_38
                0x000051a8       0x5c usart.o
                0x000051a8                __vector_38
 .text.reboot   0x00005204        0xc wdt.o
                0x00005204                reboot
 .text.__vector_29
                0x00005210       0x56 wdt.o
                0x00005210                __vector_29
 .text.avr-libc.fplib
                0x00005266        0xe c:/program files (x86)/atmel/studio/7.0/toolchain/avr8/avr8-gnu-toolchain/bin/../lib/gcc/avr/5.4.0/../../../../avr/lib/avrxmega3\libm.a(addsf3.o)
                0x00005266                __subsf3
                0x00005268                __addsf3
 .text.avr-libc.fplib
                0x00005274       0xcc c:/program files (x86)/atmel/studio/7.0/toolchain/avr8/avr8-gnu-toolchain/bin/../lib/gcc/avr/5.4.0/../../../../avr/lib/avrxmega3\libm.a(addsf3x.o)
                0x00005296                __addsf3x
 .text.avr-libc.fplib
                0x00005340        0xa c:/program files (x86)/atmel/studio/7.0/toolchain/avr8/avr8-gnu-toolchain/bin/../lib/gcc/avr/5.4.0/../../../../avr/lib/avrxmega3\libm.a(cmpsf2.o)
                0x00005340                __nesf2
                0x00005340                __eqsf2
                0x00005340                __cmpsf2
                0x00005340                __ltsf2
                0x00005340                __lesf2
 .text.avr-libc.fplib
                0x0000534a        0x8 c:/program files (x86)/atmel/studio/7.0/toolchain/avr8/avr8-gnu-toolchain/bin/../lib/gcc/avr/5.4.0/../../../../avr/lib/avrxmega3\libm.a(divsf3.o)
                0x0000534a                __divsf3
 .text.avr-libc.fplib
                0x00005352       0xdc c:/program files (x86)/atmel/studio/7.0/toolchain/avr8/avr8-gnu-toolchain/bin/../lib/gcc/avr/5.4.0/../../../../avr/lib/avrxmega3\libm.a(divsf3x.o)
                0x00005372                __divsf3x
                0x00005378                __divsf3_pse
 .text.avr-libc.fplib
                0x0000542e       0x7a c:/program files (x86)/atmel/studio/7.0/toolchain/avr8/avr8-gnu-toolchain/bin/../lib/gcc/avr/5.4.0/../../../../avr/lib/avrxmega3\libm.a(floatsisf.o)
                0x0000542e                __floatunsisf
                0x00005432                __floatsisf
 .text.avr-libc.fplib
                0x000054a8       0x48 c:/program files (x86)/atmel/studio/7.0/toolchain/avr8/avr8-gnu-toolchain/bin/../lib/gcc/avr/5.4.0/../../../../avr/lib/avrxmega3\libm.a(fp_cmp.o)
                0x000054a8                __fp_cmp
 .text.avr-libc.fplib
                0x000054f0        0xc c:/program files (x86)/atmel/studio/7.0/toolchain/avr8/avr8-gnu-toolchain/bin/../lib/gcc/avr/5.4.0/../../../../avr/lib/avrxmega3\libm.a(fp_inf.o)
                0x000054f0                __fp_inf
 .text.avr-libc.fplib
                0x000054fc        0x6 c:/program files (x86)/atmel/studio/7.0/toolchain/avr8/avr8-gnu-toolchain/bin/../lib/gcc/avr/5.4.0/../../../../avr/lib/avrxmega3\libm.a(fp_nan.o)
                0x000054fc                __fp_nan
 .text.avr-libc.fplib
                0x00005502        0xe c:/program files (x86)/atmel/studio/7.0/toolchain/avr8/avr8-gnu-toolchain/bin/../lib/gcc/avr/5.4.0/../../../../avr/lib/avrxmega3\libm.a(fp_pscA.o)
                0x00005502                __fp_pscA
 .text.avr-libc.fplib
                0x00005510        0xe c:/program files (x86)/atmel/studio/7.0/toolchain/avr8/avr8-gnu-toolchain/bin/../lib/gcc/avr/5.4.0/../../../../avr/lib/avrxmega3\libm.a(fp_pscB.o)
                0x00005510                __fp_pscB
 .text.avr-libc.fplib
                0x0000551e       0x22 c:/program files (x86)/atmel/studio/7.0/toolchain/avr8/avr8-gnu-toolchain/bin/../lib/gcc/avr/5.4.0/../../../../avr/lib/avrxmega3\libm.a(fp_round.o)
                0x0000551e                __fp_round
 .text.avr-libc.fplib
                0x00005540       0x44 c:/program files (x86)/atmel/studio/7.0/toolchain/avr8/avr8-gnu-toolchain/bin/../lib/gcc/avr/5.4.0/../../../../avr/lib/avrxmega3\libm.a(fp_split3.o)
                0x00005540                __fp_split3
                0x00005550                __fp_splitA
 .text.avr-libc.fplib
                0x00005584        0xe c:/program files (x86)/atmel/studio/7.0/toolchain/avr8/avr8-gnu-toolchain/bin/../lib/gcc/avr/5.4.0/../../../../avr/lib/avrxmega3\libm.a(fp_zero.o)
                0x00005584                __fp_zero
                0x00005586                __fp_szero
 .text.avr-libc.fplib
                0x00005592        0xa c:/program files (x86)/atmel/studio/7.0/toolchain/avr8/avr8-gnu-toolchain/bin/../lib/gcc/avr/5.4.0/../../../../avr/lib/avrxmega3\libm.a(gesf2.o)
                0x00005592                __gesf2
                0x00005592                __gtsf2
 .text.avr-libc.fplib
                0x0000559c        0x8 c:/program files (x86)/atmel/studio/7.0/toolchain/avr8/avr8-gnu-toolchain/bin/../lib/gcc/avr/5.4.0/../../../../avr/lib/avrxmega3\libm.a(mulsf3.o)
                0x0000559c                __mulsf3
 .text.avr-libc.fplib
                0x000055a4       0xd2 c:/program files (x86)/atmel/studio/7.0/toolchain/avr8/avr8-gnu-toolchain/bin/../lib/gcc/avr/5.4.0/../../../../avr/lib/avrxmega3\libm.a(mulsf3x.o)
                0x000055c2                __mulsf3x
                0x000055c8                __mulsf3_pse
 .text.avr-libc
                0x00005676      0x6fa c:/program files (x86)/atmel/studio/7.0/toolchain/avr8/avr8-gnu-toolchain/bin/../lib/gcc/avr/5.4.0/../../../../avr/lib/avrxmega3\libprintf_flt.a(vfprintf_flt.o)
                0x00005676                vfprintf
 .text.libgcc.div
                0x00005d70       0x28 c:/program files (x86)/atmel/studio/7.0/toolchain/avr8/avr8-gnu-toolchain/bin/../lib/gcc/avr/5.4.0/avrxmega3\libgcc.a(_divmodhi4.o)
                0x00005d70                _div
                0x00005d70                __divmodhi4
 .text.libgcc.div
                0x00005d98       0x2e c:/program files (x86)/atmel/studio/7.0/toolchain/avr8/avr8-gnu-toolchain/bin/../lib/gcc/avr/5.4.0/avrxmega3\libgcc.a(_divmodsi4.o)
                0x00005d98                __divmodsi4
 .text.libgcc.div
                0x00005dc6       0x10 c:/program files (x86)/atmel/studio/7.0/toolchain/avr8/avr8-gnu-toolchain/bin/../lib/gcc/avr/5.4.0/avrxmega3\libgcc.a(_negsi2.o)
                0x00005dc6                __negsi2
 .text.libgcc   0x00005dd6        0xc c:/program files (x86)/atmel/studio/7.0/toolchain/avr8/avr8-gnu-toolchain/bin/../lib/gcc/avr/5.4.0/avrxmega3\libgcc.a(_tablejump2.o)
                0x00005dd6                __tablejump2__
 .text.libgcc.mul
                0x00005de2       0x16 c:/program files (x86)/atmel/studio/7.0/toolchain/avr8/avr8-gnu-toolchain/bin/../lib/gcc/avr/5.4.0/avrxmega3\libgcc.a(_muluhisi3.o)
                0x00005de2                __muluhisi3
 .text.libgcc.prologue
                0x00005df8       0x32 c:/program files (x86)/atmel/studio/7.0/toolchain/avr8/avr8-gnu-toolchain/bin/../lib/gcc/avr/5.4.0/avrxmega3\libgcc.a(_prologue.o)
                0x00005df8                __prologue_saves__
 .text.libgcc.prologue
                0x00005e2a       0x30 c:/program files (x86)/atmel/studio/7.0/toolchain/avr8/avr8-gnu-toolchain/bin/../lib/gcc/avr/5.4.0/avrxmega3\libgcc.a(_epilogue.o)
                0x00005e2a                __epilogue_restores__
 .text.libgcc.div
                0x00005e5a       0x28 c:/program files (x86)/atmel/studio/7.0/toolchain/avr8/avr8-gnu-toolchain/bin/../lib/gcc/avr/5.4.0/avrxmega3\libgcc.a(_udivmodhi4.o)
                0x00005e5a                __udivmodhi4
 .text.libgcc.div
                0x00005e82       0x44 c:/program files (x86)/atmel/studio/7.0/toolchain/avr8/avr8-gnu-toolchain/bin/../lib/gcc/avr/5.4.0/avrxmega3\libgcc.a(_udivmodsi4.o)
                0x00005e82                __udivmodsi4
 .text.libgcc.mul
                0x00005ec6       0x1e c:/program files (x86)/atmel/studio/7.0/toolchain/avr8/avr8-gnu-toolchain/bin/../lib/gcc/avr/5.4.0/avrxmega3\libgcc.a(_umulhisi3.o)
                0x00005ec6                __umulhisi3
 .text.avr-libc
                0x00005ee4       0x3c c:/program files (x86)/atmel/studio/7.0/toolchain/avr8/avr8-gnu-toolchain/bin/../lib/gcc/avr/5.4.0/../../../../avr/lib/avrxmega3\libc.a(atoi.o)
                0x00005ee4                atoi
 .text.avr-libc
                0x00005f20       0x4e c:/program files (x86)/atmel/studio/7.0/toolchain/avr8/avr8-gnu-toolchain/bin/../lib/gcc/avr/5.4.0/../../../../avr/lib/avrxmega3\libc.a(atol.o)
                0x00005f20                atol
 .text.avr-libc
                0x00005f6e      0x1b0 c:/program files (x86)/atmel/studio/7.0/toolchain/avr8/avr8-gnu-toolchain/bin/../lib/gcc/avr/5.4.0/../../../../avr/lib/avrxmega3\libc.a(ftoa_engine.o)
                0x00005f6e                __ftoa_engine
 .text.avr-libc
                0x0000611e       0x16 c:/program files (x86)/atmel/studio/7.0/toolchain/avr8/avr8-gnu-toolchain/bin/../lib/gcc/avr/5.4.0/../../../../avr/lib/avrxmega3\libc.a(strnlen_P.o)
                0x0000611e                strnlen_P
 .text.avr-libc
                0x00006134       0x16 c:/program files (x86)/atmel/studio/7.0/toolchain/avr8/avr8-gnu-toolchain/bin/../lib/gcc/avr/5.4.0/../../../../avr/lib/avrxmega3\libc.a(strcat.o)
                0x00006134                strcat
 .text.avr-libc
                0x0000614a        0xe c:/program files (x86)/atmel/studio/7.0/toolchain/avr8/avr8-gnu-toolchain/bin/../lib/gcc/avr/5.4.0/../../../../avr/lib/avrxmega3\libc.a(strcpy.o)
                0x0000614a                strcpy
 .text.avr-libc
                0x00006158       0x16 c:/program files (x86)/atmel/studio/7.0/toolchain/avr8/avr8-gnu-toolchain/bin/../lib/gcc/avr/5.4.0/../../../../avr/lib/avrxmega3\libc.a(strnlen.o)
                0x00006158                strnlen
 .text.avr-libc
                0x0000616e       0x2a c:/program files (x86)/atmel/studio/7.0/toolchain/avr8/avr8-gnu-toolchain/bin/../lib/gcc/avr/5.4.0/../../../../avr/lib/avrxmega3\libc.a(mulsi10.o)
                0x0000616e                __mulsi_const_10
 .text.avr-libc
                0x00006198       0x10 c:/program files (x86)/atmel/studio/7.0/toolchain/avr8/avr8-gnu-toolchain/bin/../lib/gcc/avr/5.4.0/../../../../avr/lib/avrxmega3\libc.a(mul10.o)
                0x00006198                __mulhi_const_10
 .text.avr-libc
                0x000061a8       0x78 c:/program files (x86)/atmel/studio/7.0/toolchain/avr8/avr8-gnu-toolchain/bin/../lib/gcc/avr/5.4.0/../../../../avr/lib/avrxmega3\libc.a(fputc.o)
                0x000061a8                fputc
 .text.avr-libc
                0x00006220       0x44 c:/program files (x86)/atmel/studio/7.0/toolchain/avr8/avr8-gnu-toolchain/bin/../lib/gcc/avr/5.4.0/../../../../avr/lib/avrxmega3\libc.a(sprintf.o)
                0x00006220                sprintf
 .text.avr-libc
                0x00006264       0xbc c:/program files (x86)/atmel/studio/7.0/toolchain/avr8/avr8-gnu-toolchain/bin/../lib/gcc/avr/5.4.0/../../../../avr/lib/avrxmega3\libc.a(ultoa_invert.o)
                0x00006264                __ultoa_invert
 .text.avr-libc
                0x00006320        0x8 C:/Program Files (x86)/Atmel/Studio/7.0/Packs/atmel/ATmega_DFP/1.6.364/gcc/dev/atmega4809/avrxmega3\libatmega4809.a(eerd_block.o)
                0x00006320                eeprom_read_block
 .text.avr-libc
                0x00006328       0x20 C:/Program Files (x86)/Atmel/Studio/7.0/Packs/atmel/ATmega_DFP/1.6.364/gcc/dev/atmega4809/avrxmega3\libatmega4809.a(eeupd_block.o)
                0x00006328                eeprom_update_block
 .text.avr-libc
                0x00006348       0x16 C:/Program Files (x86)/Atmel/Studio/7.0/Packs/atmel/ATmega_DFP/1.6.364/gcc/dev/atmega4809/avrxmega3\libatmega4809.a(eeupd_byte.o)
                0x00006348                eeprom_update_byte
                0x0000634a                eeprom_update_r18
 .text.avr-libc
                0x0000635e       0x28 C:/Program Files (x86)/Atmel/Studio/7.0/Packs/atmel/ATmega_DFP/1.6.364/gcc/dev/atmega4809/avrxmega3\libatmega4809.a(eewr_byte.o)
                0x0000635e                eeprom_write_byte
                0x00006360                eeprom_write_r18
 .text.avr-libc
                0x00006386       0x10 C:/Program Files (x86)/Atmel/Studio/7.0/Packs/atmel/ATmega_DFP/1.6.364/gcc/dev/atmega4809/avrxmega3\libatmega4809.a(eerd_byte.o)
                0x00006386                eeprom_read_byte
                0x0000638e                eeprom_mapen
 .text.avr-libc
                0x00006396       0x12 c:/program files (x86)/atmel/studio/7.0/toolchain/avr8/avr8-gnu-toolchain/bin/../lib/gcc/avr/5.4.0/../../../../avr/lib/avrxmega3\libc.a(memcpy.o)
                0x00006396                memcpy
                0x000063a8                . = ALIGN (0x2)
 *(.fini9)
 .fini9         0x000063a8        0x0 c:/program files (x86)/atmel/studio/7.0/toolchain/avr8/avr8-gnu-toolchain/bin/../lib/gcc/avr/5.4.0/avrxmega3\libgcc.a(_exit.o)
                0x000063a8                _exit
                0x000063a8                exit
 *(.fini9)
 *(.fini8)
 *(.fini8)
 *(.fini7)
 *(.fini7)
 *(.fini6)
 *(.fini6)
 *(.fini5)
 *(.fini5)
 *(.fini4)
 *(.fini4)
 *(.fini3)
 *(.fini3)
 *(.fini2)
 *(.fini2)
 *(.fini1)
 *(.fini1)
 *(.fini0)
 .fini0         0x000063a8        0x4 c:/program files (x86)/atmel/studio/7.0/toolchain/avr8/avr8-gnu-toolchain/bin/../lib/gcc/avr/5.4.0/avrxmega3\libgcc.a(_exit.o)
 *(.fini0)
                0x000063ac                _etext = .

.rodata         0x0000a3ac      0xb25 load address 0x000063ac
 *(.rodata)
 .rodata        0x0000a3ac        0x6 roboclaw.o
 *(.rodata*)
 .rodata.str1.1
                0x0000a3b2       0x66 commands.o
 .rodata.str1.1
                0x0000a418      0x10b ds3231.o
 .rodata.str1.1
                0x0000a523        0xb eeprom.o
 .rodata.str1.1
                0x0000a52e        0xa errors.o
 .rodata.str1.1
                0x0000a538        0xa fram.o
 .rodata.str1.1
                0x0000a542       0x11 initialize.o
 .rodata.str1.1
                0x0000a553       0x29 mcp23008.o
 .rodata.str1.1
                0x0000a57c        0x8 nmea.o
 .rodata.str1.1
                0x0000a584       0x11 oled.o
 .rodata.str1.1
                0x0000a595       0x6b pneu.o
 .rodata.str1.1
                0x0000a600      0x361 report.o
                                0x372 (size before relaxing)
 .rodata.str1.1
                0x0000a961      0x435 roboclaw.o
 .rodata.str1.1
                0x0000ad96       0x91 set.o
 .rodata.str1.1
                0x0000ae27       0x13 testroutine.o
 .rodata.str1.1
                0x0000ae3a       0x97 twi.o
 *(.gnu.linkonce.r*)

.data           0x00802800        0x0 load address 0x00006ed1
                [!provide]                PROVIDE (__data_start, .)
 *(.data)
 *(.data*)
 *(.gnu.linkonce.d*)
                0x00802800                . = ALIGN (0x2)
                0x00802800                _edata = .
                [!provide]                PROVIDE (__data_end, .)

.bss            0x00802800      0xa53
                0x00802800                PROVIDE (__bss_start, .)
 *(.bss)
 *(.bss*)
 .bss.cstack.3857
                0x00802800        0x1 commands.o
 *(COMMON)
 COMMON         0x00802801        0xa commands.o
                0x00802801                USART3_ticks
                0x00802803                USART0_ticks
                0x00802805                TWI_ticks
                0x00802807                USART1_ticks
                0x00802809                timeoutOLED
 COMMON         0x0080280b        0x1 errors.o
                0x0080280b                squelchErrors
 COMMON         0x0080280c        0x1 initialize.o
                0x0080280c                rebootackd
 COMMON         0x0080280d      0x209 main.o
                0x0080280d                pcmd
                0x00802a15                firstpass
 COMMON         0x00802a16        0x2 oled.o
                0x00802a16                timerOLED
 COMMON         0x00802a18        0x1 pneu.o
                0x00802a18                pneuState
 COMMON         0x00802a19       0x22 roboclaw.o
                0x00802a19                pid
                0x00802a39                timeoutSAVEENCODER
                0x00802a3a                timerSAVEENCODER
 COMMON         0x00802a3b      0x818 usart.o
                0x00802a3b                ser_recv1
                0x00802b3b                ser_send1
                0x00802c3b                recv1_buf
                0x00802d3f                recv0_buf
                0x00802e43                send0_buf
                0x00802f47                recv3_buf
                0x0080304b                send3_buf
                0x0080314f                send1_buf
                0x00803253                PROVIDE (__bss_end, .)
                0x00006ed1                __data_load_start = LOADADDR (.data)
                0x00006ed1                __data_load_end = (__data_load_start + SIZEOF (.data))

.noinit         0x00803253        0x0
                [!provide]                PROVIDE (__noinit_start, .)
 *(.noinit*)
                [!provide]                PROVIDE (__noinit_end, .)
                0x00803253                _end = .
                [!provide]                PROVIDE (__heap_start, .)

.eeprom         0x00810000        0x0
 *(.eeprom*)
                0x00810000                __eeprom_end = .

.fuse
 *(.fuse)
 *(.lfuse)
 *(.hfuse)
 *(.efuse)

.lock
 *(.lock*)

.signature
 *(.signature*)

.user_signatures
 *(.user_signatures*)

.stab
 *(.stab)

.stabstr
 *(.stabstr)

.stab.excl
 *(.stab.excl)

.stab.exclstr
 *(.stab.exclstr)

.stab.index
 *(.stab.index)

.stab.indexstr
 *(.stab.indexstr)

.comment        0x00000000       0x5c
 *(.comment)
 .comment       0x00000000       0x30 ad590.o
                                 0x31 (size before relaxing)
 .comment       0x00000030       0x31 ads1115.o
 .comment       0x00000030       0x31 commands.o
 .comment       0x00000030       0x31 ds3231.o
 .comment       0x00000030       0x31 eeprom.o
 .comment       0x00000030       0x31 errors.o
 .comment       0x00000030       0x31 fram.o
 .comment       0x00000030       0x31 humidity.o
 .comment       0x00000030       0x31 initialize.o
 .comment       0x00000030       0x31 ionpump.o
 .comment       0x00000030       0x31 main.o
 .comment       0x00000030       0x31 mcp23008.o
 .comment       0x00000030       0x31 mcp9808.o
 .comment       0x00000030       0x31 mma8451.o
 .comment       0x00000030       0x31 nmea.o
 .comment       0x00000030       0x31 oled.o
 .comment       0x00000030       0x31 pneu.o
 .comment       0x00000030       0x31 ports.o
 .comment       0x00000030       0x31 report.o
 .comment       0x00000030       0x31 roboclaw.o
 .comment       0x00000030       0x31 set.o
 .comment       0x00000030       0x31 temperature.o
 .comment       0x00000030       0x31 testroutine.o
 .comment       0x00000030       0x31 timers.o
 .comment       0x00000030       0x31 twi.o
 .comment       0x00000030       0x31 usart.o
 .comment       0x00000030       0x31 wdt.o
 .comment       0x00000030       0x2c c:/program files (x86)/atmel/studio/7.0/toolchain/avr8/avr8-gnu-toolchain/bin/../lib/gcc/avr/5.4.0/../../../../avr/lib/avrxmega3\libprintf_flt.a(vfprintf_flt.o)
                                 0x2d (size before relaxing)
 .comment       0x0000005c       0x31 c:/program files (x86)/atmel/studio/7.0/toolchain/avr8/avr8-gnu-toolchain/bin/../lib/gcc/avr/5.4.0/../../../../avr/lib/avrxmega3\libc.a(fputc.o)
 .comment       0x0000005c       0x31 c:/program files (x86)/atmel/studio/7.0/toolchain/avr8/avr8-gnu-toolchain/bin/../lib/gcc/avr/5.4.0/../../../../avr/lib/avrxmega3\libc.a(sprintf.o)

.note.gnu.avr.deviceinfo
                0x00000000       0x40
 .note.gnu.avr.deviceinfo
                0x00000000       0x40 C:/Program Files (x86)/Atmel/Studio/7.0/Packs/atmel/ATmega_DFP/1.6.364/gcc/dev/atmega4809/avrxmega3/crtatmega4809.o

.note.gnu.build-id
 *(.note.gnu.build-id)

.debug
 *(.debug)

.line
 *(.line)

.debug_srcinfo
 *(.debug_srcinfo)

.debug_sfnames
 *(.debug_sfnames)

.debug_aranges  0x00000000      0x650
 *(.debug_aranges)
 .debug_aranges
                0x00000000       0x20 ad590.o
 .debug_aranges
                0x00000020       0x20 ads1115.o
 .debug_aranges
                0x00000040       0x68 commands.o
 .debug_aranges
                0x000000a8       0x50 ds3231.o
 .debug_aranges
                0x000000f8       0x40 eeprom.o
 .debug_aranges
                0x00000138       0x20 errors.o
 .debug_aranges
                0x00000158       0x30 fram.o
 .debug_aranges
                0x00000188       0x20 humidity.o
 .debug_aranges
                0x000001a8       0x20 initialize.o
 .debug_aranges
                0x000001c8       0x20 ionpump.o
 .debug_aranges
                0x000001e8       0x20 main.o
 .debug_aranges
                0x00000208       0x28 mcp23008.o
 .debug_aranges
                0x00000230       0x20 mcp9808.o
 .debug_aranges
                0x00000250       0x38 mma8451.o
 .debug_aranges
                0x00000288       0x20 nmea.o
 .debug_aranges
                0x000002a8       0x48 oled.o
 .debug_aranges
                0x000002f0       0x48 pneu.o
 .debug_aranges
                0x00000338       0x20 ports.o
 .debug_aranges
                0x00000358       0x20 report.o
 .debug_aranges
                0x00000378       0xc8 roboclaw.o
 .debug_aranges
                0x00000440       0x20 set.o
 .debug_aranges
                0x00000460       0x20 temperature.o
 .debug_aranges
                0x00000480       0x20 testroutine.o
 .debug_aranges
                0x000004a0       0x40 timers.o
 .debug_aranges
                0x000004e0       0x48 twi.o
 .debug_aranges
                0x00000528       0x60 usart.o
 .debug_aranges
                0x00000588       0x28 wdt.o
 .debug_aranges
                0x000005b0       0x20 C:/Program Files (x86)/Atmel/Studio/7.0/Packs/atmel/ATmega_DFP/1.6.364/gcc/dev/atmega4809/avrxmega3\libatmega4809.a(eerd_block.o)
 .debug_aranges
                0x000005d0       0x20 C:/Program Files (x86)/Atmel/Studio/7.0/Packs/atmel/ATmega_DFP/1.6.364/gcc/dev/atmega4809/avrxmega3\libatmega4809.a(eeupd_block.o)
 .debug_aranges
                0x000005f0       0x20 C:/Program Files (x86)/Atmel/Studio/7.0/Packs/atmel/ATmega_DFP/1.6.364/gcc/dev/atmega4809/avrxmega3\libatmega4809.a(eeupd_byte.o)
 .debug_aranges
                0x00000610       0x20 C:/Program Files (x86)/Atmel/Studio/7.0/Packs/atmel/ATmega_DFP/1.6.364/gcc/dev/atmega4809/avrxmega3\libatmega4809.a(eewr_byte.o)
 .debug_aranges
                0x00000630       0x20 C:/Program Files (x86)/Atmel/Studio/7.0/Packs/atmel/ATmega_DFP/1.6.364/gcc/dev/atmega4809/avrxmega3\libatmega4809.a(eerd_byte.o)

.debug_pubnames
 *(.debug_pubnames)

.debug_info     0x00000000     0xba38
 *(.debug_info .gnu.linkonce.wi.*)
 .debug_info    0x00000000     0x248a C:/Program Files (x86)/Atmel/Studio/7.0/Packs/atmel/ATmega_DFP/1.6.364/gcc/dev/atmega4809/avrxmega3/crtatmega4809.o
 .debug_info    0x0000248a      0x21b ad590.o
 .debug_info    0x000026a5      0x33e ads1115.o
 .debug_info    0x000029e3      0xa1b commands.o
 .debug_info    0x000033fe      0x829 ds3231.o
 .debug_info    0x00003c27      0x24f eeprom.o
 .debug_info    0x00003e76      0x1c2 errors.o
 .debug_info    0x00004038      0x363 fram.o
 .debug_info    0x0000439b      0x164 humidity.o
 .debug_info    0x000044ff      0x2b7 initialize.o
 .debug_info    0x000047b6      0x10f ionpump.o
 .debug_info    0x000048c5      0x301 main.o
 .debug_info    0x00004bc6      0x2ab mcp23008.o
 .debug_info    0x00004e71      0x191 mcp9808.o
 .debug_info    0x00005002      0x429 mma8451.o
 .debug_info    0x0000542b      0x15c nmea.o
 .debug_info    0x00005587      0x9e9 oled.o
 .debug_info    0x00005f70      0x8d3 pneu.o
 .debug_info    0x00006843      0x2d6 ports.o
 .debug_info    0x00006b19      0xf67 report.o
 .debug_info    0x00007a80     0x1d17 roboclaw.o
 .debug_info    0x00009797      0x4ad set.o
 .debug_info    0x00009c44      0x106 temperature.o
 .debug_info    0x00009d4a      0x25c testroutine.o
 .debug_info    0x00009fa6      0x889 timers.o
 .debug_info    0x0000a82f      0x4c5 twi.o
 .debug_info    0x0000acf4      0x6c1 usart.o
 .debug_info    0x0000b3b5      0x364 wdt.o
 .debug_info    0x0000b719       0xa0 C:/Program Files (x86)/Atmel/Studio/7.0/Packs/atmel/ATmega_DFP/1.6.364/gcc/dev/atmega4809/avrxmega3\libatmega4809.a(eerd_block.o)
 .debug_info    0x0000b7b9       0xa1 C:/Program Files (x86)/Atmel/Studio/7.0/Packs/atmel/ATmega_DFP/1.6.364/gcc/dev/atmega4809/avrxmega3\libatmega4809.a(eeupd_block.o)
 .debug_info    0x0000b85a       0xa0 C:/Program Files (x86)/Atmel/Studio/7.0/Packs/atmel/ATmega_DFP/1.6.364/gcc/dev/atmega4809/avrxmega3\libatmega4809.a(eeupd_byte.o)
 .debug_info    0x0000b8fa       0x9f C:/Program Files (x86)/Atmel/Studio/7.0/Packs/atmel/ATmega_DFP/1.6.364/gcc/dev/atmega4809/avrxmega3\libatmega4809.a(eewr_byte.o)
 .debug_info    0x0000b999       0x9f C:/Program Files (x86)/Atmel/Studio/7.0/Packs/atmel/ATmega_DFP/1.6.364/gcc/dev/atmega4809/avrxmega3\libatmega4809.a(eerd_byte.o)

.debug_abbrev   0x00000000     0x4549
 *(.debug_abbrev)
 .debug_abbrev  0x00000000     0x2296 C:/Program Files (x86)/Atmel/Studio/7.0/Packs/atmel/ATmega_DFP/1.6.364/gcc/dev/atmega4809/avrxmega3/crtatmega4809.o
 .debug_abbrev  0x00002296      0x129 ad590.o
 .debug_abbrev  0x000023bf      0x11a ads1115.o
 .debug_abbrev  0x000024d9      0x289 commands.o
 .debug_abbrev  0x00002762      0x183 ds3231.o
 .debug_abbrev  0x000028e5       0xda eeprom.o
 .debug_abbrev  0x000029bf       0xf1 errors.o
 .debug_abbrev  0x00002ab0      0x115 fram.o
 .debug_abbrev  0x00002bc5       0xb8 humidity.o
 .debug_abbrev  0x00002c7d       0xde initialize.o
 .debug_abbrev  0x00002d5b       0xab ionpump.o
 .debug_abbrev  0x00002e06      0x101 main.o
 .debug_abbrev  0x00002f07       0xb8 mcp23008.o
 .debug_abbrev  0x00002fbf       0xb2 mcp9808.o
 .debug_abbrev  0x00003071      0x127 mma8451.o
 .debug_abbrev  0x00003198      0x104 nmea.o
 .debug_abbrev  0x0000329c      0x1f6 oled.o
 .debug_abbrev  0x00003492      0x1fe pneu.o
 .debug_abbrev  0x00003690      0x124 ports.o
 .debug_abbrev  0x000037b4      0x16d report.o
 .debug_abbrev  0x00003921      0x2f8 roboclaw.o
 .debug_abbrev  0x00003c19      0x142 set.o
 .debug_abbrev  0x00003d5b       0xa9 temperature.o
 .debug_abbrev  0x00003e04      0x139 testroutine.o
 .debug_abbrev  0x00003f3d      0x174 timers.o
 .debug_abbrev  0x000040b1      0x14c twi.o
 .debug_abbrev  0x000041fd      0x1f4 usart.o
 .debug_abbrev  0x000043f1       0xf4 wdt.o
 .debug_abbrev  0x000044e5       0x14 C:/Program Files (x86)/Atmel/Studio/7.0/Packs/atmel/ATmega_DFP/1.6.364/gcc/dev/atmega4809/avrxmega3\libatmega4809.a(eerd_block.o)
 .debug_abbrev  0x000044f9       0x14 C:/Program Files (x86)/Atmel/Studio/7.0/Packs/atmel/ATmega_DFP/1.6.364/gcc/dev/atmega4809/avrxmega3\libatmega4809.a(eeupd_block.o)
 .debug_abbrev  0x0000450d       0x14 C:/Program Files (x86)/Atmel/Studio/7.0/Packs/atmel/ATmega_DFP/1.6.364/gcc/dev/atmega4809/avrxmega3\libatmega4809.a(eeupd_byte.o)
 .debug_abbrev  0x00004521       0x14 C:/Program Files (x86)/Atmel/Studio/7.0/Packs/atmel/ATmega_DFP/1.6.364/gcc/dev/atmega4809/avrxmega3\libatmega4809.a(eewr_byte.o)
 .debug_abbrev  0x00004535       0x14 C:/Program Files (x86)/Atmel/Studio/7.0/Packs/atmel/ATmega_DFP/1.6.364/gcc/dev/atmega4809/avrxmega3\libatmega4809.a(eerd_byte.o)

.debug_line     0x00000000     0x4b72
 *(.debug_line .debug_line.* .debug_line_end)
 .debug_line    0x00000000      0x187 C:/Program Files (x86)/Atmel/Studio/7.0/Packs/atmel/ATmega_DFP/1.6.364/gcc/dev/atmega4809/avrxmega3/crtatmega4809.o
 .debug_line    0x00000187      0x1a1 ad590.o
 .debug_line    0x00000328      0x240 ads1115.o
 .debug_line    0x00000568      0x5df commands.o
 .debug_line    0x00000b47      0x491 ds3231.o
 .debug_line    0x00000fd8      0x129 eeprom.o
 .debug_line    0x00001101       0xea errors.o
 .debug_line    0x000011eb      0x199 fram.o
 .debug_line    0x00001384      0x12f humidity.o
 .debug_line    0x000014b3      0x14b initialize.o
 .debug_line    0x000015fe       0xff ionpump.o
 .debug_line    0x000016fd      0x16c main.o
 .debug_line    0x00001869      0x161 mcp23008.o
 .debug_line    0x000019ca      0x107 mcp9808.o
 .debug_line    0x00001ad1      0x233 mma8451.o
 .debug_line    0x00001d04       0xfc nmea.o
 .debug_line    0x00001e00      0x38e oled.o
 .debug_line    0x0000218e      0x3cd pneu.o
 .debug_line    0x0000255b      0x196 ports.o
 .debug_line    0x000026f1      0x485 report.o
 .debug_line    0x00002b76      0xdac roboclaw.o
 .debug_line    0x00003922      0x1dd set.o
 .debug_line    0x00003aff       0xf6 temperature.o
 .debug_line    0x00003bf5      0x199 testroutine.o
 .debug_line    0x00003d8e      0x249 timers.o
 .debug_line    0x00003fd7      0x2e6 twi.o
 .debug_line    0x000042bd      0x4b7 usart.o
 .debug_line    0x00004774      0x142 wdt.o
 .debug_line    0x000048b6       0x5d C:/Program Files (x86)/Atmel/Studio/7.0/Packs/atmel/ATmega_DFP/1.6.364/gcc/dev/atmega4809/avrxmega3\libatmega4809.a(eerd_block.o)
 .debug_line    0x00004913       0xa5 C:/Program Files (x86)/Atmel/Studio/7.0/Packs/atmel/ATmega_DFP/1.6.364/gcc/dev/atmega4809/avrxmega3\libatmega4809.a(eeupd_block.o)
 .debug_line    0x000049b8       0x80 C:/Program Files (x86)/Atmel/Studio/7.0/Packs/atmel/ATmega_DFP/1.6.364/gcc/dev/atmega4809/avrxmega3\libatmega4809.a(eeupd_byte.o)
 .debug_line    0x00004a38       0xc1 C:/Program Files (x86)/Atmel/Studio/7.0/Packs/atmel/ATmega_DFP/1.6.364/gcc/dev/atmega4809/avrxmega3\libatmega4809.a(eewr_byte.o)
 .debug_line    0x00004af9       0x79 C:/Program Files (x86)/Atmel/Studio/7.0/Packs/atmel/ATmega_DFP/1.6.364/gcc/dev/atmega4809/avrxmega3\libatmega4809.a(eerd_byte.o)

.debug_frame    0x00000000     0x1328
 *(.debug_frame)
 .debug_frame   0x00000000       0x5c ad590.o
 .debug_frame   0x0000005c       0x60 ads1115.o
 .debug_frame   0x000000bc      0x164 commands.o
 .debug_frame   0x00000220      0x138 ds3231.o
 .debug_frame   0x00000358       0x84 eeprom.o
 .debug_frame   0x000003dc       0x40 errors.o
 .debug_frame   0x0000041c       0xac fram.o
 .debug_frame   0x000004c8       0x68 humidity.o
 .debug_frame   0x00000530       0x34 initialize.o
 .debug_frame   0x00000564       0x54 ionpump.o
 .debug_frame   0x000005b8       0x24 main.o
 .debug_frame   0x000005dc       0x50 mcp23008.o
 .debug_frame   0x0000062c       0x54 mcp9808.o
 .debug_frame   0x00000680       0xc4 mma8451.o
 .debug_frame   0x00000744       0x48 nmea.o
 .debug_frame   0x0000078c       0xc4 oled.o
 .debug_frame   0x00000850      0x110 pneu.o
 .debug_frame   0x00000960       0x24 ports.o
 .debug_frame   0x00000984       0x88 report.o
 .debug_frame   0x00000a0c      0x520 roboclaw.o
 .debug_frame   0x00000f2c       0x54 set.o
 .debug_frame   0x00000f80       0x34 temperature.o
 .debug_frame   0x00000fb4       0x3c testroutine.o
 .debug_frame   0x00000ff0       0x8c timers.o
 .debug_frame   0x0000107c       0x74 twi.o
 .debug_frame   0x000010f0      0x1bc usart.o
 .debug_frame   0x000012ac       0x7c wdt.o

.debug_str      0x00000000     0x24da
 *(.debug_str)
 .debug_str     0x00000000      0xf85 C:/Program Files (x86)/Atmel/Studio/7.0/Packs/atmel/ATmega_DFP/1.6.364/gcc/dev/atmega4809/avrxmega3/crtatmega4809.o
 .debug_str     0x00000f85      0x1da ad590.o
                                0x21f (size before relaxing)
 .debug_str     0x0000115f       0x84 ads1115.o
                                0x272 (size before relaxing)
 .debug_str     0x000011e3      0x2db commands.o
                                0x4a1 (size before relaxing)
 .debug_str     0x000014be       0xc0 ds3231.o
                                0x296 (size before relaxing)
 .debug_str     0x0000157e       0x89 eeprom.o
                                0x1fd (size before relaxing)
 .debug_str     0x00001607       0x40 errors.o
                                0x223 (size before relaxing)
 .debug_str     0x00001647       0x5f fram.o
                                0x21a (size before relaxing)
 .debug_str     0x000016a6       0x34 humidity.o
                                0x1de (size before relaxing)
 .debug_str     0x000016da       0x8b initialize.o
                                0x282 (size before relaxing)
 .debug_str     0x00001765       0x2a ionpump.o
                                0x1bd (size before relaxing)
 .debug_str     0x0000178f       0x2f main.o
                                0x2b1 (size before relaxing)
 .debug_str     0x000017be       0x25 mcp23008.o
                                0x1e7 (size before relaxing)
 .debug_str     0x000017e3       0x26 mcp9808.o
                                0x1ef (size before relaxing)
 .debug_str     0x00001809       0x41 mma8451.o
                                0x215 (size before relaxing)
 .debug_str     0x0000184a       0x34 nmea.o
                                0x1bd (size before relaxing)
 .debug_str     0x0000187e       0x6a oled.o
                                0x35a (size before relaxing)
 .debug_str     0x000018e8      0x12c pneu.o
                                0x444 (size before relaxing)
 .debug_str     0x00001a14        0xd ports.o
                                0x31d (size before relaxing)
 .debug_str     0x00001a21      0x1c5 report.o
                                0x4c3 (size before relaxing)
 .debug_str     0x00001be6      0x1a2 roboclaw.o
                                0x599 (size before relaxing)
 .debug_str     0x00001d88       0x25 set.o
                                0x27f (size before relaxing)
 .debug_str     0x00001dad       0x13 temperature.o
                                0x1c7 (size before relaxing)
 .debug_str     0x00001dc0       0x13 testroutine.o
                                0x249 (size before relaxing)
 .debug_str     0x00001dd3      0x382 timers.o
                                0x667 (size before relaxing)
 .debug_str     0x00002155      0x16d twi.o
                                0x397 (size before relaxing)
 .debug_str     0x000022c2       0xf0 usart.o
                                0x41e (size before relaxing)
 .debug_str     0x000023b2      0x128 wdt.o
                                0x3d5 (size before relaxing)

.debug_loc      0x00000000     0x57ec
 *(.debug_loc)
 .debug_loc     0x00000000      0x1a7 ad590.o
 .debug_loc     0x000001a7      0x319 ads1115.o
 .debug_loc     0x000004c0      0x4e2 commands.o
 .debug_loc     0x000009a2      0x770 ds3231.o
 .debug_loc     0x00001112       0xda eeprom.o
 .debug_loc     0x000011ec       0xae errors.o
 .debug_loc     0x0000129a      0x37b fram.o
 .debug_loc     0x00001615      0x246 humidity.o
 .debug_loc     0x0000185b       0x47 initialize.o
 .debug_loc     0x000018a2      0x101 ionpump.o
 .debug_loc     0x000019a3      0x18e mcp23008.o
 .debug_loc     0x00001b31      0x175 mcp9808.o
 .debug_loc     0x00001ca6      0x42c mma8451.o
 .debug_loc     0x000020d2       0xef nmea.o
 .debug_loc     0x000021c1      0x33a oled.o
 .debug_loc     0x000024fb      0x5be pneu.o
 .debug_loc     0x00002ab9       0x46 ports.o
 .debug_loc     0x00002aff      0x3f5 report.o
 .debug_loc     0x00002ef4     0x1cea roboclaw.o
 .debug_loc     0x00004bde      0x1e8 set.o
 .debug_loc     0x00004dc6       0x9b temperature.o
 .debug_loc     0x00004e61      0x104 testroutine.o
 .debug_loc     0x00004f65      0x124 timers.o
 .debug_loc     0x00005089       0xe0 twi.o
 .debug_loc     0x00005169      0x5b8 usart.o
 .debug_loc     0x00005721       0xcb wdt.o

.debug_macinfo
 *(.debug_macinfo)

.debug_weaknames
 *(.debug_weaknames)

.debug_funcnames
 *(.debug_funcnames)

.debug_typenames
 *(.debug_typenames)

.debug_varnames
 *(.debug_varnames)

.debug_pubtypes
 *(.debug_pubtypes)

.debug_ranges   0x00000000      0x400
 *(.debug_ranges)
 .debug_ranges  0x00000000       0x10 ad590.o
 .debug_ranges  0x00000010       0x10 ads1115.o
 .debug_ranges  0x00000020       0x58 commands.o
 .debug_ranges  0x00000078       0x40 ds3231.o
 .debug_ranges  0x000000b8       0x30 eeprom.o
 .debug_ranges  0x000000e8       0x10 errors.o
 .debug_ranges  0x000000f8       0x20 fram.o
 .debug_ranges  0x00000118       0x10 humidity.o
 .debug_ranges  0x00000128       0x10 initialize.o
 .debug_ranges  0x00000138       0x10 ionpump.o
 .debug_ranges  0x00000148       0x10 main.o
 .debug_ranges  0x00000158       0x18 mcp23008.o
 .debug_ranges  0x00000170       0x10 mcp9808.o
 .debug_ranges  0x00000180       0x28 mma8451.o
 .debug_ranges  0x000001a8       0x10 nmea.o
 .debug_ranges  0x000001b8       0x38 oled.o
 .debug_ranges  0x000001f0       0x38 pneu.o
 .debug_ranges  0x00000228       0x10 ports.o
 .debug_ranges  0x00000238       0x10 report.o
 .debug_ranges  0x00000248       0xb8 roboclaw.o
 .debug_ranges  0x00000300       0x10 set.o
 .debug_ranges  0x00000310       0x10 temperature.o
 .debug_ranges  0x00000320       0x10 testroutine.o
 .debug_ranges  0x00000330       0x30 timers.o
 .debug_ranges  0x00000360       0x38 twi.o
 .debug_ranges  0x00000398       0x50 usart.o
 .debug_ranges  0x000003e8       0x18 wdt.o

.debug_macro
 *(.debug_macro)
OUTPUT(specMech.elf elf32-avr)
LOAD linker stubs
