Archive member included to satisfy reference by file (symbol)

c:/program files (x86)/atmel/studio/7.0/toolchain/avr8/avr8-gnu-toolchain/bin/../lib/gcc/avr/5.4.0/../../../../avr/lib/avrxmega3\libm.a(addsf3.o)
                              ad590.o (__subsf3)
c:/program files (x86)/atmel/studio/7.0/toolchain/avr8/avr8-gnu-toolchain/bin/../lib/gcc/avr/5.4.0/../../../../avr/lib/avrxmega3\libm.a(addsf3x.o)
                              c:/program files (x86)/atmel/studio/7.0/toolchain/avr8/avr8-gnu-toolchain/bin/../lib/gcc/avr/5.4.0/../../../../avr/lib/avrxmega3\libm.a(addsf3.o) (__addsf3x)
c:/program files (x86)/atmel/studio/7.0/toolchain/avr8/avr8-gnu-toolchain/bin/../lib/gcc/avr/5.4.0/../../../../avr/lib/avrxmega3\libm.a(cmpsf2.o)
                              humidity.o (__ltsf2)
c:/program files (x86)/atmel/studio/7.0/toolchain/avr8/avr8-gnu-toolchain/bin/../lib/gcc/avr/5.4.0/../../../../avr/lib/avrxmega3\libm.a(divsf3.o)
                              humidity.o (__divsf3)
c:/program files (x86)/atmel/studio/7.0/toolchain/avr8/avr8-gnu-toolchain/bin/../lib/gcc/avr/5.4.0/../../../../avr/lib/avrxmega3\libm.a(divsf3x.o)
                              c:/program files (x86)/atmel/studio/7.0/toolchain/avr8/avr8-gnu-toolchain/bin/../lib/gcc/avr/5.4.0/../../../../avr/lib/avrxmega3\libm.a(divsf3.o) (__divsf3x)
c:/program files (x86)/atmel/studio/7.0/toolchain/avr8/avr8-gnu-toolchain/bin/../lib/gcc/avr/5.4.0/../../../../avr/lib/avrxmega3\libm.a(fixsfsi.o)
                              roboclaw.o (__fixsfsi)
c:/program files (x86)/atmel/studio/7.0/toolchain/avr8/avr8-gnu-toolchain/bin/../lib/gcc/avr/5.4.0/../../../../avr/lib/avrxmega3\libm.a(fixunssfsi.o)
                              c:/program files (x86)/atmel/studio/7.0/toolchain/avr8/avr8-gnu-toolchain/bin/../lib/gcc/avr/5.4.0/../../../../avr/lib/avrxmega3\libm.a(fixsfsi.o) (__fixunssfsi)
c:/program files (x86)/atmel/studio/7.0/toolchain/avr8/avr8-gnu-toolchain/bin/../lib/gcc/avr/5.4.0/../../../../avr/lib/avrxmega3\libm.a(floatsisf.o)
                              mcp9808.o (__floatunsisf)
c:/program files (x86)/atmel/studio/7.0/toolchain/avr8/avr8-gnu-toolchain/bin/../lib/gcc/avr/5.4.0/../../../../avr/lib/avrxmega3\libm.a(fp_cmp.o)
                              c:/program files (x86)/atmel/studio/7.0/toolchain/avr8/avr8-gnu-toolchain/bin/../lib/gcc/avr/5.4.0/../../../../avr/lib/avrxmega3\libm.a(cmpsf2.o) (__fp_cmp)
c:/program files (x86)/atmel/studio/7.0/toolchain/avr8/avr8-gnu-toolchain/bin/../lib/gcc/avr/5.4.0/../../../../avr/lib/avrxmega3\libm.a(fp_inf.o)
                              c:/program files (x86)/atmel/studio/7.0/toolchain/avr8/avr8-gnu-toolchain/bin/../lib/gcc/avr/5.4.0/../../../../avr/lib/avrxmega3\libm.a(addsf3x.o) (__fp_inf)
c:/program files (x86)/atmel/studio/7.0/toolchain/avr8/avr8-gnu-toolchain/bin/../lib/gcc/avr/5.4.0/../../../../avr/lib/avrxmega3\libm.a(fp_nan.o)
                              c:/program files (x86)/atmel/studio/7.0/toolchain/avr8/avr8-gnu-toolchain/bin/../lib/gcc/avr/5.4.0/../../../../avr/lib/avrxmega3\libm.a(addsf3x.o) (__fp_nan)
c:/program files (x86)/atmel/studio/7.0/toolchain/avr8/avr8-gnu-toolchain/bin/../lib/gcc/avr/5.4.0/../../../../avr/lib/avrxmega3\libm.a(fp_pscA.o)
                              c:/program files (x86)/atmel/studio/7.0/toolchain/avr8/avr8-gnu-toolchain/bin/../lib/gcc/avr/5.4.0/../../../../avr/lib/avrxmega3\libm.a(addsf3x.o) (__fp_pscA)
c:/program files (x86)/atmel/studio/7.0/toolchain/avr8/avr8-gnu-toolchain/bin/../lib/gcc/avr/5.4.0/../../../../avr/lib/avrxmega3\libm.a(fp_pscB.o)
                              c:/program files (x86)/atmel/studio/7.0/toolchain/avr8/avr8-gnu-toolchain/bin/../lib/gcc/avr/5.4.0/../../../../avr/lib/avrxmega3\libm.a(addsf3x.o) (__fp_pscB)
c:/program files (x86)/atmel/studio/7.0/toolchain/avr8/avr8-gnu-toolchain/bin/../lib/gcc/avr/5.4.0/../../../../avr/lib/avrxmega3\libm.a(fp_round.o)
                              c:/program files (x86)/atmel/studio/7.0/toolchain/avr8/avr8-gnu-toolchain/bin/../lib/gcc/avr/5.4.0/../../../../avr/lib/avrxmega3\libm.a(addsf3.o) (__fp_round)
c:/program files (x86)/atmel/studio/7.0/toolchain/avr8/avr8-gnu-toolchain/bin/../lib/gcc/avr/5.4.0/../../../../avr/lib/avrxmega3\libm.a(fp_split3.o)
                              c:/program files (x86)/atmel/studio/7.0/toolchain/avr8/avr8-gnu-toolchain/bin/../lib/gcc/avr/5.4.0/../../../../avr/lib/avrxmega3\libm.a(addsf3x.o) (__fp_split3)
c:/program files (x86)/atmel/studio/7.0/toolchain/avr8/avr8-gnu-toolchain/bin/../lib/gcc/avr/5.4.0/../../../../avr/lib/avrxmega3\libm.a(fp_zero.o)
                              c:/program files (x86)/atmel/studio/7.0/toolchain/avr8/avr8-gnu-toolchain/bin/../lib/gcc/avr/5.4.0/../../../../avr/lib/avrxmega3\libm.a(addsf3x.o) (__fp_zero)
c:/program files (x86)/atmel/studio/7.0/toolchain/avr8/avr8-gnu-toolchain/bin/../lib/gcc/avr/5.4.0/../../../../avr/lib/avrxmega3\libm.a(gesf2.o)
                              ionpump.o (__gtsf2)
[...]
Memory Configuration

Name             Origin             Length             Attributes
text             0x00000000         0x0000c000         xr
data             0x00802800         0x00001800         rw !x
eeprom           0x00810000         0x00000100         rw !x
fuse             0x00820000         0x0000000a         rw !x
lock             0x00830000         0x00000400         rw !x
signature        0x00840000         0x00000400         rw !x
user_signatures  0x00850000         0x00000400         rw !x
*default*        0x00000000         0xffffffff

Linker script and memory map

Address of section .data set to 0x802800
                0x00004000                __RODATA_PM_OFFSET__ = 0x4000
LOAD C:/Program Files (x86)/Atmel/Studio/7.0/Packs/atmel/ATmega_DFP/1.6.364/gcc/dev/atmega4809/avrxmega3/crtatmega4809.o
LOAD ad590.o
LOAD ads1115.o
LOAD commands.o
LOAD ds3231.o
LOAD eeprom.o
LOAD errors.o
LOAD fram.o
LOAD humidity.o
LOAD initialize.o
LOAD ionpump.o
LOAD main.o
LOAD mcp23008.o
LOAD mcp9808.o
LOAD mma8451.o
LOAD nmea.o
LOAD oled.o
LOAD pneu.o
LOAD ports.o
LOAD pushbutton.o
LOAD report.o
LOAD roboclaw.o
LOAD set.o
LOAD temperature.o
LOAD testroutine.o
LOAD timers.o
LOAD twi.o
LOAD usart.o
LOAD wdt.o
START GROUP
LOAD c:/program files (x86)/atmel/studio/7.0/toolchain/avr8/avr8-gnu-toolchain/bin/../lib/gcc/avr/5.4.0/../../../../avr/lib/avrxmega3\libm.a
END GROUP
LOAD c:/program files (x86)/atmel/studio/7.0/toolchain/avr8/avr8-gnu-toolchain/bin/../lib/gcc/avr/5.4.0/../../../../avr/lib/avrxmega3\libprintf_flt.a
START GROUP
LOAD c:/program files (x86)/atmel/studio/7.0/toolchain/avr8/avr8-gnu-toolchain/bin/../lib/gcc/avr/5.4.0/avrxmega3\libgcc.a
LOAD c:/program files (x86)/atmel/studio/7.0/toolchain/avr8/avr8-gnu-toolchain/bin/../lib/gcc/avr/5.4.0/../../../../avr/lib/avrxmega3\libm.a
LOAD c:/program files (x86)/atmel/studio/7.0/toolchain/avr8/avr8-gnu-toolchain/bin/../lib/gcc/avr/5.4.0/../../../../avr/lib/avrxmega3\libc.a
LOAD C:/Program Files (x86)/Atmel/Studio/7.0/Packs/atmel/ATmega_DFP/1.6.364/gcc/dev/atmega4809/avrxmega3\libatmega4809.a
END GROUP
                [0x00000000]                __TEXT_REGION_ORIGIN__ = DEFINED (__TEXT_REGION_ORIGIN__)?__TEXT_REGION_ORIGIN__:0x0
                [0x00802800]                __DATA_REGION_ORIGIN__ = DEFINED (__DATA_REGION_ORIGIN__)?__DATA_REGION_ORIGIN__:0x802000
                [0x0000c000]                __TEXT_REGION_LENGTH__ = DEFINED (__TEXT_REGION_LENGTH__)?__TEXT_REGION_LENGTH__:0x100000
                [0x00001800]                __DATA_REGION_LENGTH__ = DEFINED (__DATA_REGION_LENGTH__)?__DATA_REGION_LENGTH__:0xffa0
                [0x00000100]                __EEPROM_REGION_LENGTH__ = DEFINED (__EEPROM_REGION_LENGTH__)?__EEPROM_REGION_LENGTH__:0x10000
                [0x0000000a]                __FUSE_REGION_LENGTH__ = DEFINED (__FUSE_REGION_LENGTH__)?__FUSE_REGION_LENGTH__:0x400
                0x00000400                __LOCK_REGION_LENGTH__ = DEFINED (__LOCK_REGION_LENGTH__)?__LOCK_REGION_LENGTH__:0x400
                0x00000400                __SIGNATURE_REGION_LENGTH__ = DEFINED (__SIGNATURE_REGION_LENGTH__)?__SIGNATURE_REGION_LENGTH__:0x400
                0x00000400                __USER_SIGNATURE_REGION_LENGTH__ = DEFINED (__USER_SIGNATURE_REGION_LENGTH__)?__USER_SIGNATURE_REGION_LENGTH__:0x400
                0x00008000                __RODATA_PM_OFFSET__ = DEFINED (__RODATA_PM_OFFSET__)?__RODATA_PM_OFFSET__:0x8000

.hash
 *(.hash)

.dynsym
 *(.dynsym)

.dynstr
 *(.dynstr)

.gnu.version
 *(.gnu.version)

.gnu.version_d
 *(.gnu.version_d)

.gnu.version_r
 *(.gnu.version_r)

.rel.init
 *(.rel.init)

.rela.init
 *(.rela.init)

.rel.text
 *(.rel.text)
 *(.rel.text.*)
 *(.rel.gnu.linkonce.t*)

.rela.text
 *(.rela.text)
 *(.rela.text.*)
 *(.rela.gnu.linkonce.t*)

.rel.fini
 *(.rel.fini)

.rela.fini
 *(.rela.fini)

.rel.rodata
 *(.rel.rodata)
 *(.rel.rodata.*)
 *(.rel.gnu.linkonce.r*)

.rela.rodata
 *(.rela.rodata)
 *(.rela.rodata.*)
 *(.rela.gnu.linkonce.r*)

.rel.data
 *(.rel.data)
 *(.rel.data.*)
 *(.rel.gnu.linkonce.d*)

.rela.data
 *(.rela.data)
 *(.rela.data.*)
 *(.rela.gnu.linkonce.d*)

.rel.ctors
 *(.rel.ctors)

.rela.ctors
 *(.rela.ctors)

.rel.dtors
 *(.rel.dtors)

.rela.dtors
 *(.rela.dtors)

.rel.got
 *(.rel.got)

.rela.got
 *(.rela.got)

.rel.bss
 *(.rel.bss)

.rela.bss
 *(.rela.bss)

.rel.plt
 *(.rel.plt)

.rela.plt
 *(.rela.plt)

.text           0x00000000     0x7506
 *(.vectors)
 .vectors       0x00000000       0xa0 C:/Program Files (x86)/Atmel/Studio/7.0/Packs/atmel/ATmega_DFP/1.6.364/gcc/dev/atmega4809/avrxmega3/crtatmega4809.o
                0x00000000                __vector_default
                0x00000000                __vectors
 *(.vectors)
 *(.progmem.gcc*)
 .progmem.gcc_sw_table.commands
                0x000000a0       0x5a commands.o
 .progmem.gcc_sw_table.report
                0x000000fa       0x6c report.o
 .progmem.gcc_sw_table.set
                0x00000166       0x54 set.o
                0x000001ba                . = ALIGN (0x2)
                0x000001ba                __trampolines_start = .
 *(.trampolines)
 .trampolines   0x000001ba        0x0 linker stubs
 *(.trampolines*)
                0x000001ba                __trampolines_end = .
 *libprintf_flt.a:*(.progmem.data)
 .progmem.data  0x000001ba        0x8 c:/program files (x86)/atmel/studio/7.0/toolchain/avr8/avr8-gnu-toolchain/bin/../lib/gcc/avr/5.4.0/../../../../avr/lib/avrxmega3\libprintf_flt.a(vfprintf_flt.o)
 *libc.a:*(.progmem.data)
 .progmem.data  0x000001c2       0xfa c:/program files (x86)/atmel/studio/7.0/toolchain/avr8/avr8-gnu-toolchain/bin/../lib/gcc/avr/5.4.0/../../../../avr/lib/avrxmega3\libc.a(ftoa_engine.o)
 *(.progmem*)
                0x000002bc                . = ALIGN (0x2)
 *(.jumptables)
 *(.jumptables*)
 *(.lowtext)
 *(.lowtext*)
                0x000002bc                __ctors_start = .
 *(.ctors)
                0x000002bc                __ctors_end = .
                0x000002bc                __dtors_start = .
 *(.dtors)
                0x000002bc                __dtors_end = .
 SORT(*)(.ctors)
 SORT(*)(.dtors)
 *(.init0)
 .init0         0x000002bc        0x0 C:/Program Files (x86)/Atmel/Studio/7.0/Packs/atmel/ATmega_DFP/1.6.364/gcc/dev/atmega4809/avrxmega3/crtatmega4809.o
                0x000002bc                __init
 *(.init0)
 *(.init1)
 *(.init1)
 *(.init2)
 .init2         0x000002bc        0xc C:/Program Files (x86)/Atmel/Studio/7.0/Packs/atmel/ATmega_DFP/1.6.364/gcc/dev/atmega4809/avrxmega3/crtatmega4809.o
 *(.init2)
 *(.init3)
 *(.init3)
 *(.init4)
 .init4         0x000002c8       0x10 c:/program files (x86)/atmel/studio/7.0/toolchain/avr8/avr8-gnu-toolchain/bin/../lib/gcc/avr/5.4.0/avrxmega3\libgcc.a(_clear_bss.o)
                0x000002c8                __do_clear_bss
 *(.init4)
 *(.init5)
 *(.init5)
 *(.init6)
 *(.init6)
 *(.init7)
 *(.init7)
 *(.init8)
 *(.init8)
 *(.init9)
 .init9         0x000002d8        0x8 C:/Program Files (x86)/Atmel/Studio/7.0/Packs/atmel/ATmega_DFP/1.6.364/gcc/dev/atmega4809/avrxmega3/crtatmega4809.o
 *(.init9)
 *(.text)
 .text          0x000002e0        0x4 C:/Program Files (x86)/Atmel/Studio/7.0/Packs/atmel/ATmega_DFP/1.6.364/gcc/dev/atmega4809/avrxmega3/crtatmega4809.o
                0x000002e0                __vector_22
                0x000002e0                __vector_28
                0x000002e0                __vector_1
                0x000002e0                __vector_32
                0x000002e0                __vector_34
                0x000002e0                __vector_24
                0x000002e0                __bad_interrupt
                0x000002e0                __vector_6
                0x000002e0                __vector_31
                0x000002e0                __vector_35
                0x000002e0                __vector_39
                0x000002e0                __vector_23
                0x000002e0                __vector_30
                0x000002e0                __vector_25
                0x000002e0                __vector_11
                0x000002e0                __vector_13
                0x000002e0                __vector_19
                0x000002e0                __vector_7
                0x000002e0                __vector_5
                0x000002e0                __vector_33
                0x000002e0                __vector_9
                0x000002e0                __vector_2
                0x000002e0                __vector_21
                0x000002e0                __vector_15
                0x000002e0                __vector_36
                0x000002e0                __vector_8
                0x000002e0                __vector_14
                0x000002e0                __vector_10
                0x000002e0                __vector_16
                0x000002e4                . = ALIGN (0x2)
 *(.text.*)
 .text.read_AD590
                0x000002e4      0x102 ad590.o
                0x000002e4                read_AD590
 .text.read_ADS1115
                0x000003e6      0x1d4 ads1115.o
                0x000003e6                read_ADS1115
 .text.get_cmdline
                0x000005ba       0x58 commands.o
                0x000005ba                get_cmdline
 .text.isaletter
                0x00000612       0x1a commands.o
                0x00000612                isaletter
 .text.parse_cmd
                0x0000062c      0x128 commands.o
                0x0000062c                parse_cmd
 .text.printLine
                0x00000754       0x96 commands.o
                0x00000754                printLine
 .text.echo_cmd
                0x000007ea       0x80 commands.o
                0x000007ea                echo_cmd
 .text.send_EXprompt
                0x0000086a       0x2a commands.o
                0x0000086a                send_EXprompt
 .text.rebootACKd
                0x00000894       0x54 commands.o
                0x00000894                rebootACKd
 .text.send_GTprompt
                0x000008e8       0x2a commands.o
                0x000008e8                send_GTprompt
 .text.commands
                0x00000912      0x12a commands.o
                0x00000912                commands
 .text.check_isotime
                0x00000a3c      0x2fe ds3231.o
                0x00000a3c                check_isotime
 .text.convert_ds2iso
                0x00000d3a       0x6e ds3231.o
                0x00000d3a                convert_ds2iso
 .text.convert_iso2ds
                0x00000da8       0xc0 ds3231.o
                0x00000da8                convert_iso2ds
 .text.read_DS3231
                0x00000e68       0x78 ds3231.o
                0x00000e68                read_DS3231
 .text.get_time
                0x00000ee0       0x68 ds3231.o
                0x00000ee0                get_time
 .text.write_DS3231
                0x00000f48       0x70 ds3231.o
                0x00000f48                write_DS3231
 .text.put_time
                0x00000fb8       0x6e ds3231.o
                0x00000fb8                put_time
 .text.get_BOOTTIME
                0x00001026        0xe eeprom.o
                0x00001026                get_BOOTTIME
 .text.get_VERSION
                0x00001034        0xe eeprom.o
                0x00001034                get_VERSION
 .text.update_BOOTTIME
                0x00001042       0x32 eeprom.o
                0x00001042                update_BOOTTIME
 .text.update_VERSION
                0x00001074       0x3c eeprom.o
                0x00001074                update_VERSION
 .text.init_EEPROM
                0x000010b0        0xa eeprom.o
                0x000010b0                init_EEPROM
 .text.printError
                0x000010ba       0x6c errors.o
                0x000010ba                printError
 .text.read_FRAM
                0x00001126       0x9c fram.o
                0x00001126                read_FRAM
 .text.get_SETTIME
                0x000011c2       0x60 fram.o
                0x000011c2                get_SETTIME
 .text.write_FRAM
                0x00001222       0x64 fram.o
                0x00001222                write_FRAM
 .text.get_humidity
                0x00001286      0x138 humidity.o
                0x00001286                get_humidity
 .text.initialize
                0x000013be       0x7e initialize.o
                0x000013be                initialize
 .text.read_ionpump
                0x0000143c       0xd6 ionpump.o
                0x0000143c                read_ionpump
 .text.main     0x00001512       0x9a main.o
                0x00001512                main
 .text.read_MCP23008
                0x000015ac       0x5e mcp23008.o
                0x000015ac                read_MCP23008
 .text.write_MCP23008
                0x0000160a       0x5c mcp23008.o
                0x0000160a                write_MCP23008
 .text.read_MCP9808
                0x00001666       0xce mcp9808.o
                0x00001666                read_MCP9808
 .text.read_MMA8451
                0x00001734       0x7c mma8451.o
                0x00001734                read_MMA8451
 .text.get_orientation
                0x000017b0      0x13c mma8451.o
                0x000017b0                get_orientation
 .text.write_MMA8451
                0x000018ec       0x54 mma8451.o
                0x000018ec                write_MMA8451
 .text.init_MMA8451
                0x00001940       0x64 mma8451.o
                0x00001940                init_MMA8451
 .text.checksum_NMEA
                0x000019a4       0x92 nmea.o
                0x000019a4                checksum_NMEA
 .text.reset_OLED
                0x00001a36       0x18 oled.o
                0x00001a36                reset_OLED
 .text.write_OLED
                0x00001a4e       0x24 oled.o
                0x00001a4e                write_OLED
 .text.init_OLEDDISPLAY
                0x00001a72      0x14c oled.o
                0x00001a72                init_OLEDDISPLAY
 .text.init_OLED
                0x00001bbe       0x22 oled.o
                0x00001bbe                init_OLED
 .text.writestr_OLED
                0x00001be0       0xb6 oled.o
                0x00001be0                writestr_OLED
 .text.clear_OLED
                0x00001c96       0x3c oled.o
                0x00001c96                clear_OLED
 .text.init_PNEU
                0x00001cd2       0x7a pneu.o
                0x00001cd2                init_PNEU
 .text.read_PNEUSensors
                0x00001d4c       0xd8 pneu.o
                0x00001d4c                read_PNEUSensors
 .text.set_PNEUVALVES
                0x00001e24       0x24 pneu.o
                0x00001e24                set_PNEUVALVES
 .text.close_PNEU
                0x00001e48      0x154 pneu.o
                0x00001e48                close_PNEU
 .text.open_PNEU
                0x00001f9c      0x154 pneu.o
                0x00001f9c                open_PNEU
 .text.__vector_20
                0x000020f0       0x5e pneu.o
                0x000020f0                __vector_20
 .text.init_PORTS
                0x0000214e       0x4e ports.o
                0x0000214e                init_PORTS
 .text.report   0x0000219c     0x102c report.o
                0x0000219c                report
 .text.crc16    0x000031c8       0x4a roboclaw.o
                0x000031c8                crc16
 .text.get_FRAM_ENCSAVETIME
                0x00003212       0x88 roboclaw.o
                0x00003212                get_FRAM_ENCSAVETIME
 .text.get_FRAM_MOTOR_ENCODER
                0x0000329a      0x136 roboclaw.o
                0x0000329a                get_FRAM_MOTOR_ENCODER
 .text.get_MOTOR
                0x000033d0      0x1e8 roboclaw.o
                0x000033d0                get_MOTOR
 .text.get_MOTOR_CURRENT
                0x000035b8       0xda roboclaw.o
                0x000035b8                get_MOTOR_CURRENT
 .text.get_MOTOR_ENCODER
                0x00003692       0xf8 roboclaw.o
                0x00003692                get_MOTOR_ENCODER
 .text.get_MOTOR_FLOAT
                0x0000378a       0xe8 roboclaw.o
                0x0000378a                get_MOTOR_FLOAT
 .text.get_MOTOR_MAXCURRENT
                0x00003872      0x126 roboclaw.o
                0x00003872                get_MOTOR_MAXCURRENT
 .text.get_MOTOR_PID
                0x00003998      0x45e roboclaw.o
                0x00003998                get_MOTOR_PID
 .text.get_MOTOR_S4MODE
                0x00003df6       0xac roboclaw.o
                0x00003df6                get_MOTOR_S4MODE
 .text.get_MOTOR_SPEED
                0x00003ea2       0xf8 roboclaw.o
                0x00003ea2                get_MOTOR_SPEED
 .text.get_MOTOR_STATUS
                0x00003f9a       0xfa roboclaw.o
                0x00003f9a                get_MOTOR_STATUS
 .text.get_MOTOR_LIMIT
                0x00004094       0x9a roboclaw.o
                0x00004094                get_MOTOR_LIMIT
 .text.get_MOTOR_LIMITS
                0x0000412e       0x64 roboclaw.o
                0x0000412e                get_MOTOR_LIMITS
 .text.motorsMoving
                0x00004192       0xc2 roboclaw.o
                0x00004192                motorsMoving
 .text.put_FRAM_ENCODERS
                0x00004254       0xa2 roboclaw.o
                0x00004254                put_FRAM_ENCODERS
 .text.put_MOTOR
                0x000042f6      0x19c roboclaw.o
                0x000042f6                put_MOTOR
 .text.move_MOTOR
                0x00004492      0x192 roboclaw.o
                0x00004492                move_MOTOR
 .text.move_MOTORS_PISTON
                0x00004624      0x1f6 roboclaw.o
                0x00004624                move_MOTORS_PISTON
 .text.put_MOTOR_ENCODER
                0x0000481a       0xaa roboclaw.o
                0x0000481a                put_MOTOR_ENCODER
 .text.init_MOTORS
                0x000048c4       0x7a roboclaw.o
                0x000048c4                init_MOTORS
 .text.put_MOTOR_PID
                0x0000493e      0x3f4 roboclaw.o
                0x0000493e                put_MOTOR_PID
 .text.stop_MOTORS
                0x00004d32       0xc6 roboclaw.o
                0x00004d32                stop_MOTORS
 .text.move_MOTOR_CMD
                0x00004df8      0x2fa roboclaw.o
                0x00004df8                move_MOTOR_CMD
 .text.unstick_MOTOR_LIMIT
                0x000050f2      0x3f4 roboclaw.o
                0x000050f2                unstick_MOTOR_LIMIT
 .text.zero_MOTOR_CMD
                0x000054e6       0xde roboclaw.o
                0x000054e6                zero_MOTOR_CMD
 .text.set      0x000055c4      0x4e6 set.o
                0x000055c4                set
 .text.get_temperature
                0x00005aaa       0x78 temperature.o
                0x00005aaa                get_temperature
 .text.testroutine
                0x00005b22       0x58 testroutine.o
                0x00005b22                testroutine
 .text.init_RTC
                0x00005b7a       0x64 timers.o
                0x00005b7a                init_RTC
 .text.__vector_3
                0x00005bde       0x44 timers.o
                0x00005bde                __vector_3
 .text.__vector_4
                0x00005c22       0x7c timers.o
                0x00005c22                __vector_4
 .text.__vector_12
                0x00005c9e       0x1e timers.o
                0x00005c9e                __vector_12
 .text.init_TWI
                0x00005cbc       0x16 twi.o
                0x00005cbc                init_TWI
 .text.read_TWI
                0x00005cd2       0x44 twi.o
                0x00005cd2                read_TWI
 .text.readlast_TWI
                0x00005d16       0x3e twi.o
                0x00005d16                readlast_TWI
 .text.start_TWI
                0x00005d54       0x94 twi.o
                0x00005d54                start_TWI
 .text.stop_TWI
                0x00005de8        0x8 twi.o
                0x00005de8                stop_TWI
 .text.write_TWI
                0x00005df0       0x82 twi.o
                0x00005df0                write_TWI
 .text.init_USART
                0x00005e72       0x94 usart.o
                0x00005e72                init_USART
 .text.send_USART
                0x00005f06      0x134 usart.o
                0x00005f06                send_USART
 .text.send_USART1
                0x0000603a       0x2e usart.o
                0x0000603a                send_USART1
 .text.__vector_26
                0x00006068       0x40 usart.o
                0x00006068                __vector_26
 .text.__vector_27
                0x000060a8       0x70 usart.o
                0x000060a8                __vector_27
 .text.__vector_17
                0x00006118       0x9c usart.o
                0x00006118                __vector_17
 .text.__vector_18
                0x000061b4       0x78 usart.o
                0x000061b4                __vector_18
 .text.__vector_37
                0x0000622c       0x6a usart.o
                0x0000622c                __vector_37
 .text.__vector_38
                0x00006296       0x5c usart.o
                0x00006296                __vector_38
 .text.reboot   0x000062f2        0xc wdt.o
                0x000062f2                reboot
 .text.__vector_29
                0x000062fe       0x56 wdt.o
                0x000062fe                __vector_29
 .text.avr-libc.fplib
                0x00006354        0xe c:/program files (x86)/atmel/studio/7.0/toolchain/avr8/avr8-gnu-toolchain/bin/../lib/gcc/avr/5.4.0/../../../../avr/lib/avrxmega3\libm.a(addsf3.o)
                0x00006354                __subsf3
                0x00006356                __addsf3
 .text.avr-libc.fplib
                0x00006362       0xcc c:/program files (x86)/atmel/studio/7.0/toolchain/avr8/avr8-gnu-toolchain/bin/../lib/gcc/avr/5.4.0/../../../../avr/lib/avrxmega3\libm.a(addsf3x.o)
                0x00006384                __addsf3x
 .text.avr-libc.fplib
                0x0000642e        0xa c:/program files (x86)/atmel/studio/7.0/toolchain/avr8/avr8-gnu-toolchain/bin/../lib/gcc/avr/5.4.0/../../../../avr/lib/avrxmega3\libm.a(cmpsf2.o)
                0x0000642e                __nesf2
                0x0000642e                __eqsf2
                0x0000642e                __cmpsf2
                0x0000642e                __ltsf2
                0x0000642e                __lesf2
 .text.avr-libc.fplib
                0x00006438        0x8 c:/program files (x86)/atmel/studio/7.0/toolchain/avr8/avr8-gnu-toolchain/bin/../lib/gcc/avr/5.4.0/../../../../avr/lib/avrxmega3\libm.a(divsf3.o)
                0x00006438                __divsf3
 .text.avr-libc.fplib
                0x00006440       0xdc c:/program files (x86)/atmel/studio/7.0/toolchain/avr8/avr8-gnu-toolchain/bin/../lib/gcc/avr/5.4.0/../../../../avr/lib/avrxmega3\libm.a(divsf3x.o)
                0x00006460                __divsf3x
                0x00006466                __divsf3_pse
 .text.avr-libc.fplib
                0x0000651c        0xe c:/program files (x86)/atmel/studio/7.0/toolchain/avr8/avr8-gnu-toolchain/bin/../lib/gcc/avr/5.4.0/../../../../avr/lib/avrxmega3\libm.a(fixsfsi.o)
                0x0000651c                __fixsfsi
 .text.avr-libc.fplib
                0x0000652a       0x5e c:/program files (x86)/atmel/studio/7.0/toolchain/avr8/avr8-gnu-toolchain/bin/../lib/gcc/avr/5.4.0/../../../../avr/lib/avrxmega3\libm.a(fixunssfsi.o)
                0x0000652a                __fixunssfsi
 .text.avr-libc.fplib
                0x00006588       0x7a c:/program files (x86)/atmel/studio/7.0/toolchain/avr8/avr8-gnu-toolchain/bin/../lib/gcc/avr/5.4.0/../../../../avr/lib/avrxmega3\libm.a(floatsisf.o)
                0x00006588                __floatunsisf
                0x0000658c                __floatsisf
 .text.avr-libc.fplib
                0x00006602       0x48 c:/program files (x86)/atmel/studio/7.0/toolchain/avr8/avr8-gnu-toolchain/bin/../lib/gcc/avr/5.4.0/../../../../avr/lib/avrxmega3\libm.a(fp_cmp.o)
                0x00006602                __fp_cmp
 .text.avr-libc.fplib
                0x0000664a        0xc c:/program files (x86)/atmel/studio/7.0/toolchain/avr8/avr8-gnu-toolchain/bin/../lib/gcc/avr/5.4.0/../../../../avr/lib/avrxmega3\libm.a(fp_inf.o)
                0x0000664a                __fp_inf
 .text.avr-libc.fplib
                0x00006656        0x6 c:/program files (x86)/atmel/studio/7.0/toolchain/avr8/avr8-gnu-toolchain/bin/../lib/gcc/avr/5.4.0/../../../../avr/lib/avrxmega3\libm.a(fp_nan.o)
                0x00006656                __fp_nan
 .text.avr-libc.fplib
                0x0000665c        0xe c:/program files (x86)/atmel/studio/7.0/toolchain/avr8/avr8-gnu-toolchain/bin/../lib/gcc/avr/5.4.0/../../../../avr/lib/avrxmega3\libm.a(fp_pscA.o)
                0x0000665c                __fp_pscA
 .text.avr-libc.fplib
                0x0000666a        0xe c:/program files (x86)/atmel/studio/7.0/toolchain/avr8/avr8-gnu-toolchain/bin/../lib/gcc/avr/5.4.0/../../../../avr/lib/avrxmega3\libm.a(fp_pscB.o)
                0x0000666a                __fp_pscB
 .text.avr-libc.fplib
                0x00006678       0x22 c:/program files (x86)/atmel/studio/7.0/toolchain/avr8/avr8-gnu-toolchain/bin/../lib/gcc/avr/5.4.0/../../../../avr/lib/avrxmega3\libm.a(fp_round.o)
                0x00006678                __fp_round
 .text.avr-libc.fplib
                0x0000669a       0x44 c:/program files (x86)/atmel/studio/7.0/toolchain/avr8/avr8-gnu-toolchain/bin/../lib/gcc/avr/5.4.0/../../../../avr/lib/avrxmega3\libm.a(fp_split3.o)
                0x0000669a                __fp_split3
                0x000066aa                __fp_splitA
 .text.avr-libc.fplib
                0x000066de        0xe c:/program files (x86)/atmel/studio/7.0/toolchain/avr8/avr8-gnu-toolchain/bin/../lib/gcc/avr/5.4.0/../../../../avr/lib/avrxmega3\libm.a(fp_zero.o)
                0x000066de                __fp_zero
                0x000066e0                __fp_szero
 .text.avr-libc.fplib
                0x000066ec        0xa c:/program files (x86)/atmel/studio/7.0/toolchain/avr8/avr8-gnu-toolchain/bin/../lib/gcc/avr/5.4.0/../../../../avr/lib/avrxmega3\libm.a(gesf2.o)
                0x000066ec                __gesf2
                0x000066ec                __gtsf2
 .text.avr-libc.fplib
                0x000066f6        0x8 c:/program files (x86)/atmel/studio/7.0/toolchain/avr8/avr8-gnu-toolchain/bin/../lib/gcc/avr/5.4.0/../../../../avr/lib/avrxmega3\libm.a(mulsf3.o)
                0x000066f6                __mulsf3
 .text.avr-libc.fplib
                0x000066fe       0xd2 c:/program files (x86)/atmel/studio/7.0/toolchain/avr8/avr8-gnu-toolchain/bin/../lib/gcc/avr/5.4.0/../../../../avr/lib/avrxmega3\libm.a(mulsf3x.o)
                0x0000671c                __mulsf3x
                0x00006722                __mulsf3_pse
 .text.avr-libc
                0x000067d0      0x6fa c:/program files (x86)/atmel/studio/7.0/toolchain/avr8/avr8-gnu-toolchain/bin/../lib/gcc/avr/5.4.0/../../../../avr/lib/avrxmega3\libprintf_flt.a(vfprintf_flt.o)
                0x000067d0                vfprintf
 .text.libgcc.div
                0x00006eca       0x28 c:/program files (x86)/atmel/studio/7.0/toolchain/avr8/avr8-gnu-toolchain/bin/../lib/gcc/avr/5.4.0/avrxmega3\libgcc.a(_divmodhi4.o)
                0x00006eca                _div
                0x00006eca                __divmodhi4
 .text.libgcc.div
                0x00006ef2       0x2e c:/program files (x86)/atmel/studio/7.0/toolchain/avr8/avr8-gnu-toolchain/bin/../lib/gcc/avr/5.4.0/avrxmega3\libgcc.a(_divmodsi4.o)
                0x00006ef2                __divmodsi4
 .text.libgcc.div
                0x00006f20       0x10 c:/program files (x86)/atmel/studio/7.0/toolchain/avr8/avr8-gnu-toolchain/bin/../lib/gcc/avr/5.4.0/avrxmega3\libgcc.a(_negsi2.o)
                0x00006f20                __negsi2
 .text.libgcc   0x00006f30        0xc c:/program files (x86)/atmel/studio/7.0/toolchain/avr8/avr8-gnu-toolchain/bin/../lib/gcc/avr/5.4.0/avrxmega3\libgcc.a(_tablejump2.o)
                0x00006f30                __tablejump2__
 .text.libgcc.mul
                0x00006f3c       0x16 c:/program files (x86)/atmel/studio/7.0/toolchain/avr8/avr8-gnu-toolchain/bin/../lib/gcc/avr/5.4.0/avrxmega3\libgcc.a(_muluhisi3.o)
                0x00006f3c                __muluhisi3
 .text.libgcc.prologue
                0x00006f52       0x32 c:/program files (x86)/atmel/studio/7.0/toolchain/avr8/avr8-gnu-toolchain/bin/../lib/gcc/avr/5.4.0/avrxmega3\libgcc.a(_prologue.o)
                0x00006f52                __prologue_saves__
 .text.libgcc.prologue
                0x00006f84       0x30 c:/program files (x86)/atmel/studio/7.0/toolchain/avr8/avr8-gnu-toolchain/bin/../lib/gcc/avr/5.4.0/avrxmega3\libgcc.a(_epilogue.o)
                0x00006f84                __epilogue_restores__
 .text.libgcc.div
                0x00006fb4       0x28 c:/program files (x86)/atmel/studio/7.0/toolchain/avr8/avr8-gnu-toolchain/bin/../lib/gcc/avr/5.4.0/avrxmega3\libgcc.a(_udivmodhi4.o)
                0x00006fb4                __udivmodhi4
 .text.libgcc.div
                0x00006fdc       0x44 c:/program files (x86)/atmel/studio/7.0/toolchain/avr8/avr8-gnu-toolchain/bin/../lib/gcc/avr/5.4.0/avrxmega3\libgcc.a(_udivmodsi4.o)
                0x00006fdc                __udivmodsi4
 .text.libgcc.mul
                0x00007020       0x1e c:/program files (x86)/atmel/studio/7.0/toolchain/avr8/avr8-gnu-toolchain/bin/../lib/gcc/avr/5.4.0/avrxmega3\libgcc.a(_umulhisi3.o)
                0x00007020                __umulhisi3
 .text.avr-libc
                0x0000703e       0x3c c:/program files (x86)/atmel/studio/7.0/toolchain/avr8/avr8-gnu-toolchain/bin/../lib/gcc/avr/5.4.0/../../../../avr/lib/avrxmega3\libc.a(atoi.o)
                0x0000703e                atoi
 .text.avr-libc
                0x0000707a       0x4e c:/program files (x86)/atmel/studio/7.0/toolchain/avr8/avr8-gnu-toolchain/bin/../lib/gcc/avr/5.4.0/../../../../avr/lib/avrxmega3\libc.a(atol.o)
                0x0000707a                atol
 .text.avr-libc
                0x000070c8      0x1b0 c:/program files (x86)/atmel/studio/7.0/toolchain/avr8/avr8-gnu-toolchain/bin/../lib/gcc/avr/5.4.0/../../../../avr/lib/avrxmega3\libc.a(ftoa_engine.o)
                0x000070c8                __ftoa_engine
 .text.avr-libc
                0x00007278       0x16 c:/program files (x86)/atmel/studio/7.0/toolchain/avr8/avr8-gnu-toolchain/bin/../lib/gcc/avr/5.4.0/../../../../avr/lib/avrxmega3\libc.a(strnlen_P.o)
                0x00007278                strnlen_P
 .text.avr-libc
                0x0000728e       0x16 c:/program files (x86)/atmel/studio/7.0/toolchain/avr8/avr8-gnu-toolchain/bin/../lib/gcc/avr/5.4.0/../../../../avr/lib/avrxmega3\libc.a(strcat.o)
                0x0000728e                strcat
 .text.avr-libc
                0x000072a4        0xe c:/program files (x86)/atmel/studio/7.0/toolchain/avr8/avr8-gnu-toolchain/bin/../lib/gcc/avr/5.4.0/../../../../avr/lib/avrxmega3\libc.a(strcpy.o)
                0x000072a4                strcpy
 .text.avr-libc
                0x000072b2       0x16 c:/program files (x86)/atmel/studio/7.0/toolchain/avr8/avr8-gnu-toolchain/bin/../lib/gcc/avr/5.4.0/../../../../avr/lib/avrxmega3\libc.a(strnlen.o)
                0x000072b2                strnlen
 .text.avr-libc
                0x000072c8       0x2a c:/program files (x86)/atmel/studio/7.0/toolchain/avr8/avr8-gnu-toolchain/bin/../lib/gcc/avr/5.4.0/../../../../avr/lib/avrxmega3\libc.a(mulsi10.o)
                0x000072c8                __mulsi_const_10
 .text.avr-libc
                0x000072f2       0x10 c:/program files (x86)/atmel/studio/7.0/toolchain/avr8/avr8-gnu-toolchain/bin/../lib/gcc/avr/5.4.0/../../../../avr/lib/avrxmega3\libc.a(mul10.o)
                0x000072f2                __mulhi_const_10
 .text.avr-libc
                0x00007302       0x78 c:/program files (x86)/atmel/studio/7.0/toolchain/avr8/avr8-gnu-toolchain/bin/../lib/gcc/avr/5.4.0/../../../../avr/lib/avrxmega3\libc.a(fputc.o)
                0x00007302                fputc
 .text.avr-libc
                0x0000737a       0x44 c:/program files (x86)/atmel/studio/7.0/toolchain/avr8/avr8-gnu-toolchain/bin/../lib/gcc/avr/5.4.0/../../../../avr/lib/avrxmega3\libc.a(sprintf.o)
                0x0000737a                sprintf
 .text.avr-libc
                0x000073be       0xbc c:/program files (x86)/atmel/studio/7.0/toolchain/avr8/avr8-gnu-toolchain/bin/../lib/gcc/avr/5.4.0/../../../../avr/lib/avrxmega3\libc.a(ultoa_invert.o)
                0x000073be                __ultoa_invert
 .text.avr-libc
                0x0000747a        0x8 C:/Program Files (x86)/Atmel/Studio/7.0/Packs/atmel/ATmega_DFP/1.6.364/gcc/dev/atmega4809/avrxmega3\libatmega4809.a(eerd_block.o)
                0x0000747a                eeprom_read_block
 .text.avr-libc
                0x00007482       0x20 C:/Program Files (x86)/Atmel/Studio/7.0/Packs/atmel/ATmega_DFP/1.6.364/gcc/dev/atmega4809/avrxmega3\libatmega4809.a(eeupd_block.o)
                0x00007482                eeprom_update_block
 .text.avr-libc
                0x000074a2       0x16 C:/Program Files (x86)/Atmel/Studio/7.0/Packs/atmel/ATmega_DFP/1.6.364/gcc/dev/atmega4809/avrxmega3\libatmega4809.a(eeupd_byte.o)
                0x000074a2                eeprom_update_byte
                0x000074a4                eeprom_update_r18
 .text.avr-libc
                0x000074b8       0x28 C:/Program Files (x86)/Atmel/Studio/7.0/Packs/atmel/ATmega_DFP/1.6.364/gcc/dev/atmega4809/avrxmega3\libatmega4809.a(eewr_byte.o)
                0x000074b8                eeprom_write_byte
                0x000074ba                eeprom_write_r18
 .text.avr-libc
                0x000074e0       0x10 C:/Program Files (x86)/Atmel/Studio/7.0/Packs/atmel/ATmega_DFP/1.6.364/gcc/dev/atmega4809/avrxmega3\libatmega4809.a(eerd_byte.o)
                0x000074e0                eeprom_read_byte
                0x000074e8                eeprom_mapen
 .text.avr-libc
                0x000074f0       0x12 c:/program files (x86)/atmel/studio/7.0/toolchain/avr8/avr8-gnu-toolchain/bin/../lib/gcc/avr/5.4.0/../../../../avr/lib/avrxmega3\libc.a(memcpy.o)
                0x000074f0                memcpy
                0x00007502                . = ALIGN (0x2)
 *(.fini9)
 .fini9         0x00007502        0x0 c:/program files (x86)/atmel/studio/7.0/toolchain/avr8/avr8-gnu-toolchain/bin/../lib/gcc/avr/5.4.0/avrxmega3\libgcc.a(_exit.o)
                0x00007502                _exit
                0x00007502                exit
 *(.fini9)
 *(.fini8)
 *(.fini8)
 *(.fini7)
 *(.fini7)
 *(.fini6)
 *(.fini6)
 *(.fini5)
 *(.fini5)
 *(.fini4)
 *(.fini4)
 *(.fini3)
 *(.fini3)
 *(.fini2)
 *(.fini2)
 *(.fini1)
 *(.fini1)
 *(.fini0)
 .fini0         0x00007502        0x4 c:/program files (x86)/atmel/studio/7.0/toolchain/avr8/avr8-gnu-toolchain/bin/../lib/gcc/avr/5.4.0/avrxmega3\libgcc.a(_exit.o)
 *(.fini0)
                0x00007506                _etext = .

.rodata         0x0000b506      0xe58 load address 0x00007506
 *(.rodata)
 .rodata        0x0000b506        0x6 roboclaw.o
 *(.rodata*)
 .rodata.str1.1
                0x0000b50c       0x66 commands.o
 .rodata.str1.1
                0x0000b572      0x10b ds3231.o
 .rodata.str1.1
                0x0000b67d        0xb eeprom.o
 .rodata.str1.1
                0x0000b688        0xa errors.o
 .rodata.str1.1
                0x0000b692        0xa fram.o
 .rodata.str1.1
                0x0000b69c       0x11 initialize.o
 .rodata.str1.1
                0x0000b6ad       0x29 mcp23008.o
 .rodata.str1.1
                0x0000b6d6        0x8 nmea.o
 .rodata.str1.1
                0x0000b6de       0x11 oled.o
 .rodata.str1.1
                0x0000b6ef       0x6b pneu.o
 .rodata.str1.1
                0x0000b75a      0x38e report.o
                                0x39f (size before relaxing)
 .rodata.str1.1
                0x0000bae8      0x6f0 roboclaw.o
 .rodata.str1.1
                0x0000c1d8       0xcf set.o
 .rodata.str1.1
                0x0000c2a7       0x20 testroutine.o
 .rodata.str1.1
                0x0000c2c7       0x97 twi.o
 *(.gnu.linkonce.r*)

.data           0x00802800        0x0 load address 0x0000835e
                [!provide]                PROVIDE (__data_start, .)
 *(.data)
 *(.data*)
 *(.gnu.linkonce.d*)
                0x00802800                . = ALIGN (0x2)
                0x00802800                _edata = .
                [!provide]                PROVIDE (__data_end, .)

.bss            0x00802800      0xa5b
                0x00802800                PROVIDE (__bss_start, .)
 *(.bss)
 *(.bss*)
 .bss.cstack.3874
                0x00802800        0x1 commands.o
 *(COMMON)
 COMMON         0x00802801        0xc commands.o
                0x00802801                USART3_ticks
                0x00802803                USART0_ticks
                0x00802805                TWI_ticks
                0x00802807                USART1_ticks
                0x00802809                timeoutOLED
                0x0080280b                testTicks
 COMMON         0x0080280d        0x1 errors.o
                0x0080280d                squelchErrors
 COMMON         0x0080280e        0x1 initialize.o
                0x0080280e                rebootackd
 COMMON         0x0080280f      0x209 main.o
                0x0080280f                pcmd
                0x00802a17                firstpass
 COMMON         0x00802a18        0x2 oled.o
                0x00802a18                timerOLED
 COMMON         0x00802a1a        0x1 pneu.o
                0x00802a1a                pneuState
 COMMON         0x00802a1b       0x28 roboclaw.o
                0x00802a1b                pid
                0x00802a3b                timeoutSAVEENCODER
                0x00802a3c                timerSAVEENCODER
                0x00802a3d                motorDir
                0x00802a40                motorLim
 COMMON         0x00802a43      0x818 usart.o
                0x00802a43                ser_recv1
                0x00802b43                ser_send1
                0x00802c43                recv1_buf
                0x00802d47                recv0_buf
                0x00802e4b                send0_buf
                0x00802f4f                recv3_buf
                0x00803053                send3_buf
                0x00803157                send1_buf
                0x0080325b                PROVIDE (__bss_end, .)
                0x0000835e                __data_load_start = LOADADDR (.data)
                0x0000835e                __data_load_end = (__data_load_start + SIZEOF (.data))

.noinit         0x0080325b        0x0
                [!provide]                PROVIDE (__noinit_start, .)
 *(.noinit*)
                [!provide]                PROVIDE (__noinit_end, .)
                0x0080325b                _end = .
                [!provide]                PROVIDE (__heap_start, .)

.eeprom         0x00810000        0x0
 *(.eeprom*)
                0x00810000                __eeprom_end = .

.fuse
 *(.fuse)
 *(.lfuse)
 *(.hfuse)
 *(.efuse)

.lock
 *(.lock*)

.signature
 *(.signature*)

.user_signatures
 *(.user_signatures*)

.stab
 *(.stab)

.stabstr
 *(.stabstr)

.stab.excl
 *(.stab.excl)

.stab.exclstr
 *(.stab.exclstr)

.stab.index
 *(.stab.index)

.stab.indexstr
 *(.stab.indexstr)

.comment        0x00000000       0x5c
 *(.comment)
 .comment       0x00000000       0x30 ad590.o
                                 0x31 (size before relaxing)
 .comment       0x00000030       0x31 ads1115.o
 .comment       0x00000030       0x31 commands.o
 .comment       0x00000030       0x31 ds3231.o
 .comment       0x00000030       0x31 eeprom.o
 .comment       0x00000030       0x31 errors.o
 .comment       0x00000030       0x31 fram.o
 .comment       0x00000030       0x31 humidity.o
 .comment       0x00000030       0x31 initialize.o
 .comment       0x00000030       0x31 ionpump.o
 .comment       0x00000030       0x31 main.o
 .comment       0x00000030       0x31 mcp23008.o
 .comment       0x00000030       0x31 mcp9808.o
 .comment       0x00000030       0x31 mma8451.o
 .comment       0x00000030       0x31 nmea.o
 .comment       0x00000030       0x31 oled.o
 .comment       0x00000030       0x31 pneu.o
 .comment       0x00000030       0x31 ports.o
 .comment       0x00000030       0x31 report.o
 .comment       0x00000030       0x31 roboclaw.o
 .comment       0x00000030       0x31 set.o
 .comment       0x00000030       0x31 temperature.o
 .comment       0x00000030       0x31 testroutine.o
 .comment       0x00000030       0x31 timers.o
 .comment       0x00000030       0x31 twi.o
 .comment       0x00000030       0x31 usart.o
 .comment       0x00000030       0x31 wdt.o
 .comment       0x00000030       0x2c c:/program files (x86)/atmel/studio/7.0/toolchain/avr8/avr8-gnu-toolchain/bin/../lib/gcc/avr/5.4.0/../../../../avr/lib/avrxmega3\libprintf_flt.a(vfprintf_flt.o)
                                 0x2d (size before relaxing)
 .comment       0x0000005c       0x31 c:/program files (x86)/atmel/studio/7.0/toolchain/avr8/avr8-gnu-toolchain/bin/../lib/gcc/avr/5.4.0/../../../../avr/lib/avrxmega3\libc.a(fputc.o)
 .comment       0x0000005c       0x31 c:/program files (x86)/atmel/studio/7.0/toolchain/avr8/avr8-gnu-toolchain/bin/../lib/gcc/avr/5.4.0/../../../../avr/lib/avrxmega3\libc.a(sprintf.o)

.note.gnu.avr.deviceinfo
                0x00000000       0x40
 .note.gnu.avr.deviceinfo
                0x00000000       0x40 C:/Program Files (x86)/Atmel/Studio/7.0/Packs/atmel/ATmega_DFP/1.6.364/gcc/dev/atmega4809/avrxmega3/crtatmega4809.o

.note.gnu.build-id
 *(.note.gnu.build-id)

.debug
 *(.debug)

.line
 *(.line)

.debug_srcinfo
 *(.debug_srcinfo)

.debug_sfnames
 *(.debug_sfnames)

.debug_aranges  0x00000000      0x690
 *(.debug_aranges)
 .debug_aranges
                0x00000000       0x20 ad590.o
 .debug_aranges
                0x00000020       0x20 ads1115.o
 .debug_aranges
                0x00000040       0x68 commands.o
 .debug_aranges
                0x000000a8       0x50 ds3231.o
 .debug_aranges
                0x000000f8       0x40 eeprom.o
 .debug_aranges
                0x00000138       0x20 errors.o
 .debug_aranges
                0x00000158       0x30 fram.o
 .debug_aranges
                0x00000188       0x20 humidity.o
 .debug_aranges
                0x000001a8       0x20 initialize.o
 .debug_aranges
                0x000001c8       0x20 ionpump.o
 .debug_aranges
                0x000001e8       0x20 main.o
 .debug_aranges
                0x00000208       0x28 mcp23008.o
 .debug_aranges
                0x00000230       0x20 mcp9808.o
 .debug_aranges
                0x00000250       0x38 mma8451.o
 .debug_aranges
                0x00000288       0x20 nmea.o
 .debug_aranges
                0x000002a8       0x48 oled.o
 .debug_aranges
                0x000002f0       0x48 pneu.o
 .debug_aranges
                0x00000338       0x20 ports.o
 .debug_aranges
                0x00000358       0x20 report.o
 .debug_aranges
                0x00000378      0x100 roboclaw.o
 .debug_aranges
                0x00000478       0x20 set.o
 .debug_aranges
                0x00000498       0x20 temperature.o
 .debug_aranges
                0x000004b8       0x20 testroutine.o
 .debug_aranges
                0x000004d8       0x48 timers.o
 .debug_aranges
                0x00000520       0x48 twi.o
 .debug_aranges
                0x00000568       0x60 usart.o
 .debug_aranges
                0x000005c8       0x28 wdt.o
 .debug_aranges
                0x000005f0       0x20 C:/Program Files (x86)/Atmel/Studio/7.0/Packs/atmel/ATmega_DFP/1.6.364/gcc/dev/atmega4809/avrxmega3\libatmega4809.a(eerd_block.o)
 .debug_aranges
                0x00000610       0x20 C:/Program Files (x86)/Atmel/Studio/7.0/Packs/atmel/ATmega_DFP/1.6.364/gcc/dev/atmega4809/avrxmega3\libatmega4809.a(eeupd_block.o)
 .debug_aranges
                0x00000630       0x20 C:/Program Files (x86)/Atmel/Studio/7.0/Packs/atmel/ATmega_DFP/1.6.364/gcc/dev/atmega4809/avrxmega3\libatmega4809.a(eeupd_byte.o)
 .debug_aranges
                0x00000650       0x20 C:/Program Files (x86)/Atmel/Studio/7.0/Packs/atmel/ATmega_DFP/1.6.364/gcc/dev/atmega4809/avrxmega3\libatmega4809.a(eewr_byte.o)
 .debug_aranges
                0x00000670       0x20 C:/Program Files (x86)/Atmel/Studio/7.0/Packs/atmel/ATmega_DFP/1.6.364/gcc/dev/atmega4809/avrxmega3\libatmega4809.a(eerd_byte.o)

.debug_pubnames
 *(.debug_pubnames)

.debug_info     0x00000000     0xcb54
 *(.debug_info .gnu.linkonce.wi.*)
 .debug_info    0x00000000     0x248a C:/Program Files (x86)/Atmel/Studio/7.0/Packs/atmel/ATmega_DFP/1.6.364/gcc/dev/atmega4809/avrxmega3/crtatmega4809.o
 .debug_info    0x0000248a      0x21b ad590.o
 .debug_info    0x000026a5      0x33e ads1115.o
 .debug_info    0x000029e3      0xa59 commands.o
 .debug_info    0x0000343c      0x829 ds3231.o
 .debug_info    0x00003c65      0x24f eeprom.o
 .debug_info    0x00003eb4      0x1d4 errors.o
 .debug_info    0x00004088      0x363 fram.o
 .debug_info    0x000043eb      0x164 humidity.o
 .debug_info    0x0000454f      0x2a4 initialize.o
 .debug_info    0x000047f3      0x10f ionpump.o
 .debug_info    0x00004902      0x49c main.o
 .debug_info    0x00004d9e      0x2ab mcp23008.o
 .debug_info    0x00005049      0x191 mcp9808.o
 .debug_info    0x000051da      0x429 mma8451.o
 .debug_info    0x00005603      0x15c nmea.o
 .debug_info    0x0000575f      0x9e9 oled.o
 .debug_info    0x00006148      0x8e5 pneu.o
 .debug_info    0x00006a2d      0x2d6 ports.o
 .debug_info    0x00006d03     0x1129 report.o
 .debug_info    0x00007e2c     0x2844 roboclaw.o
 .debug_info    0x0000a670      0x6cb set.o
 .debug_info    0x0000ad3b      0x106 temperature.o
 .debug_info    0x0000ae41      0x19e testroutine.o
 .debug_info    0x0000afdf      0x91d timers.o
 .debug_info    0x0000b8fc      0x4f0 twi.o
 .debug_info    0x0000bdec      0x6d3 usart.o
 .debug_info    0x0000c4bf      0x376 wdt.o
 .debug_info    0x0000c835       0xa0 C:/Program Files (x86)/Atmel/Studio/7.0/Packs/atmel/ATmega_DFP/1.6.364/gcc/dev/atmega4809/avrxmega3\libatmega4809.a(eerd_block.o)
 .debug_info    0x0000c8d5       0xa1 C:/Program Files (x86)/Atmel/Studio/7.0/Packs/atmel/ATmega_DFP/1.6.364/gcc/dev/atmega4809/avrxmega3\libatmega4809.a(eeupd_block.o)
 .debug_info    0x0000c976       0xa0 C:/Program Files (x86)/Atmel/Studio/7.0/Packs/atmel/ATmega_DFP/1.6.364/gcc/dev/atmega4809/avrxmega3\libatmega4809.a(eeupd_byte.o)
 .debug_info    0x0000ca16       0x9f C:/Program Files (x86)/Atmel/Studio/7.0/Packs/atmel/ATmega_DFP/1.6.364/gcc/dev/atmega4809/avrxmega3\libatmega4809.a(eewr_byte.o)
 .debug_info    0x0000cab5       0x9f C:/Program Files (x86)/Atmel/Studio/7.0/Packs/atmel/ATmega_DFP/1.6.364/gcc/dev/atmega4809/avrxmega3\libatmega4809.a(eerd_byte.o)

.debug_abbrev   0x00000000     0x4570
 *(.debug_abbrev)
 .debug_abbrev  0x00000000     0x2296 C:/Program Files (x86)/Atmel/Studio/7.0/Packs/atmel/ATmega_DFP/1.6.364/gcc/dev/atmega4809/avrxmega3/crtatmega4809.o
 .debug_abbrev  0x00002296      0x129 ad590.o
 .debug_abbrev  0x000023bf      0x11a ads1115.o
 .debug_abbrev  0x000024d9      0x289 commands.o
 .debug_abbrev  0x00002762      0x183 ds3231.o
 .debug_abbrev  0x000028e5       0xda eeprom.o
 .debug_abbrev  0x000029bf       0xf1 errors.o
 .debug_abbrev  0x00002ab0      0x115 fram.o
 .debug_abbrev  0x00002bc5       0xb8 humidity.o
 .debug_abbrev  0x00002c7d       0xde initialize.o
 .debug_abbrev  0x00002d5b       0xab ionpump.o
 .debug_abbrev  0x00002e06      0x13b main.o
 .debug_abbrev  0x00002f41       0xb8 mcp23008.o
 .debug_abbrev  0x00002ff9       0xb2 mcp9808.o
 .debug_abbrev  0x000030ab      0x127 mma8451.o
 .debug_abbrev  0x000031d2      0x104 nmea.o
 .debug_abbrev  0x000032d6      0x1f6 oled.o
 .debug_abbrev  0x000034cc      0x1fe pneu.o
 .debug_abbrev  0x000036ca      0x124 ports.o
 .debug_abbrev  0x000037ee      0x16d report.o
 .debug_abbrev  0x0000395b      0x314 roboclaw.o
 .debug_abbrev  0x00003c6f      0x15e set.o
 .debug_abbrev  0x00003dcd       0xa9 temperature.o
 .debug_abbrev  0x00003e76       0xee testroutine.o
 .debug_abbrev  0x00003f64      0x174 timers.o
 .debug_abbrev  0x000040d8      0x14c twi.o
 .debug_abbrev  0x00004224      0x1f4 usart.o
 .debug_abbrev  0x00004418       0xf4 wdt.o
 .debug_abbrev  0x0000450c       0x14 C:/Program Files (x86)/Atmel/Studio/7.0/Packs/atmel/ATmega_DFP/1.6.364/gcc/dev/atmega4809/avrxmega3\libatmega4809.a(eerd_block.o)
 .debug_abbrev  0x00004520       0x14 C:/Program Files (x86)/Atmel/Studio/7.0/Packs/atmel/ATmega_DFP/1.6.364/gcc/dev/atmega4809/avrxmega3\libatmega4809.a(eeupd_block.o)
 .debug_abbrev  0x00004534       0x14 C:/Program Files (x86)/Atmel/Studio/7.0/Packs/atmel/ATmega_DFP/1.6.364/gcc/dev/atmega4809/avrxmega3\libatmega4809.a(eeupd_byte.o)
 .debug_abbrev  0x00004548       0x14 C:/Program Files (x86)/Atmel/Studio/7.0/Packs/atmel/ATmega_DFP/1.6.364/gcc/dev/atmega4809/avrxmega3\libatmega4809.a(eewr_byte.o)
 .debug_abbrev  0x0000455c       0x14 C:/Program Files (x86)/Atmel/Studio/7.0/Packs/atmel/ATmega_DFP/1.6.364/gcc/dev/atmega4809/avrxmega3\libatmega4809.a(eerd_byte.o)

.debug_line     0x00000000     0x53a5
 *(.debug_line .debug_line.* .debug_line_end)
 .debug_line    0x00000000      0x187 C:/Program Files (x86)/Atmel/Studio/7.0/Packs/atmel/ATmega_DFP/1.6.364/gcc/dev/atmega4809/avrxmega3/crtatmega4809.o
 .debug_line    0x00000187      0x1a1 ad590.o
 .debug_line    0x00000328      0x240 ads1115.o
 .debug_line    0x00000568      0x5f7 commands.o
 .debug_line    0x00000b5f      0x491 ds3231.o
 .debug_line    0x00000ff0      0x129 eeprom.o
 .debug_line    0x00001119       0xea errors.o
 .debug_line    0x00001203      0x199 fram.o
 .debug_line    0x0000139c      0x12f humidity.o
 .debug_line    0x000014cb      0x145 initialize.o
 .debug_line    0x00001610       0xff ionpump.o
 .debug_line    0x0000170f      0x1de main.o
 .debug_line    0x000018ed      0x161 mcp23008.o
 .debug_line    0x00001a4e      0x107 mcp9808.o
 .debug_line    0x00001b55      0x233 mma8451.o
 .debug_line    0x00001d88       0xfc nmea.o
 .debug_line    0x00001e84      0x38e oled.o
 .debug_line    0x00002212      0x3cd pneu.o
 .debug_line    0x000025df      0x1a8 ports.o
 .debug_line    0x00002787      0x58d report.o
 .debug_line    0x00002d14     0x13d7 roboclaw.o
 .debug_line    0x000040eb      0x2af set.o
 .debug_line    0x0000439a       0xf6 temperature.o
 .debug_line    0x00004490       0xf8 testroutine.o
 .debug_line    0x00004588      0x278 timers.o
 .debug_line    0x00004800      0x2f0 twi.o
 .debug_line    0x00004af0      0x4b7 usart.o
 .debug_line    0x00004fa7      0x142 wdt.o
 .debug_line    0x000050e9       0x5d C:/Program Files (x86)/Atmel/Studio/7.0/Packs/atmel/ATmega_DFP/1.6.364/gcc/dev/atmega4809/avrxmega3\libatmega4809.a(eerd_block.o)
 .debug_line    0x00005146       0xa5 C:/Program Files (x86)/Atmel/Studio/7.0/Packs/atmel/ATmega_DFP/1.6.364/gcc/dev/atmega4809/avrxmega3\libatmega4809.a(eeupd_block.o)
 .debug_line    0x000051eb       0x80 C:/Program Files (x86)/Atmel/Studio/7.0/Packs/atmel/ATmega_DFP/1.6.364/gcc/dev/atmega4809/avrxmega3\libatmega4809.a(eeupd_byte.o)
 .debug_line    0x0000526b       0xc1 C:/Program Files (x86)/Atmel/Studio/7.0/Packs/atmel/ATmega_DFP/1.6.364/gcc/dev/atmega4809/avrxmega3\libatmega4809.a(eewr_byte.o)
 .debug_line    0x0000532c       0x79 C:/Program Files (x86)/Atmel/Studio/7.0/Packs/atmel/ATmega_DFP/1.6.364/gcc/dev/atmega4809/avrxmega3\libatmega4809.a(eerd_byte.o)

.debug_frame    0x00000000     0x156c
 *(.debug_frame)
 .debug_frame   0x00000000       0x5c ad590.o
 .debug_frame   0x0000005c       0x60 ads1115.o
 .debug_frame   0x000000bc      0x164 commands.o
 .debug_frame   0x00000220      0x138 ds3231.o
 .debug_frame   0x00000358       0x84 eeprom.o
 .debug_frame   0x000003dc       0x40 errors.o
 .debug_frame   0x0000041c       0xac fram.o
 .debug_frame   0x000004c8       0x68 humidity.o
 .debug_frame   0x00000530       0x34 initialize.o
 .debug_frame   0x00000564       0x54 ionpump.o
 .debug_frame   0x000005b8       0x24 main.o
 .debug_frame   0x000005dc       0x50 mcp23008.o
 .debug_frame   0x0000062c       0x54 mcp9808.o
 .debug_frame   0x00000680       0xc4 mma8451.o
 .debug_frame   0x00000744       0x48 nmea.o
 .debug_frame   0x0000078c       0xc4 oled.o
 .debug_frame   0x00000850      0x110 pneu.o
 .debug_frame   0x00000960       0x30 ports.o
 .debug_frame   0x00000990       0x88 report.o
 .debug_frame   0x00000a18      0x734 roboclaw.o
 .debug_frame   0x0000114c       0x54 set.o
 .debug_frame   0x000011a0       0x34 temperature.o
 .debug_frame   0x000011d4       0x40 testroutine.o
 .debug_frame   0x00001214       0xac timers.o
 .debug_frame   0x000012c0       0x74 twi.o
 .debug_frame   0x00001334      0x1bc usart.o
 .debug_frame   0x000014f0       0x7c wdt.o

.debug_str      0x00000000     0x2725
 *(.debug_str)
 .debug_str     0x00000000      0xf85 C:/Program Files (x86)/Atmel/Studio/7.0/Packs/atmel/ATmega_DFP/1.6.364/gcc/dev/atmega4809/avrxmega3/crtatmega4809.o
 .debug_str     0x00000f85      0x1da ad590.o
                                0x21f (size before relaxing)
 .debug_str     0x0000115f       0x84 ads1115.o
                                0x272 (size before relaxing)
 .debug_str     0x000011e3      0x308 commands.o
                                0x4ce (size before relaxing)
 .debug_str     0x000014eb       0xc0 ds3231.o
                                0x296 (size before relaxing)
 .debug_str     0x000015ab       0x89 eeprom.o
                                0x1fd (size before relaxing)
 .debug_str     0x00001634       0x40 errors.o
                                0x22d (size before relaxing)
 .debug_str     0x00001674       0x5f fram.o
                                0x21a (size before relaxing)
 .debug_str     0x000016d3       0x34 humidity.o
                                0x1de (size before relaxing)
 .debug_str     0x00001707       0x80 initialize.o
                                0x281 (size before relaxing)
 .debug_str     0x00001787       0x2a ionpump.o
                                0x1bd (size before relaxing)
 .debug_str     0x000017b1       0x2f main.o
                                0x374 (size before relaxing)
 .debug_str     0x000017e0       0x25 mcp23008.o
                                0x1e7 (size before relaxing)
 .debug_str     0x00001805       0x26 mcp9808.o
                                0x1ef (size before relaxing)
 .debug_str     0x0000182b       0x41 mma8451.o
                                0x215 (size before relaxing)
 .debug_str     0x0000186c       0x34 nmea.o
                                0x1bd (size before relaxing)
 .debug_str     0x000018a0       0x6a oled.o
                                0x35a (size before relaxing)
 .debug_str     0x0000190a      0x12c pneu.o
                                0x44e (size before relaxing)
 .debug_str     0x00001a36        0xd ports.o
                                0x31d (size before relaxing)
 .debug_str     0x00001a43      0x1f4 report.o
                                0x4fc (size before relaxing)
 .debug_str     0x00001c37      0x22a roboclaw.o
                                0x681 (size before relaxing)
 .debug_str     0x00001e61       0x38 set.o
                                0x2d9 (size before relaxing)
 .debug_str     0x00001e99       0x13 temperature.o
                                0x1c7 (size before relaxing)
 .debug_str     0x00001eac       0x13 testroutine.o
                                0x215 (size before relaxing)
 .debug_str     0x00001ebf      0x4e1 timers.o
                                0x7c5 (size before relaxing)
 .debug_str     0x000023a0      0x16d twi.o
                                0x3b3 (size before relaxing)
 .debug_str     0x0000250d       0xf0 usart.o
                                0x428 (size before relaxing)
 .debug_str     0x000025fd      0x128 wdt.o
                                0x3df (size before relaxing)

.debug_loc      0x00000000     0x64b5
 *(.debug_loc)
 .debug_loc     0x00000000      0x1a7 ad590.o
 .debug_loc     0x000001a7      0x319 ads1115.o
 .debug_loc     0x000004c0      0x4e2 commands.o
 .debug_loc     0x000009a2      0x770 ds3231.o
 .debug_loc     0x00001112       0xda eeprom.o
 .debug_loc     0x000011ec       0xae errors.o
 .debug_loc     0x0000129a      0x37b fram.o
 .debug_loc     0x00001615      0x246 humidity.o
 .debug_loc     0x0000185b       0x47 initialize.o
 .debug_loc     0x000018a2      0x101 ionpump.o
 .debug_loc     0x000019a3      0x18e mcp23008.o
 .debug_loc     0x00001b31      0x175 mcp9808.o
 .debug_loc     0x00001ca6      0x42c mma8451.o
 .debug_loc     0x000020d2       0xef nmea.o
 .debug_loc     0x000021c1      0x33a oled.o
 .debug_loc     0x000024fb      0x5be pneu.o
 .debug_loc     0x00002ab9       0x75 ports.o
 .debug_loc     0x00002b2e      0x4d6 report.o
 .debug_loc     0x00003004     0x2831 roboclaw.o
 .debug_loc     0x00005835      0x279 set.o
 .debug_loc     0x00005aae       0x9b temperature.o
 .debug_loc     0x00005b49       0xa9 testroutine.o
 .debug_loc     0x00005bf2      0x160 timers.o
 .debug_loc     0x00005d52       0xe0 twi.o
 .debug_loc     0x00005e32      0x5b8 usart.o
 .debug_loc     0x000063ea       0xcb wdt.o

.debug_macinfo
 *(.debug_macinfo)

.debug_weaknames
 *(.debug_weaknames)

.debug_funcnames
 *(.debug_funcnames)

.debug_typenames
 *(.debug_typenames)

.debug_varnames
 *(.debug_varnames)

.debug_pubtypes
 *(.debug_pubtypes)

.debug_ranges   0x00000000      0x440
 *(.debug_ranges)
 .debug_ranges  0x00000000       0x10 ad590.o
 .debug_ranges  0x00000010       0x10 ads1115.o
 .debug_ranges  0x00000020       0x58 commands.o
 .debug_ranges  0x00000078       0x40 ds3231.o
 .debug_ranges  0x000000b8       0x30 eeprom.o
 .debug_ranges  0x000000e8       0x10 errors.o
 .debug_ranges  0x000000f8       0x20 fram.o
 .debug_ranges  0x00000118       0x10 humidity.o
 .debug_ranges  0x00000128       0x10 initialize.o
 .debug_ranges  0x00000138       0x10 ionpump.o
 .debug_ranges  0x00000148       0x10 main.o
 .debug_ranges  0x00000158       0x18 mcp23008.o
 .debug_ranges  0x00000170       0x10 mcp9808.o
 .debug_ranges  0x00000180       0x28 mma8451.o
 .debug_ranges  0x000001a8       0x10 nmea.o
 .debug_ranges  0x000001b8       0x38 oled.o
 .debug_ranges  0x000001f0       0x38 pneu.o
 .debug_ranges  0x00000228       0x10 ports.o
 .debug_ranges  0x00000238       0x10 report.o
 .debug_ranges  0x00000248       0xf0 roboclaw.o
 .debug_ranges  0x00000338       0x10 set.o
 .debug_ranges  0x00000348       0x10 temperature.o
 .debug_ranges  0x00000358       0x10 testroutine.o
 .debug_ranges  0x00000368       0x38 timers.o
 .debug_ranges  0x000003a0       0x38 twi.o
 .debug_ranges  0x000003d8       0x50 usart.o
 .debug_ranges  0x00000428       0x18 wdt.o

.debug_macro
 *(.debug_macro)
OUTPUT(specMech.elf elf32-avr)
LOAD linker stubs
