Archive member included to satisfy reference by file (symbol)

c:/program files (x86)/atmel/studio/7.0/toolchain/avr8/avr8-gnu-toolchain/bin/../lib/gcc/avr/5.4.0/../../../../avr/lib/avrxmega3\libm.a(addsf3.o)
                              ad590.o (__subsf3)
c:/program files (x86)/atmel/studio/7.0/toolchain/avr8/avr8-gnu-toolchain/bin/../lib/gcc/avr/5.4.0/../../../../avr/lib/avrxmega3\libm.a(addsf3x.o)
                              c:/program files (x86)/atmel/studio/7.0/toolchain/avr8/avr8-gnu-toolchain/bin/../lib/gcc/avr/5.4.0/../../../../avr/lib/avrxmega3\libm.a(addsf3.o) (__addsf3x)
c:/program files (x86)/atmel/studio/7.0/toolchain/avr8/avr8-gnu-toolchain/bin/../lib/gcc/avr/5.4.0/../../../../avr/lib/avrxmega3\libm.a(cmpsf2.o)
                              ionpump.o (__ltsf2)
c:/program files (x86)/atmel/studio/7.0/toolchain/avr8/avr8-gnu-toolchain/bin/../lib/gcc/avr/5.4.0/../../../../avr/lib/avrxmega3\libm.a(divsf3.o)
                              humidity.o (__divsf3)
c:/program files (x86)/atmel/studio/7.0/toolchain/avr8/avr8-gnu-toolchain/bin/../lib/gcc/avr/5.4.0/../../../../avr/lib/avrxmega3\libm.a(divsf3x.o)
                              c:/program files (x86)/atmel/studio/7.0/toolchain/avr8/avr8-gnu-toolchain/bin/../lib/gcc/avr/5.4.0/../../../../avr/lib/avrxmega3\libm.a(divsf3.o) (__divsf3x)
c:/program files (x86)/atmel/studio/7.0/toolchain/avr8/avr8-gnu-toolchain/bin/../lib/gcc/avr/5.4.0/../../../../avr/lib/avrxmega3\libm.a(floatsisf.o)
                              mcp9808.o (__floatunsisf)
c:/program files (x86)/atmel/studio/7.0/toolchain/avr8/avr8-gnu-toolchain/bin/../lib/gcc/avr/5.4.0/../../../../avr/lib/avrxmega3\libm.a(fp_cmp.o)
                              c:/program files (x86)/atmel/studio/7.0/toolchain/avr8/avr8-gnu-toolchain/bin/../lib/gcc/avr/5.4.0/../../../../avr/lib/avrxmega3\libm.a(cmpsf2.o) (__fp_cmp)
c:/program files (x86)/atmel/studio/7.0/toolchain/avr8/avr8-gnu-toolchain/bin/../lib/gcc/avr/5.4.0/../../../../avr/lib/avrxmega3\libm.a(fp_inf.o)
                              c:/program files (x86)/atmel/studio/7.0/toolchain/avr8/avr8-gnu-toolchain/bin/../lib/gcc/avr/5.4.0/../../../../avr/lib/avrxmega3\libm.a(addsf3x.o) (__fp_inf)
c:/program files (x86)/atmel/studio/7.0/toolchain/avr8/avr8-gnu-toolchain/bin/../lib/gcc/avr/5.4.0/../../../../avr/lib/avrxmega3\libm.a(fp_nan.o)
                              c:/program files (x86)/atmel/studio/7.0/toolchain/avr8/avr8-gnu-toolchain/bin/../lib/gcc/avr/5.4.0/../../../../avr/lib/avrxmega3\libm.a(addsf3x.o) (__fp_nan)
c:/program files (x86)/atmel/studio/7.0/toolchain/avr8/avr8-gnu-toolchain/bin/../lib/gcc/avr/5.4.0/../../../../avr/lib/avrxmega3\libm.a(fp_pscA.o)
                              c:/program files (x86)/atmel/studio/7.0/toolchain/avr8/avr8-gnu-toolchain/bin/../lib/gcc/avr/5.4.0/../../../../avr/lib/avrxmega3\libm.a(addsf3x.o) (__fp_pscA)
c:/program files (x86)/atmel/studio/7.0/toolchain/avr8/avr8-gnu-toolchain/bin/../lib/gcc/avr/5.4.0/../../../../avr/lib/avrxmega3\libm.a(fp_pscB.o)
                              c:/program files (x86)/atmel/studio/7.0/toolchain/avr8/avr8-gnu-toolchain/bin/../lib/gcc/avr/5.4.0/../../../../avr/lib/avrxmega3\libm.a(addsf3x.o) (__fp_pscB)
c:/program files (x86)/atmel/studio/7.0/toolchain/avr8/avr8-gnu-toolchain/bin/../lib/gcc/avr/5.4.0/../../../../avr/lib/avrxmega3\libm.a(fp_round.o)
                              c:/program files (x86)/atmel/studio/7.0/toolchain/avr8/avr8-gnu-toolchain/bin/../lib/gcc/avr/5.4.0/../../../../avr/lib/avrxmega3\libm.a(addsf3.o) (__fp_round)
c:/program files (x86)/atmel/studio/7.0/toolchain/avr8/avr8-gnu-toolchain/bin/../lib/gcc/avr/5.4.0/../../../../avr/lib/avrxmega3\libm.a(fp_split3.o)
                              c:/program files (x86)/atmel/studio/7.0/toolchain/avr8/avr8-gnu-toolchain/bin/../lib/gcc/avr/5.4.0/../../../../avr/lib/avrxmega3\libm.a(addsf3x.o) (__fp_split3)
c:/program files (x86)/atmel/studio/7.0/toolchain/avr8/avr8-gnu-toolchain/bin/../lib/gcc/avr/5.4.0/../../../../avr/lib/avrxmega3\libm.a(fp_zero.o)
                              c:/program files (x86)/atmel/studio/7.0/toolchain/avr8/avr8-gnu-toolchain/bin/../lib/gcc/avr/5.4.0/../../../../avr/lib/avrxmega3\libm.a(addsf3x.o) (__fp_zero)
c:/program files (x86)/atmel/studio/7.0/toolchain/avr8/avr8-gnu-toolchain/bin/../lib/gcc/avr/5.4.0/../../../../avr/lib/avrxmega3\libm.a(gesf2.o)
                              ionpump.o (__gtsf2)
c:/program files (x86)/atmel/studio/7.0/toolchain/avr8/avr8-gnu-toolchain/bin/../lib/gcc/avr/5.4.0/../../../../avr/lib/avrxmega3\libm.a(mulsf3.o)
                              ad590.o (__mulsf3)
c:/program files (x86)/atmel/studio/7.0/toolchain/avr8/avr8-gnu-toolchain/bin/../lib/gcc/avr/5.4.0/../../../../avr/lib/avrxmega3\libm.a(mulsf3x.o)
                              c:/program files (x86)/atmel/studio/7.0/toolchain/avr8/avr8-gnu-toolchain/bin/../lib/gcc/avr/5.4.0/../../../../avr/lib/avrxmega3\libm.a(mulsf3.o) (__mulsf3x)
[...]
Memory Configuration

Name             Origin             Length             Attributes
text             0x00000000         0x0000c000         xr
data             0x00802800         0x00001800         rw !x
eeprom           0x00810000         0x00000100         rw !x
fuse             0x00820000         0x0000000a         rw !x
lock             0x00830000         0x00000400         rw !x
signature        0x00840000         0x00000400         rw !x
user_signatures  0x00850000         0x00000400         rw !x
*default*        0x00000000         0xffffffff

Linker script and memory map

Address of section .data set to 0x802800
                0x00004000                __RODATA_PM_OFFSET__ = 0x4000
LOAD C:/Program Files (x86)/Atmel/Studio/7.0/Packs/atmel/ATmega_DFP/1.6.364/gcc/dev/atmega4809/avrxmega3/crtatmega4809.o
LOAD ad590.o
LOAD ads1115.o
LOAD beeper.o
LOAD commands.o
LOAD ds3231.o
LOAD eeprom.o
LOAD errors.o
LOAD fram.o
LOAD humidity.o
LOAD initialize.o
LOAD ionpump.o
LOAD led.o
LOAD main.o
LOAD mcp23008.o
LOAD mcp9808.o
LOAD mma8451.o
LOAD nmea.o
LOAD oled.o
LOAD pneu.o
LOAD ports.o
LOAD report.o
LOAD roboclaw.o
LOAD rtc.o
LOAD set.o
LOAD specID.o
LOAD temperature.o
LOAD testroutine.o
LOAD timers.o
LOAD twi.o
LOAD usart.o
LOAD wdt.o
LOAD xport.o
START GROUP
LOAD c:/program files (x86)/atmel/studio/7.0/toolchain/avr8/avr8-gnu-toolchain/bin/../lib/gcc/avr/5.4.0/../../../../avr/lib/avrxmega3\libm.a
END GROUP
LOAD c:/program files (x86)/atmel/studio/7.0/toolchain/avr8/avr8-gnu-toolchain/bin/../lib/gcc/avr/5.4.0/../../../../avr/lib/avrxmega3\libprintf_flt.a
START GROUP
LOAD c:/program files (x86)/atmel/studio/7.0/toolchain/avr8/avr8-gnu-toolchain/bin/../lib/gcc/avr/5.4.0/avrxmega3\libgcc.a
LOAD c:/program files (x86)/atmel/studio/7.0/toolchain/avr8/avr8-gnu-toolchain/bin/../lib/gcc/avr/5.4.0/../../../../avr/lib/avrxmega3\libm.a
LOAD c:/program files (x86)/atmel/studio/7.0/toolchain/avr8/avr8-gnu-toolchain/bin/../lib/gcc/avr/5.4.0/../../../../avr/lib/avrxmega3\libc.a
LOAD C:/Program Files (x86)/Atmel/Studio/7.0/Packs/atmel/ATmega_DFP/1.6.364/gcc/dev/atmega4809/avrxmega3\libatmega4809.a
END GROUP
                [0x00000000]                __TEXT_REGION_ORIGIN__ = DEFINED (__TEXT_REGION_ORIGIN__)?__TEXT_REGION_ORIGIN__:0x0
                [0x00802800]                __DATA_REGION_ORIGIN__ = DEFINED (__DATA_REGION_ORIGIN__)?__DATA_REGION_ORIGIN__:0x802000
                [0x0000c000]                __TEXT_REGION_LENGTH__ = DEFINED (__TEXT_REGION_LENGTH__)?__TEXT_REGION_LENGTH__:0x100000
                [0x00001800]                __DATA_REGION_LENGTH__ = DEFINED (__DATA_REGION_LENGTH__)?__DATA_REGION_LENGTH__:0xffa0
                [0x00000100]                __EEPROM_REGION_LENGTH__ = DEFINED (__EEPROM_REGION_LENGTH__)?__EEPROM_REGION_LENGTH__:0x10000
                [0x0000000a]                __FUSE_REGION_LENGTH__ = DEFINED (__FUSE_REGION_LENGTH__)?__FUSE_REGION_LENGTH__:0x400
                0x00000400                __LOCK_REGION_LENGTH__ = DEFINED (__LOCK_REGION_LENGTH__)?__LOCK_REGION_LENGTH__:0x400
                0x00000400                __SIGNATURE_REGION_LENGTH__ = DEFINED (__SIGNATURE_REGION_LENGTH__)?__SIGNATURE_REGION_LENGTH__:0x400
                0x00000400                __USER_SIGNATURE_REGION_LENGTH__ = DEFINED (__USER_SIGNATURE_REGION_LENGTH__)?__USER_SIGNATURE_REGION_LENGTH__:0x400
                0x00008000                __RODATA_PM_OFFSET__ = DEFINED (__RODATA_PM_OFFSET__)?__RODATA_PM_OFFSET__:0x8000

.hash
 *(.hash)

.dynsym
 *(.dynsym)

.dynstr
 *(.dynstr)

.gnu.version
 *(.gnu.version)

.gnu.version_d
 *(.gnu.version_d)

.gnu.version_r
 *(.gnu.version_r)

.rel.init
 *(.rel.init)

.rela.init
 *(.rela.init)

.rel.text
 *(.rel.text)
 *(.rel.text.*)
 *(.rel.gnu.linkonce.t*)

.rela.text
 *(.rela.text)
 *(.rela.text.*)
 *(.rela.gnu.linkonce.t*)

.rel.fini
 *(.rel.fini)

.rela.fini
 *(.rela.fini)

.rel.rodata
 *(.rel.rodata)
 *(.rel.rodata.*)
 *(.rel.gnu.linkonce.r*)

.rela.rodata
 *(.rela.rodata)
 *(.rela.rodata.*)
 *(.rela.gnu.linkonce.r*)

.rel.data
 *(.rel.data)
 *(.rel.data.*)
 *(.rel.gnu.linkonce.d*)

.rela.data
 *(.rela.data)
 *(.rela.data.*)
 *(.rela.gnu.linkonce.d*)

.rel.ctors
 *(.rel.ctors)

.rela.ctors
 *(.rela.ctors)

.rel.dtors
 *(.rel.dtors)

.rela.dtors
 *(.rela.dtors)

.rel.got
 *(.rel.got)

.rela.got
 *(.rela.got)

.rel.bss
 *(.rel.bss)

.rela.bss
 *(.rela.bss)

.rel.plt
 *(.rel.plt)

.rela.plt
 *(.rela.plt)

.text           0x00000000     0x48a6
 *(.vectors)
 .vectors       0x00000000       0xa0 C:/Program Files (x86)/Atmel/Studio/7.0/Packs/atmel/ATmega_DFP/1.6.364/gcc/dev/atmega4809/avrxmega3/crtatmega4809.o
                0x00000000                __vector_default
                0x00000000                __vectors
 *(.vectors)
 *(.progmem.gcc*)
 .progmem.gcc_sw_table.commands
                0x000000a0       0x46 commands.o
 .progmem.gcc_sw_table.report
                0x000000e6       0x6c report.o
                0x00000152                . = ALIGN (0x2)
                0x00000152                __trampolines_start = .
 *(.trampolines)
 .trampolines   0x00000152        0x0 linker stubs
 *(.trampolines*)
                0x00000152                __trampolines_end = .
 *libprintf_flt.a:*(.progmem.data)
 .progmem.data  0x00000152        0x8 c:/program files (x86)/atmel/studio/7.0/toolchain/avr8/avr8-gnu-toolchain/bin/../lib/gcc/avr/5.4.0/../../../../avr/lib/avrxmega3\libprintf_flt.a(vfprintf_flt.o)
 *libc.a:*(.progmem.data)
 .progmem.data  0x0000015a       0xfa c:/program files (x86)/atmel/studio/7.0/toolchain/avr8/avr8-gnu-toolchain/bin/../lib/gcc/avr/5.4.0/../../../../avr/lib/avrxmega3\libc.a(ftoa_engine.o)
 *(.progmem*)
                0x00000254                . = ALIGN (0x2)
 *(.jumptables)
 *(.jumptables*)
 *(.lowtext)
 *(.lowtext*)
                0x00000254                __ctors_start = .
 *(.ctors)
                0x00000254                __ctors_end = .
                0x00000254                __dtors_start = .
 *(.dtors)
                0x00000254                __dtors_end = .
 SORT(*)(.ctors)
 SORT(*)(.dtors)
 *(.init0)
 .init0         0x00000254        0x0 C:/Program Files (x86)/Atmel/Studio/7.0/Packs/atmel/ATmega_DFP/1.6.364/gcc/dev/atmega4809/avrxmega3/crtatmega4809.o
                0x00000254                __init
 *(.init0)
 *(.init1)
 *(.init1)
 *(.init2)
 .init2         0x00000254        0xc C:/Program Files (x86)/Atmel/Studio/7.0/Packs/atmel/ATmega_DFP/1.6.364/gcc/dev/atmega4809/avrxmega3/crtatmega4809.o
 *(.init2)
 *(.init3)
 *(.init3)
 *(.init4)
 .init4         0x00000260       0x16 c:/program files (x86)/atmel/studio/7.0/toolchain/avr8/avr8-gnu-toolchain/bin/../lib/gcc/avr/5.4.0/avrxmega3\libgcc.a(_copy_data.o)
                0x00000260                __do_copy_data
 .init4         0x00000276       0x10 c:/program files (x86)/atmel/studio/7.0/toolchain/avr8/avr8-gnu-toolchain/bin/../lib/gcc/avr/5.4.0/avrxmega3\libgcc.a(_clear_bss.o)
                0x00000276                __do_clear_bss
 *(.init4)
 *(.init5)
 *(.init5)
 *(.init6)
 *(.init6)
 *(.init7)
 *(.init7)
 *(.init8)
 *(.init8)
 *(.init9)
 .init9         0x00000286        0x8 C:/Program Files (x86)/Atmel/Studio/7.0/Packs/atmel/ATmega_DFP/1.6.364/gcc/dev/atmega4809/avrxmega3/crtatmega4809.o
 *(.init9)
 *(.text)
 .text          0x0000028e        0x4 C:/Program Files (x86)/Atmel/Studio/7.0/Packs/atmel/ATmega_DFP/1.6.364/gcc/dev/atmega4809/avrxmega3/crtatmega4809.o
                0x0000028e                __vector_22
                0x0000028e                __vector_28
                0x0000028e                __vector_1
                0x0000028e                __vector_32
                0x0000028e                __vector_34
                0x0000028e                __vector_24
                0x0000028e                __bad_interrupt
                0x0000028e                __vector_6
                0x0000028e                __vector_31
                0x0000028e                __vector_35
                0x0000028e                __vector_39
                0x0000028e                __vector_23
                0x0000028e                __vector_30
                0x0000028e                __vector_25
                0x0000028e                __vector_11
                0x0000028e                __vector_13
                0x0000028e                __vector_19
                0x0000028e                __vector_7
                0x0000028e                __vector_5
                0x0000028e                __vector_33
                0x0000028e                __vector_4
                0x0000028e                __vector_9
                0x0000028e                __vector_2
                0x0000028e                __vector_21
                0x0000028e                __vector_15
                0x0000028e                __vector_36
                0x0000028e                __vector_8
                0x0000028e                __vector_14
                0x0000028e                __vector_10
                0x0000028e                __vector_16
                0x00000292                . = ALIGN (0x2)
 *(.text.*)
 .text.read_AD590
                0x00000292      0x102 ad590.o
                0x00000292                read_AD590
 .text.read_ADS1115
                0x00000394      0x1d4 ads1115.o
                0x00000394                read_ADS1115
 .text.init_BEEPER
                0x00000568        0xe beeper.o
                0x00000568                init_BEEPER
 .text.get_cmdline
                0x00000576       0x58 commands.o
                0x00000576                get_cmdline
 .text.isaletter
                0x000005ce       0x1a commands.o
                0x000005ce                isaletter
 .text.parse_cmd
                0x000005e8      0x128 commands.o
                0x000005e8                parse_cmd
 .text.printLine
                0x00000710       0x92 commands.o
                0x00000710                printLine
 .text.echo_cmd
                0x000007a2       0x80 commands.o
                0x000007a2                echo_cmd
 .text.send_prompt
                0x00000822       0x26 commands.o
                0x00000822                send_prompt
 .text.rebootACKd
                0x00000848       0x56 commands.o
                0x00000848                rebootACKd
 .text.commands
                0x0000089e       0xee commands.o
                0x0000089e                commands
 .text.convert_ds2iso
                0x0000098c       0x6e ds3231.o
                0x0000098c                convert_ds2iso
 .text.convert_iso2ds
                0x000009fa       0xc0 ds3231.o
                0x000009fa                convert_iso2ds
 .text.read_DS3231
                0x00000aba       0x78 ds3231.o
                0x00000aba                read_DS3231
 .text.get_time
                0x00000b32       0x68 ds3231.o
                0x00000b32                get_time
 .text.write_DS3231
                0x00000b9a       0x70 ds3231.o
                0x00000b9a                write_DS3231
 .text.put_time
                0x00000c0a       0x4c ds3231.o
                0x00000c0a                put_time
 .text.get_BOOTTIME
                0x00000c56        0xe eeprom.o
                0x00000c56                get_BOOTTIME
 .text.get_VERSION
                0x00000c64        0xe eeprom.o
                0x00000c64                get_VERSION
 .text.update_BOOTTIME
                0x00000c72       0x32 eeprom.o
                0x00000c72                update_BOOTTIME
 .text.update_VERSION
                0x00000ca4       0x3c eeprom.o
                0x00000ca4                update_VERSION
 .text.init_EEPROM
                0x00000ce0        0xa eeprom.o
                0x00000ce0                init_EEPROM
 .text.printError
                0x00000cea       0x5e errors.o
                0x00000cea                printError
 .text.read_FRAM
                0x00000d48       0xb4 fram.o
                0x00000d48                read_FRAM
 .text.get_SETTIME
                0x00000dfc       0x60 fram.o
                0x00000dfc                get_SETTIME
 .text.write_FRAM
                0x00000e5c       0x64 fram.o
                0x00000e5c                write_FRAM
 .text.get_humidity
                0x00000ec0      0x102 humidity.o
                0x00000ec0                get_humidity
 .text.initialize0
                0x00000fc2       0x2c initialize.o
                0x00000fc2                initialize0
 .text.initialize1
                0x00000fee       0x68 initialize.o
                0x00000fee                initialize1
 .text.read_ionpump
                0x00001056       0xd6 ionpump.o
                0x00001056                read_ionpump
 .text.init_LED
                0x0000112c        0xc led.o
                0x0000112c                init_LED
 .text.main     0x00001138       0x22 main.o
                0x00001138                main
 .text.read_MCP23008
                0x0000115a       0x46 mcp23008.o
                0x0000115a                read_MCP23008
 .text.write_MCP23008
                0x000011a0       0x5c mcp23008.o
                0x000011a0                write_MCP23008
 .text.read_MCP9808
                0x000011fc       0xce mcp9808.o
                0x000011fc                read_MCP9808
 .text.read_MMA8451
                0x000012ca       0x7c mma8451.o
                0x000012ca                read_MMA8451
 .text.get_orientation
                0x00001346      0x136 mma8451.o
                0x00001346                get_orientation
 .text.write_MMA8451
                0x0000147c       0x54 mma8451.o
                0x0000147c                write_MMA8451
 .text.init_MMA8451
                0x000014d0       0x64 mma8451.o
                0x000014d0                init_MMA8451
 .text.checksum_NMEA
                0x00001534       0x92 nmea.o
                0x00001534                checksum_NMEA
 .text.write_OLED
                0x000015c6       0x24 oled.o
                0x000015c6                write_OLED
 .text.init_OLED
                0x000015ea      0x180 oled.o
                0x000015ea                init_OLED
 .text.writestr_OLED
                0x0000176a       0xba oled.o
                0x0000176a                writestr_OLED
 .text.clear_OLED
                0x00001824       0x3c oled.o
                0x00001824                clear_OLED
 .text.init_PNEU
                0x00001860       0x7a pneu.o
                0x00001860                init_PNEU
 .text.read_PNEUSensors
                0x000018da       0xd8 pneu.o
                0x000018da                read_PNEUSensors
 .text.set_PNEUVALVES
                0x000019b2       0x24 pneu.o
                0x000019b2                set_PNEUVALVES
 .text.close_PNEU
                0x000019d6      0x154 pneu.o
                0x000019d6                close_PNEU
 .text.open_PNEU
                0x00001b2a      0x154 pneu.o
                0x00001b2a                open_PNEU
 .text.__vector_20
                0x00001c7e       0x5e pneu.o
                0x00001c7e                __vector_20
 .text.init_PORTS
                0x00001cdc       0x70 ports.o
                0x00001cdc                init_PORTS
 .text.report   0x00001d4c      0xb20 report.o
                0x00001d4c                report
 .text.crc16    0x0000286c       0x4a roboclaw.o
                0x0000286c                crc16
 .text.get_MOTOREncoder
                0x000028b6      0x160 roboclaw.o
                0x000028b6                get_MOTOREncoder
 .text.get_MOTORFloat
                0x00002a16       0xfc roboclaw.o
                0x00002a16                get_MOTORFloat
 .text.get_MOTORInt32
                0x00002b12      0x13c roboclaw.o
                0x00002b12                get_MOTORInt32
 .text.move_MOTORAbsolute
                0x00002c4e       0xc4 roboclaw.o
                0x00002c4e                move_MOTORAbsolute
 .text.move_MOTOR
                0x00002d12       0xee roboclaw.o
                0x00002d12                move_MOTOR
 .text.set_MOTOREncoder
                0x00002e00       0x7e roboclaw.o
                0x00002e00                set_MOTOREncoder
 .text.init_MOTORS
                0x00002e7e       0x68 roboclaw.o
                0x00002e7e                init_MOTORS
 .text.init_RTC
                0x00002ee6       0x5c rtc.o
                0x00002ee6                init_RTC
 .text.__vector_3
                0x00002f42       0x94 rtc.o
                0x00002f42                __vector_3
 .text.set      0x00002fd6       0x7a set.o
                0x00002fd6                set
 .text.init_SPECID
                0x00003050       0x10 specID.o
                0x00003050                init_SPECID
 .text.get_temperature
                0x00003060       0x50 temperature.o
                0x00003060                get_temperature
 .text.testroutine
                0x000030b0       0x7e testroutine.o
                0x000030b0                testroutine
 .text.start_TCB0
                0x0000312e       0x2c timers.o
                0x0000312e                start_TCB0
 .text.stop_TCB0
                0x0000315a        0x6 timers.o
                0x0000315a                stop_TCB0
 .text.__vector_12
                0x00003160       0x34 timers.o
                0x00003160                __vector_12
 .text.init_TWI
                0x00003194       0x16 twi.o
                0x00003194                init_TWI
 .text.read_TWI
                0x000031aa       0x20 twi.o
                0x000031aa                read_TWI
 .text.readlast_TWI
                0x000031ca       0x1a twi.o
                0x000031ca                readlast_TWI
 .text.start_TWI
                0x000031e4       0x82 twi.o
                0x000031e4                start_TWI
 .text.stop_TWI
                0x00003266        0x8 twi.o
                0x00003266                stop_TWI
 .text.write_TWI
                0x0000326e       0x4a twi.o
                0x0000326e                write_TWI
 .text.init_USART
                0x000032b8       0xb4 usart.o
                0x000032b8                init_USART
 .text.send_USART
                0x0000336c      0x140 usart.o
                0x0000336c                send_USART
 .text.__vector_17
                0x000034ac       0x86 usart.o
                0x000034ac                __vector_17
 .text.__vector_18
                0x00003532       0x6e usart.o
                0x00003532                __vector_18
 .text.__vector_26
                0x000035a0       0x56 usart.o
                0x000035a0                __vector_26
 .text.__vector_27
                0x000035f6       0x6e usart.o
                0x000035f6                __vector_27
 .text.__vector_37
                0x00003664       0x6a usart.o
                0x00003664                __vector_37
 .text.__vector_38
                0x000036ce       0x5c usart.o
                0x000036ce                __vector_38
 .text.reboot   0x0000372a       0x14 wdt.o
                0x0000372a                reboot
 .text.__vector_29
                0x0000373e       0x56 wdt.o
                0x0000373e                __vector_29
 .text.init_XPORT
                0x00003794       0x18 xport.o
                0x00003794                init_XPORT
 .text.avr-libc.fplib
                0x000037ac        0xe c:/program files (x86)/atmel/studio/7.0/toolchain/avr8/avr8-gnu-toolchain/bin/../lib/gcc/avr/5.4.0/../../../../avr/lib/avrxmega3\libm.a(addsf3.o)
                0x000037ac                __subsf3
                0x000037ae                __addsf3
 .text.avr-libc.fplib
                0x000037ba       0xcc c:/program files (x86)/atmel/studio/7.0/toolchain/avr8/avr8-gnu-toolchain/bin/../lib/gcc/avr/5.4.0/../../../../avr/lib/avrxmega3\libm.a(addsf3x.o)
                0x000037dc                __addsf3x
 .text.avr-libc.fplib
                0x00003886        0xa c:/program files (x86)/atmel/studio/7.0/toolchain/avr8/avr8-gnu-toolchain/bin/../lib/gcc/avr/5.4.0/../../../../avr/lib/avrxmega3\libm.a(cmpsf2.o)
                0x00003886                __nesf2
                0x00003886                __eqsf2
                0x00003886                __cmpsf2
                0x00003886                __ltsf2
                0x00003886                __lesf2
 .text.avr-libc.fplib
                0x00003890        0x8 c:/program files (x86)/atmel/studio/7.0/toolchain/avr8/avr8-gnu-toolchain/bin/../lib/gcc/avr/5.4.0/../../../../avr/lib/avrxmega3\libm.a(divsf3.o)
                0x00003890                __divsf3
 .text.avr-libc.fplib
                0x00003898       0xdc c:/program files (x86)/atmel/studio/7.0/toolchain/avr8/avr8-gnu-toolchain/bin/../lib/gcc/avr/5.4.0/../../../../avr/lib/avrxmega3\libm.a(divsf3x.o)
                0x000038b8                __divsf3x
                0x000038be                __divsf3_pse
 .text.avr-libc.fplib
                0x00003974       0x7a c:/program files (x86)/atmel/studio/7.0/toolchain/avr8/avr8-gnu-toolchain/bin/../lib/gcc/avr/5.4.0/../../../../avr/lib/avrxmega3\libm.a(floatsisf.o)
                0x00003974                __floatunsisf
                0x00003978                __floatsisf
 .text.avr-libc.fplib
                0x000039ee       0x48 c:/program files (x86)/atmel/studio/7.0/toolchain/avr8/avr8-gnu-toolchain/bin/../lib/gcc/avr/5.4.0/../../../../avr/lib/avrxmega3\libm.a(fp_cmp.o)
                0x000039ee                __fp_cmp
 .text.avr-libc.fplib
                0x00003a36        0xc c:/program files (x86)/atmel/studio/7.0/toolchain/avr8/avr8-gnu-toolchain/bin/../lib/gcc/avr/5.4.0/../../../../avr/lib/avrxmega3\libm.a(fp_inf.o)
                0x00003a36                __fp_inf
 .text.avr-libc.fplib
                0x00003a42        0x6 c:/program files (x86)/atmel/studio/7.0/toolchain/avr8/avr8-gnu-toolchain/bin/../lib/gcc/avr/5.4.0/../../../../avr/lib/avrxmega3\libm.a(fp_nan.o)
                0x00003a42                __fp_nan
 .text.avr-libc.fplib
                0x00003a48        0xe c:/program files (x86)/atmel/studio/7.0/toolchain/avr8/avr8-gnu-toolchain/bin/../lib/gcc/avr/5.4.0/../../../../avr/lib/avrxmega3\libm.a(fp_pscA.o)
                0x00003a48                __fp_pscA
 .text.avr-libc.fplib
                0x00003a56        0xe c:/program files (x86)/atmel/studio/7.0/toolchain/avr8/avr8-gnu-toolchain/bin/../lib/gcc/avr/5.4.0/../../../../avr/lib/avrxmega3\libm.a(fp_pscB.o)
                0x00003a56                __fp_pscB
 .text.avr-libc.fplib
                0x00003a64       0x22 c:/program files (x86)/atmel/studio/7.0/toolchain/avr8/avr8-gnu-toolchain/bin/../lib/gcc/avr/5.4.0/../../../../avr/lib/avrxmega3\libm.a(fp_round.o)
                0x00003a64                __fp_round
 .text.avr-libc.fplib
                0x00003a86       0x44 c:/program files (x86)/atmel/studio/7.0/toolchain/avr8/avr8-gnu-toolchain/bin/../lib/gcc/avr/5.4.0/../../../../avr/lib/avrxmega3\libm.a(fp_split3.o)
                0x00003a86                __fp_split3
                0x00003a96                __fp_splitA
 .text.avr-libc.fplib
                0x00003aca        0xe c:/program files (x86)/atmel/studio/7.0/toolchain/avr8/avr8-gnu-toolchain/bin/../lib/gcc/avr/5.4.0/../../../../avr/lib/avrxmega3\libm.a(fp_zero.o)
                0x00003aca                __fp_zero
                0x00003acc                __fp_szero
 .text.avr-libc.fplib
                0x00003ad8        0xa c:/program files (x86)/atmel/studio/7.0/toolchain/avr8/avr8-gnu-toolchain/bin/../lib/gcc/avr/5.4.0/../../../../avr/lib/avrxmega3\libm.a(gesf2.o)
                0x00003ad8                __gesf2
                0x00003ad8                __gtsf2
 .text.avr-libc.fplib
                0x00003ae2        0x8 c:/program files (x86)/atmel/studio/7.0/toolchain/avr8/avr8-gnu-toolchain/bin/../lib/gcc/avr/5.4.0/../../../../avr/lib/avrxmega3\libm.a(mulsf3.o)
                0x00003ae2                __mulsf3
 .text.avr-libc.fplib
                0x00003aea       0xd2 c:/program files (x86)/atmel/studio/7.0/toolchain/avr8/avr8-gnu-toolchain/bin/../lib/gcc/avr/5.4.0/../../../../avr/lib/avrxmega3\libm.a(mulsf3x.o)
                0x00003b08                __mulsf3x
                0x00003b0e                __mulsf3_pse
 .text.avr-libc
                0x00003bbc      0x6fa c:/program files (x86)/atmel/studio/7.0/toolchain/avr8/avr8-gnu-toolchain/bin/../lib/gcc/avr/5.4.0/../../../../avr/lib/avrxmega3\libprintf_flt.a(vfprintf_flt.o)
                0x00003bbc                vfprintf
 .text.libgcc.div
                0x000042b6       0x28 c:/program files (x86)/atmel/studio/7.0/toolchain/avr8/avr8-gnu-toolchain/bin/../lib/gcc/avr/5.4.0/avrxmega3\libgcc.a(_divmodhi4.o)
                0x000042b6                _div
                0x000042b6                __divmodhi4
 .text.libgcc.div
                0x000042de       0x2e c:/program files (x86)/atmel/studio/7.0/toolchain/avr8/avr8-gnu-toolchain/bin/../lib/gcc/avr/5.4.0/avrxmega3\libgcc.a(_divmodsi4.o)
                0x000042de                __divmodsi4
 .text.libgcc.div
                0x0000430c       0x10 c:/program files (x86)/atmel/studio/7.0/toolchain/avr8/avr8-gnu-toolchain/bin/../lib/gcc/avr/5.4.0/avrxmega3\libgcc.a(_negsi2.o)
                0x0000430c                __negsi2
 .text.libgcc   0x0000431c        0xc c:/program files (x86)/atmel/studio/7.0/toolchain/avr8/avr8-gnu-toolchain/bin/../lib/gcc/avr/5.4.0/avrxmega3\libgcc.a(_tablejump2.o)
                0x0000431c                __tablejump2__
 .text.libgcc.mul
                0x00004328       0x16 c:/program files (x86)/atmel/studio/7.0/toolchain/avr8/avr8-gnu-toolchain/bin/../lib/gcc/avr/5.4.0/avrxmega3\libgcc.a(_muluhisi3.o)
                0x00004328                __muluhisi3
 .text.libgcc.prologue
                0x0000433e       0x32 c:/program files (x86)/atmel/studio/7.0/toolchain/avr8/avr8-gnu-toolchain/bin/../lib/gcc/avr/5.4.0/avrxmega3\libgcc.a(_prologue.o)
                0x0000433e                __prologue_saves__
 .text.libgcc.prologue
                0x00004370       0x30 c:/program files (x86)/atmel/studio/7.0/toolchain/avr8/avr8-gnu-toolchain/bin/../lib/gcc/avr/5.4.0/avrxmega3\libgcc.a(_epilogue.o)
                0x00004370                __epilogue_restores__
 .text.libgcc.div
                0x000043a0       0x28 c:/program files (x86)/atmel/studio/7.0/toolchain/avr8/avr8-gnu-toolchain/bin/../lib/gcc/avr/5.4.0/avrxmega3\libgcc.a(_udivmodhi4.o)
                0x000043a0                __udivmodhi4
 .text.libgcc.div
                0x000043c8       0x44 c:/program files (x86)/atmel/studio/7.0/toolchain/avr8/avr8-gnu-toolchain/bin/../lib/gcc/avr/5.4.0/avrxmega3\libgcc.a(_udivmodsi4.o)
                0x000043c8                __udivmodsi4
 .text.libgcc.mul
                0x0000440c       0x1e c:/program files (x86)/atmel/studio/7.0/toolchain/avr8/avr8-gnu-toolchain/bin/../lib/gcc/avr/5.4.0/avrxmega3\libgcc.a(_umulhisi3.o)
                0x0000440c                __umulhisi3
 .text.avr-libc
                0x0000442a       0x4e c:/program files (x86)/atmel/studio/7.0/toolchain/avr8/avr8-gnu-toolchain/bin/../lib/gcc/avr/5.4.0/../../../../avr/lib/avrxmega3\libc.a(atol.o)
                0x0000442a                atol
 .text.avr-libc
                0x00004478      0x1b0 c:/program files (x86)/atmel/studio/7.0/toolchain/avr8/avr8-gnu-toolchain/bin/../lib/gcc/avr/5.4.0/../../../../avr/lib/avrxmega3\libc.a(ftoa_engine.o)
                0x00004478                __ftoa_engine
 .text.avr-libc
                0x00004628       0x16 c:/program files (x86)/atmel/studio/7.0/toolchain/avr8/avr8-gnu-toolchain/bin/../lib/gcc/avr/5.4.0/../../../../avr/lib/avrxmega3\libc.a(strnlen_P.o)
                0x00004628                strnlen_P
 .text.avr-libc
                0x0000463e       0x16 c:/program files (x86)/atmel/studio/7.0/toolchain/avr8/avr8-gnu-toolchain/bin/../lib/gcc/avr/5.4.0/../../../../avr/lib/avrxmega3\libc.a(strcat.o)
                0x0000463e                strcat
 .text.avr-libc
                0x00004654        0xe c:/program files (x86)/atmel/studio/7.0/toolchain/avr8/avr8-gnu-toolchain/bin/../lib/gcc/avr/5.4.0/../../../../avr/lib/avrxmega3\libc.a(strcpy.o)
                0x00004654                strcpy
 .text.avr-libc
                0x00004662       0x16 c:/program files (x86)/atmel/studio/7.0/toolchain/avr8/avr8-gnu-toolchain/bin/../lib/gcc/avr/5.4.0/../../../../avr/lib/avrxmega3\libc.a(strnlen.o)
                0x00004662                strnlen
 .text.avr-libc
                0x00004678       0x2a c:/program files (x86)/atmel/studio/7.0/toolchain/avr8/avr8-gnu-toolchain/bin/../lib/gcc/avr/5.4.0/../../../../avr/lib/avrxmega3\libc.a(mulsi10.o)
                0x00004678                __mulsi_const_10
 .text.avr-libc
                0x000046a2       0x78 c:/program files (x86)/atmel/studio/7.0/toolchain/avr8/avr8-gnu-toolchain/bin/../lib/gcc/avr/5.4.0/../../../../avr/lib/avrxmega3\libc.a(fputc.o)
                0x000046a2                fputc
 .text.avr-libc
                0x0000471a       0x44 c:/program files (x86)/atmel/studio/7.0/toolchain/avr8/avr8-gnu-toolchain/bin/../lib/gcc/avr/5.4.0/../../../../avr/lib/avrxmega3\libc.a(sprintf.o)
                0x0000471a                sprintf
 .text.avr-libc
                0x0000475e       0xbc c:/program files (x86)/atmel/studio/7.0/toolchain/avr8/avr8-gnu-toolchain/bin/../lib/gcc/avr/5.4.0/../../../../avr/lib/avrxmega3\libc.a(ultoa_invert.o)
                0x0000475e                __ultoa_invert
 .text.avr-libc
                0x0000481a        0x8 C:/Program Files (x86)/Atmel/Studio/7.0/Packs/atmel/ATmega_DFP/1.6.364/gcc/dev/atmega4809/avrxmega3\libatmega4809.a(eerd_block.o)
                0x0000481a                eeprom_read_block
 .text.avr-libc
                0x00004822       0x20 C:/Program Files (x86)/Atmel/Studio/7.0/Packs/atmel/ATmega_DFP/1.6.364/gcc/dev/atmega4809/avrxmega3\libatmega4809.a(eeupd_block.o)
                0x00004822                eeprom_update_block
 .text.avr-libc
                0x00004842       0x16 C:/Program Files (x86)/Atmel/Studio/7.0/Packs/atmel/ATmega_DFP/1.6.364/gcc/dev/atmega4809/avrxmega3\libatmega4809.a(eeupd_byte.o)
                0x00004842                eeprom_update_byte
                0x00004844                eeprom_update_r18
 .text.avr-libc
                0x00004858       0x28 C:/Program Files (x86)/Atmel/Studio/7.0/Packs/atmel/ATmega_DFP/1.6.364/gcc/dev/atmega4809/avrxmega3\libatmega4809.a(eewr_byte.o)
                0x00004858                eeprom_write_byte
                0x0000485a                eeprom_write_r18
 .text.avr-libc
                0x00004880       0x10 C:/Program Files (x86)/Atmel/Studio/7.0/Packs/atmel/ATmega_DFP/1.6.364/gcc/dev/atmega4809/avrxmega3\libatmega4809.a(eerd_byte.o)
                0x00004880                eeprom_read_byte
                0x00004888                eeprom_mapen
 .text.avr-libc
                0x00004890       0x12 c:/program files (x86)/atmel/studio/7.0/toolchain/avr8/avr8-gnu-toolchain/bin/../lib/gcc/avr/5.4.0/../../../../avr/lib/avrxmega3\libc.a(memcpy.o)
                0x00004890                memcpy
                0x000048a2                . = ALIGN (0x2)
 *(.fini9)
 .fini9         0x000048a2        0x0 c:/program files (x86)/atmel/studio/7.0/toolchain/avr8/avr8-gnu-toolchain/bin/../lib/gcc/avr/5.4.0/avrxmega3\libgcc.a(_exit.o)
                0x000048a2                _exit
                0x000048a2                exit
 *(.fini9)
 *(.fini8)
 *(.fini8)
 *(.fini7)
 *(.fini7)
 *(.fini6)
 *(.fini6)
 *(.fini5)
 *(.fini5)
 *(.fini4)
 *(.fini4)
 *(.fini3)
 *(.fini3)
 *(.fini2)
 *(.fini2)
 *(.fini1)
 *(.fini1)
 *(.fini0)
 .fini0         0x000048a2        0x4 c:/program files (x86)/atmel/studio/7.0/toolchain/avr8/avr8-gnu-toolchain/bin/../lib/gcc/avr/5.4.0/avrxmega3\libgcc.a(_exit.o)
 *(.fini0)
                0x000048a6                _etext = .

.rodata         0x000088a6      0x45b load address 0x000048a6
 *(.rodata)
 *(.rodata*)
 .rodata.str1.1
                0x000088a6       0x1f commands.o
 .rodata.str1.1
                0x000088c5       0x4a ds3231.o
 .rodata.str1.1
                0x0000890f        0xb eeprom.o
 .rodata.str1.1
                0x0000891a        0xa errors.o
 .rodata.str1.1
                0x00008924       0x15 fram.o
 .rodata.str1.1
                0x00008939       0x11 initialize.o
 .rodata.str1.1
                0x0000894a       0x29 mcp23008.o
 .rodata.str1.1
                0x00008973        0x8 nmea.o
 .rodata.str1.1
                0x0000897b       0x11 oled.o
 .rodata.str1.1
                0x0000898c       0x6b pneu.o
 .rodata.str1.1
                0x000089f7      0x1c8 report.o
                                0x1d9 (size before relaxing)
 .rodata.str1.1
                0x00008bbf       0xfe roboclaw.o
 .rodata.str1.1
                0x00008cbd       0x1f set.o
 .rodata.str1.1
                0x00008cdc        0xd testroutine.o
 .rodata.str1.1
                0x00008ce9       0x18 twi.o
 *(.gnu.linkonce.r*)

.data           0x00802800        0x4 load address 0x00004d01
                0x00802800                PROVIDE (__data_start, .)
 *(.data)
 *(.data*)
 .data.firstTime.3705
                0x00802800        0x3 roboclaw.o
 *(.gnu.linkonce.d*)
                0x00802804                . = ALIGN (0x2)
 *fill*         0x00802803        0x1 
                0x00802804                _edata = .
                0x00802804                PROVIDE (__data_end, .)

.bss            0x00802804      0x831
                0x00802804                PROVIDE (__bss_start, .)
 *(.bss)
 *(.bss*)
 .bss.cstack.3713
                0x00802804        0x1 commands.o
 *(COMMON)
 COMMON         0x00802805        0x1 commands.o
                0x00802805                firstpass
 COMMON         0x00802806        0x1 initialize.o
                0x00802806                rebootackd
 COMMON         0x00802807      0x208 main.o
                0x00802807                pcmd
 COMMON         0x00802a0f        0x4 oled.o
                0x00802a0f                timerOLED
                0x00802a11                timeoutOLED
 COMMON         0x00802a13        0x1 pneu.o
                0x00802a13                pneuState
 COMMON         0x00802a14        0x3 roboclaw.o
                0x00802a14                timerSAVEENCODER
                0x00802a15                ticks
 COMMON         0x00802a17      0x61e usart.o
                0x00802a17                recv1_buf
                0x00802b1c                recv0_buf
                0x00802c21                send0_buf
                0x00802d26                recv3_buf
                0x00802e2b                send3_buf
                0x00802f30                send1_buf
                0x00803035                PROVIDE (__bss_end, .)
                0x00004d01                __data_load_start = LOADADDR (.data)
                0x00004d05                __data_load_end = (__data_load_start + SIZEOF (.data))

.noinit         0x00803035        0x0
                [!provide]                PROVIDE (__noinit_start, .)
 *(.noinit*)
                [!provide]                PROVIDE (__noinit_end, .)
                0x00803035                _end = .
                [!provide]                PROVIDE (__heap_start, .)

.eeprom         0x00810000        0x0
 *(.eeprom*)
                0x00810000                __eeprom_end = .

.fuse
 *(.fuse)
 *(.lfuse)
 *(.hfuse)
 *(.efuse)

.lock
 *(.lock*)

.signature
 *(.signature*)

.user_signatures
 *(.user_signatures*)

.stab
 *(.stab)

.stabstr
 *(.stabstr)

.stab.excl
 *(.stab.excl)

.stab.exclstr
 *(.stab.exclstr)

.stab.index
 *(.stab.index)

.stab.indexstr
 *(.stab.indexstr)

.comment        0x00000000       0x5c
 *(.comment)
 .comment       0x00000000       0x30 ad590.o
                                 0x31 (size before relaxing)
 .comment       0x00000030       0x31 ads1115.o
 .comment       0x00000030       0x31 beeper.o
 .comment       0x00000030       0x31 commands.o
 .comment       0x00000030       0x31 ds3231.o
 .comment       0x00000030       0x31 eeprom.o
 .comment       0x00000030       0x31 errors.o
 .comment       0x00000030       0x31 fram.o
 .comment       0x00000030       0x31 humidity.o
 .comment       0x00000030       0x31 initialize.o
 .comment       0x00000030       0x31 ionpump.o
 .comment       0x00000030       0x31 led.o
 .comment       0x00000030       0x31 main.o
 .comment       0x00000030       0x31 mcp23008.o
 .comment       0x00000030       0x31 mcp9808.o
 .comment       0x00000030       0x31 mma8451.o
 .comment       0x00000030       0x31 nmea.o
 .comment       0x00000030       0x31 oled.o
 .comment       0x00000030       0x31 pneu.o
 .comment       0x00000030       0x31 ports.o
 .comment       0x00000030       0x31 report.o
 .comment       0x00000030       0x31 roboclaw.o
 .comment       0x00000030       0x31 rtc.o
 .comment       0x00000030       0x31 set.o
 .comment       0x00000030       0x31 specID.o
 .comment       0x00000030       0x31 temperature.o
 .comment       0x00000030       0x31 testroutine.o
 .comment       0x00000030       0x31 timers.o
 .comment       0x00000030       0x31 twi.o
 .comment       0x00000030       0x31 usart.o
 .comment       0x00000030       0x31 wdt.o
 .comment       0x00000030       0x31 xport.o
 .comment       0x00000030       0x2c c:/program files (x86)/atmel/studio/7.0/toolchain/avr8/avr8-gnu-toolchain/bin/../lib/gcc/avr/5.4.0/../../../../avr/lib/avrxmega3\libprintf_flt.a(vfprintf_flt.o)
                                 0x2d (size before relaxing)
 .comment       0x0000005c       0x31 c:/program files (x86)/atmel/studio/7.0/toolchain/avr8/avr8-gnu-toolchain/bin/../lib/gcc/avr/5.4.0/../../../../avr/lib/avrxmega3\libc.a(fputc.o)
 .comment       0x0000005c       0x31 c:/program files (x86)/atmel/studio/7.0/toolchain/avr8/avr8-gnu-toolchain/bin/../lib/gcc/avr/5.4.0/../../../../avr/lib/avrxmega3\libc.a(sprintf.o)

.note.gnu.avr.deviceinfo
                0x00000000       0x40
 .note.gnu.avr.deviceinfo
                0x00000000       0x40 C:/Program Files (x86)/Atmel/Studio/7.0/Packs/atmel/ATmega_DFP/1.6.364/gcc/dev/atmega4809/avrxmega3/crtatmega4809.o

.note.gnu.build-id
 *(.note.gnu.build-id)

.debug
 *(.debug)

.line
 *(.line)

.debug_srcinfo
 *(.debug_srcinfo)

.debug_sfnames
 *(.debug_sfnames)

.debug_aranges  0x00000000      0x670
 *(.debug_aranges)
 .debug_aranges
                0x00000000       0x20 ad590.o
 .debug_aranges
                0x00000020       0x20 ads1115.o
 .debug_aranges
                0x00000040       0x20 beeper.o
 .debug_aranges
                0x00000060       0x60 commands.o
 .debug_aranges
                0x000000c0       0x48 ds3231.o
 .debug_aranges
                0x00000108       0x40 eeprom.o
 .debug_aranges
                0x00000148       0x20 errors.o
 .debug_aranges
                0x00000168       0x38 fram.o
 .debug_aranges
                0x000001a0       0x20 humidity.o
 .debug_aranges
                0x000001c0       0x28 initialize.o
 .debug_aranges
                0x000001e8       0x20 ionpump.o
 .debug_aranges
                0x00000208       0x20 led.o
 .debug_aranges
                0x00000228       0x20 main.o
 .debug_aranges
                0x00000248       0x28 mcp23008.o
 .debug_aranges
                0x00000270       0x20 mcp9808.o
 .debug_aranges
                0x00000290       0x38 mma8451.o
 .debug_aranges
                0x000002c8       0x20 nmea.o
 .debug_aranges
                0x000002e8       0x38 oled.o
 .debug_aranges
                0x00000320       0x48 pneu.o
 .debug_aranges
                0x00000368       0x20 ports.o
 .debug_aranges
                0x00000388       0x20 report.o
 .debug_aranges
                0x000003a8       0x68 roboclaw.o
 .debug_aranges
                0x00000410       0x28 rtc.o
 .debug_aranges
                0x00000438       0x20 set.o
 .debug_aranges
                0x00000458       0x20 specID.o
 .debug_aranges
                0x00000478       0x20 temperature.o
 .debug_aranges
                0x00000498       0x20 testroutine.o
 .debug_aranges
                0x000004b8       0x30 timers.o
 .debug_aranges
                0x000004e8       0x48 twi.o
 .debug_aranges
                0x00000530       0x58 usart.o
 .debug_aranges
                0x00000588       0x28 wdt.o
 .debug_aranges
                0x000005b0       0x20 xport.o
 .debug_aranges
                0x000005d0       0x20 C:/Program Files (x86)/Atmel/Studio/7.0/Packs/atmel/ATmega_DFP/1.6.364/gcc/dev/atmega4809/avrxmega3\libatmega4809.a(eerd_block.o)
 .debug_aranges
                0x000005f0       0x20 C:/Program Files (x86)/Atmel/Studio/7.0/Packs/atmel/ATmega_DFP/1.6.364/gcc/dev/atmega4809/avrxmega3\libatmega4809.a(eeupd_block.o)
 .debug_aranges
                0x00000610       0x20 C:/Program Files (x86)/Atmel/Studio/7.0/Packs/atmel/ATmega_DFP/1.6.364/gcc/dev/atmega4809/avrxmega3\libatmega4809.a(eeupd_byte.o)
 .debug_aranges
                0x00000630       0x20 C:/Program Files (x86)/Atmel/Studio/7.0/Packs/atmel/ATmega_DFP/1.6.364/gcc/dev/atmega4809/avrxmega3\libatmega4809.a(eewr_byte.o)
 .debug_aranges
                0x00000650       0x20 C:/Program Files (x86)/Atmel/Studio/7.0/Packs/atmel/ATmega_DFP/1.6.364/gcc/dev/atmega4809/avrxmega3\libatmega4809.a(eerd_byte.o)

.debug_pubnames
 *(.debug_pubnames)

.debug_info     0x00000000     0xa52a
 *(.debug_info .gnu.linkonce.wi.*)
 .debug_info    0x00000000     0x248a C:/Program Files (x86)/Atmel/Studio/7.0/Packs/atmel/ATmega_DFP/1.6.364/gcc/dev/atmega4809/avrxmega3/crtatmega4809.o
 .debug_info    0x0000248a      0x21b ad590.o
 .debug_info    0x000026a5      0x33e ads1115.o
 .debug_info    0x000029e3      0x21f beeper.o
 .debug_info    0x00002c02      0x8f8 commands.o
 .debug_info    0x000034fa      0x4a2 ds3231.o
 .debug_info    0x0000399c      0x24f eeprom.o
 .debug_info    0x00003beb      0x13a errors.o
 .debug_info    0x00003d25      0x44c fram.o
 .debug_info    0x00004171      0x164 humidity.o
 .debug_info    0x000042d5      0x480 initialize.o
 .debug_info    0x00004755      0x10f ionpump.o
 .debug_info    0x00004864      0x21f led.o
 .debug_info    0x00004a83      0x21c main.o
 .debug_info    0x00004c9f      0x27a mcp23008.o
 .debug_info    0x00004f19      0x191 mcp9808.o
 .debug_info    0x000050aa      0x429 mma8451.o
 .debug_info    0x000054d3      0x15c nmea.o
 .debug_info    0x0000562f      0x987 oled.o
 .debug_info    0x00005fb6      0x868 pneu.o
 .debug_info    0x0000681e      0x255 ports.o
 .debug_info    0x00006a73      0xbb2 report.o
 .debug_info    0x00007625      0xbed roboclaw.o
 .debug_info    0x00008212      0x6c3 rtc.o
 .debug_info    0x000088d5      0x1fb set.o
 .debug_info    0x00008ad0      0x21f specID.o
 .debug_info    0x00008cef      0x106 temperature.o
 .debug_info    0x00008df5      0x1d3 testroutine.o
 .debug_info    0x00008fc8      0x26e timers.o
 .debug_info    0x00009236      0x3f3 twi.o
 .debug_info    0x00009629      0x61e usart.o
 .debug_info    0x00009c47      0x324 wdt.o
 .debug_info    0x00009f6b      0x2a0 xport.o
 .debug_info    0x0000a20b       0xa0 C:/Program Files (x86)/Atmel/Studio/7.0/Packs/atmel/ATmega_DFP/1.6.364/gcc/dev/atmega4809/avrxmega3\libatmega4809.a(eerd_block.o)
 .debug_info    0x0000a2ab       0xa1 C:/Program Files (x86)/Atmel/Studio/7.0/Packs/atmel/ATmega_DFP/1.6.364/gcc/dev/atmega4809/avrxmega3\libatmega4809.a(eeupd_block.o)
 .debug_info    0x0000a34c       0xa0 C:/Program Files (x86)/Atmel/Studio/7.0/Packs/atmel/ATmega_DFP/1.6.364/gcc/dev/atmega4809/avrxmega3\libatmega4809.a(eeupd_byte.o)
 .debug_info    0x0000a3ec       0x9f C:/Program Files (x86)/Atmel/Studio/7.0/Packs/atmel/ATmega_DFP/1.6.364/gcc/dev/atmega4809/avrxmega3\libatmega4809.a(eewr_byte.o)
 .debug_info    0x0000a48b       0x9f C:/Program Files (x86)/Atmel/Studio/7.0/Packs/atmel/ATmega_DFP/1.6.364/gcc/dev/atmega4809/avrxmega3\libatmega4809.a(eerd_byte.o)

.debug_abbrev   0x00000000     0x47f2
 *(.debug_abbrev)
 .debug_abbrev  0x00000000     0x2296 C:/Program Files (x86)/Atmel/Studio/7.0/Packs/atmel/ATmega_DFP/1.6.364/gcc/dev/atmega4809/avrxmega3/crtatmega4809.o
 .debug_abbrev  0x00002296      0x129 ad590.o
 .debug_abbrev  0x000023bf      0x11a ads1115.o
 .debug_abbrev  0x000024d9       0xa4 beeper.o
 .debug_abbrev  0x0000257d      0x289 commands.o
 .debug_abbrev  0x00002806      0x149 ds3231.o
 .debug_abbrev  0x0000294f       0xda eeprom.o
 .debug_abbrev  0x00002a29       0xd9 errors.o
 .debug_abbrev  0x00002b02      0x115 fram.o
 .debug_abbrev  0x00002c17       0xb8 humidity.o
 .debug_abbrev  0x00002ccf      0x14c initialize.o
 .debug_abbrev  0x00002e1b       0xab ionpump.o
 .debug_abbrev  0x00002ec6       0xa4 led.o
 .debug_abbrev  0x00002f6a       0xe8 main.o
 .debug_abbrev  0x00003052       0xb8 mcp23008.o
 .debug_abbrev  0x0000310a       0xb2 mcp9808.o
 .debug_abbrev  0x000031bc      0x127 mma8451.o
 .debug_abbrev  0x000032e3      0x104 nmea.o
 .debug_abbrev  0x000033e7      0x1cd oled.o
 .debug_abbrev  0x000035b4      0x247 pneu.o
 .debug_abbrev  0x000037fb       0xbe ports.o
 .debug_abbrev  0x000038b9      0x151 report.o
 .debug_abbrev  0x00003a0a      0x22a roboclaw.o
 .debug_abbrev  0x00003c34      0x176 rtc.o
 .debug_abbrev  0x00003daa       0xf7 set.o
 .debug_abbrev  0x00003ea1       0xa4 specID.o
 .debug_abbrev  0x00003f45       0xa9 temperature.o
 .debug_abbrev  0x00003fee      0x147 testroutine.o
 .debug_abbrev  0x00004135      0x12b timers.o
 .debug_abbrev  0x00004260      0x14a twi.o
 .debug_abbrev  0x000043aa      0x1e3 usart.o
 .debug_abbrev  0x0000458d       0xf7 wdt.o
 .debug_abbrev  0x00004684      0x10a xport.o
 .debug_abbrev  0x0000478e       0x14 C:/Program Files (x86)/Atmel/Studio/7.0/Packs/atmel/ATmega_DFP/1.6.364/gcc/dev/atmega4809/avrxmega3\libatmega4809.a(eerd_block.o)
 .debug_abbrev  0x000047a2       0x14 C:/Program Files (x86)/Atmel/Studio/7.0/Packs/atmel/ATmega_DFP/1.6.364/gcc/dev/atmega4809/avrxmega3\libatmega4809.a(eeupd_block.o)
 .debug_abbrev  0x000047b6       0x14 C:/Program Files (x86)/Atmel/Studio/7.0/Packs/atmel/ATmega_DFP/1.6.364/gcc/dev/atmega4809/avrxmega3\libatmega4809.a(eeupd_byte.o)
 .debug_abbrev  0x000047ca       0x14 C:/Program Files (x86)/Atmel/Studio/7.0/Packs/atmel/ATmega_DFP/1.6.364/gcc/dev/atmega4809/avrxmega3\libatmega4809.a(eewr_byte.o)
 .debug_abbrev  0x000047de       0x14 C:/Program Files (x86)/Atmel/Studio/7.0/Packs/atmel/ATmega_DFP/1.6.364/gcc/dev/atmega4809/avrxmega3\libatmega4809.a(eerd_byte.o)

.debug_line     0x00000000     0x4621
 *(.debug_line .debug_line.* .debug_line_end)
 .debug_line    0x00000000      0x187 C:/Program Files (x86)/Atmel/Studio/7.0/Packs/atmel/ATmega_DFP/1.6.364/gcc/dev/atmega4809/avrxmega3/crtatmega4809.o
 .debug_line    0x00000187      0x1a1 ad590.o
 .debug_line    0x00000328      0x240 ads1115.o
 .debug_line    0x00000568      0x10d beeper.o
 .debug_line    0x00000675      0x58f commands.o
 .debug_line    0x00000c04      0x293 ds3231.o
 .debug_line    0x00000e97      0x129 eeprom.o
 .debug_line    0x00000fc0       0xce errors.o
 .debug_line    0x0000108e      0x204 fram.o
 .debug_line    0x00001292      0x123 humidity.o
 .debug_line    0x000013b5      0x1c3 initialize.o
 .debug_line    0x00001578       0xff ionpump.o
 .debug_line    0x00001677      0x104 led.o
 .debug_line    0x0000177b       0xee main.o
 .debug_line    0x00001869      0x14f mcp23008.o
 .debug_line    0x000019b8      0x107 mcp9808.o
 .debug_line    0x00001abf      0x233 mma8451.o
 .debug_line    0x00001cf2       0xfc nmea.o
 .debug_line    0x00001dee      0x364 oled.o
 .debug_line    0x00002152      0x3c1 pneu.o
 .debug_line    0x00002513      0x1f2 ports.o
 .debug_line    0x00002705      0x402 report.o
 .debug_line    0x00002b07      0x6bd roboclaw.o
 .debug_line    0x000031c4      0x1e9 rtc.o
 .debug_line    0x000033ad      0x10c set.o
 .debug_line    0x000034b9      0x109 specID.o
 .debug_line    0x000035c2       0xea temperature.o
 .debug_line    0x000036ac      0x158 testroutine.o
 .debug_line    0x00003804      0x157 timers.o
 .debug_line    0x0000395b      0x29e twi.o
 .debug_line    0x00003bf9      0x4a4 usart.o
 .debug_line    0x0000409d      0x148 wdt.o
 .debug_line    0x000041e5      0x180 xport.o
 .debug_line    0x00004365       0x5d C:/Program Files (x86)/Atmel/Studio/7.0/Packs/atmel/ATmega_DFP/1.6.364/gcc/dev/atmega4809/avrxmega3\libatmega4809.a(eerd_block.o)
 .debug_line    0x000043c2       0xa5 C:/Program Files (x86)/Atmel/Studio/7.0/Packs/atmel/ATmega_DFP/1.6.364/gcc/dev/atmega4809/avrxmega3\libatmega4809.a(eeupd_block.o)
 .debug_line    0x00004467       0x80 C:/Program Files (x86)/Atmel/Studio/7.0/Packs/atmel/ATmega_DFP/1.6.364/gcc/dev/atmega4809/avrxmega3\libatmega4809.a(eeupd_byte.o)
 .debug_line    0x000044e7       0xc1 C:/Program Files (x86)/Atmel/Studio/7.0/Packs/atmel/ATmega_DFP/1.6.364/gcc/dev/atmega4809/avrxmega3\libatmega4809.a(eewr_byte.o)
 .debug_line    0x000045a8       0x79 C:/Program Files (x86)/Atmel/Studio/7.0/Packs/atmel/ATmega_DFP/1.6.364/gcc/dev/atmega4809/avrxmega3\libatmega4809.a(eerd_byte.o)

.debug_frame    0x00000000     0x1028
 *(.debug_frame)
 .debug_frame   0x00000000       0x5c ad590.o
 .debug_frame   0x0000005c       0x60 ads1115.o
 .debug_frame   0x000000bc       0x24 beeper.o
 .debug_frame   0x000000e0      0x144 commands.o
 .debug_frame   0x00000224      0x104 ds3231.o
 .debug_frame   0x00000328       0x84 eeprom.o
 .debug_frame   0x000003ac       0x40 errors.o
 .debug_frame   0x000003ec       0xd8 fram.o
 .debug_frame   0x000004c4       0x68 humidity.o
 .debug_frame   0x0000052c       0x44 initialize.o
 .debug_frame   0x00000570       0x54 ionpump.o
 .debug_frame   0x000005c4       0x24 led.o
 .debug_frame   0x000005e8       0x24 main.o
 .debug_frame   0x0000060c       0x50 mcp23008.o
 .debug_frame   0x0000065c       0x54 mcp9808.o
 .debug_frame   0x000006b0       0xc4 mma8451.o
 .debug_frame   0x00000774       0x48 nmea.o
 .debug_frame   0x000007bc       0xa4 oled.o
 .debug_frame   0x00000860      0x110 pneu.o
 .debug_frame   0x00000970       0x24 ports.o
 .debug_frame   0x00000994       0x88 report.o
 .debug_frame   0x00000a1c      0x1c8 roboclaw.o
 .debug_frame   0x00000be4       0x7c rtc.o
 .debug_frame   0x00000c60       0x30 set.o
 .debug_frame   0x00000c90       0x24 specID.o
 .debug_frame   0x00000cb4       0x34 temperature.o
 .debug_frame   0x00000ce8       0x40 testroutine.o
 .debug_frame   0x00000d28       0x58 timers.o
 .debug_frame   0x00000d80       0x74 twi.o
 .debug_frame   0x00000df4      0x194 usart.o
 .debug_frame   0x00000f88       0x7c wdt.o
 .debug_frame   0x00001004       0x24 xport.o

.debug_str      0x00000000     0x2322
 *(.debug_str)
 .debug_str     0x00000000      0xf85 C:/Program Files (x86)/Atmel/Studio/7.0/Packs/atmel/ATmega_DFP/1.6.364/gcc/dev/atmega4809/avrxmega3/crtatmega4809.o
 .debug_str     0x00000f85      0x1da ad590.o
                                0x21f (size before relaxing)
 .debug_str     0x0000115f       0x89 ads1115.o
                                0x272 (size before relaxing)
 .debug_str     0x000011e8       0xca beeper.o
                                0x246 (size before relaxing)
 .debug_str     0x000012b2      0x1b5 commands.o
                                0x42c (size before relaxing)
 .debug_str     0x00001467       0x92 ds3231.o
                                0x259 (size before relaxing)
 .debug_str     0x000014f9       0x89 eeprom.o
                                0x1fd (size before relaxing)
 .debug_str     0x00001582       0x32 errors.o
                                0x1ca (size before relaxing)
 .debug_str     0x000015b4       0x70 fram.o
                                0x22b (size before relaxing)
 .debug_str     0x00001624       0x34 humidity.o
                                0x1de (size before relaxing)
 .debug_str     0x00001658      0x13d initialize.o
                                0x3b6 (size before relaxing)
 .debug_str     0x00001795       0x2a ionpump.o
                                0x1bd (size before relaxing)
 .debug_str     0x000017bf        0xb led.o
                                0x240 (size before relaxing)
 .debug_str     0x000017ca       0x11 main.o
                                0x20e (size before relaxing)
 .debug_str     0x000017db       0x25 mcp23008.o
                                0x1e7 (size before relaxing)
 .debug_str     0x00001800       0x26 mcp9808.o
                                0x1ef (size before relaxing)
 .debug_str     0x00001826       0x41 mma8451.o
                                0x215 (size before relaxing)
 .debug_str     0x00001867       0x34 nmea.o
                                0x1bd (size before relaxing)
 .debug_str     0x0000189b       0x63 oled.o
                                0x33e (size before relaxing)
 .debug_str     0x000018fe       0x9e pneu.o
                                0x3f8 (size before relaxing)
 .debug_str     0x0000199c        0xd ports.o
                                0x2d2 (size before relaxing)
 .debug_str     0x000019a9       0xff report.o
                                0x3dd (size before relaxing)
 .debug_str     0x00001aa8      0x13a roboclaw.o
                                0x3d9 (size before relaxing)
 .debug_str     0x00001be2      0x337 rtc.o
                                0x5df (size before relaxing)
 .debug_str     0x00001f19        0xb set.o
                                0x1cf (size before relaxing)
 .debug_str     0x00001f24        0xe specID.o
                                0x246 (size before relaxing)
 .debug_str     0x00001f32       0x13 temperature.o
                                0x1c7 (size before relaxing)
 .debug_str     0x00001f45       0x13 testroutine.o
                                0x214 (size before relaxing)
 .debug_str     0x00001f58       0x4c timers.o
                                0x24d (size before relaxing)
 .debug_str     0x00001fa4      0x16d twi.o
                                0x381 (size before relaxing)
 .debug_str     0x00002111       0xdc usart.o
                                0x3c6 (size before relaxing)
 .debug_str     0x000021ed      0x128 wdt.o
                                0x39f (size before relaxing)
 .debug_str     0x00002315        0xd xport.o
                                0x28f (size before relaxing)

.debug_loc      0x00000000     0x41bb
 *(.debug_loc)
 .debug_loc     0x00000000      0x1a7 ad590.o
 .debug_loc     0x000001a7      0x319 ads1115.o
 .debug_loc     0x000004c0      0x4c7 commands.o
 .debug_loc     0x00000987      0x46d ds3231.o
 .debug_loc     0x00000df4       0xda eeprom.o
 .debug_loc     0x00000ece       0xae errors.o
 .debug_loc     0x00000f7c      0x4d8 fram.o
 .debug_loc     0x00001454      0x21a humidity.o
 .debug_loc     0x0000166e       0x47 initialize.o
 .debug_loc     0x000016b5      0x101 ionpump.o
 .debug_loc     0x000017b6      0x18e mcp23008.o
 .debug_loc     0x00001944      0x175 mcp9808.o
 .debug_loc     0x00001ab9      0x45c mma8451.o
 .debug_loc     0x00001f15       0xef nmea.o
 .debug_loc     0x00002004      0x33a oled.o
 .debug_loc     0x0000233e      0x5be pneu.o
 .debug_loc     0x000028fc      0x43f report.o
 .debug_loc     0x00002d3b      0xa2c roboclaw.o
 .debug_loc     0x00003767      0x135 rtc.o
 .debug_loc     0x0000389c       0xac set.o
 .debug_loc     0x00003948       0x9b temperature.o
 .debug_loc     0x000039e3       0xa7 testroutine.o
 .debug_loc     0x00003a8a       0x71 timers.o
 .debug_loc     0x00003afb       0x89 twi.o
 .debug_loc     0x00003b84      0x526 usart.o
 .debug_loc     0x000040aa       0xcb wdt.o
 .debug_loc     0x00004175       0x46 xport.o

.debug_macinfo
 *(.debug_macinfo)

.debug_weaknames
 *(.debug_weaknames)

.debug_funcnames
 *(.debug_funcnames)

.debug_typenames
 *(.debug_typenames)

.debug_varnames
 *(.debug_varnames)

.debug_pubtypes
 *(.debug_pubtypes)

.debug_ranges   0x00000000      0x3d0
 *(.debug_ranges)
 .debug_ranges  0x00000000       0x10 ad590.o
 .debug_ranges  0x00000010       0x10 ads1115.o
 .debug_ranges  0x00000020       0x10 beeper.o
 .debug_ranges  0x00000030       0x50 commands.o
 .debug_ranges  0x00000080       0x38 ds3231.o
 .debug_ranges  0x000000b8       0x30 eeprom.o
 .debug_ranges  0x000000e8       0x10 errors.o
 .debug_ranges  0x000000f8       0x28 fram.o
 .debug_ranges  0x00000120       0x10 humidity.o
 .debug_ranges  0x00000130       0x18 initialize.o
 .debug_ranges  0x00000148       0x10 ionpump.o
 .debug_ranges  0x00000158       0x10 led.o
 .debug_ranges  0x00000168       0x10 main.o
 .debug_ranges  0x00000178       0x18 mcp23008.o
 .debug_ranges  0x00000190       0x10 mcp9808.o
 .debug_ranges  0x000001a0       0x28 mma8451.o
 .debug_ranges  0x000001c8       0x10 nmea.o
 .debug_ranges  0x000001d8       0x28 oled.o
 .debug_ranges  0x00000200       0x38 pneu.o
 .debug_ranges  0x00000238       0x10 ports.o
 .debug_ranges  0x00000248       0x10 report.o
 .debug_ranges  0x00000258       0x58 roboclaw.o
 .debug_ranges  0x000002b0       0x18 rtc.o
 .debug_ranges  0x000002c8       0x10 set.o
 .debug_ranges  0x000002d8       0x10 specID.o
 .debug_ranges  0x000002e8       0x10 temperature.o
 .debug_ranges  0x000002f8       0x10 testroutine.o
 .debug_ranges  0x00000308       0x20 timers.o
 .debug_ranges  0x00000328       0x38 twi.o
 .debug_ranges  0x00000360       0x48 usart.o
 .debug_ranges  0x000003a8       0x18 wdt.o
 .debug_ranges  0x000003c0       0x10 xport.o

.debug_macro
 *(.debug_macro)
OUTPUT(specMech.elf elf32-avr)
LOAD linker stubs
