Archive member included to satisfy reference by file (symbol)

c:/program files (x86)/atmel/studio/7.0/toolchain/avr8/avr8-gnu-toolchain/bin/../lib/gcc/avr/5.4.0/../../../../avr/lib/avrxmega3\libm.a(addsf3.o)
                              ad590.o (__subsf3)
c:/program files (x86)/atmel/studio/7.0/toolchain/avr8/avr8-gnu-toolchain/bin/../lib/gcc/avr/5.4.0/../../../../avr/lib/avrxmega3\libm.a(addsf3x.o)
                              c:/program files (x86)/atmel/studio/7.0/toolchain/avr8/avr8-gnu-toolchain/bin/../lib/gcc/avr/5.4.0/../../../../avr/lib/avrxmega3\libm.a(addsf3.o) (__addsf3x)
c:/program files (x86)/atmel/studio/7.0/toolchain/avr8/avr8-gnu-toolchain/bin/../lib/gcc/avr/5.4.0/../../../../avr/lib/avrxmega3\libm.a(cmpsf2.o)
                              ionpump.o (__ltsf2)
c:/program files (x86)/atmel/studio/7.0/toolchain/avr8/avr8-gnu-toolchain/bin/../lib/gcc/avr/5.4.0/../../../../avr/lib/avrxmega3\libm.a(divsf3.o)
                              humidity.o (__divsf3)
c:/program files (x86)/atmel/studio/7.0/toolchain/avr8/avr8-gnu-toolchain/bin/../lib/gcc/avr/5.4.0/../../../../avr/lib/avrxmega3\libm.a(divsf3x.o)
                              c:/program files (x86)/atmel/studio/7.0/toolchain/avr8/avr8-gnu-toolchain/bin/../lib/gcc/avr/5.4.0/../../../../avr/lib/avrxmega3\libm.a(divsf3.o) (__divsf3x)
c:/program files (x86)/atmel/studio/7.0/toolchain/avr8/avr8-gnu-toolchain/bin/../lib/gcc/avr/5.4.0/../../../../avr/lib/avrxmega3\libm.a(floatsisf.o)
                              mcp9808.o (__floatunsisf)
c:/program files (x86)/atmel/studio/7.0/toolchain/avr8/avr8-gnu-toolchain/bin/../lib/gcc/avr/5.4.0/../../../../avr/lib/avrxmega3\libm.a(fp_cmp.o)
                              c:/program files (x86)/atmel/studio/7.0/toolchain/avr8/avr8-gnu-toolchain/bin/../lib/gcc/avr/5.4.0/../../../../avr/lib/avrxmega3\libm.a(cmpsf2.o) (__fp_cmp)
c:/program files (x86)/atmel/studio/7.0/toolchain/avr8/avr8-gnu-toolchain/bin/../lib/gcc/avr/5.4.0/../../../../avr/lib/avrxmega3\libm.a(fp_inf.o)
                              c:/program files (x86)/atmel/studio/7.0/toolchain/avr8/avr8-gnu-toolchain/bin/../lib/gcc/avr/5.4.0/../../../../avr/lib/avrxmega3\libm.a(addsf3x.o) (__fp_inf)
c:/program files (x86)/atmel/studio/7.0/toolchain/avr8/avr8-gnu-toolchain/bin/../lib/gcc/avr/5.4.0/../../../../avr/lib/avrxmega3\libm.a(fp_nan.o)
                              c:/program files (x86)/atmel/studio/7.0/toolchain/avr8/avr8-gnu-toolchain/bin/../lib/gcc/avr/5.4.0/../../../../avr/lib/avrxmega3\libm.a(addsf3x.o) (__fp_nan)
c:/program files (x86)/atmel/studio/7.0/toolchain/avr8/avr8-gnu-toolchain/bin/../lib/gcc/avr/5.4.0/../../../../avr/lib/avrxmega3\libm.a(fp_pscA.o)
                              c:/program files (x86)/atmel/studio/7.0/toolchain/avr8/avr8-gnu-toolchain/bin/../lib/gcc/avr/5.4.0/../../../../avr/lib/avrxmega3\libm.a(addsf3x.o) (__fp_pscA)
c:/program files (x86)/atmel/studio/7.0/toolchain/avr8/avr8-gnu-toolchain/bin/../lib/gcc/avr/5.4.0/../../../../avr/lib/avrxmega3\libm.a(fp_pscB.o)
                              c:/program files (x86)/atmel/studio/7.0/toolchain/avr8/avr8-gnu-toolchain/bin/../lib/gcc/avr/5.4.0/../../../../avr/lib/avrxmega3\libm.a(addsf3x.o) (__fp_pscB)
c:/program files (x86)/atmel/studio/7.0/toolchain/avr8/avr8-gnu-toolchain/bin/../lib/gcc/avr/5.4.0/../../../../avr/lib/avrxmega3\libm.a(fp_round.o)
                              c:/program files (x86)/atmel/studio/7.0/toolchain/avr8/avr8-gnu-toolchain/bin/../lib/gcc/avr/5.4.0/../../../../avr/lib/avrxmega3\libm.a(addsf3.o) (__fp_round)
c:/program files (x86)/atmel/studio/7.0/toolchain/avr8/avr8-gnu-toolchain/bin/../lib/gcc/avr/5.4.0/../../../../avr/lib/avrxmega3\libm.a(fp_split3.o)
                              c:/program files (x86)/atmel/studio/7.0/toolchain/avr8/avr8-gnu-toolchain/bin/../lib/gcc/avr/5.4.0/../../../../avr/lib/avrxmega3\libm.a(addsf3x.o) (__fp_split3)
c:/program files (x86)/atmel/studio/7.0/toolchain/avr8/avr8-gnu-toolchain/bin/../lib/gcc/avr/5.4.0/../../../../avr/lib/avrxmega3\libm.a(fp_zero.o)
                              c:/program files (x86)/atmel/studio/7.0/toolchain/avr8/avr8-gnu-toolchain/bin/../lib/gcc/avr/5.4.0/../../../../avr/lib/avrxmega3\libm.a(addsf3x.o) (__fp_zero)
c:/program files (x86)/atmel/studio/7.0/toolchain/avr8/avr8-gnu-toolchain/bin/../lib/gcc/avr/5.4.0/../../../../avr/lib/avrxmega3\libm.a(gesf2.o)
                              ionpump.o (__gtsf2)
c:/program files (x86)/atmel/studio/7.0/toolchain/avr8/avr8-gnu-toolchain/bin/../lib/gcc/avr/5.4.0/../../../../avr/lib/avrxmega3\libm.a(mulsf3.o)
                              ad590.o (__mulsf3)
c:/program files (x86)/atmel/studio/7.0/toolchain/avr8/avr8-gnu-toolchain/bin/../lib/gcc/avr/5.4.0/../../../../avr/lib/avrxmega3\libm.a(mulsf3x.o)
                              c:/program files (x86)/atmel/studio/7.0/toolchain/avr8/avr8-gnu-toolchain/bin/../lib/gcc/avr/5.4.0/../../../../avr/lib/avrxmega3\libm.a(mulsf3.o) (__mulsf3x)
[...]
Memory Configuration

Name             Origin             Length             Attributes
text             0x00000000         0x0000c000         xr
data             0x00802800         0x00001800         rw !x
eeprom           0x00810000         0x00000100         rw !x
fuse             0x00820000         0x0000000a         rw !x
lock             0x00830000         0x00000400         rw !x
signature        0x00840000         0x00000400         rw !x
user_signatures  0x00850000         0x00000400         rw !x
*default*        0x00000000         0xffffffff

Linker script and memory map

Address of section .data set to 0x802800
                0x00004000                __RODATA_PM_OFFSET__ = 0x4000
LOAD C:/Program Files (x86)/Atmel/Studio/7.0/Packs/atmel/ATmega_DFP/1.6.364/gcc/dev/atmega4809/avrxmega3/crtatmega4809.o
LOAD ad590.o
LOAD ads1115.o
LOAD beeper.o
LOAD commands.o
LOAD ds3231.o
LOAD eeprom.o
LOAD errors.o
LOAD fram.o
LOAD humidity.o
LOAD initialize.o
LOAD interrupts.o
LOAD ionpump.o
LOAD led.o
LOAD main.o
LOAD mcp23008.o
LOAD mcp9808.o
LOAD mma8451.o
LOAD nmea.o
LOAD oled.o
LOAD pneu.o
LOAD ports.o
LOAD report.o
LOAD roboclaw.o
LOAD rtc.o
LOAD set.o
LOAD specID.o
LOAD temperature.o
LOAD testroutine.o
LOAD timers.o
LOAD twi.o
LOAD usart.o
LOAD wdt.o
LOAD xport.o
START GROUP
LOAD c:/program files (x86)/atmel/studio/7.0/toolchain/avr8/avr8-gnu-toolchain/bin/../lib/gcc/avr/5.4.0/../../../../avr/lib/avrxmega3\libm.a
END GROUP
LOAD c:/program files (x86)/atmel/studio/7.0/toolchain/avr8/avr8-gnu-toolchain/bin/../lib/gcc/avr/5.4.0/../../../../avr/lib/avrxmega3\libprintf_flt.a
START GROUP
LOAD c:/program files (x86)/atmel/studio/7.0/toolchain/avr8/avr8-gnu-toolchain/bin/../lib/gcc/avr/5.4.0/avrxmega3\libgcc.a
LOAD c:/program files (x86)/atmel/studio/7.0/toolchain/avr8/avr8-gnu-toolchain/bin/../lib/gcc/avr/5.4.0/../../../../avr/lib/avrxmega3\libm.a
LOAD c:/program files (x86)/atmel/studio/7.0/toolchain/avr8/avr8-gnu-toolchain/bin/../lib/gcc/avr/5.4.0/../../../../avr/lib/avrxmega3\libc.a
LOAD C:/Program Files (x86)/Atmel/Studio/7.0/Packs/atmel/ATmega_DFP/1.6.364/gcc/dev/atmega4809/avrxmega3\libatmega4809.a
END GROUP
                [0x00000000]                __TEXT_REGION_ORIGIN__ = DEFINED (__TEXT_REGION_ORIGIN__)?__TEXT_REGION_ORIGIN__:0x0
                [0x00802800]                __DATA_REGION_ORIGIN__ = DEFINED (__DATA_REGION_ORIGIN__)?__DATA_REGION_ORIGIN__:0x802000
                [0x0000c000]                __TEXT_REGION_LENGTH__ = DEFINED (__TEXT_REGION_LENGTH__)?__TEXT_REGION_LENGTH__:0x100000
                [0x00001800]                __DATA_REGION_LENGTH__ = DEFINED (__DATA_REGION_LENGTH__)?__DATA_REGION_LENGTH__:0xffa0
                [0x00000100]                __EEPROM_REGION_LENGTH__ = DEFINED (__EEPROM_REGION_LENGTH__)?__EEPROM_REGION_LENGTH__:0x10000
                [0x0000000a]                __FUSE_REGION_LENGTH__ = DEFINED (__FUSE_REGION_LENGTH__)?__FUSE_REGION_LENGTH__:0x400
                0x00000400                __LOCK_REGION_LENGTH__ = DEFINED (__LOCK_REGION_LENGTH__)?__LOCK_REGION_LENGTH__:0x400
                0x00000400                __SIGNATURE_REGION_LENGTH__ = DEFINED (__SIGNATURE_REGION_LENGTH__)?__SIGNATURE_REGION_LENGTH__:0x400
                0x00000400                __USER_SIGNATURE_REGION_LENGTH__ = DEFINED (__USER_SIGNATURE_REGION_LENGTH__)?__USER_SIGNATURE_REGION_LENGTH__:0x400
                0x00008000                __RODATA_PM_OFFSET__ = DEFINED (__RODATA_PM_OFFSET__)?__RODATA_PM_OFFSET__:0x8000

.hash
 *(.hash)

.dynsym
 *(.dynsym)

.dynstr
 *(.dynstr)

.gnu.version
 *(.gnu.version)

.gnu.version_d
 *(.gnu.version_d)

.gnu.version_r
 *(.gnu.version_r)

.rel.init
 *(.rel.init)

.rela.init
 *(.rela.init)

.rel.text
 *(.rel.text)
 *(.rel.text.*)
 *(.rel.gnu.linkonce.t*)

.rela.text
 *(.rela.text)
 *(.rela.text.*)
 *(.rela.gnu.linkonce.t*)

.rel.fini
 *(.rel.fini)

.rela.fini
 *(.rela.fini)

.rel.rodata
 *(.rel.rodata)
 *(.rel.rodata.*)
 *(.rel.gnu.linkonce.r*)

.rela.rodata
 *(.rela.rodata)
 *(.rela.rodata.*)
 *(.rela.gnu.linkonce.r*)

.rel.data
 *(.rel.data)
 *(.rel.data.*)
 *(.rel.gnu.linkonce.d*)

.rela.data
 *(.rela.data)
 *(.rela.data.*)
 *(.rela.gnu.linkonce.d*)

.rel.ctors
 *(.rel.ctors)

.rela.ctors
 *(.rela.ctors)

.rel.dtors
 *(.rel.dtors)

.rela.dtors
 *(.rela.dtors)

.rel.got
 *(.rel.got)

.rela.got
 *(.rela.got)

.rel.bss
 *(.rel.bss)

.rela.bss
 *(.rela.bss)

.rel.plt
 *(.rel.plt)

.rela.plt
 *(.rela.plt)

.text           0x00000000     0x48be
 *(.vectors)
 .vectors       0x00000000       0xa0 C:/Program Files (x86)/Atmel/Studio/7.0/Packs/atmel/ATmega_DFP/1.6.364/gcc/dev/atmega4809/avrxmega3/crtatmega4809.o
                0x00000000                __vector_default
                0x00000000                __vectors
 *(.vectors)
 *(.progmem.gcc*)
 .progmem.gcc_sw_table.commands
                0x000000a0       0x46 commands.o
 .progmem.gcc_sw_table.report
                0x000000e6       0x6c report.o
                0x00000152                . = ALIGN (0x2)
                0x00000152                __trampolines_start = .
 *(.trampolines)
 .trampolines   0x00000152        0x0 linker stubs
 *(.trampolines*)
                0x00000152                __trampolines_end = .
 *libprintf_flt.a:*(.progmem.data)
 .progmem.data  0x00000152        0x8 c:/program files (x86)/atmel/studio/7.0/toolchain/avr8/avr8-gnu-toolchain/bin/../lib/gcc/avr/5.4.0/../../../../avr/lib/avrxmega3\libprintf_flt.a(vfprintf_flt.o)
 *libc.a:*(.progmem.data)
 .progmem.data  0x0000015a       0xfa c:/program files (x86)/atmel/studio/7.0/toolchain/avr8/avr8-gnu-toolchain/bin/../lib/gcc/avr/5.4.0/../../../../avr/lib/avrxmega3\libc.a(ftoa_engine.o)
 *(.progmem*)
                0x00000254                . = ALIGN (0x2)
 *(.jumptables)
 *(.jumptables*)
 *(.lowtext)
 *(.lowtext*)
                0x00000254                __ctors_start = .
 *(.ctors)
                0x00000254                __ctors_end = .
                0x00000254                __dtors_start = .
 *(.dtors)
                0x00000254                __dtors_end = .
 SORT(*)(.ctors)
 SORT(*)(.dtors)
 *(.init0)
 .init0         0x00000254        0x0 C:/Program Files (x86)/Atmel/Studio/7.0/Packs/atmel/ATmega_DFP/1.6.364/gcc/dev/atmega4809/avrxmega3/crtatmega4809.o
                0x00000254                __init
 *(.init0)
 *(.init1)
 *(.init1)
 *(.init2)
 .init2         0x00000254        0xc C:/Program Files (x86)/Atmel/Studio/7.0/Packs/atmel/ATmega_DFP/1.6.364/gcc/dev/atmega4809/avrxmega3/crtatmega4809.o
 *(.init2)
 *(.init3)
 *(.init3)
 *(.init4)
 .init4         0x00000260       0x16 c:/program files (x86)/atmel/studio/7.0/toolchain/avr8/avr8-gnu-toolchain/bin/../lib/gcc/avr/5.4.0/avrxmega3\libgcc.a(_copy_data.o)
                0x00000260                __do_copy_data
 .init4         0x00000276       0x10 c:/program files (x86)/atmel/studio/7.0/toolchain/avr8/avr8-gnu-toolchain/bin/../lib/gcc/avr/5.4.0/avrxmega3\libgcc.a(_clear_bss.o)
                0x00000276                __do_clear_bss
 *(.init4)
 *(.init5)
 *(.init5)
 *(.init6)
 *(.init6)
 *(.init7)
 *(.init7)
 *(.init8)
 *(.init8)
 *(.init9)
 .init9         0x00000286        0x8 C:/Program Files (x86)/Atmel/Studio/7.0/Packs/atmel/ATmega_DFP/1.6.364/gcc/dev/atmega4809/avrxmega3/crtatmega4809.o
 *(.init9)
 *(.text)
 .text          0x0000028e        0x4 C:/Program Files (x86)/Atmel/Studio/7.0/Packs/atmel/ATmega_DFP/1.6.364/gcc/dev/atmega4809/avrxmega3/crtatmega4809.o
                0x0000028e                __vector_22
                0x0000028e                __vector_28
                0x0000028e                __vector_1
                0x0000028e                __vector_32
                0x0000028e                __vector_34
                0x0000028e                __vector_24
                0x0000028e                __bad_interrupt
                0x0000028e                __vector_6
                0x0000028e                __vector_31
                0x0000028e                __vector_35
                0x0000028e                __vector_39
                0x0000028e                __vector_23
                0x0000028e                __vector_30
                0x0000028e                __vector_25
                0x0000028e                __vector_11
                0x0000028e                __vector_13
                0x0000028e                __vector_19
                0x0000028e                __vector_7
                0x0000028e                __vector_5
                0x0000028e                __vector_33
                0x0000028e                __vector_4
                0x0000028e                __vector_9
                0x0000028e                __vector_2
                0x0000028e                __vector_21
                0x0000028e                __vector_15
                0x0000028e                __vector_36
                0x0000028e                __vector_8
                0x0000028e                __vector_14
                0x0000028e                __vector_10
                0x0000028e                __vector_16
                0x00000292                . = ALIGN (0x2)
 *(.text.*)
 .text.read_AD590
                0x00000292      0x102 ad590.o
                0x00000292                read_AD590
 .text.read_ADS1115
                0x00000394      0x1d4 ads1115.o
                0x00000394                read_ADS1115
 .text.init_BEEPER
                0x00000568        0xe beeper.o
                0x00000568                init_BEEPER
 .text.get_cmdline
                0x00000576       0x58 commands.o
                0x00000576                get_cmdline
 .text.isaletter
                0x000005ce       0x1a commands.o
                0x000005ce                isaletter
 .text.parse_cmd
                0x000005e8      0x128 commands.o
                0x000005e8                parse_cmd
 .text.send_prompt
                0x00000710       0xbe commands.o
                0x00000710                send_prompt
 .text.rebootACKd
                0x000007ce       0x56 commands.o
                0x000007ce                rebootACKd
 .text.printLine
                0x00000824       0x8a commands.o
                0x00000824                printLine
 .text.echo_cmd
                0x000008ae       0x80 commands.o
                0x000008ae                echo_cmd
 .text.commands
                0x0000092e      0x104 commands.o
                0x0000092e                commands
 .text.convert_ds2iso
                0x00000a32       0x42 ds3231.o
                0x00000a32                convert_ds2iso
 .text.convert_iso2ds
                0x00000a74       0xc0 ds3231.o
                0x00000a74                convert_iso2ds
 .text.read_DS3231
                0x00000b34       0x78 ds3231.o
                0x00000b34                read_DS3231
 .text.get_time
                0x00000bac       0x54 ds3231.o
                0x00000bac                get_time
 .text.write_DS3231
                0x00000c00       0x70 ds3231.o
                0x00000c00                write_DS3231
 .text.put_time
                0x00000c70       0x30 ds3231.o
                0x00000c70                put_time
 .text.get_BOOTTIME
                0x00000ca0        0xe eeprom.o
                0x00000ca0                get_BOOTTIME
 .text.get_VERSION
                0x00000cae        0xe eeprom.o
                0x00000cae                get_VERSION
 .text.update_BOOTTIME
                0x00000cbc       0x32 eeprom.o
                0x00000cbc                update_BOOTTIME
 .text.update_VERSION
                0x00000cee       0x3c eeprom.o
                0x00000cee                update_VERSION
 .text.init_EEPROM
                0x00000d2a        0xa eeprom.o
                0x00000d2a                init_EEPROM
 .text.printError
                0x00000d34       0x5e errors.o
                0x00000d34                printError
 .text.read_FRAM
                0x00000d92       0x84 fram.o
                0x00000d92                read_FRAM
 .text.write_FRAM
                0x00000e16       0x64 fram.o
                0x00000e16                write_FRAM
 .text.get_humidity
                0x00000e7a      0x102 humidity.o
                0x00000e7a                get_humidity
 .text.initialize0
                0x00000f7c       0x2c initialize.o
                0x00000f7c                initialize0
 .text.initialize1
                0x00000fa8       0x6c initialize.o
                0x00000fa8                initialize1
 .text.__vector_29
                0x00001014       0x56 interrupts.o
                0x00001014                __vector_29
 .text.read_ionpump
                0x0000106a       0xd6 ionpump.o
                0x0000106a                read_ionpump
 .text.init_LED
                0x00001140        0xc led.o
                0x00001140                init_LED
 .text.main     0x0000114c       0x1c main.o
                0x0000114c                main
 .text.read_MCP23008
                0x00001168       0x46 mcp23008.o
                0x00001168                read_MCP23008
 .text.write_MCP23008
                0x000011ae       0x54 mcp23008.o
                0x000011ae                write_MCP23008
 .text.read_MCP9808
                0x00001202       0xce mcp9808.o
                0x00001202                read_MCP9808
 .text.read_MMA8451
                0x000012d0       0x68 mma8451.o
                0x000012d0                read_MMA8451
 .text.get_orientation
                0x00001338      0x130 mma8451.o
                0x00001338                get_orientation
 .text.write_MMA8451
                0x00001468       0x54 mma8451.o
                0x00001468                write_MMA8451
 .text.init_MMA8451
                0x000014bc       0x64 mma8451.o
                0x000014bc                init_MMA8451
 .text.checksum_NMEA
                0x00001520       0x92 nmea.o
                0x00001520                checksum_NMEA
 .text.write_OLED
                0x000015b2       0x24 oled.o
                0x000015b2                write_OLED
 .text.init_OLED
                0x000015d6      0x180 oled.o
                0x000015d6                init_OLED
 .text.writestr_OLED
                0x00001756       0xba oled.o
                0x00001756                writestr_OLED
 .text.clear_OLED
                0x00001810       0x56 oled.o
                0x00001810                clear_OLED
 .text.init_PNEU
                0x00001866       0x7a pneu.o
                0x00001866                init_PNEU
 .text.read_PNEUSENSORS
                0x000018e0       0xd8 pneu.o
                0x000018e0                read_PNEUSENSORS
 .text.set_PNEUVALVES
                0x000019b8       0x24 pneu.o
                0x000019b8                set_PNEUVALVES
 .text.close_PNEU
                0x000019dc      0x150 pneu.o
                0x000019dc                close_PNEU
 .text.open_PNEU
                0x00001b2c      0x150 pneu.o
                0x00001b2c                open_PNEU
 .text.__vector_20
                0x00001c7c       0x5e pneu.o
                0x00001c7c                __vector_20
 .text.init_PORTS
                0x00001cda       0x70 ports.o
                0x00001cda                init_PORTS
 .text.report   0x00001d4a      0xbc6 report.o
                0x00001d4a                report
 .text.crc16    0x00002910       0x4a roboclaw.o
                0x00002910                crc16
 .text.get_MOTOREncoder
                0x0000295a      0x160 roboclaw.o
                0x0000295a                get_MOTOREncoder
 .text.get_MOTORFloat
                0x00002aba       0xfc roboclaw.o
                0x00002aba                get_MOTORFloat
 .text.get_MOTORInt32
                0x00002bb6      0x13c roboclaw.o
                0x00002bb6                get_MOTORInt32
 .text.move_MOTORAbsolute
                0x00002cf2       0xc4 roboclaw.o
                0x00002cf2                move_MOTORAbsolute
 .text.move_MOTOR
                0x00002db6       0xee roboclaw.o
                0x00002db6                move_MOTOR
 .text.set_MOTOREncoder
                0x00002ea4       0x7e roboclaw.o
                0x00002ea4                set_MOTOREncoder
 .text.init_MOTORS
                0x00002f22       0x64 roboclaw.o
                0x00002f22                init_MOTORS
 .text.init_RTC
                0x00002f86       0x5c rtc.o
                0x00002f86                init_RTC
 .text.__vector_3
                0x00002fe2       0x8a rtc.o
                0x00002fe2                __vector_3
 .text.set      0x0000306c       0x62 set.o
                0x0000306c                set
 .text.init_SPECID
                0x000030ce       0x10 specID.o
                0x000030ce                init_SPECID
 .text.get_temperature
                0x000030de       0x50 temperature.o
                0x000030de                get_temperature
 .text.testroutine
                0x0000312e       0x7e testroutine.o
                0x0000312e                testroutine
 .text.start_TCB0
                0x000031ac       0x2c timers.o
                0x000031ac                start_TCB0
 .text.stop_TCB0
                0x000031d8        0x6 timers.o
                0x000031d8                stop_TCB0
 .text.__vector_12
                0x000031de       0x34 timers.o
                0x000031de                __vector_12
 .text.init_TWI
                0x00003212       0x16 twi.o
                0x00003212                init_TWI
 .text.read_TWI
                0x00003228       0x20 twi.o
                0x00003228                read_TWI
 .text.readlast_TWI
                0x00003248       0x1a twi.o
                0x00003248                readlast_TWI
 .text.start_TWI
                0x00003262       0x98 twi.o
                0x00003262                start_TWI
 .text.stop_TWI
                0x000032fa        0x8 twi.o
                0x000032fa                stop_TWI
 .text.write_TWI
                0x00003302       0x5c twi.o
                0x00003302                write_TWI
 .text.init_USART
                0x0000335e       0xb0 usart.o
                0x0000335e                init_USART
 .text.send_USART
                0x0000340e      0x10c usart.o
                0x0000340e                send_USART
 .text.__vector_17
                0x0000351a       0x86 usart.o
                0x0000351a                __vector_17
 .text.__vector_18
                0x000035a0       0x6e usart.o
                0x000035a0                __vector_18
 .text.__vector_26
                0x0000360e       0x56 usart.o
                0x0000360e                __vector_26
 .text.__vector_27
                0x00003664       0x6e usart.o
                0x00003664                __vector_27
 .text.__vector_37
                0x000036d2       0x6a usart.o
                0x000036d2                __vector_37
 .text.__vector_38
                0x0000373c       0x5c usart.o
                0x0000373c                __vector_38
 .text.reboot   0x00003798       0x14 wdt.o
                0x00003798                reboot
 .text.init_XPORT
                0x000037ac       0x18 xport.o
                0x000037ac                init_XPORT
 .text.avr-libc.fplib
                0x000037c4        0xe c:/program files (x86)/atmel/studio/7.0/toolchain/avr8/avr8-gnu-toolchain/bin/../lib/gcc/avr/5.4.0/../../../../avr/lib/avrxmega3\libm.a(addsf3.o)
                0x000037c4                __subsf3
                0x000037c6                __addsf3
 .text.avr-libc.fplib
                0x000037d2       0xcc c:/program files (x86)/atmel/studio/7.0/toolchain/avr8/avr8-gnu-toolchain/bin/../lib/gcc/avr/5.4.0/../../../../avr/lib/avrxmega3\libm.a(addsf3x.o)
                0x000037f4                __addsf3x
 .text.avr-libc.fplib
                0x0000389e        0xa c:/program files (x86)/atmel/studio/7.0/toolchain/avr8/avr8-gnu-toolchain/bin/../lib/gcc/avr/5.4.0/../../../../avr/lib/avrxmega3\libm.a(cmpsf2.o)
                0x0000389e                __nesf2
                0x0000389e                __eqsf2
                0x0000389e                __cmpsf2
                0x0000389e                __ltsf2
                0x0000389e                __lesf2
 .text.avr-libc.fplib
                0x000038a8        0x8 c:/program files (x86)/atmel/studio/7.0/toolchain/avr8/avr8-gnu-toolchain/bin/../lib/gcc/avr/5.4.0/../../../../avr/lib/avrxmega3\libm.a(divsf3.o)
                0x000038a8                __divsf3
 .text.avr-libc.fplib
                0x000038b0       0xdc c:/program files (x86)/atmel/studio/7.0/toolchain/avr8/avr8-gnu-toolchain/bin/../lib/gcc/avr/5.4.0/../../../../avr/lib/avrxmega3\libm.a(divsf3x.o)
                0x000038d0                __divsf3x
                0x000038d6                __divsf3_pse
 .text.avr-libc.fplib
                0x0000398c       0x7a c:/program files (x86)/atmel/studio/7.0/toolchain/avr8/avr8-gnu-toolchain/bin/../lib/gcc/avr/5.4.0/../../../../avr/lib/avrxmega3\libm.a(floatsisf.o)
                0x0000398c                __floatunsisf
                0x00003990                __floatsisf
 .text.avr-libc.fplib
                0x00003a06       0x48 c:/program files (x86)/atmel/studio/7.0/toolchain/avr8/avr8-gnu-toolchain/bin/../lib/gcc/avr/5.4.0/../../../../avr/lib/avrxmega3\libm.a(fp_cmp.o)
                0x00003a06                __fp_cmp
 .text.avr-libc.fplib
                0x00003a4e        0xc c:/program files (x86)/atmel/studio/7.0/toolchain/avr8/avr8-gnu-toolchain/bin/../lib/gcc/avr/5.4.0/../../../../avr/lib/avrxmega3\libm.a(fp_inf.o)
                0x00003a4e                __fp_inf
 .text.avr-libc.fplib
                0x00003a5a        0x6 c:/program files (x86)/atmel/studio/7.0/toolchain/avr8/avr8-gnu-toolchain/bin/../lib/gcc/avr/5.4.0/../../../../avr/lib/avrxmega3\libm.a(fp_nan.o)
                0x00003a5a                __fp_nan
 .text.avr-libc.fplib
                0x00003a60        0xe c:/program files (x86)/atmel/studio/7.0/toolchain/avr8/avr8-gnu-toolchain/bin/../lib/gcc/avr/5.4.0/../../../../avr/lib/avrxmega3\libm.a(fp_pscA.o)
                0x00003a60                __fp_pscA
 .text.avr-libc.fplib
                0x00003a6e        0xe c:/program files (x86)/atmel/studio/7.0/toolchain/avr8/avr8-gnu-toolchain/bin/../lib/gcc/avr/5.4.0/../../../../avr/lib/avrxmega3\libm.a(fp_pscB.o)
                0x00003a6e                __fp_pscB
 .text.avr-libc.fplib
                0x00003a7c       0x22 c:/program files (x86)/atmel/studio/7.0/toolchain/avr8/avr8-gnu-toolchain/bin/../lib/gcc/avr/5.4.0/../../../../avr/lib/avrxmega3\libm.a(fp_round.o)
                0x00003a7c                __fp_round
 .text.avr-libc.fplib
                0x00003a9e       0x44 c:/program files (x86)/atmel/studio/7.0/toolchain/avr8/avr8-gnu-toolchain/bin/../lib/gcc/avr/5.4.0/../../../../avr/lib/avrxmega3\libm.a(fp_split3.o)
                0x00003a9e                __fp_split3
                0x00003aae                __fp_splitA
 .text.avr-libc.fplib
                0x00003ae2        0xe c:/program files (x86)/atmel/studio/7.0/toolchain/avr8/avr8-gnu-toolchain/bin/../lib/gcc/avr/5.4.0/../../../../avr/lib/avrxmega3\libm.a(fp_zero.o)
                0x00003ae2                __fp_zero
                0x00003ae4                __fp_szero
 .text.avr-libc.fplib
                0x00003af0        0xa c:/program files (x86)/atmel/studio/7.0/toolchain/avr8/avr8-gnu-toolchain/bin/../lib/gcc/avr/5.4.0/../../../../avr/lib/avrxmega3\libm.a(gesf2.o)
                0x00003af0                __gesf2
                0x00003af0                __gtsf2
 .text.avr-libc.fplib
                0x00003afa        0x8 c:/program files (x86)/atmel/studio/7.0/toolchain/avr8/avr8-gnu-toolchain/bin/../lib/gcc/avr/5.4.0/../../../../avr/lib/avrxmega3\libm.a(mulsf3.o)
                0x00003afa                __mulsf3
 .text.avr-libc.fplib
                0x00003b02       0xd2 c:/program files (x86)/atmel/studio/7.0/toolchain/avr8/avr8-gnu-toolchain/bin/../lib/gcc/avr/5.4.0/../../../../avr/lib/avrxmega3\libm.a(mulsf3x.o)
                0x00003b20                __mulsf3x
                0x00003b26                __mulsf3_pse
 .text.avr-libc
                0x00003bd4      0x6fa c:/program files (x86)/atmel/studio/7.0/toolchain/avr8/avr8-gnu-toolchain/bin/../lib/gcc/avr/5.4.0/../../../../avr/lib/avrxmega3\libprintf_flt.a(vfprintf_flt.o)
                0x00003bd4                vfprintf
 .text.libgcc.div
                0x000042ce       0x28 c:/program files (x86)/atmel/studio/7.0/toolchain/avr8/avr8-gnu-toolchain/bin/../lib/gcc/avr/5.4.0/avrxmega3\libgcc.a(_divmodhi4.o)
                0x000042ce                _div
                0x000042ce                __divmodhi4
 .text.libgcc.div
                0x000042f6       0x2e c:/program files (x86)/atmel/studio/7.0/toolchain/avr8/avr8-gnu-toolchain/bin/../lib/gcc/avr/5.4.0/avrxmega3\libgcc.a(_divmodsi4.o)
                0x000042f6                __divmodsi4
 .text.libgcc.div
                0x00004324       0x10 c:/program files (x86)/atmel/studio/7.0/toolchain/avr8/avr8-gnu-toolchain/bin/../lib/gcc/avr/5.4.0/avrxmega3\libgcc.a(_negsi2.o)
                0x00004324                __negsi2
 .text.libgcc   0x00004334        0xc c:/program files (x86)/atmel/studio/7.0/toolchain/avr8/avr8-gnu-toolchain/bin/../lib/gcc/avr/5.4.0/avrxmega3\libgcc.a(_tablejump2.o)
                0x00004334                __tablejump2__
 .text.libgcc.mul
                0x00004340       0x16 c:/program files (x86)/atmel/studio/7.0/toolchain/avr8/avr8-gnu-toolchain/bin/../lib/gcc/avr/5.4.0/avrxmega3\libgcc.a(_muluhisi3.o)
                0x00004340                __muluhisi3
 .text.libgcc.prologue
                0x00004356       0x32 c:/program files (x86)/atmel/studio/7.0/toolchain/avr8/avr8-gnu-toolchain/bin/../lib/gcc/avr/5.4.0/avrxmega3\libgcc.a(_prologue.o)
                0x00004356                __prologue_saves__
 .text.libgcc.prologue
                0x00004388       0x30 c:/program files (x86)/atmel/studio/7.0/toolchain/avr8/avr8-gnu-toolchain/bin/../lib/gcc/avr/5.4.0/avrxmega3\libgcc.a(_epilogue.o)
                0x00004388                __epilogue_restores__
 .text.libgcc.div
                0x000043b8       0x28 c:/program files (x86)/atmel/studio/7.0/toolchain/avr8/avr8-gnu-toolchain/bin/../lib/gcc/avr/5.4.0/avrxmega3\libgcc.a(_udivmodhi4.o)
                0x000043b8                __udivmodhi4
 .text.libgcc.div
                0x000043e0       0x44 c:/program files (x86)/atmel/studio/7.0/toolchain/avr8/avr8-gnu-toolchain/bin/../lib/gcc/avr/5.4.0/avrxmega3\libgcc.a(_udivmodsi4.o)
                0x000043e0                __udivmodsi4
 .text.libgcc.mul
                0x00004424       0x1e c:/program files (x86)/atmel/studio/7.0/toolchain/avr8/avr8-gnu-toolchain/bin/../lib/gcc/avr/5.4.0/avrxmega3\libgcc.a(_umulhisi3.o)
                0x00004424                __umulhisi3
 .text.avr-libc
                0x00004442       0x4e c:/program files (x86)/atmel/studio/7.0/toolchain/avr8/avr8-gnu-toolchain/bin/../lib/gcc/avr/5.4.0/../../../../avr/lib/avrxmega3\libc.a(atol.o)
                0x00004442                atol
 .text.avr-libc
                0x00004490      0x1b0 c:/program files (x86)/atmel/studio/7.0/toolchain/avr8/avr8-gnu-toolchain/bin/../lib/gcc/avr/5.4.0/../../../../avr/lib/avrxmega3\libc.a(ftoa_engine.o)
                0x00004490                __ftoa_engine
 .text.avr-libc
                0x00004640       0x16 c:/program files (x86)/atmel/studio/7.0/toolchain/avr8/avr8-gnu-toolchain/bin/../lib/gcc/avr/5.4.0/../../../../avr/lib/avrxmega3\libc.a(strnlen_P.o)
                0x00004640                strnlen_P
 .text.avr-libc
                0x00004656       0x16 c:/program files (x86)/atmel/studio/7.0/toolchain/avr8/avr8-gnu-toolchain/bin/../lib/gcc/avr/5.4.0/../../../../avr/lib/avrxmega3\libc.a(strcat.o)
                0x00004656                strcat
 .text.avr-libc
                0x0000466c        0xe c:/program files (x86)/atmel/studio/7.0/toolchain/avr8/avr8-gnu-toolchain/bin/../lib/gcc/avr/5.4.0/../../../../avr/lib/avrxmega3\libc.a(strcpy.o)
                0x0000466c                strcpy
 .text.avr-libc
                0x0000467a       0x16 c:/program files (x86)/atmel/studio/7.0/toolchain/avr8/avr8-gnu-toolchain/bin/../lib/gcc/avr/5.4.0/../../../../avr/lib/avrxmega3\libc.a(strnlen.o)
                0x0000467a                strnlen
 .text.avr-libc
                0x00004690       0x2a c:/program files (x86)/atmel/studio/7.0/toolchain/avr8/avr8-gnu-toolchain/bin/../lib/gcc/avr/5.4.0/../../../../avr/lib/avrxmega3\libc.a(mulsi10.o)
                0x00004690                __mulsi_const_10
 .text.avr-libc
                0x000046ba       0x78 c:/program files (x86)/atmel/studio/7.0/toolchain/avr8/avr8-gnu-toolchain/bin/../lib/gcc/avr/5.4.0/../../../../avr/lib/avrxmega3\libc.a(fputc.o)
                0x000046ba                fputc
 .text.avr-libc
                0x00004732       0x44 c:/program files (x86)/atmel/studio/7.0/toolchain/avr8/avr8-gnu-toolchain/bin/../lib/gcc/avr/5.4.0/../../../../avr/lib/avrxmega3\libc.a(sprintf.o)
                0x00004732                sprintf
 .text.avr-libc
                0x00004776       0xbc c:/program files (x86)/atmel/studio/7.0/toolchain/avr8/avr8-gnu-toolchain/bin/../lib/gcc/avr/5.4.0/../../../../avr/lib/avrxmega3\libc.a(ultoa_invert.o)
                0x00004776                __ultoa_invert
 .text.avr-libc
                0x00004832        0x8 C:/Program Files (x86)/Atmel/Studio/7.0/Packs/atmel/ATmega_DFP/1.6.364/gcc/dev/atmega4809/avrxmega3\libatmega4809.a(eerd_block.o)
                0x00004832                eeprom_read_block
 .text.avr-libc
                0x0000483a       0x20 C:/Program Files (x86)/Atmel/Studio/7.0/Packs/atmel/ATmega_DFP/1.6.364/gcc/dev/atmega4809/avrxmega3\libatmega4809.a(eeupd_block.o)
                0x0000483a                eeprom_update_block
 .text.avr-libc
                0x0000485a       0x16 C:/Program Files (x86)/Atmel/Studio/7.0/Packs/atmel/ATmega_DFP/1.6.364/gcc/dev/atmega4809/avrxmega3\libatmega4809.a(eeupd_byte.o)
                0x0000485a                eeprom_update_byte
                0x0000485c                eeprom_update_r18
 .text.avr-libc
                0x00004870       0x28 C:/Program Files (x86)/Atmel/Studio/7.0/Packs/atmel/ATmega_DFP/1.6.364/gcc/dev/atmega4809/avrxmega3\libatmega4809.a(eewr_byte.o)
                0x00004870                eeprom_write_byte
                0x00004872                eeprom_write_r18
 .text.avr-libc
                0x00004898       0x10 C:/Program Files (x86)/Atmel/Studio/7.0/Packs/atmel/ATmega_DFP/1.6.364/gcc/dev/atmega4809/avrxmega3\libatmega4809.a(eerd_byte.o)
                0x00004898                eeprom_read_byte
                0x000048a0                eeprom_mapen
 .text.avr-libc
                0x000048a8       0x12 c:/program files (x86)/atmel/studio/7.0/toolchain/avr8/avr8-gnu-toolchain/bin/../lib/gcc/avr/5.4.0/../../../../avr/lib/avrxmega3\libc.a(memcpy.o)
                0x000048a8                memcpy
                0x000048ba                . = ALIGN (0x2)
 *(.fini9)
 .fini9         0x000048ba        0x0 c:/program files (x86)/atmel/studio/7.0/toolchain/avr8/avr8-gnu-toolchain/bin/../lib/gcc/avr/5.4.0/avrxmega3\libgcc.a(_exit.o)
                0x000048ba                _exit
                0x000048ba                exit
 *(.fini9)
 *(.fini8)
 *(.fini8)
 *(.fini7)
 *(.fini7)
 *(.fini6)
 *(.fini6)
 *(.fini5)
 *(.fini5)
 *(.fini4)
 *(.fini4)
 *(.fini3)
 *(.fini3)
 *(.fini2)
 *(.fini2)
 *(.fini1)
 *(.fini1)
 *(.fini0)
 .fini0         0x000048ba        0x4 c:/program files (x86)/atmel/studio/7.0/toolchain/avr8/avr8-gnu-toolchain/bin/../lib/gcc/avr/5.4.0/avrxmega3\libgcc.a(_exit.o)
 *(.fini0)
                0x000048be                _etext = .

.rodata         0x000088be      0x3ff load address 0x000048be
 *(.rodata)
 *(.rodata*)
 .rodata.str1.1
                0x000088be       0x1e commands.o
 .rodata.str1.1
                0x000088dc       0x2d ds3231.o
 .rodata.str1.1
                0x00008909        0xb eeprom.o
 .rodata.str1.1
                0x00008914        0xa errors.o
 .rodata.str1.1
                0x0000891e       0x11 initialize.o
 .rodata.str1.1
                0x0000892f        0xf mcp23008.o
 .rodata.str1.1
                0x0000893e        0x8 nmea.o
 .rodata.str1.1
                0x00008946       0x11 oled.o
 .rodata.str1.1
                0x00008957       0x6b pneu.o
 .rodata.str1.1
                0x000089c2      0x1d8 report.o
                                0x1e9 (size before relaxing)
 .rodata.str1.1
                0x00008b9a       0xfe roboclaw.o
 .rodata.str1.1
                0x00008c98        0xd testroutine.o
 .rodata.str1.1
                0x00008ca5       0x18 twi.o
 *(.gnu.linkonce.r*)

.data           0x00802800        0x4 load address 0x00004cbd
                0x00802800                PROVIDE (__data_start, .)
 *(.data)
 *(.data*)
 .data.firstTime.3679
                0x00802800        0x3 roboclaw.o
 *(.gnu.linkonce.d*)
                0x00802804                . = ALIGN (0x2)
 *fill*         0x00802803        0x1 
                0x00802804                _edata = .
                0x00802804                PROVIDE (__data_end, .)

.bss            0x00802804      0x830
                0x00802804                PROVIDE (__bss_start, .)
 *(.bss)
 *(.bss*)
 .bss.cstack.3679
                0x00802804        0x1 commands.o
 *(COMMON)
 COMMON         0x00802805        0x2 ad590.o
                0x00802805                notfirstpass
                0x00802806                rebootackd
 COMMON         0x00802807      0x208 main.o
                0x00802807                pcmd
 COMMON         0x00802a0f        0x4 oled.o
                0x00802a0f                timerOLED
                0x00802a11                timeoutOLED
 COMMON         0x00802a13        0x1 pneu.o
                0x00802a13                pneuState
 COMMON         0x00802a14        0x2 roboclaw.o
                0x00802a14                ticks
 COMMON         0x00802a16      0x61e usart.o
                0x00802a16                recv1_buf
                0x00802b1b                recv0_buf
                0x00802c20                send0_buf
                0x00802d25                recv3_buf
                0x00802e2a                send3_buf
                0x00802f2f                send1_buf
                0x00803034                PROVIDE (__bss_end, .)
                0x00004cbd                __data_load_start = LOADADDR (.data)
                0x00004cc1                __data_load_end = (__data_load_start + SIZEOF (.data))

.noinit         0x00803034        0x0
                [!provide]                PROVIDE (__noinit_start, .)
 *(.noinit*)
                [!provide]                PROVIDE (__noinit_end, .)
                0x00803034                _end = .
                [!provide]                PROVIDE (__heap_start, .)

.eeprom         0x00810000        0x0
 *(.eeprom*)
                0x00810000                __eeprom_end = .

.fuse
 *(.fuse)
 *(.lfuse)
 *(.hfuse)
 *(.efuse)

.lock
 *(.lock*)

.signature
 *(.signature*)

.user_signatures
 *(.user_signatures*)

.stab
 *(.stab)

.stabstr
 *(.stabstr)

.stab.excl
 *(.stab.excl)

.stab.exclstr
 *(.stab.exclstr)

.stab.index
 *(.stab.index)

.stab.indexstr
 *(.stab.indexstr)

.comment        0x00000000       0x5c
 *(.comment)
 .comment       0x00000000       0x30 ad590.o
                                 0x31 (size before relaxing)
 .comment       0x00000030       0x31 ads1115.o
 .comment       0x00000030       0x31 beeper.o
 .comment       0x00000030       0x31 commands.o
 .comment       0x00000030       0x31 ds3231.o
 .comment       0x00000030       0x31 eeprom.o
 .comment       0x00000030       0x31 errors.o
 .comment       0x00000030       0x31 fram.o
 .comment       0x00000030       0x31 humidity.o
 .comment       0x00000030       0x31 initialize.o
 .comment       0x00000030       0x31 interrupts.o
 .comment       0x00000030       0x31 ionpump.o
 .comment       0x00000030       0x31 led.o
 .comment       0x00000030       0x31 main.o
 .comment       0x00000030       0x31 mcp23008.o
 .comment       0x00000030       0x31 mcp9808.o
 .comment       0x00000030       0x31 mma8451.o
 .comment       0x00000030       0x31 nmea.o
 .comment       0x00000030       0x31 oled.o
 .comment       0x00000030       0x31 pneu.o
 .comment       0x00000030       0x31 ports.o
 .comment       0x00000030       0x31 report.o
 .comment       0x00000030       0x31 roboclaw.o
 .comment       0x00000030       0x31 rtc.o
 .comment       0x00000030       0x31 set.o
 .comment       0x00000030       0x31 specID.o
 .comment       0x00000030       0x31 temperature.o
 .comment       0x00000030       0x31 testroutine.o
 .comment       0x00000030       0x31 timers.o
 .comment       0x00000030       0x31 twi.o
 .comment       0x00000030       0x31 usart.o
 .comment       0x00000030       0x31 wdt.o
 .comment       0x00000030       0x31 xport.o
 .comment       0x00000030       0x2c c:/program files (x86)/atmel/studio/7.0/toolchain/avr8/avr8-gnu-toolchain/bin/../lib/gcc/avr/5.4.0/../../../../avr/lib/avrxmega3\libprintf_flt.a(vfprintf_flt.o)
                                 0x2d (size before relaxing)
 .comment       0x0000005c       0x31 c:/program files (x86)/atmel/studio/7.0/toolchain/avr8/avr8-gnu-toolchain/bin/../lib/gcc/avr/5.4.0/../../../../avr/lib/avrxmega3\libc.a(fputc.o)
 .comment       0x0000005c       0x31 c:/program files (x86)/atmel/studio/7.0/toolchain/avr8/avr8-gnu-toolchain/bin/../lib/gcc/avr/5.4.0/../../../../avr/lib/avrxmega3\libc.a(sprintf.o)

.note.gnu.avr.deviceinfo
                0x00000000       0x40
 .note.gnu.avr.deviceinfo
                0x00000000       0x40 C:/Program Files (x86)/Atmel/Studio/7.0/Packs/atmel/ATmega_DFP/1.6.364/gcc/dev/atmega4809/avrxmega3/crtatmega4809.o

.note.gnu.build-id
 *(.note.gnu.build-id)

.debug
 *(.debug)

.line
 *(.line)

.debug_srcinfo
 *(.debug_srcinfo)

.debug_sfnames
 *(.debug_sfnames)

.debug_aranges  0x00000000      0x668
 *(.debug_aranges)
 .debug_aranges
                0x00000000       0x20 ad590.o
 .debug_aranges
                0x00000020       0x20 ads1115.o
 .debug_aranges
                0x00000040       0x20 beeper.o
 .debug_aranges
                0x00000060       0x60 commands.o
 .debug_aranges
                0x000000c0       0x48 ds3231.o
 .debug_aranges
                0x00000108       0x40 eeprom.o
 .debug_aranges
                0x00000148       0x20 errors.o
 .debug_aranges
                0x00000168       0x28 fram.o
 .debug_aranges
                0x00000190       0x20 humidity.o
 .debug_aranges
                0x000001b0       0x28 initialize.o
 .debug_aranges
                0x000001d8       0x20 interrupts.o
 .debug_aranges
                0x000001f8       0x20 ionpump.o
 .debug_aranges
                0x00000218       0x20 led.o
 .debug_aranges
                0x00000238       0x20 main.o
 .debug_aranges
                0x00000258       0x28 mcp23008.o
 .debug_aranges
                0x00000280       0x20 mcp9808.o
 .debug_aranges
                0x000002a0       0x38 mma8451.o
 .debug_aranges
                0x000002d8       0x20 nmea.o
 .debug_aranges
                0x000002f8       0x38 oled.o
 .debug_aranges
                0x00000330       0x48 pneu.o
 .debug_aranges
                0x00000378       0x20 ports.o
 .debug_aranges
                0x00000398       0x20 report.o
 .debug_aranges
                0x000003b8       0x58 roboclaw.o
 .debug_aranges
                0x00000410       0x28 rtc.o
 .debug_aranges
                0x00000438       0x20 set.o
 .debug_aranges
                0x00000458       0x20 specID.o
 .debug_aranges
                0x00000478       0x20 temperature.o
 .debug_aranges
                0x00000498       0x20 testroutine.o
 .debug_aranges
                0x000004b8       0x30 timers.o
 .debug_aranges
                0x000004e8       0x48 twi.o
 .debug_aranges
                0x00000530       0x58 usart.o
 .debug_aranges
                0x00000588       0x20 wdt.o
 .debug_aranges
                0x000005a8       0x20 xport.o
 .debug_aranges
                0x000005c8       0x20 C:/Program Files (x86)/Atmel/Studio/7.0/Packs/atmel/ATmega_DFP/1.6.364/gcc/dev/atmega4809/avrxmega3\libatmega4809.a(eerd_block.o)
 .debug_aranges
                0x000005e8       0x20 C:/Program Files (x86)/Atmel/Studio/7.0/Packs/atmel/ATmega_DFP/1.6.364/gcc/dev/atmega4809/avrxmega3\libatmega4809.a(eeupd_block.o)
 .debug_aranges
                0x00000608       0x20 C:/Program Files (x86)/Atmel/Studio/7.0/Packs/atmel/ATmega_DFP/1.6.364/gcc/dev/atmega4809/avrxmega3\libatmega4809.a(eeupd_byte.o)
 .debug_aranges
                0x00000628       0x20 C:/Program Files (x86)/Atmel/Studio/7.0/Packs/atmel/ATmega_DFP/1.6.364/gcc/dev/atmega4809/avrxmega3\libatmega4809.a(eewr_byte.o)
 .debug_aranges
                0x00000648       0x20 C:/Program Files (x86)/Atmel/Studio/7.0/Packs/atmel/ATmega_DFP/1.6.364/gcc/dev/atmega4809/avrxmega3\libatmega4809.a(eerd_byte.o)

.debug_pubnames
 *(.debug_pubnames)

.debug_info     0x00000000     0xa8f9
 *(.debug_info .gnu.linkonce.wi.*)
 .debug_info    0x00000000     0x248a C:/Program Files (x86)/Atmel/Studio/7.0/Packs/atmel/ATmega_DFP/1.6.364/gcc/dev/atmega4809/avrxmega3/crtatmega4809.o
 .debug_info    0x0000248a      0x23f ad590.o
 .debug_info    0x000026c9      0x362 ads1115.o
 .debug_info    0x00002a2b      0x243 beeper.o
 .debug_info    0x00002c6e      0x9d9 commands.o
 .debug_info    0x00003647      0x45f ds3231.o
 .debug_info    0x00003aa6      0x27e eeprom.o
 .debug_info    0x00003d24      0x169 errors.o
 .debug_info    0x00003e8d      0x2e4 fram.o
 .debug_info    0x00004171      0x188 humidity.o
 .debug_info    0x000042f9      0x492 initialize.o
 .debug_info    0x0000478b      0x25e interrupts.o
 .debug_info    0x000049e9      0x133 ionpump.o
 .debug_info    0x00004b1c      0x243 led.o
 .debug_info    0x00004d5f      0x22e main.o
 .debug_info    0x00004f8d      0x276 mcp23008.o
 .debug_info    0x00005203      0x1b5 mcp9808.o
 .debug_info    0x000053b8      0x44a mma8451.o
 .debug_info    0x00005802      0x180 nmea.o
 .debug_info    0x00005982      0x9ab oled.o
 .debug_info    0x0000632d      0x88c pneu.o
 .debug_info    0x00006bb9      0x279 ports.o
 .debug_info    0x00006e32      0xe16 report.o
 .debug_info    0x00007c48      0xa9a roboclaw.o
 .debug_info    0x000086e2      0x6da rtc.o
 .debug_info    0x00008dbc      0x1c2 set.o
 .debug_info    0x00008f7e      0x243 specID.o
 .debug_info    0x000091c1      0x12a temperature.o
 .debug_info    0x000092eb      0x1f7 testroutine.o
 .debug_info    0x000094e2      0x292 timers.o
 .debug_info    0x00009774      0x40e twi.o
 .debug_info    0x00009b82      0x5ea usart.o
 .debug_info    0x0000a16c      0x1a6 wdt.o
 .debug_info    0x0000a312      0x2c8 xport.o
 .debug_info    0x0000a5da       0xa0 C:/Program Files (x86)/Atmel/Studio/7.0/Packs/atmel/ATmega_DFP/1.6.364/gcc/dev/atmega4809/avrxmega3\libatmega4809.a(eerd_block.o)
 .debug_info    0x0000a67a       0xa1 C:/Program Files (x86)/Atmel/Studio/7.0/Packs/atmel/ATmega_DFP/1.6.364/gcc/dev/atmega4809/avrxmega3\libatmega4809.a(eeupd_block.o)
 .debug_info    0x0000a71b       0xa0 C:/Program Files (x86)/Atmel/Studio/7.0/Packs/atmel/ATmega_DFP/1.6.364/gcc/dev/atmega4809/avrxmega3\libatmega4809.a(eeupd_byte.o)
 .debug_info    0x0000a7bb       0x9f C:/Program Files (x86)/Atmel/Studio/7.0/Packs/atmel/ATmega_DFP/1.6.364/gcc/dev/atmega4809/avrxmega3\libatmega4809.a(eewr_byte.o)
 .debug_info    0x0000a85a       0x9f C:/Program Files (x86)/Atmel/Studio/7.0/Packs/atmel/ATmega_DFP/1.6.364/gcc/dev/atmega4809/avrxmega3\libatmega4809.a(eerd_byte.o)

.debug_abbrev   0x00000000     0x49e2
 *(.debug_abbrev)
 .debug_abbrev  0x00000000     0x2296 C:/Program Files (x86)/Atmel/Studio/7.0/Packs/atmel/ATmega_DFP/1.6.364/gcc/dev/atmega4809/avrxmega3/crtatmega4809.o
 .debug_abbrev  0x00002296      0x13a ad590.o
 .debug_abbrev  0x000023d0      0x12b ads1115.o
 .debug_abbrev  0x000024fb       0xb5 beeper.o
 .debug_abbrev  0x000025b0      0x2a7 commands.o
 .debug_abbrev  0x00002857      0x153 ds3231.o
 .debug_abbrev  0x000029aa       0xf8 eeprom.o
 .debug_abbrev  0x00002aa2       0xea errors.o
 .debug_abbrev  0x00002b8c       0xe1 fram.o
 .debug_abbrev  0x00002c6d       0xc9 humidity.o
 .debug_abbrev  0x00002d36      0x14c initialize.o
 .debug_abbrev  0x00002e82       0xd4 interrupts.o
 .debug_abbrev  0x00002f56       0xbc ionpump.o
 .debug_abbrev  0x00003012       0xb5 led.o
 .debug_abbrev  0x000030c7       0xe8 main.o
 .debug_abbrev  0x000031af       0xc9 mcp23008.o
 .debug_abbrev  0x00003278       0xc3 mcp9808.o
 .debug_abbrev  0x0000333b      0x138 mma8451.o
 .debug_abbrev  0x00003473      0x115 nmea.o
 .debug_abbrev  0x00003588      0x1cd oled.o
 .debug_abbrev  0x00003755      0x247 pneu.o
 .debug_abbrev  0x0000399c       0xcf ports.o
 .debug_abbrev  0x00003a6b      0x1a3 report.o
 .debug_abbrev  0x00003c0e      0x22a roboclaw.o
 .debug_abbrev  0x00003e38      0x187 rtc.o
 .debug_abbrev  0x00003fbf      0x108 set.o
 .debug_abbrev  0x000040c7       0xb5 specID.o
 .debug_abbrev  0x0000417c       0xba temperature.o
 .debug_abbrev  0x00004236      0x147 testroutine.o
 .debug_abbrev  0x0000437d      0x12b timers.o
 .debug_abbrev  0x000044a8      0x14a twi.o
 .debug_abbrev  0x000045f2      0x1a2 usart.o
 .debug_abbrev  0x00004794       0xcd wdt.o
 .debug_abbrev  0x00004861      0x11d xport.o
 .debug_abbrev  0x0000497e       0x14 C:/Program Files (x86)/Atmel/Studio/7.0/Packs/atmel/ATmega_DFP/1.6.364/gcc/dev/atmega4809/avrxmega3\libatmega4809.a(eerd_block.o)
 .debug_abbrev  0x00004992       0x14 C:/Program Files (x86)/Atmel/Studio/7.0/Packs/atmel/ATmega_DFP/1.6.364/gcc/dev/atmega4809/avrxmega3\libatmega4809.a(eeupd_block.o)
 .debug_abbrev  0x000049a6       0x14 C:/Program Files (x86)/Atmel/Studio/7.0/Packs/atmel/ATmega_DFP/1.6.364/gcc/dev/atmega4809/avrxmega3\libatmega4809.a(eeupd_byte.o)
 .debug_abbrev  0x000049ba       0x14 C:/Program Files (x86)/Atmel/Studio/7.0/Packs/atmel/ATmega_DFP/1.6.364/gcc/dev/atmega4809/avrxmega3\libatmega4809.a(eewr_byte.o)
 .debug_abbrev  0x000049ce       0x14 C:/Program Files (x86)/Atmel/Studio/7.0/Packs/atmel/ATmega_DFP/1.6.364/gcc/dev/atmega4809/avrxmega3\libatmega4809.a(eerd_byte.o)

.debug_line     0x00000000     0x47e3
 *(.debug_line .debug_line.* .debug_line_end)
 .debug_line    0x00000000      0x187 C:/Program Files (x86)/Atmel/Studio/7.0/Packs/atmel/ATmega_DFP/1.6.364/gcc/dev/atmega4809/avrxmega3/crtatmega4809.o
 .debug_line    0x00000187      0x1ae ad590.o
 .debug_line    0x00000335      0x24d ads1115.o
 .debug_line    0x00000582      0x11a beeper.o
 .debug_line    0x0000069c      0x5d2 commands.o
 .debug_line    0x00000c6e      0x276 ds3231.o
 .debug_line    0x00000ee4      0x198 eeprom.o
 .debug_line    0x0000107c       0xdb errors.o
 .debug_line    0x00001157      0x15a fram.o
 .debug_line    0x000012b1      0x130 humidity.o
 .debug_line    0x000013e1      0x1d6 initialize.o
 .debug_line    0x000015b7      0x12d interrupts.o
 .debug_line    0x000016e4      0x10c ionpump.o
 .debug_line    0x000017f0      0x111 led.o
 .debug_line    0x00001901       0xf5 main.o
 .debug_line    0x000019f6      0x156 mcp23008.o
 .debug_line    0x00001b4c      0x114 mcp9808.o
 .debug_line    0x00001c60      0x222 mma8451.o
 .debug_line    0x00001e82      0x109 nmea.o
 .debug_line    0x00001f8b      0x371 oled.o
 .debug_line    0x000022fc      0x3b6 pneu.o
 .debug_line    0x000026b2      0x1ff ports.o
 .debug_line    0x000028b1      0x4c9 report.o
 .debug_line    0x00002d7a      0x60e roboclaw.o
 .debug_line    0x00003388      0x1e2 rtc.o
 .debug_line    0x0000356a      0x101 set.o
 .debug_line    0x0000366b      0x116 specID.o
 .debug_line    0x00003781       0xf7 temperature.o
 .debug_line    0x00003878      0x165 testroutine.o
 .debug_line    0x000039dd      0x164 timers.o
 .debug_line    0x00003b41      0x2bd twi.o
 .debug_line    0x00003dfe      0x46f usart.o
 .debug_line    0x0000426d      0x12d wdt.o
 .debug_line    0x0000439a      0x18d xport.o
 .debug_line    0x00004527       0x5d C:/Program Files (x86)/Atmel/Studio/7.0/Packs/atmel/ATmega_DFP/1.6.364/gcc/dev/atmega4809/avrxmega3\libatmega4809.a(eerd_block.o)
 .debug_line    0x00004584       0xa5 C:/Program Files (x86)/Atmel/Studio/7.0/Packs/atmel/ATmega_DFP/1.6.364/gcc/dev/atmega4809/avrxmega3\libatmega4809.a(eeupd_block.o)
 .debug_line    0x00004629       0x80 C:/Program Files (x86)/Atmel/Studio/7.0/Packs/atmel/ATmega_DFP/1.6.364/gcc/dev/atmega4809/avrxmega3\libatmega4809.a(eeupd_byte.o)
 .debug_line    0x000046a9       0xc1 C:/Program Files (x86)/Atmel/Studio/7.0/Packs/atmel/ATmega_DFP/1.6.364/gcc/dev/atmega4809/avrxmega3\libatmega4809.a(eewr_byte.o)
 .debug_line    0x0000476a       0x79 C:/Program Files (x86)/Atmel/Studio/7.0/Packs/atmel/ATmega_DFP/1.6.364/gcc/dev/atmega4809/avrxmega3\libatmega4809.a(eerd_byte.o)

.debug_frame    0x00000000      0xf9c
 *(.debug_frame)
 .debug_frame   0x00000000       0x5c ad590.o
 .debug_frame   0x0000005c       0x60 ads1115.o
 .debug_frame   0x000000bc       0x24 beeper.o
 .debug_frame   0x000000e0      0x150 commands.o
 .debug_frame   0x00000230      0x110 ds3231.o
 .debug_frame   0x00000340       0x84 eeprom.o
 .debug_frame   0x000003c4       0x40 errors.o
 .debug_frame   0x00000404       0x74 fram.o
 .debug_frame   0x00000478       0x68 humidity.o
 .debug_frame   0x000004e0       0x44 initialize.o
 .debug_frame   0x00000524       0x6c interrupts.o
 .debug_frame   0x00000590       0x54 ionpump.o
 .debug_frame   0x000005e4       0x24 led.o
 .debug_frame   0x00000608       0x24 main.o
 .debug_frame   0x0000062c       0x50 mcp23008.o
 .debug_frame   0x0000067c       0x54 mcp9808.o
 .debug_frame   0x000006d0       0xc4 mma8451.o
 .debug_frame   0x00000794       0x48 nmea.o
 .debug_frame   0x000007dc       0xa4 oled.o
 .debug_frame   0x00000880      0x110 pneu.o
 .debug_frame   0x00000990       0x24 ports.o
 .debug_frame   0x000009b4       0x88 report.o
 .debug_frame   0x00000a3c      0x174 roboclaw.o
 .debug_frame   0x00000bb0       0x7c rtc.o
 .debug_frame   0x00000c2c       0x30 set.o
 .debug_frame   0x00000c5c       0x24 specID.o
 .debug_frame   0x00000c80       0x34 temperature.o
 .debug_frame   0x00000cb4       0x40 testroutine.o
 .debug_frame   0x00000cf4       0x58 timers.o
 .debug_frame   0x00000d4c       0x74 twi.o
 .debug_frame   0x00000dc0      0x194 usart.o
 .debug_frame   0x00000f54       0x24 wdt.o
 .debug_frame   0x00000f78       0x24 xport.o

.debug_str      0x00000000     0x22d6
 *(.debug_str)
 .debug_str     0x00000000      0xf85 C:/Program Files (x86)/Atmel/Studio/7.0/Packs/atmel/ATmega_DFP/1.6.364/gcc/dev/atmega4809/avrxmega3/crtatmega4809.o
 .debug_str     0x00000f85      0x1f2 ad590.o
                                0x237 (size before relaxing)
 .debug_str     0x00001177       0x84 ads1115.o
                                0x28a (size before relaxing)
 .debug_str     0x000011fb       0xca beeper.o
                                0x25e (size before relaxing)
 .debug_str     0x000012c5      0x1bd commands.o
                                0x445 (size before relaxing)
 .debug_str     0x00001482       0x8e ds3231.o
                                0x262 (size before relaxing)
 .debug_str     0x00001510       0x89 eeprom.o
                                0x21d (size before relaxing)
 .debug_str     0x00001599       0x32 errors.o
                                0x1ea (size before relaxing)
 .debug_str     0x000015cb       0x38 fram.o
                                0x212 (size before relaxing)
 .debug_str     0x00001603       0x34 humidity.o
                                0x1f6 (size before relaxing)
 .debug_str     0x00001637      0x13d initialize.o
                                0x3c3 (size before relaxing)
 .debug_str     0x00001774       0x1e interrupts.o
                                0x269 (size before relaxing)
 .debug_str     0x00001792       0x2a ionpump.o
                                0x1d5 (size before relaxing)
 .debug_str     0x000017bc        0xb led.o
                                0x258 (size before relaxing)
 .debug_str     0x000017c7       0x11 main.o
                                0x21c (size before relaxing)
 .debug_str     0x000017d8       0x1e mcp23008.o
                                0x1ff (size before relaxing)
 .debug_str     0x000017f6       0x26 mcp9808.o
                                0x207 (size before relaxing)
 .debug_str     0x0000181c       0x41 mma8451.o
                                0x22d (size before relaxing)
 .debug_str     0x0000185d       0x34 nmea.o
                                0x1d5 (size before relaxing)
 .debug_str     0x00001891       0x5b oled.o
                                0x34e (size before relaxing)
 .debug_str     0x000018ec       0x9e pneu.o
                                0x410 (size before relaxing)
 .debug_str     0x0000198a        0xd ports.o
                                0x2ea (size before relaxing)
 .debug_str     0x00001997      0x118 report.o
                                0x4c5 (size before relaxing)
 .debug_str     0x00001aaf       0xf3 roboclaw.o
                                0x38d (size before relaxing)
 .debug_str     0x00001ba2      0x337 rtc.o
                                0x5e6 (size before relaxing)
 .debug_str     0x00001ed9        0xb set.o
                                0x1dc (size before relaxing)
 .debug_str     0x00001ee4        0xe specID.o
                                0x25e (size before relaxing)
 .debug_str     0x00001ef2       0x13 temperature.o
                                0x1df (size before relaxing)
 .debug_str     0x00001f05       0x13 testroutine.o
                                0x22c (size before relaxing)
 .debug_str     0x00001f18       0x4c timers.o
                                0x265 (size before relaxing)
 .debug_str     0x00001f64      0x16d twi.o
                                0x399 (size before relaxing)
 .debug_str     0x000020d1       0xdc usart.o
                                0x3c3 (size before relaxing)
 .debug_str     0x000021ad      0x11c wdt.o
                                0x2fe (size before relaxing)
 .debug_str     0x000022c9        0xd xport.o
                                0x2a7 (size before relaxing)

.debug_loc      0x00000000     0x3ff0
 *(.debug_loc)
 .debug_loc     0x00000000      0x1a7 ad590.o
 .debug_loc     0x000001a7      0x319 ads1115.o
 .debug_loc     0x000004c0      0x581 commands.o
 .debug_loc     0x00000a41      0x50f ds3231.o
 .debug_loc     0x00000f50       0xda eeprom.o
 .debug_loc     0x0000102a       0xae errors.o
 .debug_loc     0x000010d8      0x325 fram.o
 .debug_loc     0x000013fd      0x21a humidity.o
 .debug_loc     0x00001617       0x47 initialize.o
 .debug_loc     0x0000165e       0xcb interrupts.o
 .debug_loc     0x00001729      0x101 ionpump.o
 .debug_loc     0x0000182a      0x1a4 mcp23008.o
 .debug_loc     0x000019ce      0x175 mcp9808.o
 .debug_loc     0x00001b43      0x463 mma8451.o
 .debug_loc     0x00001fa6       0xef nmea.o
 .debug_loc     0x00002095      0x339 oled.o
 .debug_loc     0x000023ce      0x5be pneu.o
 .debug_loc     0x0000298c      0x43f report.o
 .debug_loc     0x00002dcb      0x864 roboclaw.o
 .debug_loc     0x0000362f      0x135 rtc.o
 .debug_loc     0x00003764       0xac set.o
 .debug_loc     0x00003810       0x9b temperature.o
 .debug_loc     0x000038ab       0xa7 testroutine.o
 .debug_loc     0x00003952       0x71 timers.o
 .debug_loc     0x000039c3       0x89 twi.o
 .debug_loc     0x00003a4c      0x55e usart.o
 .debug_loc     0x00003faa       0x46 xport.o

.debug_macinfo
 *(.debug_macinfo)

.debug_weaknames
 *(.debug_weaknames)

.debug_funcnames
 *(.debug_funcnames)

.debug_typenames
 *(.debug_typenames)

.debug_varnames
 *(.debug_varnames)

.debug_pubtypes
 *(.debug_pubtypes)

.debug_ranges   0x00000000      0x3b8
 *(.debug_ranges)
 .debug_ranges  0x00000000       0x10 ad590.o
 .debug_ranges  0x00000010       0x10 ads1115.o
 .debug_ranges  0x00000020       0x10 beeper.o
 .debug_ranges  0x00000030       0x50 commands.o
 .debug_ranges  0x00000080       0x38 ds3231.o
 .debug_ranges  0x000000b8       0x30 eeprom.o
 .debug_ranges  0x000000e8       0x10 errors.o
 .debug_ranges  0x000000f8       0x18 fram.o
 .debug_ranges  0x00000110       0x10 humidity.o
 .debug_ranges  0x00000120       0x18 initialize.o
 .debug_ranges  0x00000138       0x10 interrupts.o
 .debug_ranges  0x00000148       0x10 ionpump.o
 .debug_ranges  0x00000158       0x10 led.o
 .debug_ranges  0x00000168       0x10 main.o
 .debug_ranges  0x00000178       0x18 mcp23008.o
 .debug_ranges  0x00000190       0x10 mcp9808.o
 .debug_ranges  0x000001a0       0x28 mma8451.o
 .debug_ranges  0x000001c8       0x10 nmea.o
 .debug_ranges  0x000001d8       0x28 oled.o
 .debug_ranges  0x00000200       0x38 pneu.o
 .debug_ranges  0x00000238       0x10 ports.o
 .debug_ranges  0x00000248       0x10 report.o
 .debug_ranges  0x00000258       0x48 roboclaw.o
 .debug_ranges  0x000002a0       0x18 rtc.o
 .debug_ranges  0x000002b8       0x10 set.o
 .debug_ranges  0x000002c8       0x10 specID.o
 .debug_ranges  0x000002d8       0x10 temperature.o
 .debug_ranges  0x000002e8       0x10 testroutine.o
 .debug_ranges  0x000002f8       0x20 timers.o
 .debug_ranges  0x00000318       0x38 twi.o
 .debug_ranges  0x00000350       0x48 usart.o
 .debug_ranges  0x00000398       0x10 wdt.o
 .debug_ranges  0x000003a8       0x10 xport.o

.debug_macro
 *(.debug_macro)
OUTPUT(specMech.elf elf32-avr)
LOAD linker stubs
