Archive member included to satisfy reference by file (symbol)

c:/program files (x86)/atmel/studio/7.0/toolchain/avr8/avr8-gnu-toolchain/bin/../lib/gcc/avr/5.4.0/../../../../avr/lib/avrxmega3\libm.a(addsf3.o)
                              ad590.o (__subsf3)
c:/program files (x86)/atmel/studio/7.0/toolchain/avr8/avr8-gnu-toolchain/bin/../lib/gcc/avr/5.4.0/../../../../avr/lib/avrxmega3\libm.a(addsf3x.o)
                              c:/program files (x86)/atmel/studio/7.0/toolchain/avr8/avr8-gnu-toolchain/bin/../lib/gcc/avr/5.4.0/../../../../avr/lib/avrxmega3\libm.a(addsf3.o) (__addsf3x)
c:/program files (x86)/atmel/studio/7.0/toolchain/avr8/avr8-gnu-toolchain/bin/../lib/gcc/avr/5.4.0/../../../../avr/lib/avrxmega3\libm.a(cmpsf2.o)
                              ionpump.o (__ltsf2)
c:/program files (x86)/atmel/studio/7.0/toolchain/avr8/avr8-gnu-toolchain/bin/../lib/gcc/avr/5.4.0/../../../../avr/lib/avrxmega3\libm.a(divsf3.o)
                              humidity.o (__divsf3)
c:/program files (x86)/atmel/studio/7.0/toolchain/avr8/avr8-gnu-toolchain/bin/../lib/gcc/avr/5.4.0/../../../../avr/lib/avrxmega3\libm.a(divsf3x.o)
                              c:/program files (x86)/atmel/studio/7.0/toolchain/avr8/avr8-gnu-toolchain/bin/../lib/gcc/avr/5.4.0/../../../../avr/lib/avrxmega3\libm.a(divsf3.o) (__divsf3x)
c:/program files (x86)/atmel/studio/7.0/toolchain/avr8/avr8-gnu-toolchain/bin/../lib/gcc/avr/5.4.0/../../../../avr/lib/avrxmega3\libm.a(floatsisf.o)
                              ads1115.o (__floatunsisf)
c:/program files (x86)/atmel/studio/7.0/toolchain/avr8/avr8-gnu-toolchain/bin/../lib/gcc/avr/5.4.0/../../../../avr/lib/avrxmega3\libm.a(fp_cmp.o)
                              c:/program files (x86)/atmel/studio/7.0/toolchain/avr8/avr8-gnu-toolchain/bin/../lib/gcc/avr/5.4.0/../../../../avr/lib/avrxmega3\libm.a(cmpsf2.o) (__fp_cmp)
c:/program files (x86)/atmel/studio/7.0/toolchain/avr8/avr8-gnu-toolchain/bin/../lib/gcc/avr/5.4.0/../../../../avr/lib/avrxmega3\libm.a(fp_inf.o)
                              c:/program files (x86)/atmel/studio/7.0/toolchain/avr8/avr8-gnu-toolchain/bin/../lib/gcc/avr/5.4.0/../../../../avr/lib/avrxmega3\libm.a(addsf3x.o) (__fp_inf)
c:/program files (x86)/atmel/studio/7.0/toolchain/avr8/avr8-gnu-toolchain/bin/../lib/gcc/avr/5.4.0/../../../../avr/lib/avrxmega3\libm.a(fp_nan.o)
                              c:/program files (x86)/atmel/studio/7.0/toolchain/avr8/avr8-gnu-toolchain/bin/../lib/gcc/avr/5.4.0/../../../../avr/lib/avrxmega3\libm.a(addsf3x.o) (__fp_nan)
c:/program files (x86)/atmel/studio/7.0/toolchain/avr8/avr8-gnu-toolchain/bin/../lib/gcc/avr/5.4.0/../../../../avr/lib/avrxmega3\libm.a(fp_pscA.o)
                              c:/program files (x86)/atmel/studio/7.0/toolchain/avr8/avr8-gnu-toolchain/bin/../lib/gcc/avr/5.4.0/../../../../avr/lib/avrxmega3\libm.a(addsf3x.o) (__fp_pscA)
c:/program files (x86)/atmel/studio/7.0/toolchain/avr8/avr8-gnu-toolchain/bin/../lib/gcc/avr/5.4.0/../../../../avr/lib/avrxmega3\libm.a(fp_pscB.o)
                              c:/program files (x86)/atmel/studio/7.0/toolchain/avr8/avr8-gnu-toolchain/bin/../lib/gcc/avr/5.4.0/../../../../avr/lib/avrxmega3\libm.a(addsf3x.o) (__fp_pscB)
c:/program files (x86)/atmel/studio/7.0/toolchain/avr8/avr8-gnu-toolchain/bin/../lib/gcc/avr/5.4.0/../../../../avr/lib/avrxmega3\libm.a(fp_round.o)
                              c:/program files (x86)/atmel/studio/7.0/toolchain/avr8/avr8-gnu-toolchain/bin/../lib/gcc/avr/5.4.0/../../../../avr/lib/avrxmega3\libm.a(addsf3.o) (__fp_round)
c:/program files (x86)/atmel/studio/7.0/toolchain/avr8/avr8-gnu-toolchain/bin/../lib/gcc/avr/5.4.0/../../../../avr/lib/avrxmega3\libm.a(fp_split3.o)
                              c:/program files (x86)/atmel/studio/7.0/toolchain/avr8/avr8-gnu-toolchain/bin/../lib/gcc/avr/5.4.0/../../../../avr/lib/avrxmega3\libm.a(addsf3x.o) (__fp_split3)
c:/program files (x86)/atmel/studio/7.0/toolchain/avr8/avr8-gnu-toolchain/bin/../lib/gcc/avr/5.4.0/../../../../avr/lib/avrxmega3\libm.a(fp_zero.o)
                              c:/program files (x86)/atmel/studio/7.0/toolchain/avr8/avr8-gnu-toolchain/bin/../lib/gcc/avr/5.4.0/../../../../avr/lib/avrxmega3\libm.a(addsf3x.o) (__fp_zero)
c:/program files (x86)/atmel/studio/7.0/toolchain/avr8/avr8-gnu-toolchain/bin/../lib/gcc/avr/5.4.0/../../../../avr/lib/avrxmega3\libm.a(gesf2.o)
                              ionpump.o (__gtsf2)
c:/program files (x86)/atmel/studio/7.0/toolchain/avr8/avr8-gnu-toolchain/bin/../lib/gcc/avr/5.4.0/../../../../avr/lib/avrxmega3\libm.a(mulsf3.o)
                              ad590.o (__mulsf3)
c:/program files (x86)/atmel/studio/7.0/toolchain/avr8/avr8-gnu-toolchain/bin/../lib/gcc/avr/5.4.0/../../../../avr/lib/avrxmega3\libm.a(mulsf3x.o)
                              c:/program files (x86)/atmel/studio/7.0/toolchain/avr8/avr8-gnu-toolchain/bin/../lib/gcc/avr/5.4.0/../../../../avr/lib/avrxmega3\libm.a(mulsf3.o) (__mulsf3x)
[...]
Memory Configuration

Name             Origin             Length             Attributes
text             0x00000000         0x0000c000         xr
data             0x00802800         0x00001800         rw !x
eeprom           0x00810000         0x00000100         rw !x
fuse             0x00820000         0x0000000a         rw !x
lock             0x00830000         0x00000400         rw !x
signature        0x00840000         0x00000400         rw !x
user_signatures  0x00850000         0x00000400         rw !x
*default*        0x00000000         0xffffffff

Linker script and memory map

Address of section .data set to 0x802800
                0x00004000                __RODATA_PM_OFFSET__ = 0x4000
LOAD C:/Program Files (x86)/Atmel/Studio/7.0/Packs/atmel/ATmega_DFP/1.6.364/gcc/dev/atmega4809/avrxmega3/crtatmega4809.o
LOAD ad590.o
LOAD ads1115.o
LOAD beeper.o
LOAD commands.o
LOAD ds3231.o
LOAD eeprom.o
LOAD errors.o
LOAD fram.o
LOAD humidity.o
LOAD initialize.o
LOAD interrupts.o
LOAD ionpump.o
LOAD led.o
LOAD main.o
LOAD mcp23008.o
LOAD mcp9808.o
LOAD mma8451.o
LOAD nmea.o
LOAD oled.o
LOAD pneu.o
LOAD ports.o
LOAD report.o
LOAD roboclaw.o
LOAD rtc.o
LOAD set.o
LOAD specID.o
LOAD temperature.o
LOAD testroutine.o
LOAD timers.o
LOAD twi.o
LOAD usart.o
LOAD wdt.o
LOAD xport.o
START GROUP
LOAD c:/program files (x86)/atmel/studio/7.0/toolchain/avr8/avr8-gnu-toolchain/bin/../lib/gcc/avr/5.4.0/../../../../avr/lib/avrxmega3\libm.a
END GROUP
LOAD c:/program files (x86)/atmel/studio/7.0/toolchain/avr8/avr8-gnu-toolchain/bin/../lib/gcc/avr/5.4.0/../../../../avr/lib/avrxmega3\libprintf_flt.a
START GROUP
LOAD c:/program files (x86)/atmel/studio/7.0/toolchain/avr8/avr8-gnu-toolchain/bin/../lib/gcc/avr/5.4.0/avrxmega3\libgcc.a
LOAD c:/program files (x86)/atmel/studio/7.0/toolchain/avr8/avr8-gnu-toolchain/bin/../lib/gcc/avr/5.4.0/../../../../avr/lib/avrxmega3\libm.a
LOAD c:/program files (x86)/atmel/studio/7.0/toolchain/avr8/avr8-gnu-toolchain/bin/../lib/gcc/avr/5.4.0/../../../../avr/lib/avrxmega3\libc.a
LOAD C:/Program Files (x86)/Atmel/Studio/7.0/Packs/atmel/ATmega_DFP/1.6.364/gcc/dev/atmega4809/avrxmega3\libatmega4809.a
END GROUP
                [0x00000000]                __TEXT_REGION_ORIGIN__ = DEFINED (__TEXT_REGION_ORIGIN__)?__TEXT_REGION_ORIGIN__:0x0
                [0x00802800]                __DATA_REGION_ORIGIN__ = DEFINED (__DATA_REGION_ORIGIN__)?__DATA_REGION_ORIGIN__:0x802000
                [0x0000c000]                __TEXT_REGION_LENGTH__ = DEFINED (__TEXT_REGION_LENGTH__)?__TEXT_REGION_LENGTH__:0x100000
                [0x00001800]                __DATA_REGION_LENGTH__ = DEFINED (__DATA_REGION_LENGTH__)?__DATA_REGION_LENGTH__:0xffa0
                [0x00000100]                __EEPROM_REGION_LENGTH__ = DEFINED (__EEPROM_REGION_LENGTH__)?__EEPROM_REGION_LENGTH__:0x10000
                [0x0000000a]                __FUSE_REGION_LENGTH__ = DEFINED (__FUSE_REGION_LENGTH__)?__FUSE_REGION_LENGTH__:0x400
                0x00000400                __LOCK_REGION_LENGTH__ = DEFINED (__LOCK_REGION_LENGTH__)?__LOCK_REGION_LENGTH__:0x400
                0x00000400                __SIGNATURE_REGION_LENGTH__ = DEFINED (__SIGNATURE_REGION_LENGTH__)?__SIGNATURE_REGION_LENGTH__:0x400
                0x00000400                __USER_SIGNATURE_REGION_LENGTH__ = DEFINED (__USER_SIGNATURE_REGION_LENGTH__)?__USER_SIGNATURE_REGION_LENGTH__:0x400
                0x00008000                __RODATA_PM_OFFSET__ = DEFINED (__RODATA_PM_OFFSET__)?__RODATA_PM_OFFSET__:0x8000

.hash
 *(.hash)

.dynsym
 *(.dynsym)

.dynstr
 *(.dynstr)

.gnu.version
 *(.gnu.version)

.gnu.version_d
 *(.gnu.version_d)

.gnu.version_r
 *(.gnu.version_r)

.rel.init
 *(.rel.init)

.rela.init
 *(.rela.init)

.rel.text
 *(.rel.text)
 *(.rel.text.*)
 *(.rel.gnu.linkonce.t*)

.rela.text
 *(.rela.text)
 *(.rela.text.*)
 *(.rela.gnu.linkonce.t*)

.rel.fini
 *(.rel.fini)

.rela.fini
 *(.rela.fini)

.rel.rodata
 *(.rel.rodata)
 *(.rel.rodata.*)
 *(.rel.gnu.linkonce.r*)

.rela.rodata
 *(.rela.rodata)
 *(.rela.rodata.*)
 *(.rela.gnu.linkonce.r*)

.rel.data
 *(.rel.data)
 *(.rel.data.*)
 *(.rel.gnu.linkonce.d*)

.rela.data
 *(.rela.data)
 *(.rela.data.*)
 *(.rela.gnu.linkonce.d*)

.rel.ctors
 *(.rel.ctors)

.rela.ctors
 *(.rela.ctors)

.rel.dtors
 *(.rel.dtors)

.rela.dtors
 *(.rela.dtors)

.rel.got
 *(.rel.got)

.rela.got
 *(.rela.got)

.rel.bss
 *(.rel.bss)

.rela.bss
 *(.rela.bss)

.rel.plt
 *(.rel.plt)

.rela.plt
 *(.rela.plt)

.text           0x00000000     0x46ac
 *(.vectors)
 .vectors       0x00000000       0xa0 C:/Program Files (x86)/Atmel/Studio/7.0/Packs/atmel/ATmega_DFP/1.6.364/gcc/dev/atmega4809/avrxmega3/crtatmega4809.o
                0x00000000                __vector_default
                0x00000000                __vectors
 *(.vectors)
 *(.progmem.gcc*)
 .progmem.gcc_sw_table.commands
                0x000000a0       0x46 commands.o
 .progmem.gcc_sw_table.report
                0x000000e6       0x6c report.o
                0x00000152                . = ALIGN (0x2)
                0x00000152                __trampolines_start = .
 *(.trampolines)
 .trampolines   0x00000152        0x0 linker stubs
 *(.trampolines*)
                0x00000152                __trampolines_end = .
 *libprintf_flt.a:*(.progmem.data)
 .progmem.data  0x00000152        0x8 c:/program files (x86)/atmel/studio/7.0/toolchain/avr8/avr8-gnu-toolchain/bin/../lib/gcc/avr/5.4.0/../../../../avr/lib/avrxmega3\libprintf_flt.a(vfprintf_flt.o)
 *libc.a:*(.progmem.data)
 .progmem.data  0x0000015a       0xfa c:/program files (x86)/atmel/studio/7.0/toolchain/avr8/avr8-gnu-toolchain/bin/../lib/gcc/avr/5.4.0/../../../../avr/lib/avrxmega3\libc.a(ftoa_engine.o)
 *(.progmem*)
                0x00000254                . = ALIGN (0x2)
 *(.jumptables)
 *(.jumptables*)
 *(.lowtext)
 *(.lowtext*)
                0x00000254                __ctors_start = .
 *(.ctors)
                0x00000254                __ctors_end = .
                0x00000254                __dtors_start = .
 *(.dtors)
                0x00000254                __dtors_end = .
 SORT(*)(.ctors)
 SORT(*)(.dtors)
 *(.init0)
 .init0         0x00000254        0x0 C:/Program Files (x86)/Atmel/Studio/7.0/Packs/atmel/ATmega_DFP/1.6.364/gcc/dev/atmega4809/avrxmega3/crtatmega4809.o
                0x00000254                __init
 *(.init0)
 *(.init1)
 *(.init1)
 *(.init2)
 .init2         0x00000254        0xc C:/Program Files (x86)/Atmel/Studio/7.0/Packs/atmel/ATmega_DFP/1.6.364/gcc/dev/atmega4809/avrxmega3/crtatmega4809.o
 *(.init2)
 *(.init3)
 *(.init3)
 *(.init4)
 .init4         0x00000260       0x16 c:/program files (x86)/atmel/studio/7.0/toolchain/avr8/avr8-gnu-toolchain/bin/../lib/gcc/avr/5.4.0/avrxmega3\libgcc.a(_copy_data.o)
                0x00000260                __do_copy_data
 .init4         0x00000276       0x10 c:/program files (x86)/atmel/studio/7.0/toolchain/avr8/avr8-gnu-toolchain/bin/../lib/gcc/avr/5.4.0/avrxmega3\libgcc.a(_clear_bss.o)
                0x00000276                __do_clear_bss
 *(.init4)
 *(.init5)
 *(.init5)
 *(.init6)
 *(.init6)
 *(.init7)
 *(.init7)
 *(.init8)
 *(.init8)
 *(.init9)
 .init9         0x00000286        0x8 C:/Program Files (x86)/Atmel/Studio/7.0/Packs/atmel/ATmega_DFP/1.6.364/gcc/dev/atmega4809/avrxmega3/crtatmega4809.o
 *(.init9)
 *(.text)
 .text          0x0000028e        0x4 C:/Program Files (x86)/Atmel/Studio/7.0/Packs/atmel/ATmega_DFP/1.6.364/gcc/dev/atmega4809/avrxmega3/crtatmega4809.o
                0x0000028e                __vector_22
                0x0000028e                __vector_28
                0x0000028e                __vector_1
                0x0000028e                __vector_32
                0x0000028e                __vector_34
                0x0000028e                __vector_24
                0x0000028e                __bad_interrupt
                0x0000028e                __vector_6
                0x0000028e                __vector_31
                0x0000028e                __vector_35
                0x0000028e                __vector_39
                0x0000028e                __vector_23
                0x0000028e                __vector_30
                0x0000028e                __vector_25
                0x0000028e                __vector_11
                0x0000028e                __vector_13
                0x0000028e                __vector_19
                0x0000028e                __vector_7
                0x0000028e                __vector_5
                0x0000028e                __vector_33
                0x0000028e                __vector_4
                0x0000028e                __vector_9
                0x0000028e                __vector_2
                0x0000028e                __vector_21
                0x0000028e                __vector_15
                0x0000028e                __vector_36
                0x0000028e                __vector_8
                0x0000028e                __vector_14
                0x0000028e                __vector_10
                0x0000028e                __vector_16
                0x00000292                . = ALIGN (0x2)
 *(.text.*)
 .text.read_AD590
                0x00000292       0xac ad590.o
                0x00000292                read_AD590
 .text.read_ADS1115
                0x0000033e      0x1fe ads1115.o
                0x0000033e                read_ADS1115
 .text.init_BEEPER
                0x0000053c        0xe beeper.o
                0x0000053c                init_BEEPER
 .text.echo_cmd
                0x0000054a       0x8a commands.o
                0x0000054a                echo_cmd
 .text.get_cmdline
                0x000005d4       0x58 commands.o
                0x000005d4                get_cmdline
 .text.isaletter
                0x0000062c       0x1a commands.o
                0x0000062c                isaletter
 .text.parse_cmd
                0x00000646      0x128 commands.o
                0x00000646                parse_cmd
 .text.send_prompt
                0x0000076e       0xbe commands.o
                0x0000076e                send_prompt
 .text.rebootACKd
                0x0000082c       0x58 commands.o
                0x0000082c                rebootACKd
 .text.commands
                0x00000884       0xee commands.o
                0x00000884                commands
 .text.convert_ds2iso
                0x00000972       0x42 ds3231.o
                0x00000972                convert_ds2iso
 .text.convert_iso2ds
                0x000009b4       0xc0 ds3231.o
                0x000009b4                convert_iso2ds
 .text.read_DS3231
                0x00000a74       0x7c ds3231.o
                0x00000a74                read_DS3231
 .text.get_time
                0x00000af0       0x54 ds3231.o
                0x00000af0                get_time
 .text.write_DS3231
                0x00000b44       0x74 ds3231.o
                0x00000b44                write_DS3231
 .text.put_time
                0x00000bb8       0x30 ds3231.o
                0x00000bb8                put_time
 .text.get_BOOTTIME
                0x00000be8        0xe eeprom.o
                0x00000be8                get_BOOTTIME
 .text.get_VERSION
                0x00000bf6        0xe eeprom.o
                0x00000bf6                get_VERSION
 .text.update_BOOTTIME
                0x00000c04       0x32 eeprom.o
                0x00000c04                update_BOOTTIME
 .text.update_VERSION
                0x00000c36       0x3c eeprom.o
                0x00000c36                update_VERSION
 .text.init_EEPROM
                0x00000c72        0xa eeprom.o
                0x00000c72                init_EEPROM
 .text.printError
                0x00000c7c       0x92 errors.o
                0x00000c7c                printError
 .text.read_FRAM
                0x00000d0e       0x84 fram.o
                0x00000d0e                read_FRAM
 .text.write_FRAM
                0x00000d92       0x64 fram.o
                0x00000d92                write_FRAM
 .text.get_humidity
                0x00000df6       0xc8 humidity.o
                0x00000df6                get_humidity
 .text.initialize0
                0x00000ebe       0x2c initialize.o
                0x00000ebe                initialize0
 .text.initialize1
                0x00000eea       0x64 initialize.o
                0x00000eea                initialize1
 .text.__vector_29
                0x00000f4e       0x56 interrupts.o
                0x00000f4e                __vector_29
 .text.read_ionpump
                0x00000fa4       0x9c ionpump.o
                0x00000fa4                read_ionpump
 .text.init_LED
                0x00001040        0xc led.o
                0x00001040                init_LED
 .text.main     0x0000104c       0x1c main.o
                0x0000104c                main
 .text.read_MCP23008
                0x00001068       0x2e mcp23008.o
                0x00001068                read_MCP23008
 .text.write_MCP23008
                0x00001096       0x54 mcp23008.o
                0x00001096                write_MCP23008
 .text.read_MCP9808
                0x000010ea       0x9e mcp9808.o
                0x000010ea                read_MCP9808
 .text.read_MMA8451
                0x00001188       0x68 mma8451.o
                0x00001188                read_MMA8451
 .text.get_orientation
                0x000011f0      0x130 mma8451.o
                0x000011f0                get_orientation
 .text.write_MMA8451
                0x00001320       0x54 mma8451.o
                0x00001320                write_MMA8451
 .text.init_MMA8451
                0x00001374       0x64 mma8451.o
                0x00001374                init_MMA8451
 .text.checksum_NMEA
                0x000013d8       0x92 nmea.o
                0x000013d8                checksum_NMEA
 .text.write_OLED
                0x0000146a       0x24 oled.o
                0x0000146a                write_OLED
 .text.init_OLED
                0x0000148e      0x180 oled.o
                0x0000148e                init_OLED
 .text.writestr_OLED
                0x0000160e       0xba oled.o
                0x0000160e                writestr_OLED
 .text.clear_OLED
                0x000016c8       0x56 oled.o
                0x000016c8                clear_OLED
 .text.init_PNEU
                0x0000171e       0x7a pneu.o
                0x0000171e                init_PNEU
 .text.read_PNEUSENSORS
                0x00001798       0xd8 pneu.o
                0x00001798                read_PNEUSENSORS
 .text.set_PNEUVALVES
                0x00001870       0x24 pneu.o
                0x00001870                set_PNEUVALVES
 .text.close_PNEU
                0x00001894      0x124 pneu.o
                0x00001894                close_PNEU
 .text.open_PNEU
                0x000019b8      0x124 pneu.o
                0x000019b8                open_PNEU
 .text.__vector_20
                0x00001adc       0x5e pneu.o
                0x00001adc                __vector_20
 .text.init_PORTS
                0x00001b3a       0x70 ports.o
                0x00001b3a                init_PORTS
 .text.report   0x00001baa      0xc56 report.o
                0x00001baa                report
 .text.set_ROBOEncoder
                0x00002800       0x7e roboclaw.o
                0x00002800                set_ROBOEncoder
 .text.init_ROBO
                0x0000287e       0x34 roboclaw.o
                0x0000287e                init_ROBO
 .text.crc16    0x000028b2       0x4a roboclaw.o
                0x000028b2                crc16
 .text.ROBOGoTo
                0x000028fc       0xc4 roboclaw.o
                0x000028fc                ROBOGoTo
 .text.get_ROBOEncoder
                0x000029c0      0x160 roboclaw.o
                0x000029c0                get_ROBOEncoder
 .text.ROBOMove
                0x00002b20       0xcc roboclaw.o
                0x00002b20                ROBOMove
 .text.get_ROBOFloat
                0x00002bec       0xfa roboclaw.o
                0x00002bec                get_ROBOFloat
 .text.get_ROBOInt32
                0x00002ce6      0x13c roboclaw.o
                0x00002ce6                get_ROBOInt32
 .text.init_RTC
                0x00002e22       0x5c rtc.o
                0x00002e22                init_RTC
 .text.__vector_3
                0x00002e7e       0x8a rtc.o
                0x00002e7e                __vector_3
 .text.set      0x00002f08       0x62 set.o
                0x00002f08                set
 .text.init_SPECID
                0x00002f6a       0x10 specID.o
                0x00002f6a                init_SPECID
 .text.get_temperature
                0x00002f7a       0x20 temperature.o
                0x00002f7a                get_temperature
 .text.testroutine
                0x00002f9a       0x7e testroutine.o
                0x00002f9a                testroutine
 .text.start_TCB0
                0x00003018       0x2c timers.o
                0x00003018                start_TCB0
 .text.stop_TCB0
                0x00003044        0x6 timers.o
                0x00003044                stop_TCB0
 .text.__vector_12
                0x0000304a       0x34 timers.o
                0x0000304a                __vector_12
 .text.init_TWI
                0x0000307e       0x16 twi.o
                0x0000307e                init_TWI
 .text.read_TWI
                0x00003094       0x20 twi.o
                0x00003094                read_TWI
 .text.readlast_TWI
                0x000030b4       0x1a twi.o
                0x000030b4                readlast_TWI
 .text.start_TWI
                0x000030ce       0x4c twi.o
                0x000030ce                start_TWI
 .text.stop_TWI
                0x0000311a        0x8 twi.o
                0x0000311a                stop_TWI
 .text.write_TWI
                0x00003122       0x2a twi.o
                0x00003122                write_TWI
 .text.init_USART
                0x0000314c       0xb0 usart.o
                0x0000314c                init_USART
 .text.send_USART
                0x000031fc      0x10c usart.o
                0x000031fc                send_USART
 .text.__vector_17
                0x00003308       0x86 usart.o
                0x00003308                __vector_17
 .text.__vector_18
                0x0000338e       0x6e usart.o
                0x0000338e                __vector_18
 .text.__vector_26
                0x000033fc       0x56 usart.o
                0x000033fc                __vector_26
 .text.__vector_27
                0x00003452       0x6e usart.o
                0x00003452                __vector_27
 .text.__vector_37
                0x000034c0       0x6a usart.o
                0x000034c0                __vector_37
 .text.__vector_38
                0x0000352a       0x5c usart.o
                0x0000352a                __vector_38
 .text.reboot   0x00003586       0x14 wdt.o
                0x00003586                reboot
 .text.init_XPORT
                0x0000359a       0x18 xport.o
                0x0000359a                init_XPORT
 .text.avr-libc.fplib
                0x000035b2        0xe c:/program files (x86)/atmel/studio/7.0/toolchain/avr8/avr8-gnu-toolchain/bin/../lib/gcc/avr/5.4.0/../../../../avr/lib/avrxmega3\libm.a(addsf3.o)
                0x000035b2                __subsf3
                0x000035b4                __addsf3
 .text.avr-libc.fplib
                0x000035c0       0xcc c:/program files (x86)/atmel/studio/7.0/toolchain/avr8/avr8-gnu-toolchain/bin/../lib/gcc/avr/5.4.0/../../../../avr/lib/avrxmega3\libm.a(addsf3x.o)
                0x000035e2                __addsf3x
 .text.avr-libc.fplib
                0x0000368c        0xa c:/program files (x86)/atmel/studio/7.0/toolchain/avr8/avr8-gnu-toolchain/bin/../lib/gcc/avr/5.4.0/../../../../avr/lib/avrxmega3\libm.a(cmpsf2.o)
                0x0000368c                __nesf2
                0x0000368c                __eqsf2
                0x0000368c                __cmpsf2
                0x0000368c                __ltsf2
                0x0000368c                __lesf2
 .text.avr-libc.fplib
                0x00003696        0x8 c:/program files (x86)/atmel/studio/7.0/toolchain/avr8/avr8-gnu-toolchain/bin/../lib/gcc/avr/5.4.0/../../../../avr/lib/avrxmega3\libm.a(divsf3.o)
                0x00003696                __divsf3
 .text.avr-libc.fplib
                0x0000369e       0xdc c:/program files (x86)/atmel/studio/7.0/toolchain/avr8/avr8-gnu-toolchain/bin/../lib/gcc/avr/5.4.0/../../../../avr/lib/avrxmega3\libm.a(divsf3x.o)
                0x000036be                __divsf3x
                0x000036c4                __divsf3_pse
 .text.avr-libc.fplib
                0x0000377a       0x7a c:/program files (x86)/atmel/studio/7.0/toolchain/avr8/avr8-gnu-toolchain/bin/../lib/gcc/avr/5.4.0/../../../../avr/lib/avrxmega3\libm.a(floatsisf.o)
                0x0000377a                __floatunsisf
                0x0000377e                __floatsisf
 .text.avr-libc.fplib
                0x000037f4       0x48 c:/program files (x86)/atmel/studio/7.0/toolchain/avr8/avr8-gnu-toolchain/bin/../lib/gcc/avr/5.4.0/../../../../avr/lib/avrxmega3\libm.a(fp_cmp.o)
                0x000037f4                __fp_cmp
 .text.avr-libc.fplib
                0x0000383c        0xc c:/program files (x86)/atmel/studio/7.0/toolchain/avr8/avr8-gnu-toolchain/bin/../lib/gcc/avr/5.4.0/../../../../avr/lib/avrxmega3\libm.a(fp_inf.o)
                0x0000383c                __fp_inf
 .text.avr-libc.fplib
                0x00003848        0x6 c:/program files (x86)/atmel/studio/7.0/toolchain/avr8/avr8-gnu-toolchain/bin/../lib/gcc/avr/5.4.0/../../../../avr/lib/avrxmega3\libm.a(fp_nan.o)
                0x00003848                __fp_nan
 .text.avr-libc.fplib
                0x0000384e        0xe c:/program files (x86)/atmel/studio/7.0/toolchain/avr8/avr8-gnu-toolchain/bin/../lib/gcc/avr/5.4.0/../../../../avr/lib/avrxmega3\libm.a(fp_pscA.o)
                0x0000384e                __fp_pscA
 .text.avr-libc.fplib
                0x0000385c        0xe c:/program files (x86)/atmel/studio/7.0/toolchain/avr8/avr8-gnu-toolchain/bin/../lib/gcc/avr/5.4.0/../../../../avr/lib/avrxmega3\libm.a(fp_pscB.o)
                0x0000385c                __fp_pscB
 .text.avr-libc.fplib
                0x0000386a       0x22 c:/program files (x86)/atmel/studio/7.0/toolchain/avr8/avr8-gnu-toolchain/bin/../lib/gcc/avr/5.4.0/../../../../avr/lib/avrxmega3\libm.a(fp_round.o)
                0x0000386a                __fp_round
 .text.avr-libc.fplib
                0x0000388c       0x44 c:/program files (x86)/atmel/studio/7.0/toolchain/avr8/avr8-gnu-toolchain/bin/../lib/gcc/avr/5.4.0/../../../../avr/lib/avrxmega3\libm.a(fp_split3.o)
                0x0000388c                __fp_split3
                0x0000389c                __fp_splitA
 .text.avr-libc.fplib
                0x000038d0        0xe c:/program files (x86)/atmel/studio/7.0/toolchain/avr8/avr8-gnu-toolchain/bin/../lib/gcc/avr/5.4.0/../../../../avr/lib/avrxmega3\libm.a(fp_zero.o)
                0x000038d0                __fp_zero
                0x000038d2                __fp_szero
 .text.avr-libc.fplib
                0x000038de        0xa c:/program files (x86)/atmel/studio/7.0/toolchain/avr8/avr8-gnu-toolchain/bin/../lib/gcc/avr/5.4.0/../../../../avr/lib/avrxmega3\libm.a(gesf2.o)
                0x000038de                __gesf2
                0x000038de                __gtsf2
 .text.avr-libc.fplib
                0x000038e8        0x8 c:/program files (x86)/atmel/studio/7.0/toolchain/avr8/avr8-gnu-toolchain/bin/../lib/gcc/avr/5.4.0/../../../../avr/lib/avrxmega3\libm.a(mulsf3.o)
                0x000038e8                __mulsf3
 .text.avr-libc.fplib
                0x000038f0       0xd2 c:/program files (x86)/atmel/studio/7.0/toolchain/avr8/avr8-gnu-toolchain/bin/../lib/gcc/avr/5.4.0/../../../../avr/lib/avrxmega3\libm.a(mulsf3x.o)
                0x0000390e                __mulsf3x
                0x00003914                __mulsf3_pse
 .text.avr-libc
                0x000039c2      0x6fa c:/program files (x86)/atmel/studio/7.0/toolchain/avr8/avr8-gnu-toolchain/bin/../lib/gcc/avr/5.4.0/../../../../avr/lib/avrxmega3\libprintf_flt.a(vfprintf_flt.o)
                0x000039c2                vfprintf
 .text.libgcc.div
                0x000040bc       0x28 c:/program files (x86)/atmel/studio/7.0/toolchain/avr8/avr8-gnu-toolchain/bin/../lib/gcc/avr/5.4.0/avrxmega3\libgcc.a(_divmodhi4.o)
                0x000040bc                _div
                0x000040bc                __divmodhi4
 .text.libgcc.div
                0x000040e4       0x2e c:/program files (x86)/atmel/studio/7.0/toolchain/avr8/avr8-gnu-toolchain/bin/../lib/gcc/avr/5.4.0/avrxmega3\libgcc.a(_divmodsi4.o)
                0x000040e4                __divmodsi4
 .text.libgcc.div
                0x00004112       0x10 c:/program files (x86)/atmel/studio/7.0/toolchain/avr8/avr8-gnu-toolchain/bin/../lib/gcc/avr/5.4.0/avrxmega3\libgcc.a(_negsi2.o)
                0x00004112                __negsi2
 .text.libgcc   0x00004122        0xc c:/program files (x86)/atmel/studio/7.0/toolchain/avr8/avr8-gnu-toolchain/bin/../lib/gcc/avr/5.4.0/avrxmega3\libgcc.a(_tablejump2.o)
                0x00004122                __tablejump2__
 .text.libgcc.mul
                0x0000412e       0x16 c:/program files (x86)/atmel/studio/7.0/toolchain/avr8/avr8-gnu-toolchain/bin/../lib/gcc/avr/5.4.0/avrxmega3\libgcc.a(_muluhisi3.o)
                0x0000412e                __muluhisi3
 .text.libgcc.prologue
                0x00004144       0x32 c:/program files (x86)/atmel/studio/7.0/toolchain/avr8/avr8-gnu-toolchain/bin/../lib/gcc/avr/5.4.0/avrxmega3\libgcc.a(_prologue.o)
                0x00004144                __prologue_saves__
 .text.libgcc.prologue
                0x00004176       0x30 c:/program files (x86)/atmel/studio/7.0/toolchain/avr8/avr8-gnu-toolchain/bin/../lib/gcc/avr/5.4.0/avrxmega3\libgcc.a(_epilogue.o)
                0x00004176                __epilogue_restores__
 .text.libgcc.div
                0x000041a6       0x28 c:/program files (x86)/atmel/studio/7.0/toolchain/avr8/avr8-gnu-toolchain/bin/../lib/gcc/avr/5.4.0/avrxmega3\libgcc.a(_udivmodhi4.o)
                0x000041a6                __udivmodhi4
 .text.libgcc.div
                0x000041ce       0x44 c:/program files (x86)/atmel/studio/7.0/toolchain/avr8/avr8-gnu-toolchain/bin/../lib/gcc/avr/5.4.0/avrxmega3\libgcc.a(_udivmodsi4.o)
                0x000041ce                __udivmodsi4
 .text.libgcc.mul
                0x00004212       0x1e c:/program files (x86)/atmel/studio/7.0/toolchain/avr8/avr8-gnu-toolchain/bin/../lib/gcc/avr/5.4.0/avrxmega3\libgcc.a(_umulhisi3.o)
                0x00004212                __umulhisi3
 .text.avr-libc
                0x00004230       0x4e c:/program files (x86)/atmel/studio/7.0/toolchain/avr8/avr8-gnu-toolchain/bin/../lib/gcc/avr/5.4.0/../../../../avr/lib/avrxmega3\libc.a(atol.o)
                0x00004230                atol
 .text.avr-libc
                0x0000427e      0x1b0 c:/program files (x86)/atmel/studio/7.0/toolchain/avr8/avr8-gnu-toolchain/bin/../lib/gcc/avr/5.4.0/../../../../avr/lib/avrxmega3\libc.a(ftoa_engine.o)
                0x0000427e                __ftoa_engine
 .text.avr-libc
                0x0000442e       0x16 c:/program files (x86)/atmel/studio/7.0/toolchain/avr8/avr8-gnu-toolchain/bin/../lib/gcc/avr/5.4.0/../../../../avr/lib/avrxmega3\libc.a(strnlen_P.o)
                0x0000442e                strnlen_P
 .text.avr-libc
                0x00004444       0x16 c:/program files (x86)/atmel/studio/7.0/toolchain/avr8/avr8-gnu-toolchain/bin/../lib/gcc/avr/5.4.0/../../../../avr/lib/avrxmega3\libc.a(strcat.o)
                0x00004444                strcat
 .text.avr-libc
                0x0000445a        0xe c:/program files (x86)/atmel/studio/7.0/toolchain/avr8/avr8-gnu-toolchain/bin/../lib/gcc/avr/5.4.0/../../../../avr/lib/avrxmega3\libc.a(strcpy.o)
                0x0000445a                strcpy
 .text.avr-libc
                0x00004468       0x16 c:/program files (x86)/atmel/studio/7.0/toolchain/avr8/avr8-gnu-toolchain/bin/../lib/gcc/avr/5.4.0/../../../../avr/lib/avrxmega3\libc.a(strnlen.o)
                0x00004468                strnlen
 .text.avr-libc
                0x0000447e       0x2a c:/program files (x86)/atmel/studio/7.0/toolchain/avr8/avr8-gnu-toolchain/bin/../lib/gcc/avr/5.4.0/../../../../avr/lib/avrxmega3\libc.a(mulsi10.o)
                0x0000447e                __mulsi_const_10
 .text.avr-libc
                0x000044a8       0x78 c:/program files (x86)/atmel/studio/7.0/toolchain/avr8/avr8-gnu-toolchain/bin/../lib/gcc/avr/5.4.0/../../../../avr/lib/avrxmega3\libc.a(fputc.o)
                0x000044a8                fputc
 .text.avr-libc
                0x00004520       0x44 c:/program files (x86)/atmel/studio/7.0/toolchain/avr8/avr8-gnu-toolchain/bin/../lib/gcc/avr/5.4.0/../../../../avr/lib/avrxmega3\libc.a(sprintf.o)
                0x00004520                sprintf
 .text.avr-libc
                0x00004564       0xbc c:/program files (x86)/atmel/studio/7.0/toolchain/avr8/avr8-gnu-toolchain/bin/../lib/gcc/avr/5.4.0/../../../../avr/lib/avrxmega3\libc.a(ultoa_invert.o)
                0x00004564                __ultoa_invert
 .text.avr-libc
                0x00004620        0x8 C:/Program Files (x86)/Atmel/Studio/7.0/Packs/atmel/ATmega_DFP/1.6.364/gcc/dev/atmega4809/avrxmega3\libatmega4809.a(eerd_block.o)
                0x00004620                eeprom_read_block
 .text.avr-libc
                0x00004628       0x20 C:/Program Files (x86)/Atmel/Studio/7.0/Packs/atmel/ATmega_DFP/1.6.364/gcc/dev/atmega4809/avrxmega3\libatmega4809.a(eeupd_block.o)
                0x00004628                eeprom_update_block
 .text.avr-libc
                0x00004648       0x16 C:/Program Files (x86)/Atmel/Studio/7.0/Packs/atmel/ATmega_DFP/1.6.364/gcc/dev/atmega4809/avrxmega3\libatmega4809.a(eeupd_byte.o)
                0x00004648                eeprom_update_byte
                0x0000464a                eeprom_update_r18
 .text.avr-libc
                0x0000465e       0x28 C:/Program Files (x86)/Atmel/Studio/7.0/Packs/atmel/ATmega_DFP/1.6.364/gcc/dev/atmega4809/avrxmega3\libatmega4809.a(eewr_byte.o)
                0x0000465e                eeprom_write_byte
                0x00004660                eeprom_write_r18
 .text.avr-libc
                0x00004686       0x10 C:/Program Files (x86)/Atmel/Studio/7.0/Packs/atmel/ATmega_DFP/1.6.364/gcc/dev/atmega4809/avrxmega3\libatmega4809.a(eerd_byte.o)
                0x00004686                eeprom_read_byte
                0x0000468e                eeprom_mapen
 .text.avr-libc
                0x00004696       0x12 c:/program files (x86)/atmel/studio/7.0/toolchain/avr8/avr8-gnu-toolchain/bin/../lib/gcc/avr/5.4.0/../../../../avr/lib/avrxmega3\libc.a(memcpy.o)
                0x00004696                memcpy
                0x000046a8                . = ALIGN (0x2)
 *(.fini9)
 .fini9         0x000046a8        0x0 c:/program files (x86)/atmel/studio/7.0/toolchain/avr8/avr8-gnu-toolchain/bin/../lib/gcc/avr/5.4.0/avrxmega3\libgcc.a(_exit.o)
                0x000046a8                _exit
                0x000046a8                exit
 *(.fini9)
 *(.fini8)
 *(.fini8)
 *(.fini7)
 *(.fini7)
 *(.fini6)
 *(.fini6)
 *(.fini5)
 *(.fini5)
 *(.fini4)
 *(.fini4)
 *(.fini3)
 *(.fini3)
 *(.fini2)
 *(.fini2)
 *(.fini1)
 *(.fini1)
 *(.fini0)
 .fini0         0x000046a8        0x4 c:/program files (x86)/atmel/studio/7.0/toolchain/avr8/avr8-gnu-toolchain/bin/../lib/gcc/avr/5.4.0/avrxmega3\libgcc.a(_exit.o)
 *(.fini0)
                0x000046ac                _etext = .

.rodata         0x000086ac      0x36c load address 0x000046ac
 *(.rodata)
 *(.rodata*)
 .rodata.str1.1
                0x000086ac        0xb commands.o
 .rodata.str1.1
                0x000086b7       0x2d ds3231.o
 .rodata.str1.1
                0x000086e4        0xb eeprom.o
 .rodata.str1.1
                0x000086ef        0xe errors.o
 .rodata.str1.1
                0x000086fd       0x11 initialize.o
 .rodata.str1.1
                0x0000870e        0x8 nmea.o
 .rodata.str1.1
                0x00008716       0x11 oled.o
 .rodata.str1.1
                0x00008727       0x29 pneu.o
 .rodata.str1.1
                0x00008750      0x1e1 report.o
                                0x1f2 (size before relaxing)
 .rodata.str1.1
                0x00008931       0xda roboclaw.o
 .rodata.str1.1
                0x00008a0b        0xd testroutine.o
 *(.gnu.linkonce.r*)

.data           0x00802800        0x2 load address 0x00004a18
                0x00802800                PROVIDE (__data_start, .)
 *(.data)
 *(.data*)
 .data.rebootnack.3704
                0x00802800        0x1 commands.o
 *(.gnu.linkonce.d*)
                0x00802802                . = ALIGN (0x2)
 *fill*         0x00802801        0x1 
                0x00802802                _edata = .
                0x00802802                PROVIDE (__data_end, .)

.bss            0x00802802      0x82e
                0x00802802                PROVIDE (__bss_start, .)
 *(.bss)
 *(.bss*)
 .bss.cstack.3656
                0x00802802        0x1 commands.o
 *(COMMON)
 COMMON         0x00802803      0x208 main.o
                0x00802803                pcmd
 COMMON         0x00802a0b        0x4 oled.o
                0x00802a0b                timerOLED
                0x00802a0d                timeoutOLED
 COMMON         0x00802a0f        0x1 pneu.o
                0x00802a0f                pneuState
 COMMON         0x00802a10        0x2 roboclaw.o
                0x00802a10                ticks
 COMMON         0x00802a12      0x61e usart.o
                0x00802a12                recv1_buf
                0x00802b17                recv0_buf
                0x00802c1c                send0_buf
                0x00802d21                recv3_buf
                0x00802e26                send3_buf
                0x00802f2b                send1_buf
                0x00803030                PROVIDE (__bss_end, .)
                0x00004a18                __data_load_start = LOADADDR (.data)
                0x00004a1a                __data_load_end = (__data_load_start + SIZEOF (.data))

.noinit         0x00803030        0x0
                [!provide]                PROVIDE (__noinit_start, .)
 *(.noinit*)
                [!provide]                PROVIDE (__noinit_end, .)
                0x00803030                _end = .
                [!provide]                PROVIDE (__heap_start, .)

.eeprom         0x00810000        0x0
 *(.eeprom*)
                0x00810000                __eeprom_end = .

.fuse
 *(.fuse)
 *(.lfuse)
 *(.hfuse)
 *(.efuse)

.lock
 *(.lock*)

.signature
 *(.signature*)

.user_signatures
 *(.user_signatures*)

.stab
 *(.stab)

.stabstr
 *(.stabstr)

.stab.excl
 *(.stab.excl)

.stab.exclstr
 *(.stab.exclstr)

.stab.index
 *(.stab.index)

.stab.indexstr
 *(.stab.indexstr)

.comment        0x00000000       0x5c
 *(.comment)
 .comment       0x00000000       0x30 ad590.o
                                 0x31 (size before relaxing)
 .comment       0x00000030       0x31 ads1115.o
 .comment       0x00000030       0x31 beeper.o
 .comment       0x00000030       0x31 commands.o
 .comment       0x00000030       0x31 ds3231.o
 .comment       0x00000030       0x31 eeprom.o
 .comment       0x00000030       0x31 errors.o
 .comment       0x00000030       0x31 fram.o
 .comment       0x00000030       0x31 humidity.o
 .comment       0x00000030       0x31 initialize.o
 .comment       0x00000030       0x31 interrupts.o
 .comment       0x00000030       0x31 ionpump.o
 .comment       0x00000030       0x31 led.o
 .comment       0x00000030       0x31 main.o
 .comment       0x00000030       0x31 mcp23008.o
 .comment       0x00000030       0x31 mcp9808.o
 .comment       0x00000030       0x31 mma8451.o
 .comment       0x00000030       0x31 nmea.o
 .comment       0x00000030       0x31 oled.o
 .comment       0x00000030       0x31 pneu.o
 .comment       0x00000030       0x31 ports.o
 .comment       0x00000030       0x31 report.o
 .comment       0x00000030       0x31 roboclaw.o
 .comment       0x00000030       0x31 rtc.o
 .comment       0x00000030       0x31 set.o
 .comment       0x00000030       0x31 specID.o
 .comment       0x00000030       0x31 temperature.o
 .comment       0x00000030       0x31 testroutine.o
 .comment       0x00000030       0x31 timers.o
 .comment       0x00000030       0x31 twi.o
 .comment       0x00000030       0x31 usart.o
 .comment       0x00000030       0x31 wdt.o
 .comment       0x00000030       0x31 xport.o
 .comment       0x00000030       0x2c c:/program files (x86)/atmel/studio/7.0/toolchain/avr8/avr8-gnu-toolchain/bin/../lib/gcc/avr/5.4.0/../../../../avr/lib/avrxmega3\libprintf_flt.a(vfprintf_flt.o)
                                 0x2d (size before relaxing)
 .comment       0x0000005c       0x31 c:/program files (x86)/atmel/studio/7.0/toolchain/avr8/avr8-gnu-toolchain/bin/../lib/gcc/avr/5.4.0/../../../../avr/lib/avrxmega3\libc.a(fputc.o)
 .comment       0x0000005c       0x31 c:/program files (x86)/atmel/studio/7.0/toolchain/avr8/avr8-gnu-toolchain/bin/../lib/gcc/avr/5.4.0/../../../../avr/lib/avrxmega3\libc.a(sprintf.o)

.note.gnu.avr.deviceinfo
                0x00000000       0x40
 .note.gnu.avr.deviceinfo
                0x00000000       0x40 C:/Program Files (x86)/Atmel/Studio/7.0/Packs/atmel/ATmega_DFP/1.6.364/gcc/dev/atmega4809/avrxmega3/crtatmega4809.o

.note.gnu.build-id
 *(.note.gnu.build-id)

.debug
 *(.debug)

.line
 *(.line)

.debug_srcinfo
 *(.debug_srcinfo)

.debug_sfnames
 *(.debug_sfnames)

.debug_aranges  0x00000000      0x660
 *(.debug_aranges)
 .debug_aranges
                0x00000000       0x20 ad590.o
 .debug_aranges
                0x00000020       0x20 ads1115.o
 .debug_aranges
                0x00000040       0x20 beeper.o
 .debug_aranges
                0x00000060       0x58 commands.o
 .debug_aranges
                0x000000b8       0x48 ds3231.o
 .debug_aranges
                0x00000100       0x40 eeprom.o
 .debug_aranges
                0x00000140       0x20 errors.o
 .debug_aranges
                0x00000160       0x28 fram.o
 .debug_aranges
                0x00000188       0x20 humidity.o
 .debug_aranges
                0x000001a8       0x28 initialize.o
 .debug_aranges
                0x000001d0       0x20 interrupts.o
 .debug_aranges
                0x000001f0       0x20 ionpump.o
 .debug_aranges
                0x00000210       0x20 led.o
 .debug_aranges
                0x00000230       0x20 main.o
 .debug_aranges
                0x00000250       0x28 mcp23008.o
 .debug_aranges
                0x00000278       0x20 mcp9808.o
 .debug_aranges
                0x00000298       0x38 mma8451.o
 .debug_aranges
                0x000002d0       0x20 nmea.o
 .debug_aranges
                0x000002f0       0x38 oled.o
 .debug_aranges
                0x00000328       0x48 pneu.o
 .debug_aranges
                0x00000370       0x20 ports.o
 .debug_aranges
                0x00000390       0x20 report.o
 .debug_aranges
                0x000003b0       0x58 roboclaw.o
 .debug_aranges
                0x00000408       0x28 rtc.o
 .debug_aranges
                0x00000430       0x20 set.o
 .debug_aranges
                0x00000450       0x20 specID.o
 .debug_aranges
                0x00000470       0x20 temperature.o
 .debug_aranges
                0x00000490       0x20 testroutine.o
 .debug_aranges
                0x000004b0       0x30 timers.o
 .debug_aranges
                0x000004e0       0x48 twi.o
 .debug_aranges
                0x00000528       0x58 usart.o
 .debug_aranges
                0x00000580       0x20 wdt.o
 .debug_aranges
                0x000005a0       0x20 xport.o
 .debug_aranges
                0x000005c0       0x20 C:/Program Files (x86)/Atmel/Studio/7.0/Packs/atmel/ATmega_DFP/1.6.364/gcc/dev/atmega4809/avrxmega3\libatmega4809.a(eerd_block.o)
 .debug_aranges
                0x000005e0       0x20 C:/Program Files (x86)/Atmel/Studio/7.0/Packs/atmel/ATmega_DFP/1.6.364/gcc/dev/atmega4809/avrxmega3\libatmega4809.a(eeupd_block.o)
 .debug_aranges
                0x00000600       0x20 C:/Program Files (x86)/Atmel/Studio/7.0/Packs/atmel/ATmega_DFP/1.6.364/gcc/dev/atmega4809/avrxmega3\libatmega4809.a(eeupd_byte.o)
 .debug_aranges
                0x00000620       0x20 C:/Program Files (x86)/Atmel/Studio/7.0/Packs/atmel/ATmega_DFP/1.6.364/gcc/dev/atmega4809/avrxmega3\libatmega4809.a(eewr_byte.o)
 .debug_aranges
                0x00000640       0x20 C:/Program Files (x86)/Atmel/Studio/7.0/Packs/atmel/ATmega_DFP/1.6.364/gcc/dev/atmega4809/avrxmega3\libatmega4809.a(eerd_byte.o)

.debug_pubnames
 *(.debug_pubnames)

.debug_info     0x00000000     0xa337
 *(.debug_info .gnu.linkonce.wi.*)
 .debug_info    0x00000000     0x248a C:/Program Files (x86)/Atmel/Studio/7.0/Packs/atmel/ATmega_DFP/1.6.364/gcc/dev/atmega4809/avrxmega3/crtatmega4809.o
 .debug_info    0x0000248a      0x214 ad590.o
 .debug_info    0x0000269e      0x347 ads1115.o
 .debug_info    0x000029e5      0x21f beeper.o
 .debug_info    0x00002c04      0x91a commands.o
 .debug_info    0x0000351e      0x459 ds3231.o
 .debug_info    0x00003977      0x24f eeprom.o
 .debug_info    0x00003bc6      0x2fe errors.o
 .debug_info    0x00003ec4      0x2c0 fram.o
 .debug_info    0x00004184      0x14b humidity.o
 .debug_info    0x000042cf      0x46e initialize.o
 .debug_info    0x0000473d      0x23a interrupts.o
 .debug_info    0x00004977      0x105 ionpump.o
 .debug_info    0x00004a7c      0x21f led.o
 .debug_info    0x00004c9b      0x20a main.o
 .debug_info    0x00004ea5      0x214 mcp23008.o
 .debug_info    0x000050b9      0x17c mcp9808.o
 .debug_info    0x00005235      0x426 mma8451.o
 .debug_info    0x0000565b      0x15c nmea.o
 .debug_info    0x000057b7      0x987 oled.o
 .debug_info    0x0000613e      0x78b pneu.o
 .debug_info    0x000068c9      0x255 ports.o
 .debug_info    0x00006b1e      0xe77 report.o
 .debug_info    0x00007995      0x9f8 roboclaw.o
 .debug_info    0x0000838d      0x6b6 rtc.o
 .debug_info    0x00008a43      0x19e set.o
 .debug_info    0x00008be1      0x21f specID.o
 .debug_info    0x00008e00       0xeb temperature.o
 .debug_info    0x00008eeb      0x1d3 testroutine.o
 .debug_info    0x000090be      0x26e timers.o
 .debug_info    0x0000932c      0x304 twi.o
 .debug_info    0x00009630      0x5c6 usart.o
 .debug_info    0x00009bf6      0x182 wdt.o
 .debug_info    0x00009d78      0x2a0 xport.o
 .debug_info    0x0000a018       0xa0 C:/Program Files (x86)/Atmel/Studio/7.0/Packs/atmel/ATmega_DFP/1.6.364/gcc/dev/atmega4809/avrxmega3\libatmega4809.a(eerd_block.o)
 .debug_info    0x0000a0b8       0xa1 C:/Program Files (x86)/Atmel/Studio/7.0/Packs/atmel/ATmega_DFP/1.6.364/gcc/dev/atmega4809/avrxmega3\libatmega4809.a(eeupd_block.o)
 .debug_info    0x0000a159       0xa0 C:/Program Files (x86)/Atmel/Studio/7.0/Packs/atmel/ATmega_DFP/1.6.364/gcc/dev/atmega4809/avrxmega3\libatmega4809.a(eeupd_byte.o)
 .debug_info    0x0000a1f9       0x9f C:/Program Files (x86)/Atmel/Studio/7.0/Packs/atmel/ATmega_DFP/1.6.364/gcc/dev/atmega4809/avrxmega3\libatmega4809.a(eewr_byte.o)
 .debug_info    0x0000a298       0x9f C:/Program Files (x86)/Atmel/Studio/7.0/Packs/atmel/ATmega_DFP/1.6.364/gcc/dev/atmega4809/avrxmega3\libatmega4809.a(eerd_byte.o)

.debug_abbrev   0x00000000     0x4770
 *(.debug_abbrev)
 .debug_abbrev  0x00000000     0x2296 C:/Program Files (x86)/Atmel/Studio/7.0/Packs/atmel/ATmega_DFP/1.6.364/gcc/dev/atmega4809/avrxmega3/crtatmega4809.o
 .debug_abbrev  0x00002296      0x120 ad590.o
 .debug_abbrev  0x000023b6      0x111 ads1115.o
 .debug_abbrev  0x000024c7       0xa4 beeper.o
 .debug_abbrev  0x0000256b      0x290 commands.o
 .debug_abbrev  0x000027fb      0x142 ds3231.o
 .debug_abbrev  0x0000293d       0xda eeprom.o
 .debug_abbrev  0x00002a17      0x127 errors.o
 .debug_abbrev  0x00002b3e       0xd0 fram.o
 .debug_abbrev  0x00002c0e       0xa9 humidity.o
 .debug_abbrev  0x00002cb7      0x13b initialize.o
 .debug_abbrev  0x00002df2       0xc3 interrupts.o
 .debug_abbrev  0x00002eb5       0x9c ionpump.o
 .debug_abbrev  0x00002f51       0xa4 led.o
 .debug_abbrev  0x00002ff5       0xe8 main.o
 .debug_abbrev  0x000030dd       0xc7 mcp23008.o
 .debug_abbrev  0x000031a4       0x9a mcp9808.o
 .debug_abbrev  0x0000323e      0x127 mma8451.o
 .debug_abbrev  0x00003365      0x104 nmea.o
 .debug_abbrev  0x00003469      0x1cd oled.o
 .debug_abbrev  0x00003636      0x1c2 pneu.o
 .debug_abbrev  0x000037f8       0xbe ports.o
 .debug_abbrev  0x000038b6      0x192 report.o
 .debug_abbrev  0x00003a48      0x237 roboclaw.o
 .debug_abbrev  0x00003c7f      0x176 rtc.o
 .debug_abbrev  0x00003df5       0xf7 set.o
 .debug_abbrev  0x00003eec       0xa4 specID.o
 .debug_abbrev  0x00003f90       0x90 temperature.o
 .debug_abbrev  0x00004020      0x147 testroutine.o
 .debug_abbrev  0x00004167      0x12b timers.o
 .debug_abbrev  0x00004292      0x112 twi.o
 .debug_abbrev  0x000043a4      0x1a2 usart.o
 .debug_abbrev  0x00004546       0xbc wdt.o
 .debug_abbrev  0x00004602      0x10a xport.o
 .debug_abbrev  0x0000470c       0x14 C:/Program Files (x86)/Atmel/Studio/7.0/Packs/atmel/ATmega_DFP/1.6.364/gcc/dev/atmega4809/avrxmega3\libatmega4809.a(eerd_block.o)
 .debug_abbrev  0x00004720       0x14 C:/Program Files (x86)/Atmel/Studio/7.0/Packs/atmel/ATmega_DFP/1.6.364/gcc/dev/atmega4809/avrxmega3\libatmega4809.a(eeupd_block.o)
 .debug_abbrev  0x00004734       0x14 C:/Program Files (x86)/Atmel/Studio/7.0/Packs/atmel/ATmega_DFP/1.6.364/gcc/dev/atmega4809/avrxmega3\libatmega4809.a(eeupd_byte.o)
 .debug_abbrev  0x00004748       0x14 C:/Program Files (x86)/Atmel/Studio/7.0/Packs/atmel/ATmega_DFP/1.6.364/gcc/dev/atmega4809/avrxmega3\libatmega4809.a(eewr_byte.o)
 .debug_abbrev  0x0000475c       0x14 C:/Program Files (x86)/Atmel/Studio/7.0/Packs/atmel/ATmega_DFP/1.6.364/gcc/dev/atmega4809/avrxmega3\libatmega4809.a(eerd_byte.o)

.debug_line     0x00000000     0x457a
 *(.debug_line .debug_line.* .debug_line_end)
 .debug_line    0x00000000      0x187 C:/Program Files (x86)/Atmel/Studio/7.0/Packs/atmel/ATmega_DFP/1.6.364/gcc/dev/atmega4809/avrxmega3/crtatmega4809.o
 .debug_line    0x00000187      0x18f ad590.o
 .debug_line    0x00000316      0x23a ads1115.o
 .debug_line    0x00000550      0x10d beeper.o
 .debug_line    0x0000065d      0x580 commands.o
 .debug_line    0x00000bdd      0x269 ds3231.o
 .debug_line    0x00000e46      0x129 eeprom.o
 .debug_line    0x00000f6f      0x153 errors.o
 .debug_line    0x000010c2      0x14d fram.o
 .debug_line    0x0000120f      0x117 humidity.o
 .debug_line    0x00001326      0x1bd initialize.o
 .debug_line    0x000014e3      0x120 interrupts.o
 .debug_line    0x00001603       0xf9 ionpump.o
 .debug_line    0x000016fc      0x104 led.o
 .debug_line    0x00001800       0xe8 main.o
 .debug_line    0x000018e8      0x125 mcp23008.o
 .debug_line    0x00001a0d       0xef mcp9808.o
 .debug_line    0x00001afc      0x215 mma8451.o
 .debug_line    0x00001d11       0xfc nmea.o
 .debug_line    0x00001e0d      0x364 oled.o
 .debug_line    0x00002171      0x38f pneu.o
 .debug_line    0x00002500      0x1f2 ports.o
 .debug_line    0x000026f2      0x550 report.o
 .debug_line    0x00002c42      0x5dd roboclaw.o
 .debug_line    0x0000321f      0x1d5 rtc.o
 .debug_line    0x000033f4       0xf4 set.o
 .debug_line    0x000034e8      0x109 specID.o
 .debug_line    0x000035f1       0xe4 temperature.o
 .debug_line    0x000036d5      0x158 testroutine.o
 .debug_line    0x0000382d      0x157 timers.o
 .debug_line    0x00003984      0x238 twi.o
 .debug_line    0x00003bbc      0x462 usart.o
 .debug_line    0x0000401e      0x120 wdt.o
 .debug_line    0x0000413e      0x180 xport.o
 .debug_line    0x000042be       0x5d C:/Program Files (x86)/Atmel/Studio/7.0/Packs/atmel/ATmega_DFP/1.6.364/gcc/dev/atmega4809/avrxmega3\libatmega4809.a(eerd_block.o)
 .debug_line    0x0000431b       0xa5 C:/Program Files (x86)/Atmel/Studio/7.0/Packs/atmel/ATmega_DFP/1.6.364/gcc/dev/atmega4809/avrxmega3\libatmega4809.a(eeupd_block.o)
 .debug_line    0x000043c0       0x80 C:/Program Files (x86)/Atmel/Studio/7.0/Packs/atmel/ATmega_DFP/1.6.364/gcc/dev/atmega4809/avrxmega3\libatmega4809.a(eeupd_byte.o)
 .debug_line    0x00004440       0xc1 C:/Program Files (x86)/Atmel/Studio/7.0/Packs/atmel/ATmega_DFP/1.6.364/gcc/dev/atmega4809/avrxmega3\libatmega4809.a(eewr_byte.o)
 .debug_line    0x00004501       0x79 C:/Program Files (x86)/Atmel/Studio/7.0/Packs/atmel/ATmega_DFP/1.6.364/gcc/dev/atmega4809/avrxmega3\libatmega4809.a(eerd_byte.o)

.debug_frame    0x00000000      0xebc
 *(.debug_frame)
 .debug_frame   0x00000000       0x40 ad590.o
 .debug_frame   0x00000040       0x4c ads1115.o
 .debug_frame   0x0000008c       0x24 beeper.o
 .debug_frame   0x000000b0      0x108 commands.o
 .debug_frame   0x000001b8      0x110 ds3231.o
 .debug_frame   0x000002c8       0x84 eeprom.o
 .debug_frame   0x0000034c       0x40 errors.o
 .debug_frame   0x0000038c       0x74 fram.o
 .debug_frame   0x00000400       0x4c humidity.o
 .debug_frame   0x0000044c       0x44 initialize.o
 .debug_frame   0x00000490       0x6c interrupts.o
 .debug_frame   0x000004fc       0x38 ionpump.o
 .debug_frame   0x00000534       0x24 led.o
 .debug_frame   0x00000558       0x24 main.o
 .debug_frame   0x0000057c       0x50 mcp23008.o
 .debug_frame   0x000005cc       0x48 mcp9808.o
 .debug_frame   0x00000614       0xc4 mma8451.o
 .debug_frame   0x000006d8       0x48 nmea.o
 .debug_frame   0x00000720       0xa4 oled.o
 .debug_frame   0x000007c4      0x110 pneu.o
 .debug_frame   0x000008d4       0x24 ports.o
 .debug_frame   0x000008f8       0x88 report.o
 .debug_frame   0x00000980      0x160 roboclaw.o
 .debug_frame   0x00000ae0       0x7c rtc.o
 .debug_frame   0x00000b5c       0x30 set.o
 .debug_frame   0x00000b8c       0x24 specID.o
 .debug_frame   0x00000bb0       0x24 temperature.o
 .debug_frame   0x00000bd4       0x40 testroutine.o
 .debug_frame   0x00000c14       0x58 timers.o
 .debug_frame   0x00000c6c       0x74 twi.o
 .debug_frame   0x00000ce0      0x194 usart.o
 .debug_frame   0x00000e74       0x24 wdt.o
 .debug_frame   0x00000e98       0x24 xport.o

.debug_str      0x00000000     0x22a1
 *(.debug_str)
 .debug_str     0x00000000      0xf85 C:/Program Files (x86)/Atmel/Studio/7.0/Packs/atmel/ATmega_DFP/1.6.364/gcc/dev/atmega4809/avrxmega3/crtatmega4809.o
 .debug_str     0x00000f85      0x1da ad590.o
                                0x21f (size before relaxing)
 .debug_str     0x0000115f       0x8b ads1115.o
                                0x279 (size before relaxing)
 .debug_str     0x000011ea       0xca beeper.o
                                0x246 (size before relaxing)
 .debug_str     0x000012b4      0x193 commands.o
                                0x40f (size before relaxing)
 .debug_str     0x00001447       0x90 ds3231.o
                                0x24a (size before relaxing)
 .debug_str     0x000014d7       0x89 eeprom.o
                                0x1fd (size before relaxing)
 .debug_str     0x00001560       0x3d errors.o
                                0x29a (size before relaxing)
 .debug_str     0x0000159d       0x38 fram.o
                                0x1fa (size before relaxing)
 .debug_str     0x000015d5       0x34 humidity.o
                                0x1d6 (size before relaxing)
 .debug_str     0x00001609      0x13b initialize.o
                                0x3a9 (size before relaxing)
 .debug_str     0x00001744       0x1e interrupts.o
                                0x251 (size before relaxing)
 .debug_str     0x00001762       0x2a ionpump.o
                                0x1bd (size before relaxing)
 .debug_str     0x0000178c        0xb led.o
                                0x240 (size before relaxing)
 .debug_str     0x00001797       0x11 main.o
                                0x204 (size before relaxing)
 .debug_str     0x000017a8       0x1e mcp23008.o
                                0x1d6 (size before relaxing)
 .debug_str     0x000017c6       0x21 mcp9808.o
                                0x1ea (size before relaxing)
 .debug_str     0x000017e7       0x41 mma8451.o
                                0x215 (size before relaxing)
 .debug_str     0x00001828       0x34 nmea.o
                                0x1bd (size before relaxing)
 .debug_str     0x0000185c       0x5b oled.o
                                0x336 (size before relaxing)
 .debug_str     0x000018b7       0xad pneu.o
                                0x3d1 (size before relaxing)
 .debug_str     0x00001964        0xd ports.o
                                0x2d2 (size before relaxing)
 .debug_str     0x00001971      0x122 report.o
                                0x4a1 (size before relaxing)
 .debug_str     0x00001a93       0xde roboclaw.o
                                0x359 (size before relaxing)
 .debug_str     0x00001b71      0x333 rtc.o
                                0x5cb (size before relaxing)
 .debug_str     0x00001ea4        0xb set.o
                                0x1c4 (size before relaxing)
 .debug_str     0x00001eaf        0xe specID.o
                                0x246 (size before relaxing)
 .debug_str     0x00001ebd       0x13 temperature.o
                                0x1c7 (size before relaxing)
 .debug_str     0x00001ed0       0x13 testroutine.o
                                0x214 (size before relaxing)
 .debug_str     0x00001ee3       0x4c timers.o
                                0x24d (size before relaxing)
 .debug_str     0x00001f2f      0x16d twi.o
                                0x352 (size before relaxing)
 .debug_str     0x0000209c       0xdc usart.o
                                0x3ab (size before relaxing)
 .debug_str     0x00002178      0x11c wdt.o
                                0x2e6 (size before relaxing)
 .debug_str     0x00002294        0xd xport.o
                                0x28f (size before relaxing)

.debug_loc      0x00000000     0x404a
 *(.debug_loc)
 .debug_loc     0x00000000      0x133 ad590.o
 .debug_loc     0x00000133      0x338 ads1115.o
 .debug_loc     0x0000046b      0x56e commands.o
 .debug_loc     0x000009d9      0x5da ds3231.o
 .debug_loc     0x00000fb3       0xda eeprom.o
 .debug_loc     0x0000108d       0xae errors.o
 .debug_loc     0x0000113b      0x325 fram.o
 .debug_loc     0x00001460      0x1b7 humidity.o
 .debug_loc     0x00001617       0x47 initialize.o
 .debug_loc     0x0000165e       0xcb interrupts.o
 .debug_loc     0x00001729       0xe8 ionpump.o
 .debug_loc     0x00001811      0x1af mcp23008.o
 .debug_loc     0x000019c0      0x123 mcp9808.o
 .debug_loc     0x00001ae3      0x463 mma8451.o
 .debug_loc     0x00001f46       0xef nmea.o
 .debug_loc     0x00002035      0x339 oled.o
 .debug_loc     0x0000236e      0x6e6 pneu.o
 .debug_loc     0x00002a54      0x427 report.o
 .debug_loc     0x00002e7b      0x849 roboclaw.o
 .debug_loc     0x000036c4      0x135 rtc.o
 .debug_loc     0x000037f9       0xac set.o
 .debug_loc     0x000038a5       0x8f temperature.o
 .debug_loc     0x00003934       0xa7 testroutine.o
 .debug_loc     0x000039db       0x71 timers.o
 .debug_loc     0x00003a4c       0x5a twi.o
 .debug_loc     0x00003aa6      0x55e usart.o
 .debug_loc     0x00004004       0x46 xport.o

.debug_macinfo
 *(.debug_macinfo)

.debug_weaknames
 *(.debug_weaknames)

.debug_funcnames
 *(.debug_funcnames)

.debug_typenames
 *(.debug_typenames)

.debug_varnames
 *(.debug_varnames)

.debug_pubtypes
 *(.debug_pubtypes)

.debug_ranges   0x00000000      0x3b0
 *(.debug_ranges)
 .debug_ranges  0x00000000       0x10 ad590.o
 .debug_ranges  0x00000010       0x10 ads1115.o
 .debug_ranges  0x00000020       0x10 beeper.o
 .debug_ranges  0x00000030       0x48 commands.o
 .debug_ranges  0x00000078       0x38 ds3231.o
 .debug_ranges  0x000000b0       0x30 eeprom.o
 .debug_ranges  0x000000e0       0x10 errors.o
 .debug_ranges  0x000000f0       0x18 fram.o
 .debug_ranges  0x00000108       0x10 humidity.o
 .debug_ranges  0x00000118       0x18 initialize.o
 .debug_ranges  0x00000130       0x10 interrupts.o
 .debug_ranges  0x00000140       0x10 ionpump.o
 .debug_ranges  0x00000150       0x10 led.o
 .debug_ranges  0x00000160       0x10 main.o
 .debug_ranges  0x00000170       0x18 mcp23008.o
 .debug_ranges  0x00000188       0x10 mcp9808.o
 .debug_ranges  0x00000198       0x28 mma8451.o
 .debug_ranges  0x000001c0       0x10 nmea.o
 .debug_ranges  0x000001d0       0x28 oled.o
 .debug_ranges  0x000001f8       0x38 pneu.o
 .debug_ranges  0x00000230       0x10 ports.o
 .debug_ranges  0x00000240       0x10 report.o
 .debug_ranges  0x00000250       0x48 roboclaw.o
 .debug_ranges  0x00000298       0x18 rtc.o
 .debug_ranges  0x000002b0       0x10 set.o
 .debug_ranges  0x000002c0       0x10 specID.o
 .debug_ranges  0x000002d0       0x10 temperature.o
 .debug_ranges  0x000002e0       0x10 testroutine.o
 .debug_ranges  0x000002f0       0x20 timers.o
 .debug_ranges  0x00000310       0x38 twi.o
 .debug_ranges  0x00000348       0x48 usart.o
 .debug_ranges  0x00000390       0x10 wdt.o
 .debug_ranges  0x000003a0       0x10 xport.o

.debug_macro
 *(.debug_macro)
OUTPUT(specMech.elf elf32-avr)
LOAD linker stubs
