Archive member included to satisfy reference by file (symbol)

c:/program files (x86)/atmel/studio/7.0/toolchain/avr8/avr8-gnu-toolchain/bin/../lib/gcc/avr/5.4.0/../../../../avr/lib/avrxmega3\libm.a(addsf3.o)
                              ad590.o (__subsf3)
c:/program files (x86)/atmel/studio/7.0/toolchain/avr8/avr8-gnu-toolchain/bin/../lib/gcc/avr/5.4.0/../../../../avr/lib/avrxmega3\libm.a(addsf3x.o)
                              c:/program files (x86)/atmel/studio/7.0/toolchain/avr8/avr8-gnu-toolchain/bin/../lib/gcc/avr/5.4.0/../../../../avr/lib/avrxmega3\libm.a(addsf3.o) (__addsf3x)
c:/program files (x86)/atmel/studio/7.0/toolchain/avr8/avr8-gnu-toolchain/bin/../lib/gcc/avr/5.4.0/../../../../avr/lib/avrxmega3\libm.a(cmpsf2.o)
                              ionpump.o (__ltsf2)
c:/program files (x86)/atmel/studio/7.0/toolchain/avr8/avr8-gnu-toolchain/bin/../lib/gcc/avr/5.4.0/../../../../avr/lib/avrxmega3\libm.a(divsf3.o)
                              humidity.o (__divsf3)
c:/program files (x86)/atmel/studio/7.0/toolchain/avr8/avr8-gnu-toolchain/bin/../lib/gcc/avr/5.4.0/../../../../avr/lib/avrxmega3\libm.a(divsf3x.o)
                              c:/program files (x86)/atmel/studio/7.0/toolchain/avr8/avr8-gnu-toolchain/bin/../lib/gcc/avr/5.4.0/../../../../avr/lib/avrxmega3\libm.a(divsf3.o) (__divsf3x)
c:/program files (x86)/atmel/studio/7.0/toolchain/avr8/avr8-gnu-toolchain/bin/../lib/gcc/avr/5.4.0/../../../../avr/lib/avrxmega3\libm.a(floatsisf.o)
                              ads1115.o (__floatunsisf)
c:/program files (x86)/atmel/studio/7.0/toolchain/avr8/avr8-gnu-toolchain/bin/../lib/gcc/avr/5.4.0/../../../../avr/lib/avrxmega3\libm.a(fp_cmp.o)
                              c:/program files (x86)/atmel/studio/7.0/toolchain/avr8/avr8-gnu-toolchain/bin/../lib/gcc/avr/5.4.0/../../../../avr/lib/avrxmega3\libm.a(cmpsf2.o) (__fp_cmp)
c:/program files (x86)/atmel/studio/7.0/toolchain/avr8/avr8-gnu-toolchain/bin/../lib/gcc/avr/5.4.0/../../../../avr/lib/avrxmega3\libm.a(fp_inf.o)
                              c:/program files (x86)/atmel/studio/7.0/toolchain/avr8/avr8-gnu-toolchain/bin/../lib/gcc/avr/5.4.0/../../../../avr/lib/avrxmega3\libm.a(addsf3x.o) (__fp_inf)
c:/program files (x86)/atmel/studio/7.0/toolchain/avr8/avr8-gnu-toolchain/bin/../lib/gcc/avr/5.4.0/../../../../avr/lib/avrxmega3\libm.a(fp_nan.o)
                              c:/program files (x86)/atmel/studio/7.0/toolchain/avr8/avr8-gnu-toolchain/bin/../lib/gcc/avr/5.4.0/../../../../avr/lib/avrxmega3\libm.a(addsf3x.o) (__fp_nan)
c:/program files (x86)/atmel/studio/7.0/toolchain/avr8/avr8-gnu-toolchain/bin/../lib/gcc/avr/5.4.0/../../../../avr/lib/avrxmega3\libm.a(fp_pscA.o)
                              c:/program files (x86)/atmel/studio/7.0/toolchain/avr8/avr8-gnu-toolchain/bin/../lib/gcc/avr/5.4.0/../../../../avr/lib/avrxmega3\libm.a(addsf3x.o) (__fp_pscA)
c:/program files (x86)/atmel/studio/7.0/toolchain/avr8/avr8-gnu-toolchain/bin/../lib/gcc/avr/5.4.0/../../../../avr/lib/avrxmega3\libm.a(fp_pscB.o)
                              c:/program files (x86)/atmel/studio/7.0/toolchain/avr8/avr8-gnu-toolchain/bin/../lib/gcc/avr/5.4.0/../../../../avr/lib/avrxmega3\libm.a(addsf3x.o) (__fp_pscB)
c:/program files (x86)/atmel/studio/7.0/toolchain/avr8/avr8-gnu-toolchain/bin/../lib/gcc/avr/5.4.0/../../../../avr/lib/avrxmega3\libm.a(fp_round.o)
                              c:/program files (x86)/atmel/studio/7.0/toolchain/avr8/avr8-gnu-toolchain/bin/../lib/gcc/avr/5.4.0/../../../../avr/lib/avrxmega3\libm.a(addsf3.o) (__fp_round)
c:/program files (x86)/atmel/studio/7.0/toolchain/avr8/avr8-gnu-toolchain/bin/../lib/gcc/avr/5.4.0/../../../../avr/lib/avrxmega3\libm.a(fp_split3.o)
                              c:/program files (x86)/atmel/studio/7.0/toolchain/avr8/avr8-gnu-toolchain/bin/../lib/gcc/avr/5.4.0/../../../../avr/lib/avrxmega3\libm.a(addsf3x.o) (__fp_split3)
c:/program files (x86)/atmel/studio/7.0/toolchain/avr8/avr8-gnu-toolchain/bin/../lib/gcc/avr/5.4.0/../../../../avr/lib/avrxmega3\libm.a(fp_zero.o)
                              c:/program files (x86)/atmel/studio/7.0/toolchain/avr8/avr8-gnu-toolchain/bin/../lib/gcc/avr/5.4.0/../../../../avr/lib/avrxmega3\libm.a(addsf3x.o) (__fp_zero)
c:/program files (x86)/atmel/studio/7.0/toolchain/avr8/avr8-gnu-toolchain/bin/../lib/gcc/avr/5.4.0/../../../../avr/lib/avrxmega3\libm.a(gesf2.o)
                              ionpump.o (__gtsf2)
c:/program files (x86)/atmel/studio/7.0/toolchain/avr8/avr8-gnu-toolchain/bin/../lib/gcc/avr/5.4.0/../../../../avr/lib/avrxmega3\libm.a(mulsf3.o)
                              ad590.o (__mulsf3)
c:/program files (x86)/atmel/studio/7.0/toolchain/avr8/avr8-gnu-toolchain/bin/../lib/gcc/avr/5.4.0/../../../../avr/lib/avrxmega3\libm.a(mulsf3x.o)
                              c:/program files (x86)/atmel/studio/7.0/toolchain/avr8/avr8-gnu-toolchain/bin/../lib/gcc/avr/5.4.0/../../../../avr/lib/avrxmega3\libm.a(mulsf3.o) (__mulsf3x)
[...]
Memory Configuration

Name             Origin             Length             Attributes
text             0x00000000         0x0000c000         xr
data             0x00802800         0x00001800         rw !x
eeprom           0x00810000         0x00000100         rw !x
fuse             0x00820000         0x0000000a         rw !x
lock             0x00830000         0x00000400         rw !x
signature        0x00840000         0x00000400         rw !x
user_signatures  0x00850000         0x00000400         rw !x
*default*        0x00000000         0xffffffff

Linker script and memory map

Address of section .data set to 0x802800
                0x00004000                __RODATA_PM_OFFSET__ = 0x4000
LOAD C:/Program Files (x86)/Atmel/Studio/7.0/Packs/atmel/ATmega_DFP/1.6.364/gcc/dev/atmega4809/avrxmega3/crtatmega4809.o
LOAD ad590.o
LOAD ads1115.o
LOAD beeper.o
LOAD commands.o
LOAD ds3231.o
LOAD eeprom.o
LOAD errors.o
LOAD fram.o
LOAD humidity.o
LOAD initialize.o
LOAD interrupts.o
LOAD ionpump.o
LOAD led.o
LOAD main.o
LOAD mcp23008.o
LOAD mcp9808.o
LOAD mma8451.o
LOAD nmea.o
LOAD oled.o
LOAD pneu.o
LOAD ports.o
LOAD report.o
LOAD roboclaw.o
LOAD rtc.o
LOAD set.o
LOAD specID.o
LOAD temperature.o
LOAD testroutine.o
LOAD timers.o
LOAD twi.o
LOAD usart.o
LOAD wdt.o
LOAD xport.o
START GROUP
LOAD c:/program files (x86)/atmel/studio/7.0/toolchain/avr8/avr8-gnu-toolchain/bin/../lib/gcc/avr/5.4.0/../../../../avr/lib/avrxmega3\libm.a
END GROUP
LOAD c:/program files (x86)/atmel/studio/7.0/toolchain/avr8/avr8-gnu-toolchain/bin/../lib/gcc/avr/5.4.0/../../../../avr/lib/avrxmega3\libprintf_flt.a
START GROUP
LOAD c:/program files (x86)/atmel/studio/7.0/toolchain/avr8/avr8-gnu-toolchain/bin/../lib/gcc/avr/5.4.0/avrxmega3\libgcc.a
LOAD c:/program files (x86)/atmel/studio/7.0/toolchain/avr8/avr8-gnu-toolchain/bin/../lib/gcc/avr/5.4.0/../../../../avr/lib/avrxmega3\libm.a
LOAD c:/program files (x86)/atmel/studio/7.0/toolchain/avr8/avr8-gnu-toolchain/bin/../lib/gcc/avr/5.4.0/../../../../avr/lib/avrxmega3\libc.a
LOAD C:/Program Files (x86)/Atmel/Studio/7.0/Packs/atmel/ATmega_DFP/1.6.364/gcc/dev/atmega4809/avrxmega3\libatmega4809.a
END GROUP
                [0x00000000]                __TEXT_REGION_ORIGIN__ = DEFINED (__TEXT_REGION_ORIGIN__)?__TEXT_REGION_ORIGIN__:0x0
                [0x00802800]                __DATA_REGION_ORIGIN__ = DEFINED (__DATA_REGION_ORIGIN__)?__DATA_REGION_ORIGIN__:0x802000
                [0x0000c000]                __TEXT_REGION_LENGTH__ = DEFINED (__TEXT_REGION_LENGTH__)?__TEXT_REGION_LENGTH__:0x100000
                [0x00001800]                __DATA_REGION_LENGTH__ = DEFINED (__DATA_REGION_LENGTH__)?__DATA_REGION_LENGTH__:0xffa0
                [0x00000100]                __EEPROM_REGION_LENGTH__ = DEFINED (__EEPROM_REGION_LENGTH__)?__EEPROM_REGION_LENGTH__:0x10000
                [0x0000000a]                __FUSE_REGION_LENGTH__ = DEFINED (__FUSE_REGION_LENGTH__)?__FUSE_REGION_LENGTH__:0x400
                0x00000400                __LOCK_REGION_LENGTH__ = DEFINED (__LOCK_REGION_LENGTH__)?__LOCK_REGION_LENGTH__:0x400
                0x00000400                __SIGNATURE_REGION_LENGTH__ = DEFINED (__SIGNATURE_REGION_LENGTH__)?__SIGNATURE_REGION_LENGTH__:0x400
                0x00000400                __USER_SIGNATURE_REGION_LENGTH__ = DEFINED (__USER_SIGNATURE_REGION_LENGTH__)?__USER_SIGNATURE_REGION_LENGTH__:0x400
                0x00008000                __RODATA_PM_OFFSET__ = DEFINED (__RODATA_PM_OFFSET__)?__RODATA_PM_OFFSET__:0x8000

.hash
 *(.hash)

.dynsym
 *(.dynsym)

.dynstr
 *(.dynstr)

.gnu.version
 *(.gnu.version)

.gnu.version_d
 *(.gnu.version_d)

.gnu.version_r
 *(.gnu.version_r)

.rel.init
 *(.rel.init)

.rela.init
 *(.rela.init)

.rel.text
 *(.rel.text)
 *(.rel.text.*)
 *(.rel.gnu.linkonce.t*)

.rela.text
 *(.rela.text)
 *(.rela.text.*)
 *(.rela.gnu.linkonce.t*)

.rel.fini
 *(.rel.fini)

.rela.fini
 *(.rela.fini)

.rel.rodata
 *(.rel.rodata)
 *(.rel.rodata.*)
 *(.rel.gnu.linkonce.r*)

.rela.rodata
 *(.rela.rodata)
 *(.rela.rodata.*)
 *(.rela.gnu.linkonce.r*)

.rel.data
 *(.rel.data)
 *(.rel.data.*)
 *(.rel.gnu.linkonce.d*)

.rela.data
 *(.rela.data)
 *(.rela.data.*)
 *(.rela.gnu.linkonce.d*)

.rel.ctors
 *(.rel.ctors)

.rela.ctors
 *(.rela.ctors)

.rel.dtors
 *(.rel.dtors)

.rela.dtors
 *(.rela.dtors)

.rel.got
 *(.rel.got)

.rela.got
 *(.rela.got)

.rel.bss
 *(.rel.bss)

.rela.bss
 *(.rela.bss)

.rel.plt
 *(.rel.plt)

.rela.plt
 *(.rela.plt)

.text           0x00000000     0x45f2
 *(.vectors)
 .vectors       0x00000000       0xa0 C:/Program Files (x86)/Atmel/Studio/7.0/Packs/atmel/ATmega_DFP/1.6.364/gcc/dev/atmega4809/avrxmega3/crtatmega4809.o
                0x00000000                __vector_default
                0x00000000                __vectors
 *(.vectors)
 *(.progmem.gcc*)
 .progmem.gcc_sw_table.commands
                0x000000a0       0x46 commands.o
 .progmem.gcc_sw_table.report
                0x000000e6       0x6c report.o
                0x00000152                . = ALIGN (0x2)
                0x00000152                __trampolines_start = .
 *(.trampolines)
 .trampolines   0x00000152        0x0 linker stubs
 *(.trampolines*)
                0x00000152                __trampolines_end = .
 *libprintf_flt.a:*(.progmem.data)
 .progmem.data  0x00000152        0x8 c:/program files (x86)/atmel/studio/7.0/toolchain/avr8/avr8-gnu-toolchain/bin/../lib/gcc/avr/5.4.0/../../../../avr/lib/avrxmega3\libprintf_flt.a(vfprintf_flt.o)
 *libc.a:*(.progmem.data)
 .progmem.data  0x0000015a       0xfa c:/program files (x86)/atmel/studio/7.0/toolchain/avr8/avr8-gnu-toolchain/bin/../lib/gcc/avr/5.4.0/../../../../avr/lib/avrxmega3\libc.a(ftoa_engine.o)
 *(.progmem*)
                0x00000254                . = ALIGN (0x2)
 *(.jumptables)
 *(.jumptables*)
 *(.lowtext)
 *(.lowtext*)
                0x00000254                __ctors_start = .
 *(.ctors)
                0x00000254                __ctors_end = .
                0x00000254                __dtors_start = .
 *(.dtors)
                0x00000254                __dtors_end = .
 SORT(*)(.ctors)
 SORT(*)(.dtors)
 *(.init0)
 .init0         0x00000254        0x0 C:/Program Files (x86)/Atmel/Studio/7.0/Packs/atmel/ATmega_DFP/1.6.364/gcc/dev/atmega4809/avrxmega3/crtatmega4809.o
                0x00000254                __init
 *(.init0)
 *(.init1)
 *(.init1)
 *(.init2)
 .init2         0x00000254        0xc C:/Program Files (x86)/Atmel/Studio/7.0/Packs/atmel/ATmega_DFP/1.6.364/gcc/dev/atmega4809/avrxmega3/crtatmega4809.o
 *(.init2)
 *(.init3)
 *(.init3)
 *(.init4)
 .init4         0x00000260       0x16 c:/program files (x86)/atmel/studio/7.0/toolchain/avr8/avr8-gnu-toolchain/bin/../lib/gcc/avr/5.4.0/avrxmega3\libgcc.a(_copy_data.o)
                0x00000260                __do_copy_data
 .init4         0x00000276       0x10 c:/program files (x86)/atmel/studio/7.0/toolchain/avr8/avr8-gnu-toolchain/bin/../lib/gcc/avr/5.4.0/avrxmega3\libgcc.a(_clear_bss.o)
                0x00000276                __do_clear_bss
 *(.init4)
 *(.init5)
 *(.init5)
 *(.init6)
 *(.init6)
 *(.init7)
 *(.init7)
 *(.init8)
 *(.init8)
 *(.init9)
 .init9         0x00000286        0x8 C:/Program Files (x86)/Atmel/Studio/7.0/Packs/atmel/ATmega_DFP/1.6.364/gcc/dev/atmega4809/avrxmega3/crtatmega4809.o
 *(.init9)
 *(.text)
 .text          0x0000028e        0x4 C:/Program Files (x86)/Atmel/Studio/7.0/Packs/atmel/ATmega_DFP/1.6.364/gcc/dev/atmega4809/avrxmega3/crtatmega4809.o
                0x0000028e                __vector_22
                0x0000028e                __vector_28
                0x0000028e                __vector_1
                0x0000028e                __vector_32
                0x0000028e                __vector_34
                0x0000028e                __vector_24
                0x0000028e                __bad_interrupt
                0x0000028e                __vector_6
                0x0000028e                __vector_31
                0x0000028e                __vector_35
                0x0000028e                __vector_39
                0x0000028e                __vector_23
                0x0000028e                __vector_30
                0x0000028e                __vector_25
                0x0000028e                __vector_11
                0x0000028e                __vector_13
                0x0000028e                __vector_19
                0x0000028e                __vector_7
                0x0000028e                __vector_5
                0x0000028e                __vector_33
                0x0000028e                __vector_4
                0x0000028e                __vector_9
                0x0000028e                __vector_2
                0x0000028e                __vector_21
                0x0000028e                __vector_15
                0x0000028e                __vector_36
                0x0000028e                __vector_8
                0x0000028e                __vector_14
                0x0000028e                __vector_10
                0x0000028e                __vector_16
                0x00000292                . = ALIGN (0x2)
 *(.text.*)
 .text.read_AD590
                0x00000292       0xac ad590.o
                0x00000292                read_AD590
 .text.read_ADS1115
                0x0000033e      0x1fe ads1115.o
                0x0000033e                read_ADS1115
 .text.init_BEEPER
                0x0000053c        0xe beeper.o
                0x0000053c                init_BEEPER
 .text.echo_cmd
                0x0000054a       0x8a commands.o
                0x0000054a                echo_cmd
 .text.get_cmdline
                0x000005d4       0x58 commands.o
                0x000005d4                get_cmdline
 .text.isaletter
                0x0000062c       0x1a commands.o
                0x0000062c                isaletter
 .text.parse_cmd
                0x00000646      0x128 commands.o
                0x00000646                parse_cmd
 .text.send_prompt
                0x0000076e       0xbe commands.o
                0x0000076e                send_prompt
 .text.rebootACKd
                0x0000082c       0x58 commands.o
                0x0000082c                rebootACKd
 .text.commands
                0x00000884       0xee commands.o
                0x00000884                commands
 .text.convert_ds2iso
                0x00000972       0x42 ds3231.o
                0x00000972                convert_ds2iso
 .text.convert_iso2ds
                0x000009b4       0xc0 ds3231.o
                0x000009b4                convert_iso2ds
 .text.read_DS3231
                0x00000a74       0x7c ds3231.o
                0x00000a74                read_DS3231
 .text.get_time
                0x00000af0       0x54 ds3231.o
                0x00000af0                get_time
 .text.write_DS3231
                0x00000b44       0x74 ds3231.o
                0x00000b44                write_DS3231
 .text.put_time
                0x00000bb8       0x30 ds3231.o
                0x00000bb8                put_time
 .text.get_BOOTTIME
                0x00000be8        0xe eeprom.o
                0x00000be8                get_BOOTTIME
 .text.get_VERSION
                0x00000bf6        0xe eeprom.o
                0x00000bf6                get_VERSION
 .text.update_BOOTTIME
                0x00000c04       0x32 eeprom.o
                0x00000c04                update_BOOTTIME
 .text.update_VERSION
                0x00000c36       0x3c eeprom.o
                0x00000c36                update_VERSION
 .text.init_EEPROM
                0x00000c72        0xa eeprom.o
                0x00000c72                init_EEPROM
 .text.printError
                0x00000c7c       0x92 errors.o
                0x00000c7c                printError
 .text.read_FRAM
                0x00000d0e       0x84 fram.o
                0x00000d0e                read_FRAM
 .text.write_FRAM
                0x00000d92       0x64 fram.o
                0x00000d92                write_FRAM
 .text.get_humidity
                0x00000df6       0xc8 humidity.o
                0x00000df6                get_humidity
 .text.initialize
                0x00000ebe       0x8a initialize.o
                0x00000ebe                initialize
 .text.__vector_29
                0x00000f48       0x56 interrupts.o
                0x00000f48                __vector_29
 .text.read_ionpump
                0x00000f9e       0x9c ionpump.o
                0x00000f9e                read_ionpump
 .text.init_LED
                0x0000103a        0xc led.o
                0x0000103a                init_LED
 .text.main     0x00001046       0x18 main.o
                0x00001046                main
 .text.read_MCP23008
                0x0000105e       0x2e mcp23008.o
                0x0000105e                read_MCP23008
 .text.write_MCP23008
                0x0000108c       0x54 mcp23008.o
                0x0000108c                write_MCP23008
 .text.read_MCP9808
                0x000010e0       0x9e mcp9808.o
                0x000010e0                read_MCP9808
 .text.read_MMA8451
                0x0000117e       0x68 mma8451.o
                0x0000117e                read_MMA8451
 .text.get_orientation
                0x000011e6      0x130 mma8451.o
                0x000011e6                get_orientation
 .text.write_MMA8451
                0x00001316       0x54 mma8451.o
                0x00001316                write_MMA8451
 .text.init_MMA8451
                0x0000136a       0x64 mma8451.o
                0x0000136a                init_MMA8451
 .text.checksum_NMEA
                0x000013ce       0x92 nmea.o
                0x000013ce                checksum_NMEA
 .text.write_OLED
                0x00001460       0x24 oled.o
                0x00001460                write_OLED
 .text.init_OLED
                0x00001484      0x180 oled.o
                0x00001484                init_OLED
 .text.writestr_OLED
                0x00001604       0xba oled.o
                0x00001604                writestr_OLED
 .text.clear_OLED
                0x000016be       0x56 oled.o
                0x000016be                clear_OLED
 .text.init_PNEU
                0x00001714       0x7a pneu.o
                0x00001714                init_PNEU
 .text.read_PNEUSENSORS
                0x0000178e       0xd8 pneu.o
                0x0000178e                read_PNEUSENSORS
 .text.set_PNEUVALVES
                0x00001866       0x24 pneu.o
                0x00001866                set_PNEUVALVES
 .text.close_PNEU
                0x0000188a      0x124 pneu.o
                0x0000188a                close_PNEU
 .text.open_PNEU
                0x000019ae      0x124 pneu.o
                0x000019ae                open_PNEU
 .text.__vector_20
                0x00001ad2       0x5e pneu.o
                0x00001ad2                __vector_20
 .text.init_PORTS
                0x00001b30       0x70 ports.o
                0x00001b30                init_PORTS
 .text.report   0x00001ba0      0xc56 report.o
                0x00001ba0                report
 .text.crc16    0x000027f6       0x4a roboclaw.o
                0x000027f6                crc16
 .text.ROBOGoTo
                0x00002840       0xc4 roboclaw.o
                0x00002840                ROBOGoTo
 .text.get_ROBOEncoder
                0x00002904      0x160 roboclaw.o
                0x00002904                get_ROBOEncoder
 .text.ROBOMove
                0x00002a64       0xcc roboclaw.o
                0x00002a64                ROBOMove
 .text.get_ROBOFloat
                0x00002b30       0xfa roboclaw.o
                0x00002b30                get_ROBOFloat
 .text.get_ROBOInt32
                0x00002c2a      0x13c roboclaw.o
                0x00002c2a                get_ROBOInt32
 .text.init_RTC
                0x00002d66       0x5c rtc.o
                0x00002d66                init_RTC
 .text.__vector_3
                0x00002dc2       0x8a rtc.o
                0x00002dc2                __vector_3
 .text.set      0x00002e4c       0x62 set.o
                0x00002e4c                set
 .text.init_SPECID
                0x00002eae       0x10 specID.o
                0x00002eae                init_SPECID
 .text.get_temperature
                0x00002ebe       0x20 temperature.o
                0x00002ebe                get_temperature
 .text.testroutine
                0x00002ede       0x80 testroutine.o
                0x00002ede                testroutine
 .text.start_TCB0
                0x00002f5e       0x2c timers.o
                0x00002f5e                start_TCB0
 .text.stop_TCB0
                0x00002f8a        0x6 timers.o
                0x00002f8a                stop_TCB0
 .text.__vector_12
                0x00002f90       0x34 timers.o
                0x00002f90                __vector_12
 .text.init_TWI
                0x00002fc4       0x16 twi.o
                0x00002fc4                init_TWI
 .text.read_TWI
                0x00002fda       0x20 twi.o
                0x00002fda                read_TWI
 .text.readlast_TWI
                0x00002ffa       0x1a twi.o
                0x00002ffa                readlast_TWI
 .text.start_TWI
                0x00003014       0x4c twi.o
                0x00003014                start_TWI
 .text.stop_TWI
                0x00003060        0x8 twi.o
                0x00003060                stop_TWI
 .text.write_TWI
                0x00003068       0x2a twi.o
                0x00003068                write_TWI
 .text.init_USART
                0x00003092       0xb0 usart.o
                0x00003092                init_USART
 .text.send_USART
                0x00003142      0x10c usart.o
                0x00003142                send_USART
 .text.__vector_17
                0x0000324e       0x86 usart.o
                0x0000324e                __vector_17
 .text.__vector_18
                0x000032d4       0x6e usart.o
                0x000032d4                __vector_18
 .text.__vector_26
                0x00003342       0x56 usart.o
                0x00003342                __vector_26
 .text.__vector_27
                0x00003398       0x6e usart.o
                0x00003398                __vector_27
 .text.__vector_37
                0x00003406       0x6a usart.o
                0x00003406                __vector_37
 .text.__vector_38
                0x00003470       0x5c usart.o
                0x00003470                __vector_38
 .text.reboot   0x000034cc       0x14 wdt.o
                0x000034cc                reboot
 .text.init_XPORT
                0x000034e0       0x18 xport.o
                0x000034e0                init_XPORT
 .text.avr-libc.fplib
                0x000034f8        0xe c:/program files (x86)/atmel/studio/7.0/toolchain/avr8/avr8-gnu-toolchain/bin/../lib/gcc/avr/5.4.0/../../../../avr/lib/avrxmega3\libm.a(addsf3.o)
                0x000034f8                __subsf3
                0x000034fa                __addsf3
 .text.avr-libc.fplib
                0x00003506       0xcc c:/program files (x86)/atmel/studio/7.0/toolchain/avr8/avr8-gnu-toolchain/bin/../lib/gcc/avr/5.4.0/../../../../avr/lib/avrxmega3\libm.a(addsf3x.o)
                0x00003528                __addsf3x
 .text.avr-libc.fplib
                0x000035d2        0xa c:/program files (x86)/atmel/studio/7.0/toolchain/avr8/avr8-gnu-toolchain/bin/../lib/gcc/avr/5.4.0/../../../../avr/lib/avrxmega3\libm.a(cmpsf2.o)
                0x000035d2                __nesf2
                0x000035d2                __eqsf2
                0x000035d2                __cmpsf2
                0x000035d2                __ltsf2
                0x000035d2                __lesf2
 .text.avr-libc.fplib
                0x000035dc        0x8 c:/program files (x86)/atmel/studio/7.0/toolchain/avr8/avr8-gnu-toolchain/bin/../lib/gcc/avr/5.4.0/../../../../avr/lib/avrxmega3\libm.a(divsf3.o)
                0x000035dc                __divsf3
 .text.avr-libc.fplib
                0x000035e4       0xdc c:/program files (x86)/atmel/studio/7.0/toolchain/avr8/avr8-gnu-toolchain/bin/../lib/gcc/avr/5.4.0/../../../../avr/lib/avrxmega3\libm.a(divsf3x.o)
                0x00003604                __divsf3x
                0x0000360a                __divsf3_pse
 .text.avr-libc.fplib
                0x000036c0       0x7a c:/program files (x86)/atmel/studio/7.0/toolchain/avr8/avr8-gnu-toolchain/bin/../lib/gcc/avr/5.4.0/../../../../avr/lib/avrxmega3\libm.a(floatsisf.o)
                0x000036c0                __floatunsisf
                0x000036c4                __floatsisf
 .text.avr-libc.fplib
                0x0000373a       0x48 c:/program files (x86)/atmel/studio/7.0/toolchain/avr8/avr8-gnu-toolchain/bin/../lib/gcc/avr/5.4.0/../../../../avr/lib/avrxmega3\libm.a(fp_cmp.o)
                0x0000373a                __fp_cmp
 .text.avr-libc.fplib
                0x00003782        0xc c:/program files (x86)/atmel/studio/7.0/toolchain/avr8/avr8-gnu-toolchain/bin/../lib/gcc/avr/5.4.0/../../../../avr/lib/avrxmega3\libm.a(fp_inf.o)
                0x00003782                __fp_inf
 .text.avr-libc.fplib
                0x0000378e        0x6 c:/program files (x86)/atmel/studio/7.0/toolchain/avr8/avr8-gnu-toolchain/bin/../lib/gcc/avr/5.4.0/../../../../avr/lib/avrxmega3\libm.a(fp_nan.o)
                0x0000378e                __fp_nan
 .text.avr-libc.fplib
                0x00003794        0xe c:/program files (x86)/atmel/studio/7.0/toolchain/avr8/avr8-gnu-toolchain/bin/../lib/gcc/avr/5.4.0/../../../../avr/lib/avrxmega3\libm.a(fp_pscA.o)
                0x00003794                __fp_pscA
 .text.avr-libc.fplib
                0x000037a2        0xe c:/program files (x86)/atmel/studio/7.0/toolchain/avr8/avr8-gnu-toolchain/bin/../lib/gcc/avr/5.4.0/../../../../avr/lib/avrxmega3\libm.a(fp_pscB.o)
                0x000037a2                __fp_pscB
 .text.avr-libc.fplib
                0x000037b0       0x22 c:/program files (x86)/atmel/studio/7.0/toolchain/avr8/avr8-gnu-toolchain/bin/../lib/gcc/avr/5.4.0/../../../../avr/lib/avrxmega3\libm.a(fp_round.o)
                0x000037b0                __fp_round
 .text.avr-libc.fplib
                0x000037d2       0x44 c:/program files (x86)/atmel/studio/7.0/toolchain/avr8/avr8-gnu-toolchain/bin/../lib/gcc/avr/5.4.0/../../../../avr/lib/avrxmega3\libm.a(fp_split3.o)
                0x000037d2                __fp_split3
                0x000037e2                __fp_splitA
 .text.avr-libc.fplib
                0x00003816        0xe c:/program files (x86)/atmel/studio/7.0/toolchain/avr8/avr8-gnu-toolchain/bin/../lib/gcc/avr/5.4.0/../../../../avr/lib/avrxmega3\libm.a(fp_zero.o)
                0x00003816                __fp_zero
                0x00003818                __fp_szero
 .text.avr-libc.fplib
                0x00003824        0xa c:/program files (x86)/atmel/studio/7.0/toolchain/avr8/avr8-gnu-toolchain/bin/../lib/gcc/avr/5.4.0/../../../../avr/lib/avrxmega3\libm.a(gesf2.o)
                0x00003824                __gesf2
                0x00003824                __gtsf2
 .text.avr-libc.fplib
                0x0000382e        0x8 c:/program files (x86)/atmel/studio/7.0/toolchain/avr8/avr8-gnu-toolchain/bin/../lib/gcc/avr/5.4.0/../../../../avr/lib/avrxmega3\libm.a(mulsf3.o)
                0x0000382e                __mulsf3
 .text.avr-libc.fplib
                0x00003836       0xd2 c:/program files (x86)/atmel/studio/7.0/toolchain/avr8/avr8-gnu-toolchain/bin/../lib/gcc/avr/5.4.0/../../../../avr/lib/avrxmega3\libm.a(mulsf3x.o)
                0x00003854                __mulsf3x
                0x0000385a                __mulsf3_pse
 .text.avr-libc
                0x00003908      0x6fa c:/program files (x86)/atmel/studio/7.0/toolchain/avr8/avr8-gnu-toolchain/bin/../lib/gcc/avr/5.4.0/../../../../avr/lib/avrxmega3\libprintf_flt.a(vfprintf_flt.o)
                0x00003908                vfprintf
 .text.libgcc.div
                0x00004002       0x28 c:/program files (x86)/atmel/studio/7.0/toolchain/avr8/avr8-gnu-toolchain/bin/../lib/gcc/avr/5.4.0/avrxmega3\libgcc.a(_divmodhi4.o)
                0x00004002                _div
                0x00004002                __divmodhi4
 .text.libgcc.div
                0x0000402a       0x2e c:/program files (x86)/atmel/studio/7.0/toolchain/avr8/avr8-gnu-toolchain/bin/../lib/gcc/avr/5.4.0/avrxmega3\libgcc.a(_divmodsi4.o)
                0x0000402a                __divmodsi4
 .text.libgcc.div
                0x00004058       0x10 c:/program files (x86)/atmel/studio/7.0/toolchain/avr8/avr8-gnu-toolchain/bin/../lib/gcc/avr/5.4.0/avrxmega3\libgcc.a(_negsi2.o)
                0x00004058                __negsi2
 .text.libgcc   0x00004068        0xc c:/program files (x86)/atmel/studio/7.0/toolchain/avr8/avr8-gnu-toolchain/bin/../lib/gcc/avr/5.4.0/avrxmega3\libgcc.a(_tablejump2.o)
                0x00004068                __tablejump2__
 .text.libgcc.mul
                0x00004074       0x16 c:/program files (x86)/atmel/studio/7.0/toolchain/avr8/avr8-gnu-toolchain/bin/../lib/gcc/avr/5.4.0/avrxmega3\libgcc.a(_muluhisi3.o)
                0x00004074                __muluhisi3
 .text.libgcc.prologue
                0x0000408a       0x32 c:/program files (x86)/atmel/studio/7.0/toolchain/avr8/avr8-gnu-toolchain/bin/../lib/gcc/avr/5.4.0/avrxmega3\libgcc.a(_prologue.o)
                0x0000408a                __prologue_saves__
 .text.libgcc.prologue
                0x000040bc       0x30 c:/program files (x86)/atmel/studio/7.0/toolchain/avr8/avr8-gnu-toolchain/bin/../lib/gcc/avr/5.4.0/avrxmega3\libgcc.a(_epilogue.o)
                0x000040bc                __epilogue_restores__
 .text.libgcc.div
                0x000040ec       0x28 c:/program files (x86)/atmel/studio/7.0/toolchain/avr8/avr8-gnu-toolchain/bin/../lib/gcc/avr/5.4.0/avrxmega3\libgcc.a(_udivmodhi4.o)
                0x000040ec                __udivmodhi4
 .text.libgcc.div
                0x00004114       0x44 c:/program files (x86)/atmel/studio/7.0/toolchain/avr8/avr8-gnu-toolchain/bin/../lib/gcc/avr/5.4.0/avrxmega3\libgcc.a(_udivmodsi4.o)
                0x00004114                __udivmodsi4
 .text.libgcc.mul
                0x00004158       0x1e c:/program files (x86)/atmel/studio/7.0/toolchain/avr8/avr8-gnu-toolchain/bin/../lib/gcc/avr/5.4.0/avrxmega3\libgcc.a(_umulhisi3.o)
                0x00004158                __umulhisi3
 .text.avr-libc
                0x00004176       0x4e c:/program files (x86)/atmel/studio/7.0/toolchain/avr8/avr8-gnu-toolchain/bin/../lib/gcc/avr/5.4.0/../../../../avr/lib/avrxmega3\libc.a(atol.o)
                0x00004176                atol
 .text.avr-libc
                0x000041c4      0x1b0 c:/program files (x86)/atmel/studio/7.0/toolchain/avr8/avr8-gnu-toolchain/bin/../lib/gcc/avr/5.4.0/../../../../avr/lib/avrxmega3\libc.a(ftoa_engine.o)
                0x000041c4                __ftoa_engine
 .text.avr-libc
                0x00004374       0x16 c:/program files (x86)/atmel/studio/7.0/toolchain/avr8/avr8-gnu-toolchain/bin/../lib/gcc/avr/5.4.0/../../../../avr/lib/avrxmega3\libc.a(strnlen_P.o)
                0x00004374                strnlen_P
 .text.avr-libc
                0x0000438a       0x16 c:/program files (x86)/atmel/studio/7.0/toolchain/avr8/avr8-gnu-toolchain/bin/../lib/gcc/avr/5.4.0/../../../../avr/lib/avrxmega3\libc.a(strcat.o)
                0x0000438a                strcat
 .text.avr-libc
                0x000043a0        0xe c:/program files (x86)/atmel/studio/7.0/toolchain/avr8/avr8-gnu-toolchain/bin/../lib/gcc/avr/5.4.0/../../../../avr/lib/avrxmega3\libc.a(strcpy.o)
                0x000043a0                strcpy
 .text.avr-libc
                0x000043ae       0x16 c:/program files (x86)/atmel/studio/7.0/toolchain/avr8/avr8-gnu-toolchain/bin/../lib/gcc/avr/5.4.0/../../../../avr/lib/avrxmega3\libc.a(strnlen.o)
                0x000043ae                strnlen
 .text.avr-libc
                0x000043c4       0x2a c:/program files (x86)/atmel/studio/7.0/toolchain/avr8/avr8-gnu-toolchain/bin/../lib/gcc/avr/5.4.0/../../../../avr/lib/avrxmega3\libc.a(mulsi10.o)
                0x000043c4                __mulsi_const_10
 .text.avr-libc
                0x000043ee       0x78 c:/program files (x86)/atmel/studio/7.0/toolchain/avr8/avr8-gnu-toolchain/bin/../lib/gcc/avr/5.4.0/../../../../avr/lib/avrxmega3\libc.a(fputc.o)
                0x000043ee                fputc
 .text.avr-libc
                0x00004466       0x44 c:/program files (x86)/atmel/studio/7.0/toolchain/avr8/avr8-gnu-toolchain/bin/../lib/gcc/avr/5.4.0/../../../../avr/lib/avrxmega3\libc.a(sprintf.o)
                0x00004466                sprintf
 .text.avr-libc
                0x000044aa       0xbc c:/program files (x86)/atmel/studio/7.0/toolchain/avr8/avr8-gnu-toolchain/bin/../lib/gcc/avr/5.4.0/../../../../avr/lib/avrxmega3\libc.a(ultoa_invert.o)
                0x000044aa                __ultoa_invert
 .text.avr-libc
                0x00004566        0x8 C:/Program Files (x86)/Atmel/Studio/7.0/Packs/atmel/ATmega_DFP/1.6.364/gcc/dev/atmega4809/avrxmega3\libatmega4809.a(eerd_block.o)
                0x00004566                eeprom_read_block
 .text.avr-libc
                0x0000456e       0x20 C:/Program Files (x86)/Atmel/Studio/7.0/Packs/atmel/ATmega_DFP/1.6.364/gcc/dev/atmega4809/avrxmega3\libatmega4809.a(eeupd_block.o)
                0x0000456e                eeprom_update_block
 .text.avr-libc
                0x0000458e       0x16 C:/Program Files (x86)/Atmel/Studio/7.0/Packs/atmel/ATmega_DFP/1.6.364/gcc/dev/atmega4809/avrxmega3\libatmega4809.a(eeupd_byte.o)
                0x0000458e                eeprom_update_byte
                0x00004590                eeprom_update_r18
 .text.avr-libc
                0x000045a4       0x28 C:/Program Files (x86)/Atmel/Studio/7.0/Packs/atmel/ATmega_DFP/1.6.364/gcc/dev/atmega4809/avrxmega3\libatmega4809.a(eewr_byte.o)
                0x000045a4                eeprom_write_byte
                0x000045a6                eeprom_write_r18
 .text.avr-libc
                0x000045cc       0x10 C:/Program Files (x86)/Atmel/Studio/7.0/Packs/atmel/ATmega_DFP/1.6.364/gcc/dev/atmega4809/avrxmega3\libatmega4809.a(eerd_byte.o)
                0x000045cc                eeprom_read_byte
                0x000045d4                eeprom_mapen
 .text.avr-libc
                0x000045dc       0x12 c:/program files (x86)/atmel/studio/7.0/toolchain/avr8/avr8-gnu-toolchain/bin/../lib/gcc/avr/5.4.0/../../../../avr/lib/avrxmega3\libc.a(memcpy.o)
                0x000045dc                memcpy
                0x000045ee                . = ALIGN (0x2)
 *(.fini9)
 .fini9         0x000045ee        0x0 c:/program files (x86)/atmel/studio/7.0/toolchain/avr8/avr8-gnu-toolchain/bin/../lib/gcc/avr/5.4.0/avrxmega3\libgcc.a(_exit.o)
                0x000045ee                _exit
                0x000045ee                exit
 *(.fini9)
 *(.fini8)
 *(.fini8)
 *(.fini7)
 *(.fini7)
 *(.fini6)
 *(.fini6)
 *(.fini5)
 *(.fini5)
 *(.fini4)
 *(.fini4)
 *(.fini3)
 *(.fini3)
 *(.fini2)
 *(.fini2)
 *(.fini1)
 *(.fini1)
 *(.fini0)
 .fini0         0x000045ee        0x4 c:/program files (x86)/atmel/studio/7.0/toolchain/avr8/avr8-gnu-toolchain/bin/../lib/gcc/avr/5.4.0/avrxmega3\libgcc.a(_exit.o)
 *(.fini0)
                0x000045f2                _etext = .

.rodata         0x000085f2      0x36c load address 0x000045f2
 *(.rodata)
 *(.rodata*)
 .rodata.str1.1
                0x000085f2        0xb commands.o
 .rodata.str1.1
                0x000085fd       0x2d ds3231.o
 .rodata.str1.1
                0x0000862a        0xb eeprom.o
 .rodata.str1.1
                0x00008635        0xe errors.o
 .rodata.str1.1
                0x00008643       0x11 initialize.o
 .rodata.str1.1
                0x00008654        0x8 nmea.o
 .rodata.str1.1
                0x0000865c       0x11 oled.o
 .rodata.str1.1
                0x0000866d       0x29 pneu.o
 .rodata.str1.1
                0x00008696      0x1e1 report.o
                                0x1f2 (size before relaxing)
 .rodata.str1.1
                0x00008877       0xda roboclaw.o
 .rodata.str1.1
                0x00008951        0xd testroutine.o
 *(.gnu.linkonce.r*)

.data           0x00802800        0x2 load address 0x0000495e
                0x00802800                PROVIDE (__data_start, .)
 *(.data)
 *(.data*)
 .data.rebootnack.3699
                0x00802800        0x1 commands.o
 *(.gnu.linkonce.d*)
                0x00802802                . = ALIGN (0x2)
 *fill*         0x00802801        0x1 
                0x00802802                _edata = .
                0x00802802                PROVIDE (__data_end, .)

.bss            0x00802802      0x82e
                0x00802802                PROVIDE (__bss_start, .)
 *(.bss)
 *(.bss*)
 .bss.cstack.3651
                0x00802802        0x1 commands.o
 *(COMMON)
 COMMON         0x00802803      0x208 main.o
                0x00802803                pcmd
 COMMON         0x00802a0b        0x4 oled.o
                0x00802a0b                timerOLED
                0x00802a0d                timeoutOLED
 COMMON         0x00802a0f        0x1 pneu.o
                0x00802a0f                pneuState
 COMMON         0x00802a10        0x2 roboclaw.o
                0x00802a10                ticks
 COMMON         0x00802a12      0x61e usart.o
                0x00802a12                recv1_buf
                0x00802b17                recv0_buf
                0x00802c1c                send0_buf
                0x00802d21                recv3_buf
                0x00802e26                send3_buf
                0x00802f2b                send1_buf
                0x00803030                PROVIDE (__bss_end, .)
                0x0000495e                __data_load_start = LOADADDR (.data)
                0x00004960                __data_load_end = (__data_load_start + SIZEOF (.data))

.noinit         0x00803030        0x0
                [!provide]                PROVIDE (__noinit_start, .)
 *(.noinit*)
                [!provide]                PROVIDE (__noinit_end, .)
                0x00803030                _end = .
                [!provide]                PROVIDE (__heap_start, .)

.eeprom         0x00810000        0x0
 *(.eeprom*)
                0x00810000                __eeprom_end = .

.fuse
 *(.fuse)
 *(.lfuse)
 *(.hfuse)
 *(.efuse)

.lock
 *(.lock*)

.signature
 *(.signature*)

.user_signatures
 *(.user_signatures*)

.stab
 *(.stab)

.stabstr
 *(.stabstr)

.stab.excl
 *(.stab.excl)

.stab.exclstr
 *(.stab.exclstr)

.stab.index
 *(.stab.index)

.stab.indexstr
 *(.stab.indexstr)

.comment        0x00000000       0x5c
 *(.comment)
 .comment       0x00000000       0x30 ad590.o
                                 0x31 (size before relaxing)
 .comment       0x00000030       0x31 ads1115.o
 .comment       0x00000030       0x31 beeper.o
 .comment       0x00000030       0x31 commands.o
 .comment       0x00000030       0x31 ds3231.o
 .comment       0x00000030       0x31 eeprom.o
 .comment       0x00000030       0x31 errors.o
 .comment       0x00000030       0x31 fram.o
 .comment       0x00000030       0x31 humidity.o
 .comment       0x00000030       0x31 initialize.o
 .comment       0x00000030       0x31 interrupts.o
 .comment       0x00000030       0x31 ionpump.o
 .comment       0x00000030       0x31 led.o
 .comment       0x00000030       0x31 main.o
 .comment       0x00000030       0x31 mcp23008.o
 .comment       0x00000030       0x31 mcp9808.o
 .comment       0x00000030       0x31 mma8451.o
 .comment       0x00000030       0x31 nmea.o
 .comment       0x00000030       0x31 oled.o
 .comment       0x00000030       0x31 pneu.o
 .comment       0x00000030       0x31 ports.o
 .comment       0x00000030       0x31 report.o
 .comment       0x00000030       0x31 roboclaw.o
 .comment       0x00000030       0x31 rtc.o
 .comment       0x00000030       0x31 set.o
 .comment       0x00000030       0x31 specID.o
 .comment       0x00000030       0x31 temperature.o
 .comment       0x00000030       0x31 testroutine.o
 .comment       0x00000030       0x31 timers.o
 .comment       0x00000030       0x31 twi.o
 .comment       0x00000030       0x31 usart.o
 .comment       0x00000030       0x31 wdt.o
 .comment       0x00000030       0x31 xport.o
 .comment       0x00000030       0x2c c:/program files (x86)/atmel/studio/7.0/toolchain/avr8/avr8-gnu-toolchain/bin/../lib/gcc/avr/5.4.0/../../../../avr/lib/avrxmega3\libprintf_flt.a(vfprintf_flt.o)
                                 0x2d (size before relaxing)
 .comment       0x0000005c       0x31 c:/program files (x86)/atmel/studio/7.0/toolchain/avr8/avr8-gnu-toolchain/bin/../lib/gcc/avr/5.4.0/../../../../avr/lib/avrxmega3\libc.a(fputc.o)
 .comment       0x0000005c       0x31 c:/program files (x86)/atmel/studio/7.0/toolchain/avr8/avr8-gnu-toolchain/bin/../lib/gcc/avr/5.4.0/../../../../avr/lib/avrxmega3\libc.a(sprintf.o)

.note.gnu.avr.deviceinfo
                0x00000000       0x40
 .note.gnu.avr.deviceinfo
                0x00000000       0x40 C:/Program Files (x86)/Atmel/Studio/7.0/Packs/atmel/ATmega_DFP/1.6.364/gcc/dev/atmega4809/avrxmega3/crtatmega4809.o

.note.gnu.build-id
 *(.note.gnu.build-id)

.debug
 *(.debug)

.line
 *(.line)

.debug_srcinfo
 *(.debug_srcinfo)

.debug_sfnames
 *(.debug_sfnames)

.debug_aranges  0x00000000      0x648
 *(.debug_aranges)
 .debug_aranges
                0x00000000       0x20 ad590.o
 .debug_aranges
                0x00000020       0x20 ads1115.o
 .debug_aranges
                0x00000040       0x20 beeper.o
 .debug_aranges
                0x00000060       0x58 commands.o
 .debug_aranges
                0x000000b8       0x48 ds3231.o
 .debug_aranges
                0x00000100       0x40 eeprom.o
 .debug_aranges
                0x00000140       0x20 errors.o
 .debug_aranges
                0x00000160       0x28 fram.o
 .debug_aranges
                0x00000188       0x20 humidity.o
 .debug_aranges
                0x000001a8       0x20 initialize.o
 .debug_aranges
                0x000001c8       0x20 interrupts.o
 .debug_aranges
                0x000001e8       0x20 ionpump.o
 .debug_aranges
                0x00000208       0x20 led.o
 .debug_aranges
                0x00000228       0x20 main.o
 .debug_aranges
                0x00000248       0x28 mcp23008.o
 .debug_aranges
                0x00000270       0x20 mcp9808.o
 .debug_aranges
                0x00000290       0x38 mma8451.o
 .debug_aranges
                0x000002c8       0x20 nmea.o
 .debug_aranges
                0x000002e8       0x38 oled.o
 .debug_aranges
                0x00000320       0x48 pneu.o
 .debug_aranges
                0x00000368       0x20 ports.o
 .debug_aranges
                0x00000388       0x20 report.o
 .debug_aranges
                0x000003a8       0x48 roboclaw.o
 .debug_aranges
                0x000003f0       0x28 rtc.o
 .debug_aranges
                0x00000418       0x20 set.o
 .debug_aranges
                0x00000438       0x20 specID.o
 .debug_aranges
                0x00000458       0x20 temperature.o
 .debug_aranges
                0x00000478       0x20 testroutine.o
 .debug_aranges
                0x00000498       0x30 timers.o
 .debug_aranges
                0x000004c8       0x48 twi.o
 .debug_aranges
                0x00000510       0x58 usart.o
 .debug_aranges
                0x00000568       0x20 wdt.o
 .debug_aranges
                0x00000588       0x20 xport.o
 .debug_aranges
                0x000005a8       0x20 C:/Program Files (x86)/Atmel/Studio/7.0/Packs/atmel/ATmega_DFP/1.6.364/gcc/dev/atmega4809/avrxmega3\libatmega4809.a(eerd_block.o)
 .debug_aranges
                0x000005c8       0x20 C:/Program Files (x86)/Atmel/Studio/7.0/Packs/atmel/ATmega_DFP/1.6.364/gcc/dev/atmega4809/avrxmega3\libatmega4809.a(eeupd_block.o)
 .debug_aranges
                0x000005e8       0x20 C:/Program Files (x86)/Atmel/Studio/7.0/Packs/atmel/ATmega_DFP/1.6.364/gcc/dev/atmega4809/avrxmega3\libatmega4809.a(eeupd_byte.o)
 .debug_aranges
                0x00000608       0x20 C:/Program Files (x86)/Atmel/Studio/7.0/Packs/atmel/ATmega_DFP/1.6.364/gcc/dev/atmega4809/avrxmega3\libatmega4809.a(eewr_byte.o)
 .debug_aranges
                0x00000628       0x20 C:/Program Files (x86)/Atmel/Studio/7.0/Packs/atmel/ATmega_DFP/1.6.364/gcc/dev/atmega4809/avrxmega3\libatmega4809.a(eerd_byte.o)

.debug_pubnames
 *(.debug_pubnames)

.debug_info     0x00000000     0xa1cc
 *(.debug_info .gnu.linkonce.wi.*)
 .debug_info    0x00000000     0x248a C:/Program Files (x86)/Atmel/Studio/7.0/Packs/atmel/ATmega_DFP/1.6.364/gcc/dev/atmega4809/avrxmega3/crtatmega4809.o
 .debug_info    0x0000248a      0x214 ad590.o
 .debug_info    0x0000269e      0x347 ads1115.o
 .debug_info    0x000029e5      0x21f beeper.o
 .debug_info    0x00002c04      0x91a commands.o
 .debug_info    0x0000351e      0x459 ds3231.o
 .debug_info    0x00003977      0x24f eeprom.o
 .debug_info    0x00003bc6      0x2fe errors.o
 .debug_info    0x00003ec4      0x2c0 fram.o
 .debug_info    0x00004184      0x14b humidity.o
 .debug_info    0x000042cf      0x43d initialize.o
 .debug_info    0x0000470c      0x23a interrupts.o
 .debug_info    0x00004946      0x105 ionpump.o
 .debug_info    0x00004a4b      0x21f led.o
 .debug_info    0x00004c6a      0x1f4 main.o
 .debug_info    0x00004e5e      0x214 mcp23008.o
 .debug_info    0x00005072      0x17c mcp9808.o
 .debug_info    0x000051ee      0x426 mma8451.o
 .debug_info    0x00005614      0x15c nmea.o
 .debug_info    0x00005770      0x987 oled.o
 .debug_info    0x000060f7      0x78b pneu.o
 .debug_info    0x00006882      0x255 ports.o
 .debug_info    0x00006ad7      0xe77 report.o
 .debug_info    0x0000794e      0x8ea roboclaw.o
 .debug_info    0x00008238      0x6b6 rtc.o
 .debug_info    0x000088ee      0x19e set.o
 .debug_info    0x00008a8c      0x21f specID.o
 .debug_info    0x00008cab       0xeb temperature.o
 .debug_info    0x00008d96      0x1bd testroutine.o
 .debug_info    0x00008f53      0x26e timers.o
 .debug_info    0x000091c1      0x304 twi.o
 .debug_info    0x000094c5      0x5c6 usart.o
 .debug_info    0x00009a8b      0x182 wdt.o
 .debug_info    0x00009c0d      0x2a0 xport.o
 .debug_info    0x00009ead       0xa0 C:/Program Files (x86)/Atmel/Studio/7.0/Packs/atmel/ATmega_DFP/1.6.364/gcc/dev/atmega4809/avrxmega3\libatmega4809.a(eerd_block.o)
 .debug_info    0x00009f4d       0xa1 C:/Program Files (x86)/Atmel/Studio/7.0/Packs/atmel/ATmega_DFP/1.6.364/gcc/dev/atmega4809/avrxmega3\libatmega4809.a(eeupd_block.o)
 .debug_info    0x00009fee       0xa0 C:/Program Files (x86)/Atmel/Studio/7.0/Packs/atmel/ATmega_DFP/1.6.364/gcc/dev/atmega4809/avrxmega3\libatmega4809.a(eeupd_byte.o)
 .debug_info    0x0000a08e       0x9f C:/Program Files (x86)/Atmel/Studio/7.0/Packs/atmel/ATmega_DFP/1.6.364/gcc/dev/atmega4809/avrxmega3\libatmega4809.a(eewr_byte.o)
 .debug_info    0x0000a12d       0x9f C:/Program Files (x86)/Atmel/Studio/7.0/Packs/atmel/ATmega_DFP/1.6.364/gcc/dev/atmega4809/avrxmega3\libatmega4809.a(eerd_byte.o)

.debug_abbrev   0x00000000     0x4756
 *(.debug_abbrev)
 .debug_abbrev  0x00000000     0x2296 C:/Program Files (x86)/Atmel/Studio/7.0/Packs/atmel/ATmega_DFP/1.6.364/gcc/dev/atmega4809/avrxmega3/crtatmega4809.o
 .debug_abbrev  0x00002296      0x120 ad590.o
 .debug_abbrev  0x000023b6      0x111 ads1115.o
 .debug_abbrev  0x000024c7       0xa4 beeper.o
 .debug_abbrev  0x0000256b      0x290 commands.o
 .debug_abbrev  0x000027fb      0x142 ds3231.o
 .debug_abbrev  0x0000293d       0xda eeprom.o
 .debug_abbrev  0x00002a17      0x127 errors.o
 .debug_abbrev  0x00002b3e       0xd0 fram.o
 .debug_abbrev  0x00002c0e       0xa9 humidity.o
 .debug_abbrev  0x00002cb7      0x121 initialize.o
 .debug_abbrev  0x00002dd8       0xc3 interrupts.o
 .debug_abbrev  0x00002e9b       0x9c ionpump.o
 .debug_abbrev  0x00002f37       0xa4 led.o
 .debug_abbrev  0x00002fdb       0xe8 main.o
 .debug_abbrev  0x000030c3       0xc7 mcp23008.o
 .debug_abbrev  0x0000318a       0x9a mcp9808.o
 .debug_abbrev  0x00003224      0x127 mma8451.o
 .debug_abbrev  0x0000334b      0x104 nmea.o
 .debug_abbrev  0x0000344f      0x1cd oled.o
 .debug_abbrev  0x0000361c      0x1c2 pneu.o
 .debug_abbrev  0x000037de       0xbe ports.o
 .debug_abbrev  0x0000389c      0x192 report.o
 .debug_abbrev  0x00003a2e      0x237 roboclaw.o
 .debug_abbrev  0x00003c65      0x176 rtc.o
 .debug_abbrev  0x00003ddb       0xf7 set.o
 .debug_abbrev  0x00003ed2       0xa4 specID.o
 .debug_abbrev  0x00003f76       0x90 temperature.o
 .debug_abbrev  0x00004006      0x147 testroutine.o
 .debug_abbrev  0x0000414d      0x12b timers.o
 .debug_abbrev  0x00004278      0x112 twi.o
 .debug_abbrev  0x0000438a      0x1a2 usart.o
 .debug_abbrev  0x0000452c       0xbc wdt.o
 .debug_abbrev  0x000045e8      0x10a xport.o
 .debug_abbrev  0x000046f2       0x14 C:/Program Files (x86)/Atmel/Studio/7.0/Packs/atmel/ATmega_DFP/1.6.364/gcc/dev/atmega4809/avrxmega3\libatmega4809.a(eerd_block.o)
 .debug_abbrev  0x00004706       0x14 C:/Program Files (x86)/Atmel/Studio/7.0/Packs/atmel/ATmega_DFP/1.6.364/gcc/dev/atmega4809/avrxmega3\libatmega4809.a(eeupd_block.o)
 .debug_abbrev  0x0000471a       0x14 C:/Program Files (x86)/Atmel/Studio/7.0/Packs/atmel/ATmega_DFP/1.6.364/gcc/dev/atmega4809/avrxmega3\libatmega4809.a(eeupd_byte.o)
 .debug_abbrev  0x0000472e       0x14 C:/Program Files (x86)/Atmel/Studio/7.0/Packs/atmel/ATmega_DFP/1.6.364/gcc/dev/atmega4809/avrxmega3\libatmega4809.a(eewr_byte.o)
 .debug_abbrev  0x00004742       0x14 C:/Program Files (x86)/Atmel/Studio/7.0/Packs/atmel/ATmega_DFP/1.6.364/gcc/dev/atmega4809/avrxmega3\libatmega4809.a(eerd_byte.o)

.debug_line     0x00000000     0x4452
 *(.debug_line .debug_line.* .debug_line_end)
 .debug_line    0x00000000      0x187 C:/Program Files (x86)/Atmel/Studio/7.0/Packs/atmel/ATmega_DFP/1.6.364/gcc/dev/atmega4809/avrxmega3/crtatmega4809.o
 .debug_line    0x00000187      0x18f ad590.o
 .debug_line    0x00000316      0x23a ads1115.o
 .debug_line    0x00000550      0x10d beeper.o
 .debug_line    0x0000065d      0x580 commands.o
 .debug_line    0x00000bdd      0x269 ds3231.o
 .debug_line    0x00000e46      0x129 eeprom.o
 .debug_line    0x00000f6f      0x153 errors.o
 .debug_line    0x000010c2      0x14d fram.o
 .debug_line    0x0000120f      0x117 humidity.o
 .debug_line    0x00001326      0x197 initialize.o
 .debug_line    0x000014bd      0x120 interrupts.o
 .debug_line    0x000015dd       0xf9 ionpump.o
 .debug_line    0x000016d6      0x104 led.o
 .debug_line    0x000017da       0xd2 main.o
 .debug_line    0x000018ac      0x125 mcp23008.o
 .debug_line    0x000019d1       0xef mcp9808.o
 .debug_line    0x00001ac0      0x215 mma8451.o
 .debug_line    0x00001cd5       0xfc nmea.o
 .debug_line    0x00001dd1      0x364 oled.o
 .debug_line    0x00002135      0x38f pneu.o
 .debug_line    0x000024c4      0x1f2 ports.o
 .debug_line    0x000026b6      0x550 report.o
 .debug_line    0x00002c06      0x4f7 roboclaw.o
 .debug_line    0x000030fd      0x1d5 rtc.o
 .debug_line    0x000032d2       0xf4 set.o
 .debug_line    0x000033c6      0x109 specID.o
 .debug_line    0x000034cf       0xe4 temperature.o
 .debug_line    0x000035b3      0x152 testroutine.o
 .debug_line    0x00003705      0x157 timers.o
 .debug_line    0x0000385c      0x238 twi.o
 .debug_line    0x00003a94      0x462 usart.o
 .debug_line    0x00003ef6      0x120 wdt.o
 .debug_line    0x00004016      0x180 xport.o
 .debug_line    0x00004196       0x5d C:/Program Files (x86)/Atmel/Studio/7.0/Packs/atmel/ATmega_DFP/1.6.364/gcc/dev/atmega4809/avrxmega3\libatmega4809.a(eerd_block.o)
 .debug_line    0x000041f3       0xa5 C:/Program Files (x86)/Atmel/Studio/7.0/Packs/atmel/ATmega_DFP/1.6.364/gcc/dev/atmega4809/avrxmega3\libatmega4809.a(eeupd_block.o)
 .debug_line    0x00004298       0x80 C:/Program Files (x86)/Atmel/Studio/7.0/Packs/atmel/ATmega_DFP/1.6.364/gcc/dev/atmega4809/avrxmega3\libatmega4809.a(eeupd_byte.o)
 .debug_line    0x00004318       0xc1 C:/Program Files (x86)/Atmel/Studio/7.0/Packs/atmel/ATmega_DFP/1.6.364/gcc/dev/atmega4809/avrxmega3\libatmega4809.a(eewr_byte.o)
 .debug_line    0x000043d9       0x79 C:/Program Files (x86)/Atmel/Studio/7.0/Packs/atmel/ATmega_DFP/1.6.364/gcc/dev/atmega4809/avrxmega3\libatmega4809.a(eerd_byte.o)

.debug_frame    0x00000000      0xe70
 *(.debug_frame)
 .debug_frame   0x00000000       0x40 ad590.o
 .debug_frame   0x00000040       0x4c ads1115.o
 .debug_frame   0x0000008c       0x24 beeper.o
 .debug_frame   0x000000b0      0x108 commands.o
 .debug_frame   0x000001b8      0x110 ds3231.o
 .debug_frame   0x000002c8       0x84 eeprom.o
 .debug_frame   0x0000034c       0x40 errors.o
 .debug_frame   0x0000038c       0x74 fram.o
 .debug_frame   0x00000400       0x4c humidity.o
 .debug_frame   0x0000044c       0x34 initialize.o
 .debug_frame   0x00000480       0x6c interrupts.o
 .debug_frame   0x000004ec       0x38 ionpump.o
 .debug_frame   0x00000524       0x24 led.o
 .debug_frame   0x00000548       0x24 main.o
 .debug_frame   0x0000056c       0x50 mcp23008.o
 .debug_frame   0x000005bc       0x48 mcp9808.o
 .debug_frame   0x00000604       0xc4 mma8451.o
 .debug_frame   0x000006c8       0x48 nmea.o
 .debug_frame   0x00000710       0xa4 oled.o
 .debug_frame   0x000007b4      0x110 pneu.o
 .debug_frame   0x000008c4       0x24 ports.o
 .debug_frame   0x000008e8       0x88 report.o
 .debug_frame   0x00000970      0x124 roboclaw.o
 .debug_frame   0x00000a94       0x7c rtc.o
 .debug_frame   0x00000b10       0x30 set.o
 .debug_frame   0x00000b40       0x24 specID.o
 .debug_frame   0x00000b64       0x24 temperature.o
 .debug_frame   0x00000b88       0x40 testroutine.o
 .debug_frame   0x00000bc8       0x58 timers.o
 .debug_frame   0x00000c20       0x74 twi.o
 .debug_frame   0x00000c94      0x194 usart.o
 .debug_frame   0x00000e28       0x24 wdt.o
 .debug_frame   0x00000e4c       0x24 xport.o

.debug_str      0x00000000     0x2274
 *(.debug_str)
 .debug_str     0x00000000      0xf85 C:/Program Files (x86)/Atmel/Studio/7.0/Packs/atmel/ATmega_DFP/1.6.364/gcc/dev/atmega4809/avrxmega3/crtatmega4809.o
 .debug_str     0x00000f85      0x1da ad590.o
                                0x21f (size before relaxing)
 .debug_str     0x0000115f       0x8b ads1115.o
                                0x279 (size before relaxing)
 .debug_str     0x000011ea       0xca beeper.o
                                0x246 (size before relaxing)
 .debug_str     0x000012b4      0x193 commands.o
                                0x40f (size before relaxing)
 .debug_str     0x00001447       0x90 ds3231.o
                                0x24a (size before relaxing)
 .debug_str     0x000014d7       0x89 eeprom.o
                                0x1fd (size before relaxing)
 .debug_str     0x00001560       0x3d errors.o
                                0x29a (size before relaxing)
 .debug_str     0x0000159d       0x38 fram.o
                                0x1fa (size before relaxing)
 .debug_str     0x000015d5       0x34 humidity.o
                                0x1d6 (size before relaxing)
 .debug_str     0x00001609      0x124 initialize.o
                                0x392 (size before relaxing)
 .debug_str     0x0000172d       0x1e interrupts.o
                                0x251 (size before relaxing)
 .debug_str     0x0000174b       0x2a ionpump.o
                                0x1bd (size before relaxing)
 .debug_str     0x00001775        0xb led.o
                                0x240 (size before relaxing)
 .debug_str     0x00001780       0x11 main.o
                                0x1f7 (size before relaxing)
 .debug_str     0x00001791       0x1e mcp23008.o
                                0x1d6 (size before relaxing)
 .debug_str     0x000017af       0x21 mcp9808.o
                                0x1ea (size before relaxing)
 .debug_str     0x000017d0       0x41 mma8451.o
                                0x215 (size before relaxing)
 .debug_str     0x00001811       0x34 nmea.o
                                0x1bd (size before relaxing)
 .debug_str     0x00001845       0x5b oled.o
                                0x336 (size before relaxing)
 .debug_str     0x000018a0       0xad pneu.o
                                0x3d1 (size before relaxing)
 .debug_str     0x0000194d        0xd ports.o
                                0x2d2 (size before relaxing)
 .debug_str     0x0000195a      0x122 report.o
                                0x4a1 (size before relaxing)
 .debug_str     0x00001a7c       0xc8 roboclaw.o
                                0x32c (size before relaxing)
 .debug_str     0x00001b44      0x333 rtc.o
                                0x5cb (size before relaxing)
 .debug_str     0x00001e77        0xb set.o
                                0x1c4 (size before relaxing)
 .debug_str     0x00001e82        0xe specID.o
                                0x246 (size before relaxing)
 .debug_str     0x00001e90       0x13 temperature.o
                                0x1c7 (size before relaxing)
 .debug_str     0x00001ea3       0x13 testroutine.o
                                0x20a (size before relaxing)
 .debug_str     0x00001eb6       0x4c timers.o
                                0x24d (size before relaxing)
 .debug_str     0x00001f02      0x16d twi.o
                                0x352 (size before relaxing)
 .debug_str     0x0000206f       0xdc usart.o
                                0x3ab (size before relaxing)
 .debug_str     0x0000214b      0x11c wdt.o
                                0x2e6 (size before relaxing)
 .debug_str     0x00002267        0xd xport.o
                                0x28f (size before relaxing)

.debug_loc      0x00000000     0x3f28
 *(.debug_loc)
 .debug_loc     0x00000000      0x133 ad590.o
 .debug_loc     0x00000133      0x338 ads1115.o
 .debug_loc     0x0000046b      0x56e commands.o
 .debug_loc     0x000009d9      0x5da ds3231.o
 .debug_loc     0x00000fb3       0xda eeprom.o
 .debug_loc     0x0000108d       0xae errors.o
 .debug_loc     0x0000113b      0x325 fram.o
 .debug_loc     0x00001460      0x1b7 humidity.o
 .debug_loc     0x00001617       0x47 initialize.o
 .debug_loc     0x0000165e       0xcb interrupts.o
 .debug_loc     0x00001729       0xe8 ionpump.o
 .debug_loc     0x00001811      0x1af mcp23008.o
 .debug_loc     0x000019c0      0x123 mcp9808.o
 .debug_loc     0x00001ae3      0x463 mma8451.o
 .debug_loc     0x00001f46       0xef nmea.o
 .debug_loc     0x00002035      0x339 oled.o
 .debug_loc     0x0000236e      0x6e6 pneu.o
 .debug_loc     0x00002a54      0x427 report.o
 .debug_loc     0x00002e7b      0x725 roboclaw.o
 .debug_loc     0x000035a0      0x135 rtc.o
 .debug_loc     0x000036d5       0xac set.o
 .debug_loc     0x00003781       0x8f temperature.o
 .debug_loc     0x00003810       0xa9 testroutine.o
 .debug_loc     0x000038b9       0x71 timers.o
 .debug_loc     0x0000392a       0x5a twi.o
 .debug_loc     0x00003984      0x55e usart.o
 .debug_loc     0x00003ee2       0x46 xport.o

.debug_macinfo
 *(.debug_macinfo)

.debug_weaknames
 *(.debug_weaknames)

.debug_funcnames
 *(.debug_funcnames)

.debug_typenames
 *(.debug_typenames)

.debug_varnames
 *(.debug_varnames)

.debug_pubtypes
 *(.debug_pubtypes)

.debug_ranges   0x00000000      0x398
 *(.debug_ranges)
 .debug_ranges  0x00000000       0x10 ad590.o
 .debug_ranges  0x00000010       0x10 ads1115.o
 .debug_ranges  0x00000020       0x10 beeper.o
 .debug_ranges  0x00000030       0x48 commands.o
 .debug_ranges  0x00000078       0x38 ds3231.o
 .debug_ranges  0x000000b0       0x30 eeprom.o
 .debug_ranges  0x000000e0       0x10 errors.o
 .debug_ranges  0x000000f0       0x18 fram.o
 .debug_ranges  0x00000108       0x10 humidity.o
 .debug_ranges  0x00000118       0x10 initialize.o
 .debug_ranges  0x00000128       0x10 interrupts.o
 .debug_ranges  0x00000138       0x10 ionpump.o
 .debug_ranges  0x00000148       0x10 led.o
 .debug_ranges  0x00000158       0x10 main.o
 .debug_ranges  0x00000168       0x18 mcp23008.o
 .debug_ranges  0x00000180       0x10 mcp9808.o
 .debug_ranges  0x00000190       0x28 mma8451.o
 .debug_ranges  0x000001b8       0x10 nmea.o
 .debug_ranges  0x000001c8       0x28 oled.o
 .debug_ranges  0x000001f0       0x38 pneu.o
 .debug_ranges  0x00000228       0x10 ports.o
 .debug_ranges  0x00000238       0x10 report.o
 .debug_ranges  0x00000248       0x38 roboclaw.o
 .debug_ranges  0x00000280       0x18 rtc.o
 .debug_ranges  0x00000298       0x10 set.o
 .debug_ranges  0x000002a8       0x10 specID.o
 .debug_ranges  0x000002b8       0x10 temperature.o
 .debug_ranges  0x000002c8       0x10 testroutine.o
 .debug_ranges  0x000002d8       0x20 timers.o
 .debug_ranges  0x000002f8       0x38 twi.o
 .debug_ranges  0x00000330       0x48 usart.o
 .debug_ranges  0x00000378       0x10 wdt.o
 .debug_ranges  0x00000388       0x10 xport.o

.debug_macro
 *(.debug_macro)
OUTPUT(specMech.elf elf32-avr)
LOAD linker stubs
