Archive member included to satisfy reference by file (symbol)

c:/program files (x86)/atmel/studio/7.0/toolchain/avr8/avr8-gnu-toolchain/bin/../lib/gcc/avr/5.4.0/../../../../avr/lib/avrxmega3\libm.a(addsf3.o)
                              ad590.o (__subsf3)
c:/program files (x86)/atmel/studio/7.0/toolchain/avr8/avr8-gnu-toolchain/bin/../lib/gcc/avr/5.4.0/../../../../avr/lib/avrxmega3\libm.a(addsf3x.o)
                              c:/program files (x86)/atmel/studio/7.0/toolchain/avr8/avr8-gnu-toolchain/bin/../lib/gcc/avr/5.4.0/../../../../avr/lib/avrxmega3\libm.a(addsf3.o) (__addsf3x)
c:/program files (x86)/atmel/studio/7.0/toolchain/avr8/avr8-gnu-toolchain/bin/../lib/gcc/avr/5.4.0/../../../../avr/lib/avrxmega3\libm.a(cmpsf2.o)
                              humidity.o (__ltsf2)
c:/program files (x86)/atmel/studio/7.0/toolchain/avr8/avr8-gnu-toolchain/bin/../lib/gcc/avr/5.4.0/../../../../avr/lib/avrxmega3\libm.a(divsf3.o)
                              humidity.o (__divsf3)
c:/program files (x86)/atmel/studio/7.0/toolchain/avr8/avr8-gnu-toolchain/bin/../lib/gcc/avr/5.4.0/../../../../avr/lib/avrxmega3\libm.a(divsf3x.o)
                              c:/program files (x86)/atmel/studio/7.0/toolchain/avr8/avr8-gnu-toolchain/bin/../lib/gcc/avr/5.4.0/../../../../avr/lib/avrxmega3\libm.a(divsf3.o) (__divsf3x)
c:/program files (x86)/atmel/studio/7.0/toolchain/avr8/avr8-gnu-toolchain/bin/../lib/gcc/avr/5.4.0/../../../../avr/lib/avrxmega3\libm.a(fixsfsi.o)
                              roboclaw.o (__fixsfsi)
c:/program files (x86)/atmel/studio/7.0/toolchain/avr8/avr8-gnu-toolchain/bin/../lib/gcc/avr/5.4.0/../../../../avr/lib/avrxmega3\libm.a(fixunssfsi.o)
                              c:/program files (x86)/atmel/studio/7.0/toolchain/avr8/avr8-gnu-toolchain/bin/../lib/gcc/avr/5.4.0/../../../../avr/lib/avrxmega3\libm.a(fixsfsi.o) (__fixunssfsi)
c:/program files (x86)/atmel/studio/7.0/toolchain/avr8/avr8-gnu-toolchain/bin/../lib/gcc/avr/5.4.0/../../../../avr/lib/avrxmega3\libm.a(floatsisf.o)
                              mcp9808.o (__floatunsisf)
c:/program files (x86)/atmel/studio/7.0/toolchain/avr8/avr8-gnu-toolchain/bin/../lib/gcc/avr/5.4.0/../../../../avr/lib/avrxmega3\libm.a(fp_cmp.o)
                              c:/program files (x86)/atmel/studio/7.0/toolchain/avr8/avr8-gnu-toolchain/bin/../lib/gcc/avr/5.4.0/../../../../avr/lib/avrxmega3\libm.a(cmpsf2.o) (__fp_cmp)
c:/program files (x86)/atmel/studio/7.0/toolchain/avr8/avr8-gnu-toolchain/bin/../lib/gcc/avr/5.4.0/../../../../avr/lib/avrxmega3\libm.a(fp_inf.o)
                              c:/program files (x86)/atmel/studio/7.0/toolchain/avr8/avr8-gnu-toolchain/bin/../lib/gcc/avr/5.4.0/../../../../avr/lib/avrxmega3\libm.a(addsf3x.o) (__fp_inf)
c:/program files (x86)/atmel/studio/7.0/toolchain/avr8/avr8-gnu-toolchain/bin/../lib/gcc/avr/5.4.0/../../../../avr/lib/avrxmega3\libm.a(fp_nan.o)
                              c:/program files (x86)/atmel/studio/7.0/toolchain/avr8/avr8-gnu-toolchain/bin/../lib/gcc/avr/5.4.0/../../../../avr/lib/avrxmega3\libm.a(addsf3x.o) (__fp_nan)
c:/program files (x86)/atmel/studio/7.0/toolchain/avr8/avr8-gnu-toolchain/bin/../lib/gcc/avr/5.4.0/../../../../avr/lib/avrxmega3\libm.a(fp_pscA.o)
                              c:/program files (x86)/atmel/studio/7.0/toolchain/avr8/avr8-gnu-toolchain/bin/../lib/gcc/avr/5.4.0/../../../../avr/lib/avrxmega3\libm.a(addsf3x.o) (__fp_pscA)
c:/program files (x86)/atmel/studio/7.0/toolchain/avr8/avr8-gnu-toolchain/bin/../lib/gcc/avr/5.4.0/../../../../avr/lib/avrxmega3\libm.a(fp_pscB.o)
                              c:/program files (x86)/atmel/studio/7.0/toolchain/avr8/avr8-gnu-toolchain/bin/../lib/gcc/avr/5.4.0/../../../../avr/lib/avrxmega3\libm.a(addsf3x.o) (__fp_pscB)
c:/program files (x86)/atmel/studio/7.0/toolchain/avr8/avr8-gnu-toolchain/bin/../lib/gcc/avr/5.4.0/../../../../avr/lib/avrxmega3\libm.a(fp_round.o)
                              c:/program files (x86)/atmel/studio/7.0/toolchain/avr8/avr8-gnu-toolchain/bin/../lib/gcc/avr/5.4.0/../../../../avr/lib/avrxmega3\libm.a(addsf3.o) (__fp_round)
c:/program files (x86)/atmel/studio/7.0/toolchain/avr8/avr8-gnu-toolchain/bin/../lib/gcc/avr/5.4.0/../../../../avr/lib/avrxmega3\libm.a(fp_split3.o)
                              c:/program files (x86)/atmel/studio/7.0/toolchain/avr8/avr8-gnu-toolchain/bin/../lib/gcc/avr/5.4.0/../../../../avr/lib/avrxmega3\libm.a(addsf3x.o) (__fp_split3)
c:/program files (x86)/atmel/studio/7.0/toolchain/avr8/avr8-gnu-toolchain/bin/../lib/gcc/avr/5.4.0/../../../../avr/lib/avrxmega3\libm.a(fp_zero.o)
                              c:/program files (x86)/atmel/studio/7.0/toolchain/avr8/avr8-gnu-toolchain/bin/../lib/gcc/avr/5.4.0/../../../../avr/lib/avrxmega3\libm.a(addsf3x.o) (__fp_zero)
c:/program files (x86)/atmel/studio/7.0/toolchain/avr8/avr8-gnu-toolchain/bin/../lib/gcc/avr/5.4.0/../../../../avr/lib/avrxmega3\libm.a(gesf2.o)
                              ionpump.o (__gtsf2)
[...]
Memory Configuration

Name             Origin             Length             Attributes
text             0x00000000         0x0000c000         xr
data             0x00802800         0x00001800         rw !x
eeprom           0x00810000         0x00000100         rw !x
fuse             0x00820000         0x0000000a         rw !x
lock             0x00830000         0x00000400         rw !x
signature        0x00840000         0x00000400         rw !x
user_signatures  0x00850000         0x00000400         rw !x
*default*        0x00000000         0xffffffff

Linker script and memory map

Address of section .data set to 0x802800
                0x00004000                __RODATA_PM_OFFSET__ = 0x4000
LOAD C:/Program Files (x86)/Atmel/Studio/7.0/Packs/atmel/ATmega_DFP/1.6.364/gcc/dev/atmega4809/avrxmega3/crtatmega4809.o
LOAD ad590.o
LOAD ads1115.o
LOAD commands.o
LOAD ds3231.o
LOAD eeprom.o
LOAD errors.o
LOAD fram.o
LOAD humidity.o
LOAD initialize.o
LOAD ionpump.o
LOAD main.o
LOAD mcp23008.o
LOAD mcp9808.o
LOAD mma8451.o
LOAD nmea.o
LOAD oled.o
LOAD pneu.o
LOAD ports.o
LOAD pushbutton.o
LOAD report.o
LOAD roboclaw.o
LOAD set.o
LOAD temperature.o
LOAD testroutine.o
LOAD timers.o
LOAD twi.o
LOAD usart.o
LOAD wdt.o
START GROUP
LOAD c:/program files (x86)/atmel/studio/7.0/toolchain/avr8/avr8-gnu-toolchain/bin/../lib/gcc/avr/5.4.0/../../../../avr/lib/avrxmega3\libm.a
END GROUP
LOAD c:/program files (x86)/atmel/studio/7.0/toolchain/avr8/avr8-gnu-toolchain/bin/../lib/gcc/avr/5.4.0/../../../../avr/lib/avrxmega3\libprintf_flt.a
START GROUP
LOAD c:/program files (x86)/atmel/studio/7.0/toolchain/avr8/avr8-gnu-toolchain/bin/../lib/gcc/avr/5.4.0/avrxmega3\libgcc.a
LOAD c:/program files (x86)/atmel/studio/7.0/toolchain/avr8/avr8-gnu-toolchain/bin/../lib/gcc/avr/5.4.0/../../../../avr/lib/avrxmega3\libm.a
LOAD c:/program files (x86)/atmel/studio/7.0/toolchain/avr8/avr8-gnu-toolchain/bin/../lib/gcc/avr/5.4.0/../../../../avr/lib/avrxmega3\libc.a
LOAD C:/Program Files (x86)/Atmel/Studio/7.0/Packs/atmel/ATmega_DFP/1.6.364/gcc/dev/atmega4809/avrxmega3\libatmega4809.a
END GROUP
                [0x00000000]                __TEXT_REGION_ORIGIN__ = DEFINED (__TEXT_REGION_ORIGIN__)?__TEXT_REGION_ORIGIN__:0x0
                [0x00802800]                __DATA_REGION_ORIGIN__ = DEFINED (__DATA_REGION_ORIGIN__)?__DATA_REGION_ORIGIN__:0x802000
                [0x0000c000]                __TEXT_REGION_LENGTH__ = DEFINED (__TEXT_REGION_LENGTH__)?__TEXT_REGION_LENGTH__:0x100000
                [0x00001800]                __DATA_REGION_LENGTH__ = DEFINED (__DATA_REGION_LENGTH__)?__DATA_REGION_LENGTH__:0xffa0
                [0x00000100]                __EEPROM_REGION_LENGTH__ = DEFINED (__EEPROM_REGION_LENGTH__)?__EEPROM_REGION_LENGTH__:0x10000
                [0x0000000a]                __FUSE_REGION_LENGTH__ = DEFINED (__FUSE_REGION_LENGTH__)?__FUSE_REGION_LENGTH__:0x400
                0x00000400                __LOCK_REGION_LENGTH__ = DEFINED (__LOCK_REGION_LENGTH__)?__LOCK_REGION_LENGTH__:0x400
                0x00000400                __SIGNATURE_REGION_LENGTH__ = DEFINED (__SIGNATURE_REGION_LENGTH__)?__SIGNATURE_REGION_LENGTH__:0x400
                0x00000400                __USER_SIGNATURE_REGION_LENGTH__ = DEFINED (__USER_SIGNATURE_REGION_LENGTH__)?__USER_SIGNATURE_REGION_LENGTH__:0x400
                0x00008000                __RODATA_PM_OFFSET__ = DEFINED (__RODATA_PM_OFFSET__)?__RODATA_PM_OFFSET__:0x8000

.hash
 *(.hash)

.dynsym
 *(.dynsym)

.dynstr
 *(.dynstr)

.gnu.version
 *(.gnu.version)

.gnu.version_d
 *(.gnu.version_d)

.gnu.version_r
 *(.gnu.version_r)

.rel.init
 *(.rel.init)

.rela.init
 *(.rela.init)

.rel.text
 *(.rel.text)
 *(.rel.text.*)
 *(.rel.gnu.linkonce.t*)

.rela.text
 *(.rela.text)
 *(.rela.text.*)
 *(.rela.gnu.linkonce.t*)

.rel.fini
 *(.rel.fini)

.rela.fini
 *(.rela.fini)

.rel.rodata
 *(.rel.rodata)
 *(.rel.rodata.*)
 *(.rel.gnu.linkonce.r*)

.rela.rodata
 *(.rela.rodata)
 *(.rela.rodata.*)
 *(.rela.gnu.linkonce.r*)

.rel.data
 *(.rel.data)
 *(.rel.data.*)
 *(.rel.gnu.linkonce.d*)

.rela.data
 *(.rela.data)
 *(.rela.data.*)
 *(.rela.gnu.linkonce.d*)

.rel.ctors
 *(.rel.ctors)

.rela.ctors
 *(.rela.ctors)

.rel.dtors
 *(.rel.dtors)

.rela.dtors
 *(.rela.dtors)

.rel.got
 *(.rel.got)

.rela.got
 *(.rela.got)

.rel.bss
 *(.rel.bss)

.rela.bss
 *(.rela.bss)

.rel.plt
 *(.rel.plt)

.rela.plt
 *(.rela.plt)

.text           0x00000000     0x70b0
 *(.vectors)
 .vectors       0x00000000       0xa0 C:/Program Files (x86)/Atmel/Studio/7.0/Packs/atmel/ATmega_DFP/1.6.364/gcc/dev/atmega4809/avrxmega3/crtatmega4809.o
                0x00000000                __vector_default
                0x00000000                __vectors
 *(.vectors)
 *(.progmem.gcc*)
 .progmem.gcc_sw_table.commands
                0x000000a0       0x5a commands.o
 .progmem.gcc_sw_table.report
                0x000000fa       0x6c report.o
                0x00000166                . = ALIGN (0x2)
                0x00000166                __trampolines_start = .
 *(.trampolines)
 .trampolines   0x00000166        0x0 linker stubs
 *(.trampolines*)
                0x00000166                __trampolines_end = .
 *libprintf_flt.a:*(.progmem.data)
 .progmem.data  0x00000166        0x8 c:/program files (x86)/atmel/studio/7.0/toolchain/avr8/avr8-gnu-toolchain/bin/../lib/gcc/avr/5.4.0/../../../../avr/lib/avrxmega3\libprintf_flt.a(vfprintf_flt.o)
 *libc.a:*(.progmem.data)
 .progmem.data  0x0000016e       0xfa c:/program files (x86)/atmel/studio/7.0/toolchain/avr8/avr8-gnu-toolchain/bin/../lib/gcc/avr/5.4.0/../../../../avr/lib/avrxmega3\libc.a(ftoa_engine.o)
 *(.progmem*)
                0x00000268                . = ALIGN (0x2)
 *(.jumptables)
 *(.jumptables*)
 *(.lowtext)
 *(.lowtext*)
                0x00000268                __ctors_start = .
 *(.ctors)
                0x00000268                __ctors_end = .
                0x00000268                __dtors_start = .
 *(.dtors)
                0x00000268                __dtors_end = .
 SORT(*)(.ctors)
 SORT(*)(.dtors)
 *(.init0)
 .init0         0x00000268        0x0 C:/Program Files (x86)/Atmel/Studio/7.0/Packs/atmel/ATmega_DFP/1.6.364/gcc/dev/atmega4809/avrxmega3/crtatmega4809.o
                0x00000268                __init
 *(.init0)
 *(.init1)
 *(.init1)
 *(.init2)
 .init2         0x00000268        0xc C:/Program Files (x86)/Atmel/Studio/7.0/Packs/atmel/ATmega_DFP/1.6.364/gcc/dev/atmega4809/avrxmega3/crtatmega4809.o
 *(.init2)
 *(.init3)
 *(.init3)
 *(.init4)
 .init4         0x00000274       0x10 c:/program files (x86)/atmel/studio/7.0/toolchain/avr8/avr8-gnu-toolchain/bin/../lib/gcc/avr/5.4.0/avrxmega3\libgcc.a(_clear_bss.o)
                0x00000274                __do_clear_bss
 *(.init4)
 *(.init5)
 *(.init5)
 *(.init6)
 *(.init6)
 *(.init7)
 *(.init7)
 *(.init8)
 *(.init8)
 *(.init9)
 .init9         0x00000284        0x8 C:/Program Files (x86)/Atmel/Studio/7.0/Packs/atmel/ATmega_DFP/1.6.364/gcc/dev/atmega4809/avrxmega3/crtatmega4809.o
 *(.init9)
 *(.text)
 .text          0x0000028c        0x4 C:/Program Files (x86)/Atmel/Studio/7.0/Packs/atmel/ATmega_DFP/1.6.364/gcc/dev/atmega4809/avrxmega3/crtatmega4809.o
                0x0000028c                __vector_22
                0x0000028c                __vector_28
                0x0000028c                __vector_1
                0x0000028c                __vector_32
                0x0000028c                __vector_34
                0x0000028c                __vector_24
                0x0000028c                __bad_interrupt
                0x0000028c                __vector_6
                0x0000028c                __vector_31
                0x0000028c                __vector_35
                0x0000028c                __vector_39
                0x0000028c                __vector_23
                0x0000028c                __vector_30
                0x0000028c                __vector_25
                0x0000028c                __vector_11
                0x0000028c                __vector_13
                0x0000028c                __vector_19
                0x0000028c                __vector_7
                0x0000028c                __vector_5
                0x0000028c                __vector_33
                0x0000028c                __vector_9
                0x0000028c                __vector_2
                0x0000028c                __vector_21
                0x0000028c                __vector_15
                0x0000028c                __vector_36
                0x0000028c                __vector_8
                0x0000028c                __vector_14
                0x0000028c                __vector_10
                0x0000028c                __vector_16
                0x00000290                . = ALIGN (0x2)
 *(.text.*)
 .text.read_AD590
                0x00000290      0x102 ad590.o
                0x00000290                read_AD590
 .text.read_ADS1115
                0x00000392      0x1d6 ads1115.o
                0x00000392                read_ADS1115
 .text.get_cmdline
                0x00000568       0x58 commands.o
                0x00000568                get_cmdline
 .text.isaletter
                0x000005c0       0x1a commands.o
                0x000005c0                isaletter
 .text.parse_cmd
                0x000005da      0x128 commands.o
                0x000005da                parse_cmd
 .text.printLine
                0x00000702       0x96 commands.o
                0x00000702                printLine
 .text.echo_cmd
                0x00000798       0x80 commands.o
                0x00000798                echo_cmd
 .text.send_EXprompt
                0x00000818       0x2a commands.o
                0x00000818                send_EXprompt
 .text.rebootACKd
                0x00000842       0x54 commands.o
                0x00000842                rebootACKd
 .text.send_GTprompt
                0x00000896       0x2a commands.o
                0x00000896                send_GTprompt
 .text.commands
                0x000008c0      0x12c commands.o
                0x000008c0                commands
 .text.check_isotime
                0x000009ec      0x2fe ds3231.o
                0x000009ec                check_isotime
 .text.convert_ds2iso
                0x00000cea       0x6e ds3231.o
                0x00000cea                convert_ds2iso
 .text.convert_iso2ds
                0x00000d58       0xc0 ds3231.o
                0x00000d58                convert_iso2ds
 .text.read_DS3231
                0x00000e18       0x78 ds3231.o
                0x00000e18                read_DS3231
 .text.get_time
                0x00000e90       0x68 ds3231.o
                0x00000e90                get_time
 .text.write_DS3231
                0x00000ef8       0x70 ds3231.o
                0x00000ef8                write_DS3231
 .text.put_time
                0x00000f68       0x6e ds3231.o
                0x00000f68                put_time
 .text.get_BOOTTIME
                0x00000fd6        0xe eeprom.o
                0x00000fd6                get_BOOTTIME
 .text.get_VERSION
                0x00000fe4        0xe eeprom.o
                0x00000fe4                get_VERSION
 .text.update_BOOTTIME
                0x00000ff2       0x32 eeprom.o
                0x00000ff2                update_BOOTTIME
 .text.update_VERSION
                0x00001024       0x3c eeprom.o
                0x00001024                update_VERSION
 .text.init_EEPROM
                0x00001060        0xa eeprom.o
                0x00001060                init_EEPROM
 .text.printError
                0x0000106a       0x6c errors.o
                0x0000106a                printError
 .text.read_FRAM
                0x000010d6       0x9c fram.o
                0x000010d6                read_FRAM
 .text.get_SETTIME
                0x00001172       0x60 fram.o
                0x00001172                get_SETTIME
 .text.write_FRAM
                0x000011d2       0x64 fram.o
                0x000011d2                write_FRAM
 .text.get_humidity
                0x00001236      0x138 humidity.o
                0x00001236                get_humidity
 .text.initialize
                0x0000136e       0x7e initialize.o
                0x0000136e                initialize
 .text.read_ionpump
                0x000013ec       0xd6 ionpump.o
                0x000013ec                read_ionpump
 .text.main     0x000014c2       0x8a main.o
                0x000014c2                main
 .text.read_MCP23008
                0x0000154c       0x5e mcp23008.o
                0x0000154c                read_MCP23008
 .text.write_MCP23008
                0x000015aa       0x5c mcp23008.o
                0x000015aa                write_MCP23008
 .text.read_MCP9808
                0x00001606       0xce mcp9808.o
                0x00001606                read_MCP9808
 .text.read_MMA8451
                0x000016d4       0x7c mma8451.o
                0x000016d4                read_MMA8451
 .text.get_orientation
                0x00001750      0x13c mma8451.o
                0x00001750                get_orientation
 .text.write_MMA8451
                0x0000188c       0x54 mma8451.o
                0x0000188c                write_MMA8451
 .text.init_MMA8451
                0x000018e0       0x64 mma8451.o
                0x000018e0                init_MMA8451
 .text.checksum_NMEA
                0x00001944       0x92 nmea.o
                0x00001944                checksum_NMEA
 .text.reset_OLED
                0x000019d6       0x1a oled.o
                0x000019d6                reset_OLED
 .text.write_OLED
                0x000019f0       0x24 oled.o
                0x000019f0                write_OLED
 .text.init_OLEDDISPLAY
                0x00001a14      0x14c oled.o
                0x00001a14                init_OLEDDISPLAY
 .text.init_OLED
                0x00001b60       0x24 oled.o
                0x00001b60                init_OLED
 .text.writestr_OLED
                0x00001b84       0xb6 oled.o
                0x00001b84                writestr_OLED
 .text.clear_OLED
                0x00001c3a       0x3c oled.o
                0x00001c3a                clear_OLED
 .text.init_PNEU
                0x00001c76       0x7a pneu.o
                0x00001c76                init_PNEU
 .text.read_PNEUSensors
                0x00001cf0       0xd8 pneu.o
                0x00001cf0                read_PNEUSensors
 .text.set_PNEUVALVES
                0x00001dc8       0x24 pneu.o
                0x00001dc8                set_PNEUVALVES
 .text.close_PNEU
                0x00001dec      0x154 pneu.o
                0x00001dec                close_PNEU
 .text.open_PNEU
                0x00001f40      0x154 pneu.o
                0x00001f40                open_PNEU
 .text.__vector_20
                0x00002094       0x5e pneu.o
                0x00002094                __vector_20
 .text.init_PORTS
                0x000020f2       0x2e ports.o
                0x000020f2                init_PORTS
 .text.report   0x00002120     0x1028 report.o
                0x00002120                report
 .text.crc16    0x00003148       0x4a roboclaw.o
                0x00003148                crc16
 .text.get_FRAM_ENCSAVETIME
                0x00003192       0x88 roboclaw.o
                0x00003192                get_FRAM_ENCSAVETIME
 .text.get_FRAM_MOTOR_ENCODER
                0x0000321a      0x136 roboclaw.o
                0x0000321a                get_FRAM_MOTOR_ENCODER
 .text.get_MOTOR
                0x00003350      0x1e8 roboclaw.o
                0x00003350                get_MOTOR
 .text.get_MOTOR_CURRENT
                0x00003538       0xda roboclaw.o
                0x00003538                get_MOTOR_CURRENT
 .text.get_MOTOR_ENCODER
                0x00003612       0xf8 roboclaw.o
                0x00003612                get_MOTOR_ENCODER
 .text.get_MOTOR_FLOAT
                0x0000370a       0xe8 roboclaw.o
                0x0000370a                get_MOTOR_FLOAT
 .text.get_MOTOR_MAXCURRENT
                0x000037f2      0x126 roboclaw.o
                0x000037f2                get_MOTOR_MAXCURRENT
 .text.get_MOTOR_PID
                0x00003918      0x45e roboclaw.o
                0x00003918                get_MOTOR_PID
 .text.get_MOTOR_S4MODE
                0x00003d76       0xac roboclaw.o
                0x00003d76                get_MOTOR_S4MODE
 .text.get_MOTOR_SPEED
                0x00003e22       0xf8 roboclaw.o
                0x00003e22                get_MOTOR_SPEED
 .text.get_MOTOR_STATUS
                0x00003f1a       0xfa roboclaw.o
                0x00003f1a                get_MOTOR_STATUS
 .text.get_MOTOR_LIMIT
                0x00004014       0x9a roboclaw.o
                0x00004014                get_MOTOR_LIMIT
 .text.get_MOTOR_LIMITS
                0x000040ae       0x64 roboclaw.o
                0x000040ae                get_MOTOR_LIMITS
 .text.motorsMoving
                0x00004112       0xc2 roboclaw.o
                0x00004112                motorsMoving
 .text.put_FRAM_ENCODERS
                0x000041d4       0xa2 roboclaw.o
                0x000041d4                put_FRAM_ENCODERS
 .text.put_MOTOR
                0x00004276      0x19c roboclaw.o
                0x00004276                put_MOTOR
 .text.move_MOTOR
                0x00004412      0x192 roboclaw.o
                0x00004412                move_MOTOR
 .text.move_MOTORS_PISTON
                0x000045a4      0x1f6 roboclaw.o
                0x000045a4                move_MOTORS_PISTON
 .text.move_MOTOR_CMD
                0x0000479a      0x2ee roboclaw.o
                0x0000479a                move_MOTOR_CMD
 .text.put_MOTOR_ENCODER
                0x00004a88       0xaa roboclaw.o
                0x00004a88                put_MOTOR_ENCODER
 .text.init_MOTORS
                0x00004b32       0x7c roboclaw.o
                0x00004b32                init_MOTORS
 .text.put_MOTOR_PID
                0x00004bae      0x3f4 roboclaw.o
                0x00004bae                put_MOTOR_PID
 .text.unstick_MOTOR_LIMIT
                0x00004fa2      0x20e roboclaw.o
                0x00004fa2                unstick_MOTOR_LIMIT
 .text.zero_MOTOR_CMD
                0x000051b0       0xde roboclaw.o
                0x000051b0                zero_MOTOR_CMD
 .text.set      0x0000528e      0x3c6 set.o
                0x0000528e                set
 .text.get_temperature
                0x00005654       0x78 temperature.o
                0x00005654                get_temperature
 .text.testroutine
                0x000056cc       0x58 testroutine.o
                0x000056cc                testroutine
 .text.init_RTC
                0x00005724       0x64 timers.o
                0x00005724                init_RTC
 .text.__vector_3
                0x00005788       0x44 timers.o
                0x00005788                __vector_3
 .text.__vector_4
                0x000057cc       0x7c timers.o
                0x000057cc                __vector_4
 .text.__vector_12
                0x00005848       0x1e timers.o
                0x00005848                __vector_12
 .text.init_TWI
                0x00005866       0x16 twi.o
                0x00005866                init_TWI
 .text.read_TWI
                0x0000587c       0x44 twi.o
                0x0000587c                read_TWI
 .text.readlast_TWI
                0x000058c0       0x3e twi.o
                0x000058c0                readlast_TWI
 .text.start_TWI
                0x000058fe       0x94 twi.o
                0x000058fe                start_TWI
 .text.stop_TWI
                0x00005992        0x8 twi.o
                0x00005992                stop_TWI
 .text.write_TWI
                0x0000599a       0x82 twi.o
                0x0000599a                write_TWI
 .text.init_USART
                0x00005a1c       0x94 usart.o
                0x00005a1c                init_USART
 .text.send_USART
                0x00005ab0      0x134 usart.o
                0x00005ab0                send_USART
 .text.send_USART1
                0x00005be4       0x2e usart.o
                0x00005be4                send_USART1
 .text.__vector_26
                0x00005c12       0x40 usart.o
                0x00005c12                __vector_26
 .text.__vector_27
                0x00005c52       0x70 usart.o
                0x00005c52                __vector_27
 .text.__vector_17
                0x00005cc2       0x9c usart.o
                0x00005cc2                __vector_17
 .text.__vector_18
                0x00005d5e       0x78 usart.o
                0x00005d5e                __vector_18
 .text.__vector_37
                0x00005dd6       0x6a usart.o
                0x00005dd6                __vector_37
 .text.__vector_38
                0x00005e40       0x5c usart.o
                0x00005e40                __vector_38
 .text.reboot   0x00005e9c        0xc wdt.o
                0x00005e9c                reboot
 .text.__vector_29
                0x00005ea8       0x56 wdt.o
                0x00005ea8                __vector_29
 .text.avr-libc.fplib
                0x00005efe        0xe c:/program files (x86)/atmel/studio/7.0/toolchain/avr8/avr8-gnu-toolchain/bin/../lib/gcc/avr/5.4.0/../../../../avr/lib/avrxmega3\libm.a(addsf3.o)
                0x00005efe                __subsf3
                0x00005f00                __addsf3
 .text.avr-libc.fplib
                0x00005f0c       0xcc c:/program files (x86)/atmel/studio/7.0/toolchain/avr8/avr8-gnu-toolchain/bin/../lib/gcc/avr/5.4.0/../../../../avr/lib/avrxmega3\libm.a(addsf3x.o)
                0x00005f2e                __addsf3x
 .text.avr-libc.fplib
                0x00005fd8        0xa c:/program files (x86)/atmel/studio/7.0/toolchain/avr8/avr8-gnu-toolchain/bin/../lib/gcc/avr/5.4.0/../../../../avr/lib/avrxmega3\libm.a(cmpsf2.o)
                0x00005fd8                __nesf2
                0x00005fd8                __eqsf2
                0x00005fd8                __cmpsf2
                0x00005fd8                __ltsf2
                0x00005fd8                __lesf2
 .text.avr-libc.fplib
                0x00005fe2        0x8 c:/program files (x86)/atmel/studio/7.0/toolchain/avr8/avr8-gnu-toolchain/bin/../lib/gcc/avr/5.4.0/../../../../avr/lib/avrxmega3\libm.a(divsf3.o)
                0x00005fe2                __divsf3
 .text.avr-libc.fplib
                0x00005fea       0xdc c:/program files (x86)/atmel/studio/7.0/toolchain/avr8/avr8-gnu-toolchain/bin/../lib/gcc/avr/5.4.0/../../../../avr/lib/avrxmega3\libm.a(divsf3x.o)
                0x0000600a                __divsf3x
                0x00006010                __divsf3_pse
 .text.avr-libc.fplib
                0x000060c6        0xe c:/program files (x86)/atmel/studio/7.0/toolchain/avr8/avr8-gnu-toolchain/bin/../lib/gcc/avr/5.4.0/../../../../avr/lib/avrxmega3\libm.a(fixsfsi.o)
                0x000060c6                __fixsfsi
 .text.avr-libc.fplib
                0x000060d4       0x5e c:/program files (x86)/atmel/studio/7.0/toolchain/avr8/avr8-gnu-toolchain/bin/../lib/gcc/avr/5.4.0/../../../../avr/lib/avrxmega3\libm.a(fixunssfsi.o)
                0x000060d4                __fixunssfsi
 .text.avr-libc.fplib
                0x00006132       0x7a c:/program files (x86)/atmel/studio/7.0/toolchain/avr8/avr8-gnu-toolchain/bin/../lib/gcc/avr/5.4.0/../../../../avr/lib/avrxmega3\libm.a(floatsisf.o)
                0x00006132                __floatunsisf
                0x00006136                __floatsisf
 .text.avr-libc.fplib
                0x000061ac       0x48 c:/program files (x86)/atmel/studio/7.0/toolchain/avr8/avr8-gnu-toolchain/bin/../lib/gcc/avr/5.4.0/../../../../avr/lib/avrxmega3\libm.a(fp_cmp.o)
                0x000061ac                __fp_cmp
 .text.avr-libc.fplib
                0x000061f4        0xc c:/program files (x86)/atmel/studio/7.0/toolchain/avr8/avr8-gnu-toolchain/bin/../lib/gcc/avr/5.4.0/../../../../avr/lib/avrxmega3\libm.a(fp_inf.o)
                0x000061f4                __fp_inf
 .text.avr-libc.fplib
                0x00006200        0x6 c:/program files (x86)/atmel/studio/7.0/toolchain/avr8/avr8-gnu-toolchain/bin/../lib/gcc/avr/5.4.0/../../../../avr/lib/avrxmega3\libm.a(fp_nan.o)
                0x00006200                __fp_nan
 .text.avr-libc.fplib
                0x00006206        0xe c:/program files (x86)/atmel/studio/7.0/toolchain/avr8/avr8-gnu-toolchain/bin/../lib/gcc/avr/5.4.0/../../../../avr/lib/avrxmega3\libm.a(fp_pscA.o)
                0x00006206                __fp_pscA
 .text.avr-libc.fplib
                0x00006214        0xe c:/program files (x86)/atmel/studio/7.0/toolchain/avr8/avr8-gnu-toolchain/bin/../lib/gcc/avr/5.4.0/../../../../avr/lib/avrxmega3\libm.a(fp_pscB.o)
                0x00006214                __fp_pscB
 .text.avr-libc.fplib
                0x00006222       0x22 c:/program files (x86)/atmel/studio/7.0/toolchain/avr8/avr8-gnu-toolchain/bin/../lib/gcc/avr/5.4.0/../../../../avr/lib/avrxmega3\libm.a(fp_round.o)
                0x00006222                __fp_round
 .text.avr-libc.fplib
                0x00006244       0x44 c:/program files (x86)/atmel/studio/7.0/toolchain/avr8/avr8-gnu-toolchain/bin/../lib/gcc/avr/5.4.0/../../../../avr/lib/avrxmega3\libm.a(fp_split3.o)
                0x00006244                __fp_split3
                0x00006254                __fp_splitA
 .text.avr-libc.fplib
                0x00006288        0xe c:/program files (x86)/atmel/studio/7.0/toolchain/avr8/avr8-gnu-toolchain/bin/../lib/gcc/avr/5.4.0/../../../../avr/lib/avrxmega3\libm.a(fp_zero.o)
                0x00006288                __fp_zero
                0x0000628a                __fp_szero
 .text.avr-libc.fplib
                0x00006296        0xa c:/program files (x86)/atmel/studio/7.0/toolchain/avr8/avr8-gnu-toolchain/bin/../lib/gcc/avr/5.4.0/../../../../avr/lib/avrxmega3\libm.a(gesf2.o)
                0x00006296                __gesf2
                0x00006296                __gtsf2
 .text.avr-libc.fplib
                0x000062a0        0x8 c:/program files (x86)/atmel/studio/7.0/toolchain/avr8/avr8-gnu-toolchain/bin/../lib/gcc/avr/5.4.0/../../../../avr/lib/avrxmega3\libm.a(mulsf3.o)
                0x000062a0                __mulsf3
 .text.avr-libc.fplib
                0x000062a8       0xd2 c:/program files (x86)/atmel/studio/7.0/toolchain/avr8/avr8-gnu-toolchain/bin/../lib/gcc/avr/5.4.0/../../../../avr/lib/avrxmega3\libm.a(mulsf3x.o)
                0x000062c6                __mulsf3x
                0x000062cc                __mulsf3_pse
 .text.avr-libc
                0x0000637a      0x6fa c:/program files (x86)/atmel/studio/7.0/toolchain/avr8/avr8-gnu-toolchain/bin/../lib/gcc/avr/5.4.0/../../../../avr/lib/avrxmega3\libprintf_flt.a(vfprintf_flt.o)
                0x0000637a                vfprintf
 .text.libgcc.div
                0x00006a74       0x28 c:/program files (x86)/atmel/studio/7.0/toolchain/avr8/avr8-gnu-toolchain/bin/../lib/gcc/avr/5.4.0/avrxmega3\libgcc.a(_divmodhi4.o)
                0x00006a74                _div
                0x00006a74                __divmodhi4
 .text.libgcc.div
                0x00006a9c       0x2e c:/program files (x86)/atmel/studio/7.0/toolchain/avr8/avr8-gnu-toolchain/bin/../lib/gcc/avr/5.4.0/avrxmega3\libgcc.a(_divmodsi4.o)
                0x00006a9c                __divmodsi4
 .text.libgcc.div
                0x00006aca       0x10 c:/program files (x86)/atmel/studio/7.0/toolchain/avr8/avr8-gnu-toolchain/bin/../lib/gcc/avr/5.4.0/avrxmega3\libgcc.a(_negsi2.o)
                0x00006aca                __negsi2
 .text.libgcc   0x00006ada        0xc c:/program files (x86)/atmel/studio/7.0/toolchain/avr8/avr8-gnu-toolchain/bin/../lib/gcc/avr/5.4.0/avrxmega3\libgcc.a(_tablejump2.o)
                0x00006ada                __tablejump2__
 .text.libgcc.mul
                0x00006ae6       0x16 c:/program files (x86)/atmel/studio/7.0/toolchain/avr8/avr8-gnu-toolchain/bin/../lib/gcc/avr/5.4.0/avrxmega3\libgcc.a(_muluhisi3.o)
                0x00006ae6                __muluhisi3
 .text.libgcc.prologue
                0x00006afc       0x32 c:/program files (x86)/atmel/studio/7.0/toolchain/avr8/avr8-gnu-toolchain/bin/../lib/gcc/avr/5.4.0/avrxmega3\libgcc.a(_prologue.o)
                0x00006afc                __prologue_saves__
 .text.libgcc.prologue
                0x00006b2e       0x30 c:/program files (x86)/atmel/studio/7.0/toolchain/avr8/avr8-gnu-toolchain/bin/../lib/gcc/avr/5.4.0/avrxmega3\libgcc.a(_epilogue.o)
                0x00006b2e                __epilogue_restores__
 .text.libgcc.div
                0x00006b5e       0x28 c:/program files (x86)/atmel/studio/7.0/toolchain/avr8/avr8-gnu-toolchain/bin/../lib/gcc/avr/5.4.0/avrxmega3\libgcc.a(_udivmodhi4.o)
                0x00006b5e                __udivmodhi4
 .text.libgcc.div
                0x00006b86       0x44 c:/program files (x86)/atmel/studio/7.0/toolchain/avr8/avr8-gnu-toolchain/bin/../lib/gcc/avr/5.4.0/avrxmega3\libgcc.a(_udivmodsi4.o)
                0x00006b86                __udivmodsi4
 .text.libgcc.mul
                0x00006bca       0x1e c:/program files (x86)/atmel/studio/7.0/toolchain/avr8/avr8-gnu-toolchain/bin/../lib/gcc/avr/5.4.0/avrxmega3\libgcc.a(_umulhisi3.o)
                0x00006bca                __umulhisi3
 .text.avr-libc
                0x00006be8       0x3c c:/program files (x86)/atmel/studio/7.0/toolchain/avr8/avr8-gnu-toolchain/bin/../lib/gcc/avr/5.4.0/../../../../avr/lib/avrxmega3\libc.a(atoi.o)
                0x00006be8                atoi
 .text.avr-libc
                0x00006c24       0x4e c:/program files (x86)/atmel/studio/7.0/toolchain/avr8/avr8-gnu-toolchain/bin/../lib/gcc/avr/5.4.0/../../../../avr/lib/avrxmega3\libc.a(atol.o)
                0x00006c24                atol
 .text.avr-libc
                0x00006c72      0x1b0 c:/program files (x86)/atmel/studio/7.0/toolchain/avr8/avr8-gnu-toolchain/bin/../lib/gcc/avr/5.4.0/../../../../avr/lib/avrxmega3\libc.a(ftoa_engine.o)
                0x00006c72                __ftoa_engine
 .text.avr-libc
                0x00006e22       0x16 c:/program files (x86)/atmel/studio/7.0/toolchain/avr8/avr8-gnu-toolchain/bin/../lib/gcc/avr/5.4.0/../../../../avr/lib/avrxmega3\libc.a(strnlen_P.o)
                0x00006e22                strnlen_P
 .text.avr-libc
                0x00006e38       0x16 c:/program files (x86)/atmel/studio/7.0/toolchain/avr8/avr8-gnu-toolchain/bin/../lib/gcc/avr/5.4.0/../../../../avr/lib/avrxmega3\libc.a(strcat.o)
                0x00006e38                strcat
 .text.avr-libc
                0x00006e4e        0xe c:/program files (x86)/atmel/studio/7.0/toolchain/avr8/avr8-gnu-toolchain/bin/../lib/gcc/avr/5.4.0/../../../../avr/lib/avrxmega3\libc.a(strcpy.o)
                0x00006e4e                strcpy
 .text.avr-libc
                0x00006e5c       0x16 c:/program files (x86)/atmel/studio/7.0/toolchain/avr8/avr8-gnu-toolchain/bin/../lib/gcc/avr/5.4.0/../../../../avr/lib/avrxmega3\libc.a(strnlen.o)
                0x00006e5c                strnlen
 .text.avr-libc
                0x00006e72       0x2a c:/program files (x86)/atmel/studio/7.0/toolchain/avr8/avr8-gnu-toolchain/bin/../lib/gcc/avr/5.4.0/../../../../avr/lib/avrxmega3\libc.a(mulsi10.o)
                0x00006e72                __mulsi_const_10
 .text.avr-libc
                0x00006e9c       0x10 c:/program files (x86)/atmel/studio/7.0/toolchain/avr8/avr8-gnu-toolchain/bin/../lib/gcc/avr/5.4.0/../../../../avr/lib/avrxmega3\libc.a(mul10.o)
                0x00006e9c                __mulhi_const_10
 .text.avr-libc
                0x00006eac       0x78 c:/program files (x86)/atmel/studio/7.0/toolchain/avr8/avr8-gnu-toolchain/bin/../lib/gcc/avr/5.4.0/../../../../avr/lib/avrxmega3\libc.a(fputc.o)
                0x00006eac                fputc
 .text.avr-libc
                0x00006f24       0x44 c:/program files (x86)/atmel/studio/7.0/toolchain/avr8/avr8-gnu-toolchain/bin/../lib/gcc/avr/5.4.0/../../../../avr/lib/avrxmega3\libc.a(sprintf.o)
                0x00006f24                sprintf
 .text.avr-libc
                0x00006f68       0xbc c:/program files (x86)/atmel/studio/7.0/toolchain/avr8/avr8-gnu-toolchain/bin/../lib/gcc/avr/5.4.0/../../../../avr/lib/avrxmega3\libc.a(ultoa_invert.o)
                0x00006f68                __ultoa_invert
 .text.avr-libc
                0x00007024        0x8 C:/Program Files (x86)/Atmel/Studio/7.0/Packs/atmel/ATmega_DFP/1.6.364/gcc/dev/atmega4809/avrxmega3\libatmega4809.a(eerd_block.o)
                0x00007024                eeprom_read_block
 .text.avr-libc
                0x0000702c       0x20 C:/Program Files (x86)/Atmel/Studio/7.0/Packs/atmel/ATmega_DFP/1.6.364/gcc/dev/atmega4809/avrxmega3\libatmega4809.a(eeupd_block.o)
                0x0000702c                eeprom_update_block
 .text.avr-libc
                0x0000704c       0x16 C:/Program Files (x86)/Atmel/Studio/7.0/Packs/atmel/ATmega_DFP/1.6.364/gcc/dev/atmega4809/avrxmega3\libatmega4809.a(eeupd_byte.o)
                0x0000704c                eeprom_update_byte
                0x0000704e                eeprom_update_r18
 .text.avr-libc
                0x00007062       0x28 C:/Program Files (x86)/Atmel/Studio/7.0/Packs/atmel/ATmega_DFP/1.6.364/gcc/dev/atmega4809/avrxmega3\libatmega4809.a(eewr_byte.o)
                0x00007062                eeprom_write_byte
                0x00007064                eeprom_write_r18
 .text.avr-libc
                0x0000708a       0x10 C:/Program Files (x86)/Atmel/Studio/7.0/Packs/atmel/ATmega_DFP/1.6.364/gcc/dev/atmega4809/avrxmega3\libatmega4809.a(eerd_byte.o)
                0x0000708a                eeprom_read_byte
                0x00007092                eeprom_mapen
 .text.avr-libc
                0x0000709a       0x12 c:/program files (x86)/atmel/studio/7.0/toolchain/avr8/avr8-gnu-toolchain/bin/../lib/gcc/avr/5.4.0/../../../../avr/lib/avrxmega3\libc.a(memcpy.o)
                0x0000709a                memcpy
                0x000070ac                . = ALIGN (0x2)
 *(.fini9)
 .fini9         0x000070ac        0x0 c:/program files (x86)/atmel/studio/7.0/toolchain/avr8/avr8-gnu-toolchain/bin/../lib/gcc/avr/5.4.0/avrxmega3\libgcc.a(_exit.o)
                0x000070ac                _exit
                0x000070ac                exit
 *(.fini9)
 *(.fini8)
 *(.fini8)
 *(.fini7)
 *(.fini7)
 *(.fini6)
 *(.fini6)
 *(.fini5)
 *(.fini5)
 *(.fini4)
 *(.fini4)
 *(.fini3)
 *(.fini3)
 *(.fini2)
 *(.fini2)
 *(.fini1)
 *(.fini1)
 *(.fini0)
 .fini0         0x000070ac        0x4 c:/program files (x86)/atmel/studio/7.0/toolchain/avr8/avr8-gnu-toolchain/bin/../lib/gcc/avr/5.4.0/avrxmega3\libgcc.a(_exit.o)
 *(.fini0)
                0x000070b0                _etext = .

.rodata         0x0000b0b0      0xc35 load address 0x000070b0
 *(.rodata)
 .rodata        0x0000b0b0        0x6 roboclaw.o
 *(.rodata*)
 .rodata.str1.1
                0x0000b0b6       0x66 commands.o
 .rodata.str1.1
                0x0000b11c      0x10b ds3231.o
 .rodata.str1.1
                0x0000b227        0xb eeprom.o
 .rodata.str1.1
                0x0000b232        0xa errors.o
 .rodata.str1.1
                0x0000b23c        0xa fram.o
 .rodata.str1.1
                0x0000b246       0x11 initialize.o
 .rodata.str1.1
                0x0000b257       0x29 mcp23008.o
 .rodata.str1.1
                0x0000b280        0x8 nmea.o
 .rodata.str1.1
                0x0000b288       0x11 oled.o
 .rodata.str1.1
                0x0000b299       0x6b pneu.o
 .rodata.str1.1
                0x0000b304      0x382 report.o
                                0x393 (size before relaxing)
 .rodata.str1.1
                0x0000b686      0x520 roboclaw.o
 .rodata.str1.1
                0x0000bba6       0x88 set.o
 .rodata.str1.1
                0x0000bc2e       0x20 testroutine.o
 .rodata.str1.1
                0x0000bc4e       0x97 twi.o
 *(.gnu.linkonce.r*)

.data           0x00802800        0x0 load address 0x00007ce5
                [!provide]                PROVIDE (__data_start, .)
 *(.data)
 *(.data*)
 *(.gnu.linkonce.d*)
                0x00802800                . = ALIGN (0x2)
                0x00802800                _edata = .
                [!provide]                PROVIDE (__data_end, .)

.bss            0x00802800      0xa5b
                0x00802800                PROVIDE (__bss_start, .)
 *(.bss)
 *(.bss*)
 .bss.cstack.3870
                0x00802800        0x1 commands.o
 *(COMMON)
 COMMON         0x00802801        0xc commands.o
                0x00802801                USART3_ticks
                0x00802803                USART0_ticks
                0x00802805                TWI_ticks
                0x00802807                USART1_ticks
                0x00802809                timeoutOLED
                0x0080280b                testTicks
 COMMON         0x0080280d        0x1 errors.o
                0x0080280d                squelchErrors
 COMMON         0x0080280e        0x1 initialize.o
                0x0080280e                rebootackd
 COMMON         0x0080280f      0x209 main.o
                0x0080280f                pcmd
                0x00802a17                firstpass
 COMMON         0x00802a18        0x2 oled.o
                0x00802a18                timerOLED
 COMMON         0x00802a1a        0x1 pneu.o
                0x00802a1a                pneuState
 COMMON         0x00802a1b       0x28 roboclaw.o
                0x00802a1b                pid
                0x00802a3b                timeoutSAVEENCODER
                0x00802a3c                timerSAVEENCODER
                0x00802a3d                motorDir
                0x00802a40                motorLim
 COMMON         0x00802a43      0x818 usart.o
                0x00802a43                ser_recv1
                0x00802b43                ser_send1
                0x00802c43                recv1_buf
                0x00802d47                recv0_buf
                0x00802e4b                send0_buf
                0x00802f4f                recv3_buf
                0x00803053                send3_buf
                0x00803157                send1_buf
                0x0080325b                PROVIDE (__bss_end, .)
                0x00007ce5                __data_load_start = LOADADDR (.data)
                0x00007ce5                __data_load_end = (__data_load_start + SIZEOF (.data))

.noinit         0x0080325b        0x0
                [!provide]                PROVIDE (__noinit_start, .)
 *(.noinit*)
                [!provide]                PROVIDE (__noinit_end, .)
                0x0080325b                _end = .
                [!provide]                PROVIDE (__heap_start, .)

.eeprom         0x00810000        0x0
 *(.eeprom*)
                0x00810000                __eeprom_end = .

.fuse
 *(.fuse)
 *(.lfuse)
 *(.hfuse)
 *(.efuse)

.lock
 *(.lock*)

.signature
 *(.signature*)

.user_signatures
 *(.user_signatures*)

.stab
 *(.stab)

.stabstr
 *(.stabstr)

.stab.excl
 *(.stab.excl)

.stab.exclstr
 *(.stab.exclstr)

.stab.index
 *(.stab.index)

.stab.indexstr
 *(.stab.indexstr)

.comment        0x00000000       0x5c
 *(.comment)
 .comment       0x00000000       0x30 ad590.o
                                 0x31 (size before relaxing)
 .comment       0x00000030       0x31 ads1115.o
 .comment       0x00000030       0x31 commands.o
 .comment       0x00000030       0x31 ds3231.o
 .comment       0x00000030       0x31 eeprom.o
 .comment       0x00000030       0x31 errors.o
 .comment       0x00000030       0x31 fram.o
 .comment       0x00000030       0x31 humidity.o
 .comment       0x00000030       0x31 initialize.o
 .comment       0x00000030       0x31 ionpump.o
 .comment       0x00000030       0x31 main.o
 .comment       0x00000030       0x31 mcp23008.o
 .comment       0x00000030       0x31 mcp9808.o
 .comment       0x00000030       0x31 mma8451.o
 .comment       0x00000030       0x31 nmea.o
 .comment       0x00000030       0x31 oled.o
 .comment       0x00000030       0x31 pneu.o
 .comment       0x00000030       0x31 ports.o
 .comment       0x00000030       0x31 report.o
 .comment       0x00000030       0x31 roboclaw.o
 .comment       0x00000030       0x31 set.o
 .comment       0x00000030       0x31 temperature.o
 .comment       0x00000030       0x31 testroutine.o
 .comment       0x00000030       0x31 timers.o
 .comment       0x00000030       0x31 twi.o
 .comment       0x00000030       0x31 usart.o
 .comment       0x00000030       0x31 wdt.o
 .comment       0x00000030       0x2c c:/program files (x86)/atmel/studio/7.0/toolchain/avr8/avr8-gnu-toolchain/bin/../lib/gcc/avr/5.4.0/../../../../avr/lib/avrxmega3\libprintf_flt.a(vfprintf_flt.o)
                                 0x2d (size before relaxing)
 .comment       0x0000005c       0x31 c:/program files (x86)/atmel/studio/7.0/toolchain/avr8/avr8-gnu-toolchain/bin/../lib/gcc/avr/5.4.0/../../../../avr/lib/avrxmega3\libc.a(fputc.o)
 .comment       0x0000005c       0x31 c:/program files (x86)/atmel/studio/7.0/toolchain/avr8/avr8-gnu-toolchain/bin/../lib/gcc/avr/5.4.0/../../../../avr/lib/avrxmega3\libc.a(sprintf.o)

.note.gnu.avr.deviceinfo
                0x00000000       0x40
 .note.gnu.avr.deviceinfo
                0x00000000       0x40 C:/Program Files (x86)/Atmel/Studio/7.0/Packs/atmel/ATmega_DFP/1.6.364/gcc/dev/atmega4809/avrxmega3/crtatmega4809.o

.note.gnu.build-id
 *(.note.gnu.build-id)

.debug
 *(.debug)

.line
 *(.line)

.debug_srcinfo
 *(.debug_srcinfo)

.debug_sfnames
 *(.debug_sfnames)

.debug_aranges  0x00000000      0x680
 *(.debug_aranges)
 .debug_aranges
                0x00000000       0x20 ad590.o
 .debug_aranges
                0x00000020       0x20 ads1115.o
 .debug_aranges
                0x00000040       0x68 commands.o
 .debug_aranges
                0x000000a8       0x50 ds3231.o
 .debug_aranges
                0x000000f8       0x40 eeprom.o
 .debug_aranges
                0x00000138       0x20 errors.o
 .debug_aranges
                0x00000158       0x30 fram.o
 .debug_aranges
                0x00000188       0x20 humidity.o
 .debug_aranges
                0x000001a8       0x20 initialize.o
 .debug_aranges
                0x000001c8       0x20 ionpump.o
 .debug_aranges
                0x000001e8       0x20 main.o
 .debug_aranges
                0x00000208       0x28 mcp23008.o
 .debug_aranges
                0x00000230       0x20 mcp9808.o
 .debug_aranges
                0x00000250       0x38 mma8451.o
 .debug_aranges
                0x00000288       0x20 nmea.o
 .debug_aranges
                0x000002a8       0x48 oled.o
 .debug_aranges
                0x000002f0       0x48 pneu.o
 .debug_aranges
                0x00000338       0x20 ports.o
 .debug_aranges
                0x00000358       0x20 report.o
 .debug_aranges
                0x00000378       0xf0 roboclaw.o
 .debug_aranges
                0x00000468       0x20 set.o
 .debug_aranges
                0x00000488       0x20 temperature.o
 .debug_aranges
                0x000004a8       0x20 testroutine.o
 .debug_aranges
                0x000004c8       0x48 timers.o
 .debug_aranges
                0x00000510       0x48 twi.o
 .debug_aranges
                0x00000558       0x60 usart.o
 .debug_aranges
                0x000005b8       0x28 wdt.o
 .debug_aranges
                0x000005e0       0x20 C:/Program Files (x86)/Atmel/Studio/7.0/Packs/atmel/ATmega_DFP/1.6.364/gcc/dev/atmega4809/avrxmega3\libatmega4809.a(eerd_block.o)
 .debug_aranges
                0x00000600       0x20 C:/Program Files (x86)/Atmel/Studio/7.0/Packs/atmel/ATmega_DFP/1.6.364/gcc/dev/atmega4809/avrxmega3\libatmega4809.a(eeupd_block.o)
 .debug_aranges
                0x00000620       0x20 C:/Program Files (x86)/Atmel/Studio/7.0/Packs/atmel/ATmega_DFP/1.6.364/gcc/dev/atmega4809/avrxmega3\libatmega4809.a(eeupd_byte.o)
 .debug_aranges
                0x00000640       0x20 C:/Program Files (x86)/Atmel/Studio/7.0/Packs/atmel/ATmega_DFP/1.6.364/gcc/dev/atmega4809/avrxmega3\libatmega4809.a(eewr_byte.o)
 .debug_aranges
                0x00000660       0x20 C:/Program Files (x86)/Atmel/Studio/7.0/Packs/atmel/ATmega_DFP/1.6.364/gcc/dev/atmega4809/avrxmega3\libatmega4809.a(eerd_byte.o)

.debug_pubnames
 *(.debug_pubnames)

.debug_info     0x00000000     0xc542
 *(.debug_info .gnu.linkonce.wi.*)
 .debug_info    0x00000000     0x248a C:/Program Files (x86)/Atmel/Studio/7.0/Packs/atmel/ATmega_DFP/1.6.364/gcc/dev/atmega4809/avrxmega3/crtatmega4809.o
 .debug_info    0x0000248a      0x21b ad590.o
 .debug_info    0x000026a5      0x33e ads1115.o
 .debug_info    0x000029e3      0xa59 commands.o
 .debug_info    0x0000343c      0x829 ds3231.o
 .debug_info    0x00003c65      0x24f eeprom.o
 .debug_info    0x00003eb4      0x1d4 errors.o
 .debug_info    0x00004088      0x363 fram.o
 .debug_info    0x000043eb      0x164 humidity.o
 .debug_info    0x0000454f      0x2a4 initialize.o
 .debug_info    0x000047f3      0x10f ionpump.o
 .debug_info    0x00004902      0x4b1 main.o
 .debug_info    0x00004db3      0x2ab mcp23008.o
 .debug_info    0x0000505e      0x191 mcp9808.o
 .debug_info    0x000051ef      0x429 mma8451.o
 .debug_info    0x00005618      0x15c nmea.o
 .debug_info    0x00005774      0x9e9 oled.o
 .debug_info    0x0000615d      0x8e5 pneu.o
 .debug_info    0x00006a42      0x2d6 ports.o
 .debug_info    0x00006d18     0x1109 report.o
 .debug_info    0x00007e21     0x234b roboclaw.o
 .debug_info    0x0000a16c      0x5bd set.o
 .debug_info    0x0000a729      0x106 temperature.o
 .debug_info    0x0000a82f      0x19e testroutine.o
 .debug_info    0x0000a9cd      0x91d timers.o
 .debug_info    0x0000b2ea      0x4f0 twi.o
 .debug_info    0x0000b7da      0x6d3 usart.o
 .debug_info    0x0000bead      0x376 wdt.o
 .debug_info    0x0000c223       0xa0 C:/Program Files (x86)/Atmel/Studio/7.0/Packs/atmel/ATmega_DFP/1.6.364/gcc/dev/atmega4809/avrxmega3\libatmega4809.a(eerd_block.o)
 .debug_info    0x0000c2c3       0xa1 C:/Program Files (x86)/Atmel/Studio/7.0/Packs/atmel/ATmega_DFP/1.6.364/gcc/dev/atmega4809/avrxmega3\libatmega4809.a(eeupd_block.o)
 .debug_info    0x0000c364       0xa0 C:/Program Files (x86)/Atmel/Studio/7.0/Packs/atmel/ATmega_DFP/1.6.364/gcc/dev/atmega4809/avrxmega3\libatmega4809.a(eeupd_byte.o)
 .debug_info    0x0000c404       0x9f C:/Program Files (x86)/Atmel/Studio/7.0/Packs/atmel/ATmega_DFP/1.6.364/gcc/dev/atmega4809/avrxmega3\libatmega4809.a(eewr_byte.o)
 .debug_info    0x0000c4a3       0x9f C:/Program Files (x86)/Atmel/Studio/7.0/Packs/atmel/ATmega_DFP/1.6.364/gcc/dev/atmega4809/avrxmega3\libatmega4809.a(eerd_byte.o)

.debug_abbrev   0x00000000     0x456c
 *(.debug_abbrev)
 .debug_abbrev  0x00000000     0x2296 C:/Program Files (x86)/Atmel/Studio/7.0/Packs/atmel/ATmega_DFP/1.6.364/gcc/dev/atmega4809/avrxmega3/crtatmega4809.o
 .debug_abbrev  0x00002296      0x129 ad590.o
 .debug_abbrev  0x000023bf      0x11a ads1115.o
 .debug_abbrev  0x000024d9      0x289 commands.o
 .debug_abbrev  0x00002762      0x183 ds3231.o
 .debug_abbrev  0x000028e5       0xda eeprom.o
 .debug_abbrev  0x000029bf       0xf1 errors.o
 .debug_abbrev  0x00002ab0      0x115 fram.o
 .debug_abbrev  0x00002bc5       0xb8 humidity.o
 .debug_abbrev  0x00002c7d       0xde initialize.o
 .debug_abbrev  0x00002d5b       0xab ionpump.o
 .debug_abbrev  0x00002e06      0x146 main.o
 .debug_abbrev  0x00002f4c       0xb8 mcp23008.o
 .debug_abbrev  0x00003004       0xb2 mcp9808.o
 .debug_abbrev  0x000030b6      0x127 mma8451.o
 .debug_abbrev  0x000031dd      0x104 nmea.o
 .debug_abbrev  0x000032e1      0x1f6 oled.o
 .debug_abbrev  0x000034d7      0x1fe pneu.o
 .debug_abbrev  0x000036d5      0x124 ports.o
 .debug_abbrev  0x000037f9      0x16d report.o
 .debug_abbrev  0x00003966      0x305 roboclaw.o
 .debug_abbrev  0x00003c6b      0x15e set.o
 .debug_abbrev  0x00003dc9       0xa9 temperature.o
 .debug_abbrev  0x00003e72       0xee testroutine.o
 .debug_abbrev  0x00003f60      0x174 timers.o
 .debug_abbrev  0x000040d4      0x14c twi.o
 .debug_abbrev  0x00004220      0x1f4 usart.o
 .debug_abbrev  0x00004414       0xf4 wdt.o
 .debug_abbrev  0x00004508       0x14 C:/Program Files (x86)/Atmel/Studio/7.0/Packs/atmel/ATmega_DFP/1.6.364/gcc/dev/atmega4809/avrxmega3\libatmega4809.a(eerd_block.o)
 .debug_abbrev  0x0000451c       0x14 C:/Program Files (x86)/Atmel/Studio/7.0/Packs/atmel/ATmega_DFP/1.6.364/gcc/dev/atmega4809/avrxmega3\libatmega4809.a(eeupd_block.o)
 .debug_abbrev  0x00004530       0x14 C:/Program Files (x86)/Atmel/Studio/7.0/Packs/atmel/ATmega_DFP/1.6.364/gcc/dev/atmega4809/avrxmega3\libatmega4809.a(eeupd_byte.o)
 .debug_abbrev  0x00004544       0x14 C:/Program Files (x86)/Atmel/Studio/7.0/Packs/atmel/ATmega_DFP/1.6.364/gcc/dev/atmega4809/avrxmega3\libatmega4809.a(eewr_byte.o)
 .debug_abbrev  0x00004558       0x14 C:/Program Files (x86)/Atmel/Studio/7.0/Packs/atmel/ATmega_DFP/1.6.364/gcc/dev/atmega4809/avrxmega3\libatmega4809.a(eerd_byte.o)

.debug_line     0x00000000     0x50b9
 *(.debug_line .debug_line.* .debug_line_end)
 .debug_line    0x00000000      0x187 C:/Program Files (x86)/Atmel/Studio/7.0/Packs/atmel/ATmega_DFP/1.6.364/gcc/dev/atmega4809/avrxmega3/crtatmega4809.o
 .debug_line    0x00000187      0x1a1 ad590.o
 .debug_line    0x00000328      0x240 ads1115.o
 .debug_line    0x00000568      0x5f7 commands.o
 .debug_line    0x00000b5f      0x491 ds3231.o
 .debug_line    0x00000ff0      0x129 eeprom.o
 .debug_line    0x00001119       0xea errors.o
 .debug_line    0x00001203      0x199 fram.o
 .debug_line    0x0000139c      0x12f humidity.o
 .debug_line    0x000014cb      0x145 initialize.o
 .debug_line    0x00001610       0xff ionpump.o
 .debug_line    0x0000170f      0x1de main.o
 .debug_line    0x000018ed      0x161 mcp23008.o
 .debug_line    0x00001a4e      0x107 mcp9808.o
 .debug_line    0x00001b55      0x233 mma8451.o
 .debug_line    0x00001d88       0xfc nmea.o
 .debug_line    0x00001e84      0x38e oled.o
 .debug_line    0x00002212      0x3cd pneu.o
 .debug_line    0x000025df      0x196 ports.o
 .debug_line    0x00002775      0x58d report.o
 .debug_line    0x00002d02     0x1159 roboclaw.o
 .debug_line    0x00003e5b      0x253 set.o
 .debug_line    0x000040ae       0xf6 temperature.o
 .debug_line    0x000041a4       0xf8 testroutine.o
 .debug_line    0x0000429c      0x278 timers.o
 .debug_line    0x00004514      0x2f0 twi.o
 .debug_line    0x00004804      0x4b7 usart.o
 .debug_line    0x00004cbb      0x142 wdt.o
 .debug_line    0x00004dfd       0x5d C:/Program Files (x86)/Atmel/Studio/7.0/Packs/atmel/ATmega_DFP/1.6.364/gcc/dev/atmega4809/avrxmega3\libatmega4809.a(eerd_block.o)
 .debug_line    0x00004e5a       0xa5 C:/Program Files (x86)/Atmel/Studio/7.0/Packs/atmel/ATmega_DFP/1.6.364/gcc/dev/atmega4809/avrxmega3\libatmega4809.a(eeupd_block.o)
 .debug_line    0x00004eff       0x80 C:/Program Files (x86)/Atmel/Studio/7.0/Packs/atmel/ATmega_DFP/1.6.364/gcc/dev/atmega4809/avrxmega3\libatmega4809.a(eeupd_byte.o)
 .debug_line    0x00004f7f       0xc1 C:/Program Files (x86)/Atmel/Studio/7.0/Packs/atmel/ATmega_DFP/1.6.364/gcc/dev/atmega4809/avrxmega3\libatmega4809.a(eewr_byte.o)
 .debug_line    0x00005040       0x79 C:/Program Files (x86)/Atmel/Studio/7.0/Packs/atmel/ATmega_DFP/1.6.364/gcc/dev/atmega4809/avrxmega3\libatmega4809.a(eerd_byte.o)

.debug_frame    0x00000000     0x14a4
 *(.debug_frame)
 .debug_frame   0x00000000       0x5c ad590.o
 .debug_frame   0x0000005c       0x60 ads1115.o
 .debug_frame   0x000000bc      0x164 commands.o
 .debug_frame   0x00000220      0x138 ds3231.o
 .debug_frame   0x00000358       0x84 eeprom.o
 .debug_frame   0x000003dc       0x40 errors.o
 .debug_frame   0x0000041c       0xac fram.o
 .debug_frame   0x000004c8       0x68 humidity.o
 .debug_frame   0x00000530       0x34 initialize.o
 .debug_frame   0x00000564       0x54 ionpump.o
 .debug_frame   0x000005b8       0x24 main.o
 .debug_frame   0x000005dc       0x50 mcp23008.o
 .debug_frame   0x0000062c       0x54 mcp9808.o
 .debug_frame   0x00000680       0xc4 mma8451.o
 .debug_frame   0x00000744       0x48 nmea.o
 .debug_frame   0x0000078c       0xc4 oled.o
 .debug_frame   0x00000850      0x110 pneu.o
 .debug_frame   0x00000960       0x24 ports.o
 .debug_frame   0x00000984       0x88 report.o
 .debug_frame   0x00000a0c      0x680 roboclaw.o
 .debug_frame   0x0000108c       0x4c set.o
 .debug_frame   0x000010d8       0x34 temperature.o
 .debug_frame   0x0000110c       0x40 testroutine.o
 .debug_frame   0x0000114c       0xac timers.o
 .debug_frame   0x000011f8       0x74 twi.o
 .debug_frame   0x0000126c      0x1bc usart.o
 .debug_frame   0x00001428       0x7c wdt.o

.debug_str      0x00000000     0x27d6
 *(.debug_str)
 .debug_str     0x00000000      0xf85 C:/Program Files (x86)/Atmel/Studio/7.0/Packs/atmel/ATmega_DFP/1.6.364/gcc/dev/atmega4809/avrxmega3/crtatmega4809.o
 .debug_str     0x00000f85      0x1da ad590.o
                                0x21f (size before relaxing)
 .debug_str     0x0000115f       0x89 ads1115.o
                                0x272 (size before relaxing)
 .debug_str     0x000011e8      0x308 commands.o
                                0x4ce (size before relaxing)
 .debug_str     0x000014f0       0xc0 ds3231.o
                                0x296 (size before relaxing)
 .debug_str     0x000015b0       0x89 eeprom.o
                                0x1fd (size before relaxing)
 .debug_str     0x00001639       0x40 errors.o
                                0x22d (size before relaxing)
 .debug_str     0x00001679       0x5f fram.o
                                0x21a (size before relaxing)
 .debug_str     0x000016d8       0x34 humidity.o
                                0x1de (size before relaxing)
 .debug_str     0x0000170c       0x80 initialize.o
                                0x281 (size before relaxing)
 .debug_str     0x0000178c       0x2a ionpump.o
                                0x1bd (size before relaxing)
 .debug_str     0x000017b6      0x1c4 main.o
                                0x47e (size before relaxing)
 .debug_str     0x0000197a       0x25 mcp23008.o
                                0x1e7 (size before relaxing)
 .debug_str     0x0000199f       0x26 mcp9808.o
                                0x1ef (size before relaxing)
 .debug_str     0x000019c5       0x41 mma8451.o
                                0x215 (size before relaxing)
 .debug_str     0x00001a06       0x34 nmea.o
                                0x1bd (size before relaxing)
 .debug_str     0x00001a3a       0x6a oled.o
                                0x35a (size before relaxing)
 .debug_str     0x00001aa4      0x12c pneu.o
                                0x44e (size before relaxing)
 .debug_str     0x00001bd0        0xd ports.o
                                0x31d (size before relaxing)
 .debug_str     0x00001bdd      0x1f4 report.o
                                0x4fc (size before relaxing)
 .debug_str     0x00001dd1      0x201 roboclaw.o
                                0x64e (size before relaxing)
 .debug_str     0x00001fd2       0x23 set.o
                                0x2a8 (size before relaxing)
 .debug_str     0x00001ff5       0x13 temperature.o
                                0x1c7 (size before relaxing)
 .debug_str     0x00002008       0x13 testroutine.o
                                0x215 (size before relaxing)
 .debug_str     0x0000201b      0x436 timers.o
                                0x7c5 (size before relaxing)
 .debug_str     0x00002451      0x16d twi.o
                                0x3b3 (size before relaxing)
 .debug_str     0x000025be       0xf0 usart.o
                                0x428 (size before relaxing)
 .debug_str     0x000026ae      0x128 wdt.o
                                0x3df (size before relaxing)

.debug_loc      0x00000000     0x5f1c
 *(.debug_loc)
 .debug_loc     0x00000000      0x1a7 ad590.o
 .debug_loc     0x000001a7      0x319 ads1115.o
 .debug_loc     0x000004c0      0x4e2 commands.o
 .debug_loc     0x000009a2      0x770 ds3231.o
 .debug_loc     0x00001112       0xda eeprom.o
 .debug_loc     0x000011ec       0xae errors.o
 .debug_loc     0x0000129a      0x37b fram.o
 .debug_loc     0x00001615      0x246 humidity.o
 .debug_loc     0x0000185b       0x47 initialize.o
 .debug_loc     0x000018a2      0x101 ionpump.o
 .debug_loc     0x000019a3      0x18e mcp23008.o
 .debug_loc     0x00001b31      0x175 mcp9808.o
 .debug_loc     0x00001ca6      0x42c mma8451.o
 .debug_loc     0x000020d2       0xef nmea.o
 .debug_loc     0x000021c1      0x33a oled.o
 .debug_loc     0x000024fb      0x5be pneu.o
 .debug_loc     0x00002ab9       0x48 ports.o
 .debug_loc     0x00002b01      0x4d6 report.o
 .debug_loc     0x00002fd7     0x23cf roboclaw.o
 .debug_loc     0x000053a6      0x16f set.o
 .debug_loc     0x00005515       0x9b temperature.o
 .debug_loc     0x000055b0       0xa9 testroutine.o
 .debug_loc     0x00005659      0x160 timers.o
 .debug_loc     0x000057b9       0xe0 twi.o
 .debug_loc     0x00005899      0x5b8 usart.o
 .debug_loc     0x00005e51       0xcb wdt.o

.debug_macinfo
 *(.debug_macinfo)

.debug_weaknames
 *(.debug_weaknames)

.debug_funcnames
 *(.debug_funcnames)

.debug_typenames
 *(.debug_typenames)

.debug_varnames
 *(.debug_varnames)

.debug_pubtypes
 *(.debug_pubtypes)

.debug_ranges   0x00000000      0x430
 *(.debug_ranges)
 .debug_ranges  0x00000000       0x10 ad590.o
 .debug_ranges  0x00000010       0x10 ads1115.o
 .debug_ranges  0x00000020       0x58 commands.o
 .debug_ranges  0x00000078       0x40 ds3231.o
 .debug_ranges  0x000000b8       0x30 eeprom.o
 .debug_ranges  0x000000e8       0x10 errors.o
 .debug_ranges  0x000000f8       0x20 fram.o
 .debug_ranges  0x00000118       0x10 humidity.o
 .debug_ranges  0x00000128       0x10 initialize.o
 .debug_ranges  0x00000138       0x10 ionpump.o
 .debug_ranges  0x00000148       0x10 main.o
 .debug_ranges  0x00000158       0x18 mcp23008.o
 .debug_ranges  0x00000170       0x10 mcp9808.o
 .debug_ranges  0x00000180       0x28 mma8451.o
 .debug_ranges  0x000001a8       0x10 nmea.o
 .debug_ranges  0x000001b8       0x38 oled.o
 .debug_ranges  0x000001f0       0x38 pneu.o
 .debug_ranges  0x00000228       0x10 ports.o
 .debug_ranges  0x00000238       0x10 report.o
 .debug_ranges  0x00000248       0xe0 roboclaw.o
 .debug_ranges  0x00000328       0x10 set.o
 .debug_ranges  0x00000338       0x10 temperature.o
 .debug_ranges  0x00000348       0x10 testroutine.o
 .debug_ranges  0x00000358       0x38 timers.o
 .debug_ranges  0x00000390       0x38 twi.o
 .debug_ranges  0x000003c8       0x50 usart.o
 .debug_ranges  0x00000418       0x18 wdt.o

.debug_macro
 *(.debug_macro)
OUTPUT(specMech.elf elf32-avr)
LOAD linker stubs
