Archive member included to satisfy reference by file (symbol)

c:/program files (x86)/atmel/studio/7.0/toolchain/avr8/avr8-gnu-toolchain/bin/../lib/gcc/avr/5.4.0/../../../../avr/lib/avrxmega3\libm.a(addsf3.o)
                              ad590.o (__subsf3)
c:/program files (x86)/atmel/studio/7.0/toolchain/avr8/avr8-gnu-toolchain/bin/../lib/gcc/avr/5.4.0/../../../../avr/lib/avrxmega3\libm.a(addsf3x.o)
                              c:/program files (x86)/atmel/studio/7.0/toolchain/avr8/avr8-gnu-toolchain/bin/../lib/gcc/avr/5.4.0/../../../../avr/lib/avrxmega3\libm.a(addsf3.o) (__addsf3x)
c:/program files (x86)/atmel/studio/7.0/toolchain/avr8/avr8-gnu-toolchain/bin/../lib/gcc/avr/5.4.0/../../../../avr/lib/avrxmega3\libm.a(cmpsf2.o)
                              ionpump.o (__ltsf2)
c:/program files (x86)/atmel/studio/7.0/toolchain/avr8/avr8-gnu-toolchain/bin/../lib/gcc/avr/5.4.0/../../../../avr/lib/avrxmega3\libm.a(divsf3.o)
                              humidity.o (__divsf3)
c:/program files (x86)/atmel/studio/7.0/toolchain/avr8/avr8-gnu-toolchain/bin/../lib/gcc/avr/5.4.0/../../../../avr/lib/avrxmega3\libm.a(divsf3x.o)
                              c:/program files (x86)/atmel/studio/7.0/toolchain/avr8/avr8-gnu-toolchain/bin/../lib/gcc/avr/5.4.0/../../../../avr/lib/avrxmega3\libm.a(divsf3.o) (__divsf3x)
c:/program files (x86)/atmel/studio/7.0/toolchain/avr8/avr8-gnu-toolchain/bin/../lib/gcc/avr/5.4.0/../../../../avr/lib/avrxmega3\libm.a(floatsisf.o)
                              ads1115.o (__floatunsisf)
c:/program files (x86)/atmel/studio/7.0/toolchain/avr8/avr8-gnu-toolchain/bin/../lib/gcc/avr/5.4.0/../../../../avr/lib/avrxmega3\libm.a(fp_cmp.o)
                              c:/program files (x86)/atmel/studio/7.0/toolchain/avr8/avr8-gnu-toolchain/bin/../lib/gcc/avr/5.4.0/../../../../avr/lib/avrxmega3\libm.a(cmpsf2.o) (__fp_cmp)
c:/program files (x86)/atmel/studio/7.0/toolchain/avr8/avr8-gnu-toolchain/bin/../lib/gcc/avr/5.4.0/../../../../avr/lib/avrxmega3\libm.a(fp_inf.o)
                              c:/program files (x86)/atmel/studio/7.0/toolchain/avr8/avr8-gnu-toolchain/bin/../lib/gcc/avr/5.4.0/../../../../avr/lib/avrxmega3\libm.a(addsf3x.o) (__fp_inf)
c:/program files (x86)/atmel/studio/7.0/toolchain/avr8/avr8-gnu-toolchain/bin/../lib/gcc/avr/5.4.0/../../../../avr/lib/avrxmega3\libm.a(fp_nan.o)
                              c:/program files (x86)/atmel/studio/7.0/toolchain/avr8/avr8-gnu-toolchain/bin/../lib/gcc/avr/5.4.0/../../../../avr/lib/avrxmega3\libm.a(addsf3x.o) (__fp_nan)
c:/program files (x86)/atmel/studio/7.0/toolchain/avr8/avr8-gnu-toolchain/bin/../lib/gcc/avr/5.4.0/../../../../avr/lib/avrxmega3\libm.a(fp_pscA.o)
                              c:/program files (x86)/atmel/studio/7.0/toolchain/avr8/avr8-gnu-toolchain/bin/../lib/gcc/avr/5.4.0/../../../../avr/lib/avrxmega3\libm.a(addsf3x.o) (__fp_pscA)
c:/program files (x86)/atmel/studio/7.0/toolchain/avr8/avr8-gnu-toolchain/bin/../lib/gcc/avr/5.4.0/../../../../avr/lib/avrxmega3\libm.a(fp_pscB.o)
                              c:/program files (x86)/atmel/studio/7.0/toolchain/avr8/avr8-gnu-toolchain/bin/../lib/gcc/avr/5.4.0/../../../../avr/lib/avrxmega3\libm.a(addsf3x.o) (__fp_pscB)
c:/program files (x86)/atmel/studio/7.0/toolchain/avr8/avr8-gnu-toolchain/bin/../lib/gcc/avr/5.4.0/../../../../avr/lib/avrxmega3\libm.a(fp_round.o)
                              c:/program files (x86)/atmel/studio/7.0/toolchain/avr8/avr8-gnu-toolchain/bin/../lib/gcc/avr/5.4.0/../../../../avr/lib/avrxmega3\libm.a(addsf3.o) (__fp_round)
c:/program files (x86)/atmel/studio/7.0/toolchain/avr8/avr8-gnu-toolchain/bin/../lib/gcc/avr/5.4.0/../../../../avr/lib/avrxmega3\libm.a(fp_split3.o)
                              c:/program files (x86)/atmel/studio/7.0/toolchain/avr8/avr8-gnu-toolchain/bin/../lib/gcc/avr/5.4.0/../../../../avr/lib/avrxmega3\libm.a(addsf3x.o) (__fp_split3)
c:/program files (x86)/atmel/studio/7.0/toolchain/avr8/avr8-gnu-toolchain/bin/../lib/gcc/avr/5.4.0/../../../../avr/lib/avrxmega3\libm.a(fp_zero.o)
                              c:/program files (x86)/atmel/studio/7.0/toolchain/avr8/avr8-gnu-toolchain/bin/../lib/gcc/avr/5.4.0/../../../../avr/lib/avrxmega3\libm.a(addsf3x.o) (__fp_zero)
c:/program files (x86)/atmel/studio/7.0/toolchain/avr8/avr8-gnu-toolchain/bin/../lib/gcc/avr/5.4.0/../../../../avr/lib/avrxmega3\libm.a(gesf2.o)
                              ionpump.o (__gtsf2)
c:/program files (x86)/atmel/studio/7.0/toolchain/avr8/avr8-gnu-toolchain/bin/../lib/gcc/avr/5.4.0/../../../../avr/lib/avrxmega3\libm.a(mulsf3.o)
                              ad590.o (__mulsf3)
c:/program files (x86)/atmel/studio/7.0/toolchain/avr8/avr8-gnu-toolchain/bin/../lib/gcc/avr/5.4.0/../../../../avr/lib/avrxmega3\libm.a(mulsf3x.o)
                              c:/program files (x86)/atmel/studio/7.0/toolchain/avr8/avr8-gnu-toolchain/bin/../lib/gcc/avr/5.4.0/../../../../avr/lib/avrxmega3\libm.a(mulsf3.o) (__mulsf3x)
[...]
Memory Configuration

Name             Origin             Length             Attributes
text             0x00000000         0x0000c000         xr
data             0x00802800         0x00001800         rw !x
eeprom           0x00810000         0x00000100         rw !x
fuse             0x00820000         0x0000000a         rw !x
lock             0x00830000         0x00000400         rw !x
signature        0x00840000         0x00000400         rw !x
user_signatures  0x00850000         0x00000400         rw !x
*default*        0x00000000         0xffffffff

Linker script and memory map

Address of section .data set to 0x802800
                0x00004000                __RODATA_PM_OFFSET__ = 0x4000
LOAD C:/Program Files (x86)/Atmel/Studio/7.0/Packs/atmel/ATmega_DFP/1.6.364/gcc/dev/atmega4809/avrxmega3/crtatmega4809.o
LOAD ad590.o
LOAD ads1115.o
LOAD beeper.o
LOAD commands.o
LOAD ds3231.o
LOAD eeprom.o
LOAD errors.o
LOAD fram.o
LOAD humidity.o
LOAD initialize.o
LOAD interrupts.o
LOAD ionpump.o
LOAD led.o
LOAD main.o
LOAD mcp23008.o
LOAD mcp9808.o
LOAD mma8451.o
LOAD nmea.o
LOAD oled.o
LOAD pneu.o
LOAD ports.o
LOAD report.o
LOAD roboclaw.o
LOAD rtc.o
LOAD set.o
LOAD specID.o
LOAD temperature.o
LOAD testroutine.o
LOAD timers.o
LOAD twi.o
LOAD usart.o
LOAD wdt.o
LOAD xport.o
START GROUP
LOAD c:/program files (x86)/atmel/studio/7.0/toolchain/avr8/avr8-gnu-toolchain/bin/../lib/gcc/avr/5.4.0/../../../../avr/lib/avrxmega3\libm.a
END GROUP
LOAD c:/program files (x86)/atmel/studio/7.0/toolchain/avr8/avr8-gnu-toolchain/bin/../lib/gcc/avr/5.4.0/../../../../avr/lib/avrxmega3\libprintf_flt.a
START GROUP
LOAD c:/program files (x86)/atmel/studio/7.0/toolchain/avr8/avr8-gnu-toolchain/bin/../lib/gcc/avr/5.4.0/avrxmega3\libgcc.a
LOAD c:/program files (x86)/atmel/studio/7.0/toolchain/avr8/avr8-gnu-toolchain/bin/../lib/gcc/avr/5.4.0/../../../../avr/lib/avrxmega3\libm.a
LOAD c:/program files (x86)/atmel/studio/7.0/toolchain/avr8/avr8-gnu-toolchain/bin/../lib/gcc/avr/5.4.0/../../../../avr/lib/avrxmega3\libc.a
LOAD C:/Program Files (x86)/Atmel/Studio/7.0/Packs/atmel/ATmega_DFP/1.6.364/gcc/dev/atmega4809/avrxmega3\libatmega4809.a
END GROUP
                [0x00000000]                __TEXT_REGION_ORIGIN__ = DEFINED (__TEXT_REGION_ORIGIN__)?__TEXT_REGION_ORIGIN__:0x0
                [0x00802800]                __DATA_REGION_ORIGIN__ = DEFINED (__DATA_REGION_ORIGIN__)?__DATA_REGION_ORIGIN__:0x802000
                [0x0000c000]                __TEXT_REGION_LENGTH__ = DEFINED (__TEXT_REGION_LENGTH__)?__TEXT_REGION_LENGTH__:0x100000
                [0x00001800]                __DATA_REGION_LENGTH__ = DEFINED (__DATA_REGION_LENGTH__)?__DATA_REGION_LENGTH__:0xffa0
                [0x00000100]                __EEPROM_REGION_LENGTH__ = DEFINED (__EEPROM_REGION_LENGTH__)?__EEPROM_REGION_LENGTH__:0x10000
                [0x0000000a]                __FUSE_REGION_LENGTH__ = DEFINED (__FUSE_REGION_LENGTH__)?__FUSE_REGION_LENGTH__:0x400
                0x00000400                __LOCK_REGION_LENGTH__ = DEFINED (__LOCK_REGION_LENGTH__)?__LOCK_REGION_LENGTH__:0x400
                0x00000400                __SIGNATURE_REGION_LENGTH__ = DEFINED (__SIGNATURE_REGION_LENGTH__)?__SIGNATURE_REGION_LENGTH__:0x400
                0x00000400                __USER_SIGNATURE_REGION_LENGTH__ = DEFINED (__USER_SIGNATURE_REGION_LENGTH__)?__USER_SIGNATURE_REGION_LENGTH__:0x400
                0x00008000                __RODATA_PM_OFFSET__ = DEFINED (__RODATA_PM_OFFSET__)?__RODATA_PM_OFFSET__:0x8000

.hash
 *(.hash)

.dynsym
 *(.dynsym)

.dynstr
 *(.dynstr)

.gnu.version
 *(.gnu.version)

.gnu.version_d
 *(.gnu.version_d)

.gnu.version_r
 *(.gnu.version_r)

.rel.init
 *(.rel.init)

.rela.init
 *(.rela.init)

.rel.text
 *(.rel.text)
 *(.rel.text.*)
 *(.rel.gnu.linkonce.t*)

.rela.text
 *(.rela.text)
 *(.rela.text.*)
 *(.rela.gnu.linkonce.t*)

.rel.fini
 *(.rel.fini)

.rela.fini
 *(.rela.fini)

.rel.rodata
 *(.rel.rodata)
 *(.rel.rodata.*)
 *(.rel.gnu.linkonce.r*)

.rela.rodata
 *(.rela.rodata)
 *(.rela.rodata.*)
 *(.rela.gnu.linkonce.r*)

.rel.data
 *(.rel.data)
 *(.rel.data.*)
 *(.rel.gnu.linkonce.d*)

.rela.data
 *(.rela.data)
 *(.rela.data.*)
 *(.rela.gnu.linkonce.d*)

.rel.ctors
 *(.rel.ctors)

.rela.ctors
 *(.rela.ctors)

.rel.dtors
 *(.rel.dtors)

.rela.dtors
 *(.rela.dtors)

.rel.got
 *(.rel.got)

.rela.got
 *(.rela.got)

.rel.bss
 *(.rel.bss)

.rela.bss
 *(.rela.bss)

.rel.plt
 *(.rel.plt)

.rela.plt
 *(.rela.plt)

.text           0x00000000     0x4752
 *(.vectors)
 .vectors       0x00000000       0xa0 C:/Program Files (x86)/Atmel/Studio/7.0/Packs/atmel/ATmega_DFP/1.6.364/gcc/dev/atmega4809/avrxmega3/crtatmega4809.o
                0x00000000                __vector_default
                0x00000000                __vectors
 *(.vectors)
 *(.progmem.gcc*)
 .progmem.gcc_sw_table.commands
                0x000000a0       0x46 commands.o
 .progmem.gcc_sw_table.report
                0x000000e6       0x6c report.o
                0x00000152                . = ALIGN (0x2)
                0x00000152                __trampolines_start = .
 *(.trampolines)
 .trampolines   0x00000152        0x0 linker stubs
 *(.trampolines*)
                0x00000152                __trampolines_end = .
 *libprintf_flt.a:*(.progmem.data)
 .progmem.data  0x00000152        0x8 c:/program files (x86)/atmel/studio/7.0/toolchain/avr8/avr8-gnu-toolchain/bin/../lib/gcc/avr/5.4.0/../../../../avr/lib/avrxmega3\libprintf_flt.a(vfprintf_flt.o)
 *libc.a:*(.progmem.data)
 .progmem.data  0x0000015a       0xfa c:/program files (x86)/atmel/studio/7.0/toolchain/avr8/avr8-gnu-toolchain/bin/../lib/gcc/avr/5.4.0/../../../../avr/lib/avrxmega3\libc.a(ftoa_engine.o)
 *(.progmem*)
                0x00000254                . = ALIGN (0x2)
 *(.jumptables)
 *(.jumptables*)
 *(.lowtext)
 *(.lowtext*)
                0x00000254                __ctors_start = .
 *(.ctors)
                0x00000254                __ctors_end = .
                0x00000254                __dtors_start = .
 *(.dtors)
                0x00000254                __dtors_end = .
 SORT(*)(.ctors)
 SORT(*)(.dtors)
 *(.init0)
 .init0         0x00000254        0x0 C:/Program Files (x86)/Atmel/Studio/7.0/Packs/atmel/ATmega_DFP/1.6.364/gcc/dev/atmega4809/avrxmega3/crtatmega4809.o
                0x00000254                __init
 *(.init0)
 *(.init1)
 *(.init1)
 *(.init2)
 .init2         0x00000254        0xc C:/Program Files (x86)/Atmel/Studio/7.0/Packs/atmel/ATmega_DFP/1.6.364/gcc/dev/atmega4809/avrxmega3/crtatmega4809.o
 *(.init2)
 *(.init3)
 *(.init3)
 *(.init4)
 .init4         0x00000260       0x16 c:/program files (x86)/atmel/studio/7.0/toolchain/avr8/avr8-gnu-toolchain/bin/../lib/gcc/avr/5.4.0/avrxmega3\libgcc.a(_copy_data.o)
                0x00000260                __do_copy_data
 .init4         0x00000276       0x10 c:/program files (x86)/atmel/studio/7.0/toolchain/avr8/avr8-gnu-toolchain/bin/../lib/gcc/avr/5.4.0/avrxmega3\libgcc.a(_clear_bss.o)
                0x00000276                __do_clear_bss
 *(.init4)
 *(.init5)
 *(.init5)
 *(.init6)
 *(.init6)
 *(.init7)
 *(.init7)
 *(.init8)
 *(.init8)
 *(.init9)
 .init9         0x00000286        0x8 C:/Program Files (x86)/Atmel/Studio/7.0/Packs/atmel/ATmega_DFP/1.6.364/gcc/dev/atmega4809/avrxmega3/crtatmega4809.o
 *(.init9)
 *(.text)
 .text          0x0000028e        0x4 C:/Program Files (x86)/Atmel/Studio/7.0/Packs/atmel/ATmega_DFP/1.6.364/gcc/dev/atmega4809/avrxmega3/crtatmega4809.o
                0x0000028e                __vector_22
                0x0000028e                __vector_28
                0x0000028e                __vector_1
                0x0000028e                __vector_32
                0x0000028e                __vector_34
                0x0000028e                __vector_24
                0x0000028e                __bad_interrupt
                0x0000028e                __vector_6
                0x0000028e                __vector_31
                0x0000028e                __vector_35
                0x0000028e                __vector_39
                0x0000028e                __vector_23
                0x0000028e                __vector_30
                0x0000028e                __vector_25
                0x0000028e                __vector_11
                0x0000028e                __vector_13
                0x0000028e                __vector_19
                0x0000028e                __vector_7
                0x0000028e                __vector_5
                0x0000028e                __vector_33
                0x0000028e                __vector_4
                0x0000028e                __vector_9
                0x0000028e                __vector_2
                0x0000028e                __vector_21
                0x0000028e                __vector_15
                0x0000028e                __vector_36
                0x0000028e                __vector_8
                0x0000028e                __vector_14
                0x0000028e                __vector_10
                0x0000028e                __vector_16
                0x00000292                . = ALIGN (0x2)
 *(.text.*)
 .text.read_AD590
                0x00000292       0xac ad590.o
                0x00000292                read_AD590
 .text.read_ADS1115
                0x0000033e      0x1fe ads1115.o
                0x0000033e                read_ADS1115
 .text.init_BEEPER
                0x0000053c        0xe beeper.o
                0x0000053c                init_BEEPER
 .text.echo_cmd
                0x0000054a       0x9c commands.o
                0x0000054a                echo_cmd
 .text.get_cmdline
                0x000005e6       0x58 commands.o
                0x000005e6                get_cmdline
 .text.isaletter
                0x0000063e       0x1a commands.o
                0x0000063e                isaletter
 .text.parse_cmd
                0x00000658      0x128 commands.o
                0x00000658                parse_cmd
 .text.send_prompt
                0x00000780       0xbe commands.o
                0x00000780                send_prompt
 .text.rebootACKd
                0x0000083e       0x58 commands.o
                0x0000083e                rebootACKd
 .text.commands
                0x00000896       0xfa commands.o
                0x00000896                commands
 .text.convert_ds2iso
                0x00000990       0x42 ds3231.o
                0x00000990                convert_ds2iso
 .text.convert_iso2ds
                0x000009d2       0xc0 ds3231.o
                0x000009d2                convert_iso2ds
 .text.read_DS3231
                0x00000a92       0x7c ds3231.o
                0x00000a92                read_DS3231
 .text.get_time
                0x00000b0e       0x54 ds3231.o
                0x00000b0e                get_time
 .text.write_DS3231
                0x00000b62       0x74 ds3231.o
                0x00000b62                write_DS3231
 .text.put_time
                0x00000bd6       0x30 ds3231.o
                0x00000bd6                put_time
 .text.get_BOOTTIME
                0x00000c06        0xe eeprom.o
                0x00000c06                get_BOOTTIME
 .text.get_VERSION
                0x00000c14        0xe eeprom.o
                0x00000c14                get_VERSION
 .text.update_BOOTTIME
                0x00000c22       0x32 eeprom.o
                0x00000c22                update_BOOTTIME
 .text.update_VERSION
                0x00000c54       0x3c eeprom.o
                0x00000c54                update_VERSION
 .text.init_EEPROM
                0x00000c90        0xa eeprom.o
                0x00000c90                init_EEPROM
 .text.printError
                0x00000c9a       0x92 errors.o
                0x00000c9a                printError
 .text.read_FRAM
                0x00000d2c       0x84 fram.o
                0x00000d2c                read_FRAM
 .text.write_FRAM
                0x00000db0       0x64 fram.o
                0x00000db0                write_FRAM
 .text.get_humidity
                0x00000e14       0xc8 humidity.o
                0x00000e14                get_humidity
 .text.initialize0
                0x00000edc       0x2c initialize.o
                0x00000edc                initialize0
 .text.initialize1
                0x00000f08       0x64 initialize.o
                0x00000f08                initialize1
 .text.__vector_29
                0x00000f6c       0x56 interrupts.o
                0x00000f6c                __vector_29
 .text.read_ionpump
                0x00000fc2       0x9c ionpump.o
                0x00000fc2                read_ionpump
 .text.init_LED
                0x0000105e        0xc led.o
                0x0000105e                init_LED
 .text.main     0x0000106a       0x1c main.o
                0x0000106a                main
 .text.read_MCP23008
                0x00001086       0x46 mcp23008.o
                0x00001086                read_MCP23008
 .text.write_MCP23008
                0x000010cc       0x54 mcp23008.o
                0x000010cc                write_MCP23008
 .text.read_MCP9808
                0x00001120       0x9e mcp9808.o
                0x00001120                read_MCP9808
 .text.read_MMA8451
                0x000011be       0x68 mma8451.o
                0x000011be                read_MMA8451
 .text.get_orientation
                0x00001226      0x130 mma8451.o
                0x00001226                get_orientation
 .text.write_MMA8451
                0x00001356       0x54 mma8451.o
                0x00001356                write_MMA8451
 .text.init_MMA8451
                0x000013aa       0x64 mma8451.o
                0x000013aa                init_MMA8451
 .text.checksum_NMEA
                0x0000140e       0x92 nmea.o
                0x0000140e                checksum_NMEA
 .text.write_OLED
                0x000014a0       0x24 oled.o
                0x000014a0                write_OLED
 .text.init_OLED
                0x000014c4      0x180 oled.o
                0x000014c4                init_OLED
 .text.writestr_OLED
                0x00001644       0xba oled.o
                0x00001644                writestr_OLED
 .text.clear_OLED
                0x000016fe       0x56 oled.o
                0x000016fe                clear_OLED
 .text.init_PNEU
                0x00001754       0x7a pneu.o
                0x00001754                init_PNEU
 .text.read_PNEUSENSORS
                0x000017ce       0xd8 pneu.o
                0x000017ce                read_PNEUSENSORS
 .text.set_PNEUVALVES
                0x000018a6       0x24 pneu.o
                0x000018a6                set_PNEUVALVES
 .text.close_PNEU
                0x000018ca      0x124 pneu.o
                0x000018ca                close_PNEU
 .text.open_PNEU
                0x000019ee      0x124 pneu.o
                0x000019ee                open_PNEU
 .text.__vector_20
                0x00001b12       0x5e pneu.o
                0x00001b12                __vector_20
 .text.init_PORTS
                0x00001b70       0x70 ports.o
                0x00001b70                init_PORTS
 .text.report   0x00001be0      0xc56 report.o
                0x00001be0                report
 .text.crc16    0x00002836       0x4a roboclaw.o
                0x00002836                crc16
 .text.get_MOTOREncoder
                0x00002880      0x160 roboclaw.o
                0x00002880                get_MOTOREncoder
 .text.get_MOTORFloat
                0x000029e0       0xfc roboclaw.o
                0x000029e0                get_MOTORFloat
 .text.get_MOTORInt32
                0x00002adc      0x13c roboclaw.o
                0x00002adc                get_MOTORInt32
 .text.move_MOTORAbsolute
                0x00002c18       0xc4 roboclaw.o
                0x00002c18                move_MOTORAbsolute
 .text.move_MOTOR
                0x00002cdc       0xee roboclaw.o
                0x00002cdc                move_MOTOR
 .text.set_MOTOREncoder
                0x00002dca       0x7e roboclaw.o
                0x00002dca                set_MOTOREncoder
 .text.init_MOTORS
                0x00002e48       0x64 roboclaw.o
                0x00002e48                init_MOTORS
 .text.init_RTC
                0x00002eac       0x5c rtc.o
                0x00002eac                init_RTC
 .text.__vector_3
                0x00002f08       0x8a rtc.o
                0x00002f08                __vector_3
 .text.set      0x00002f92       0x62 set.o
                0x00002f92                set
 .text.init_SPECID
                0x00002ff4       0x10 specID.o
                0x00002ff4                init_SPECID
 .text.get_temperature
                0x00003004       0x20 temperature.o
                0x00003004                get_temperature
 .text.testroutine
                0x00003024       0x7e testroutine.o
                0x00003024                testroutine
 .text.start_TCB0
                0x000030a2       0x2c timers.o
                0x000030a2                start_TCB0
 .text.stop_TCB0
                0x000030ce        0x6 timers.o
                0x000030ce                stop_TCB0
 .text.__vector_12
                0x000030d4       0x34 timers.o
                0x000030d4                __vector_12
 .text.init_TWI
                0x00003108       0x16 twi.o
                0x00003108                init_TWI
 .text.read_TWI
                0x0000311e       0x20 twi.o
                0x0000311e                read_TWI
 .text.readlast_TWI
                0x0000313e       0x1a twi.o
                0x0000313e                readlast_TWI
 .text.start_TWI
                0x00003158       0x68 twi.o
                0x00003158                start_TWI
 .text.stop_TWI
                0x000031c0        0x8 twi.o
                0x000031c0                stop_TWI
 .text.write_TWI
                0x000031c8       0x2a twi.o
                0x000031c8                write_TWI
 .text.init_USART
                0x000031f2       0xb0 usart.o
                0x000031f2                init_USART
 .text.send_USART
                0x000032a2      0x10c usart.o
                0x000032a2                send_USART
 .text.__vector_17
                0x000033ae       0x86 usart.o
                0x000033ae                __vector_17
 .text.__vector_18
                0x00003434       0x6e usart.o
                0x00003434                __vector_18
 .text.__vector_26
                0x000034a2       0x56 usart.o
                0x000034a2                __vector_26
 .text.__vector_27
                0x000034f8       0x6e usart.o
                0x000034f8                __vector_27
 .text.__vector_37
                0x00003566       0x6a usart.o
                0x00003566                __vector_37
 .text.__vector_38
                0x000035d0       0x5c usart.o
                0x000035d0                __vector_38
 .text.reboot   0x0000362c       0x14 wdt.o
                0x0000362c                reboot
 .text.init_XPORT
                0x00003640       0x18 xport.o
                0x00003640                init_XPORT
 .text.avr-libc.fplib
                0x00003658        0xe c:/program files (x86)/atmel/studio/7.0/toolchain/avr8/avr8-gnu-toolchain/bin/../lib/gcc/avr/5.4.0/../../../../avr/lib/avrxmega3\libm.a(addsf3.o)
                0x00003658                __subsf3
                0x0000365a                __addsf3
 .text.avr-libc.fplib
                0x00003666       0xcc c:/program files (x86)/atmel/studio/7.0/toolchain/avr8/avr8-gnu-toolchain/bin/../lib/gcc/avr/5.4.0/../../../../avr/lib/avrxmega3\libm.a(addsf3x.o)
                0x00003688                __addsf3x
 .text.avr-libc.fplib
                0x00003732        0xa c:/program files (x86)/atmel/studio/7.0/toolchain/avr8/avr8-gnu-toolchain/bin/../lib/gcc/avr/5.4.0/../../../../avr/lib/avrxmega3\libm.a(cmpsf2.o)
                0x00003732                __nesf2
                0x00003732                __eqsf2
                0x00003732                __cmpsf2
                0x00003732                __ltsf2
                0x00003732                __lesf2
 .text.avr-libc.fplib
                0x0000373c        0x8 c:/program files (x86)/atmel/studio/7.0/toolchain/avr8/avr8-gnu-toolchain/bin/../lib/gcc/avr/5.4.0/../../../../avr/lib/avrxmega3\libm.a(divsf3.o)
                0x0000373c                __divsf3
 .text.avr-libc.fplib
                0x00003744       0xdc c:/program files (x86)/atmel/studio/7.0/toolchain/avr8/avr8-gnu-toolchain/bin/../lib/gcc/avr/5.4.0/../../../../avr/lib/avrxmega3\libm.a(divsf3x.o)
                0x00003764                __divsf3x
                0x0000376a                __divsf3_pse
 .text.avr-libc.fplib
                0x00003820       0x7a c:/program files (x86)/atmel/studio/7.0/toolchain/avr8/avr8-gnu-toolchain/bin/../lib/gcc/avr/5.4.0/../../../../avr/lib/avrxmega3\libm.a(floatsisf.o)
                0x00003820                __floatunsisf
                0x00003824                __floatsisf
 .text.avr-libc.fplib
                0x0000389a       0x48 c:/program files (x86)/atmel/studio/7.0/toolchain/avr8/avr8-gnu-toolchain/bin/../lib/gcc/avr/5.4.0/../../../../avr/lib/avrxmega3\libm.a(fp_cmp.o)
                0x0000389a                __fp_cmp
 .text.avr-libc.fplib
                0x000038e2        0xc c:/program files (x86)/atmel/studio/7.0/toolchain/avr8/avr8-gnu-toolchain/bin/../lib/gcc/avr/5.4.0/../../../../avr/lib/avrxmega3\libm.a(fp_inf.o)
                0x000038e2                __fp_inf
 .text.avr-libc.fplib
                0x000038ee        0x6 c:/program files (x86)/atmel/studio/7.0/toolchain/avr8/avr8-gnu-toolchain/bin/../lib/gcc/avr/5.4.0/../../../../avr/lib/avrxmega3\libm.a(fp_nan.o)
                0x000038ee                __fp_nan
 .text.avr-libc.fplib
                0x000038f4        0xe c:/program files (x86)/atmel/studio/7.0/toolchain/avr8/avr8-gnu-toolchain/bin/../lib/gcc/avr/5.4.0/../../../../avr/lib/avrxmega3\libm.a(fp_pscA.o)
                0x000038f4                __fp_pscA
 .text.avr-libc.fplib
                0x00003902        0xe c:/program files (x86)/atmel/studio/7.0/toolchain/avr8/avr8-gnu-toolchain/bin/../lib/gcc/avr/5.4.0/../../../../avr/lib/avrxmega3\libm.a(fp_pscB.o)
                0x00003902                __fp_pscB
 .text.avr-libc.fplib
                0x00003910       0x22 c:/program files (x86)/atmel/studio/7.0/toolchain/avr8/avr8-gnu-toolchain/bin/../lib/gcc/avr/5.4.0/../../../../avr/lib/avrxmega3\libm.a(fp_round.o)
                0x00003910                __fp_round
 .text.avr-libc.fplib
                0x00003932       0x44 c:/program files (x86)/atmel/studio/7.0/toolchain/avr8/avr8-gnu-toolchain/bin/../lib/gcc/avr/5.4.0/../../../../avr/lib/avrxmega3\libm.a(fp_split3.o)
                0x00003932                __fp_split3
                0x00003942                __fp_splitA
 .text.avr-libc.fplib
                0x00003976        0xe c:/program files (x86)/atmel/studio/7.0/toolchain/avr8/avr8-gnu-toolchain/bin/../lib/gcc/avr/5.4.0/../../../../avr/lib/avrxmega3\libm.a(fp_zero.o)
                0x00003976                __fp_zero
                0x00003978                __fp_szero
 .text.avr-libc.fplib
                0x00003984        0xa c:/program files (x86)/atmel/studio/7.0/toolchain/avr8/avr8-gnu-toolchain/bin/../lib/gcc/avr/5.4.0/../../../../avr/lib/avrxmega3\libm.a(gesf2.o)
                0x00003984                __gesf2
                0x00003984                __gtsf2
 .text.avr-libc.fplib
                0x0000398e        0x8 c:/program files (x86)/atmel/studio/7.0/toolchain/avr8/avr8-gnu-toolchain/bin/../lib/gcc/avr/5.4.0/../../../../avr/lib/avrxmega3\libm.a(mulsf3.o)
                0x0000398e                __mulsf3
 .text.avr-libc.fplib
                0x00003996       0xd2 c:/program files (x86)/atmel/studio/7.0/toolchain/avr8/avr8-gnu-toolchain/bin/../lib/gcc/avr/5.4.0/../../../../avr/lib/avrxmega3\libm.a(mulsf3x.o)
                0x000039b4                __mulsf3x
                0x000039ba                __mulsf3_pse
 .text.avr-libc
                0x00003a68      0x6fa c:/program files (x86)/atmel/studio/7.0/toolchain/avr8/avr8-gnu-toolchain/bin/../lib/gcc/avr/5.4.0/../../../../avr/lib/avrxmega3\libprintf_flt.a(vfprintf_flt.o)
                0x00003a68                vfprintf
 .text.libgcc.div
                0x00004162       0x28 c:/program files (x86)/atmel/studio/7.0/toolchain/avr8/avr8-gnu-toolchain/bin/../lib/gcc/avr/5.4.0/avrxmega3\libgcc.a(_divmodhi4.o)
                0x00004162                _div
                0x00004162                __divmodhi4
 .text.libgcc.div
                0x0000418a       0x2e c:/program files (x86)/atmel/studio/7.0/toolchain/avr8/avr8-gnu-toolchain/bin/../lib/gcc/avr/5.4.0/avrxmega3\libgcc.a(_divmodsi4.o)
                0x0000418a                __divmodsi4
 .text.libgcc.div
                0x000041b8       0x10 c:/program files (x86)/atmel/studio/7.0/toolchain/avr8/avr8-gnu-toolchain/bin/../lib/gcc/avr/5.4.0/avrxmega3\libgcc.a(_negsi2.o)
                0x000041b8                __negsi2
 .text.libgcc   0x000041c8        0xc c:/program files (x86)/atmel/studio/7.0/toolchain/avr8/avr8-gnu-toolchain/bin/../lib/gcc/avr/5.4.0/avrxmega3\libgcc.a(_tablejump2.o)
                0x000041c8                __tablejump2__
 .text.libgcc.mul
                0x000041d4       0x16 c:/program files (x86)/atmel/studio/7.0/toolchain/avr8/avr8-gnu-toolchain/bin/../lib/gcc/avr/5.4.0/avrxmega3\libgcc.a(_muluhisi3.o)
                0x000041d4                __muluhisi3
 .text.libgcc.prologue
                0x000041ea       0x32 c:/program files (x86)/atmel/studio/7.0/toolchain/avr8/avr8-gnu-toolchain/bin/../lib/gcc/avr/5.4.0/avrxmega3\libgcc.a(_prologue.o)
                0x000041ea                __prologue_saves__
 .text.libgcc.prologue
                0x0000421c       0x30 c:/program files (x86)/atmel/studio/7.0/toolchain/avr8/avr8-gnu-toolchain/bin/../lib/gcc/avr/5.4.0/avrxmega3\libgcc.a(_epilogue.o)
                0x0000421c                __epilogue_restores__
 .text.libgcc.div
                0x0000424c       0x28 c:/program files (x86)/atmel/studio/7.0/toolchain/avr8/avr8-gnu-toolchain/bin/../lib/gcc/avr/5.4.0/avrxmega3\libgcc.a(_udivmodhi4.o)
                0x0000424c                __udivmodhi4
 .text.libgcc.div
                0x00004274       0x44 c:/program files (x86)/atmel/studio/7.0/toolchain/avr8/avr8-gnu-toolchain/bin/../lib/gcc/avr/5.4.0/avrxmega3\libgcc.a(_udivmodsi4.o)
                0x00004274                __udivmodsi4
 .text.libgcc.mul
                0x000042b8       0x1e c:/program files (x86)/atmel/studio/7.0/toolchain/avr8/avr8-gnu-toolchain/bin/../lib/gcc/avr/5.4.0/avrxmega3\libgcc.a(_umulhisi3.o)
                0x000042b8                __umulhisi3
 .text.avr-libc
                0x000042d6       0x4e c:/program files (x86)/atmel/studio/7.0/toolchain/avr8/avr8-gnu-toolchain/bin/../lib/gcc/avr/5.4.0/../../../../avr/lib/avrxmega3\libc.a(atol.o)
                0x000042d6                atol
 .text.avr-libc
                0x00004324      0x1b0 c:/program files (x86)/atmel/studio/7.0/toolchain/avr8/avr8-gnu-toolchain/bin/../lib/gcc/avr/5.4.0/../../../../avr/lib/avrxmega3\libc.a(ftoa_engine.o)
                0x00004324                __ftoa_engine
 .text.avr-libc
                0x000044d4       0x16 c:/program files (x86)/atmel/studio/7.0/toolchain/avr8/avr8-gnu-toolchain/bin/../lib/gcc/avr/5.4.0/../../../../avr/lib/avrxmega3\libc.a(strnlen_P.o)
                0x000044d4                strnlen_P
 .text.avr-libc
                0x000044ea       0x16 c:/program files (x86)/atmel/studio/7.0/toolchain/avr8/avr8-gnu-toolchain/bin/../lib/gcc/avr/5.4.0/../../../../avr/lib/avrxmega3\libc.a(strcat.o)
                0x000044ea                strcat
 .text.avr-libc
                0x00004500        0xe c:/program files (x86)/atmel/studio/7.0/toolchain/avr8/avr8-gnu-toolchain/bin/../lib/gcc/avr/5.4.0/../../../../avr/lib/avrxmega3\libc.a(strcpy.o)
                0x00004500                strcpy
 .text.avr-libc
                0x0000450e       0x16 c:/program files (x86)/atmel/studio/7.0/toolchain/avr8/avr8-gnu-toolchain/bin/../lib/gcc/avr/5.4.0/../../../../avr/lib/avrxmega3\libc.a(strnlen.o)
                0x0000450e                strnlen
 .text.avr-libc
                0x00004524       0x2a c:/program files (x86)/atmel/studio/7.0/toolchain/avr8/avr8-gnu-toolchain/bin/../lib/gcc/avr/5.4.0/../../../../avr/lib/avrxmega3\libc.a(mulsi10.o)
                0x00004524                __mulsi_const_10
 .text.avr-libc
                0x0000454e       0x78 c:/program files (x86)/atmel/studio/7.0/toolchain/avr8/avr8-gnu-toolchain/bin/../lib/gcc/avr/5.4.0/../../../../avr/lib/avrxmega3\libc.a(fputc.o)
                0x0000454e                fputc
 .text.avr-libc
                0x000045c6       0x44 c:/program files (x86)/atmel/studio/7.0/toolchain/avr8/avr8-gnu-toolchain/bin/../lib/gcc/avr/5.4.0/../../../../avr/lib/avrxmega3\libc.a(sprintf.o)
                0x000045c6                sprintf
 .text.avr-libc
                0x0000460a       0xbc c:/program files (x86)/atmel/studio/7.0/toolchain/avr8/avr8-gnu-toolchain/bin/../lib/gcc/avr/5.4.0/../../../../avr/lib/avrxmega3\libc.a(ultoa_invert.o)
                0x0000460a                __ultoa_invert
 .text.avr-libc
                0x000046c6        0x8 C:/Program Files (x86)/Atmel/Studio/7.0/Packs/atmel/ATmega_DFP/1.6.364/gcc/dev/atmega4809/avrxmega3\libatmega4809.a(eerd_block.o)
                0x000046c6                eeprom_read_block
 .text.avr-libc
                0x000046ce       0x20 C:/Program Files (x86)/Atmel/Studio/7.0/Packs/atmel/ATmega_DFP/1.6.364/gcc/dev/atmega4809/avrxmega3\libatmega4809.a(eeupd_block.o)
                0x000046ce                eeprom_update_block
 .text.avr-libc
                0x000046ee       0x16 C:/Program Files (x86)/Atmel/Studio/7.0/Packs/atmel/ATmega_DFP/1.6.364/gcc/dev/atmega4809/avrxmega3\libatmega4809.a(eeupd_byte.o)
                0x000046ee                eeprom_update_byte
                0x000046f0                eeprom_update_r18
 .text.avr-libc
                0x00004704       0x28 C:/Program Files (x86)/Atmel/Studio/7.0/Packs/atmel/ATmega_DFP/1.6.364/gcc/dev/atmega4809/avrxmega3\libatmega4809.a(eewr_byte.o)
                0x00004704                eeprom_write_byte
                0x00004706                eeprom_write_r18
 .text.avr-libc
                0x0000472c       0x10 C:/Program Files (x86)/Atmel/Studio/7.0/Packs/atmel/ATmega_DFP/1.6.364/gcc/dev/atmega4809/avrxmega3\libatmega4809.a(eerd_byte.o)
                0x0000472c                eeprom_read_byte
                0x00004734                eeprom_mapen
 .text.avr-libc
                0x0000473c       0x12 c:/program files (x86)/atmel/studio/7.0/toolchain/avr8/avr8-gnu-toolchain/bin/../lib/gcc/avr/5.4.0/../../../../avr/lib/avrxmega3\libc.a(memcpy.o)
                0x0000473c                memcpy
                0x0000474e                . = ALIGN (0x2)
 *(.fini9)
 .fini9         0x0000474e        0x0 c:/program files (x86)/atmel/studio/7.0/toolchain/avr8/avr8-gnu-toolchain/bin/../lib/gcc/avr/5.4.0/avrxmega3\libgcc.a(_exit.o)
                0x0000474e                _exit
                0x0000474e                exit
 *(.fini9)
 *(.fini8)
 *(.fini8)
 *(.fini7)
 *(.fini7)
 *(.fini6)
 *(.fini6)
 *(.fini5)
 *(.fini5)
 *(.fini4)
 *(.fini4)
 *(.fini3)
 *(.fini3)
 *(.fini2)
 *(.fini2)
 *(.fini1)
 *(.fini1)
 *(.fini0)
 .fini0         0x0000474e        0x4 c:/program files (x86)/atmel/studio/7.0/toolchain/avr8/avr8-gnu-toolchain/bin/../lib/gcc/avr/5.4.0/avrxmega3\libgcc.a(_exit.o)
 *(.fini0)
                0x00004752                _etext = .

.rodata         0x00008752      0x3b0 load address 0x00004752
 *(.rodata)
 *(.rodata*)
 .rodata.str1.1
                0x00008752       0x1c commands.o
 .rodata.str1.1
                0x0000876e       0x2d ds3231.o
 .rodata.str1.1
                0x0000879b        0xb eeprom.o
 .rodata.str1.1
                0x000087a6        0xe errors.o
 .rodata.str1.1
                0x000087b4       0x11 initialize.o
 .rodata.str1.1
                0x000087c5        0xf mcp23008.o
 .rodata.str1.1
                0x000087d4        0x8 nmea.o
 .rodata.str1.1
                0x000087dc       0x11 oled.o
 .rodata.str1.1
                0x000087ed       0x29 pneu.o
 .rodata.str1.1
                0x00008816      0x1e1 report.o
                                0x1f2 (size before relaxing)
 .rodata.str1.1
                0x000089f7       0xfe roboclaw.o
 .rodata.str1.1
                0x00008af5        0xd testroutine.o
 *(.gnu.linkonce.r*)

.data           0x00802800        0x4 load address 0x00004b02
                0x00802800                PROVIDE (__data_start, .)
 *(.data)
 *(.data*)
 .data.rebootnack.3726
                0x00802800        0x1 commands.o
 .data.firstTime.3675
                0x00802801        0x3 roboclaw.o
 *(.gnu.linkonce.d*)
                0x00802804                . = ALIGN (0x2)
                0x00802804                _edata = .
                0x00802804                PROVIDE (__data_end, .)

.bss            0x00802804      0x82e
                0x00802804                PROVIDE (__bss_start, .)
 *(.bss)
 *(.bss*)
 .bss.cstack.3677
                0x00802804        0x1 commands.o
 *(COMMON)
 COMMON         0x00802805      0x208 main.o
                0x00802805                pcmd
 COMMON         0x00802a0d        0x4 oled.o
                0x00802a0d                timerOLED
                0x00802a0f                timeoutOLED
 COMMON         0x00802a11        0x1 pneu.o
                0x00802a11                pneuState
 COMMON         0x00802a12        0x2 roboclaw.o
                0x00802a12                ticks
 COMMON         0x00802a14      0x61e usart.o
                0x00802a14                recv1_buf
                0x00802b19                recv0_buf
                0x00802c1e                send0_buf
                0x00802d23                recv3_buf
                0x00802e28                send3_buf
                0x00802f2d                send1_buf
                0x00803032                PROVIDE (__bss_end, .)
                0x00004b02                __data_load_start = LOADADDR (.data)
                0x00004b06                __data_load_end = (__data_load_start + SIZEOF (.data))

.noinit         0x00803032        0x0
                [!provide]                PROVIDE (__noinit_start, .)
 *(.noinit*)
                [!provide]                PROVIDE (__noinit_end, .)
                0x00803032                _end = .
                [!provide]                PROVIDE (__heap_start, .)

.eeprom         0x00810000        0x0
 *(.eeprom*)
                0x00810000                __eeprom_end = .

.fuse
 *(.fuse)
 *(.lfuse)
 *(.hfuse)
 *(.efuse)

.lock
 *(.lock*)

.signature
 *(.signature*)

.user_signatures
 *(.user_signatures*)

.stab
 *(.stab)

.stabstr
 *(.stabstr)

.stab.excl
 *(.stab.excl)

.stab.exclstr
 *(.stab.exclstr)

.stab.index
 *(.stab.index)

.stab.indexstr
 *(.stab.indexstr)

.comment        0x00000000       0x5c
 *(.comment)
 .comment       0x00000000       0x30 ad590.o
                                 0x31 (size before relaxing)
 .comment       0x00000030       0x31 ads1115.o
 .comment       0x00000030       0x31 beeper.o
 .comment       0x00000030       0x31 commands.o
 .comment       0x00000030       0x31 ds3231.o
 .comment       0x00000030       0x31 eeprom.o
 .comment       0x00000030       0x31 errors.o
 .comment       0x00000030       0x31 fram.o
 .comment       0x00000030       0x31 humidity.o
 .comment       0x00000030       0x31 initialize.o
 .comment       0x00000030       0x31 interrupts.o
 .comment       0x00000030       0x31 ionpump.o
 .comment       0x00000030       0x31 led.o
 .comment       0x00000030       0x31 main.o
 .comment       0x00000030       0x31 mcp23008.o
 .comment       0x00000030       0x31 mcp9808.o
 .comment       0x00000030       0x31 mma8451.o
 .comment       0x00000030       0x31 nmea.o
 .comment       0x00000030       0x31 oled.o
 .comment       0x00000030       0x31 pneu.o
 .comment       0x00000030       0x31 ports.o
 .comment       0x00000030       0x31 report.o
 .comment       0x00000030       0x31 roboclaw.o
 .comment       0x00000030       0x31 rtc.o
 .comment       0x00000030       0x31 set.o
 .comment       0x00000030       0x31 specID.o
 .comment       0x00000030       0x31 temperature.o
 .comment       0x00000030       0x31 testroutine.o
 .comment       0x00000030       0x31 timers.o
 .comment       0x00000030       0x31 twi.o
 .comment       0x00000030       0x31 usart.o
 .comment       0x00000030       0x31 wdt.o
 .comment       0x00000030       0x31 xport.o
 .comment       0x00000030       0x2c c:/program files (x86)/atmel/studio/7.0/toolchain/avr8/avr8-gnu-toolchain/bin/../lib/gcc/avr/5.4.0/../../../../avr/lib/avrxmega3\libprintf_flt.a(vfprintf_flt.o)
                                 0x2d (size before relaxing)
 .comment       0x0000005c       0x31 c:/program files (x86)/atmel/studio/7.0/toolchain/avr8/avr8-gnu-toolchain/bin/../lib/gcc/avr/5.4.0/../../../../avr/lib/avrxmega3\libc.a(fputc.o)
 .comment       0x0000005c       0x31 c:/program files (x86)/atmel/studio/7.0/toolchain/avr8/avr8-gnu-toolchain/bin/../lib/gcc/avr/5.4.0/../../../../avr/lib/avrxmega3\libc.a(sprintf.o)

.note.gnu.avr.deviceinfo
                0x00000000       0x40
 .note.gnu.avr.deviceinfo
                0x00000000       0x40 C:/Program Files (x86)/Atmel/Studio/7.0/Packs/atmel/ATmega_DFP/1.6.364/gcc/dev/atmega4809/avrxmega3/crtatmega4809.o

.note.gnu.build-id
 *(.note.gnu.build-id)

.debug
 *(.debug)

.line
 *(.line)

.debug_srcinfo
 *(.debug_srcinfo)

.debug_sfnames
 *(.debug_sfnames)

.debug_aranges  0x00000000      0x660
 *(.debug_aranges)
 .debug_aranges
                0x00000000       0x20 ad590.o
 .debug_aranges
                0x00000020       0x20 ads1115.o
 .debug_aranges
                0x00000040       0x20 beeper.o
 .debug_aranges
                0x00000060       0x58 commands.o
 .debug_aranges
                0x000000b8       0x48 ds3231.o
 .debug_aranges
                0x00000100       0x40 eeprom.o
 .debug_aranges
                0x00000140       0x20 errors.o
 .debug_aranges
                0x00000160       0x28 fram.o
 .debug_aranges
                0x00000188       0x20 humidity.o
 .debug_aranges
                0x000001a8       0x28 initialize.o
 .debug_aranges
                0x000001d0       0x20 interrupts.o
 .debug_aranges
                0x000001f0       0x20 ionpump.o
 .debug_aranges
                0x00000210       0x20 led.o
 .debug_aranges
                0x00000230       0x20 main.o
 .debug_aranges
                0x00000250       0x28 mcp23008.o
 .debug_aranges
                0x00000278       0x20 mcp9808.o
 .debug_aranges
                0x00000298       0x38 mma8451.o
 .debug_aranges
                0x000002d0       0x20 nmea.o
 .debug_aranges
                0x000002f0       0x38 oled.o
 .debug_aranges
                0x00000328       0x48 pneu.o
 .debug_aranges
                0x00000370       0x20 ports.o
 .debug_aranges
                0x00000390       0x20 report.o
 .debug_aranges
                0x000003b0       0x58 roboclaw.o
 .debug_aranges
                0x00000408       0x28 rtc.o
 .debug_aranges
                0x00000430       0x20 set.o
 .debug_aranges
                0x00000450       0x20 specID.o
 .debug_aranges
                0x00000470       0x20 temperature.o
 .debug_aranges
                0x00000490       0x20 testroutine.o
 .debug_aranges
                0x000004b0       0x30 timers.o
 .debug_aranges
                0x000004e0       0x48 twi.o
 .debug_aranges
                0x00000528       0x58 usart.o
 .debug_aranges
                0x00000580       0x20 wdt.o
 .debug_aranges
                0x000005a0       0x20 xport.o
 .debug_aranges
                0x000005c0       0x20 C:/Program Files (x86)/Atmel/Studio/7.0/Packs/atmel/ATmega_DFP/1.6.364/gcc/dev/atmega4809/avrxmega3\libatmega4809.a(eerd_block.o)
 .debug_aranges
                0x000005e0       0x20 C:/Program Files (x86)/Atmel/Studio/7.0/Packs/atmel/ATmega_DFP/1.6.364/gcc/dev/atmega4809/avrxmega3\libatmega4809.a(eeupd_block.o)
 .debug_aranges
                0x00000600       0x20 C:/Program Files (x86)/Atmel/Studio/7.0/Packs/atmel/ATmega_DFP/1.6.364/gcc/dev/atmega4809/avrxmega3\libatmega4809.a(eeupd_byte.o)
 .debug_aranges
                0x00000620       0x20 C:/Program Files (x86)/Atmel/Studio/7.0/Packs/atmel/ATmega_DFP/1.6.364/gcc/dev/atmega4809/avrxmega3\libatmega4809.a(eewr_byte.o)
 .debug_aranges
                0x00000640       0x20 C:/Program Files (x86)/Atmel/Studio/7.0/Packs/atmel/ATmega_DFP/1.6.364/gcc/dev/atmega4809/avrxmega3\libatmega4809.a(eerd_byte.o)

.debug_pubnames
 *(.debug_pubnames)

.debug_info     0x00000000     0xa4cf
 *(.debug_info .gnu.linkonce.wi.*)
 .debug_info    0x00000000     0x248a C:/Program Files (x86)/Atmel/Studio/7.0/Packs/atmel/ATmega_DFP/1.6.364/gcc/dev/atmega4809/avrxmega3/crtatmega4809.o
 .debug_info    0x0000248a      0x214 ad590.o
 .debug_info    0x0000269e      0x347 ads1115.o
 .debug_info    0x000029e5      0x21f beeper.o
 .debug_info    0x00002c04      0x993 commands.o
 .debug_info    0x00003597      0x459 ds3231.o
 .debug_info    0x000039f0      0x24f eeprom.o
 .debug_info    0x00003c3f      0x2fe errors.o
 .debug_info    0x00003f3d      0x2c0 fram.o
 .debug_info    0x000041fd      0x14b humidity.o
 .debug_info    0x00004348      0x46e initialize.o
 .debug_info    0x000047b6      0x23a interrupts.o
 .debug_info    0x000049f0      0x105 ionpump.o
 .debug_info    0x00004af5      0x21f led.o
 .debug_info    0x00004d14      0x20a main.o
 .debug_info    0x00004f1e      0x252 mcp23008.o
 .debug_info    0x00005170      0x17c mcp9808.o
 .debug_info    0x000052ec      0x426 mma8451.o
 .debug_info    0x00005712      0x15c nmea.o
 .debug_info    0x0000586e      0x987 oled.o
 .debug_info    0x000061f5      0x78b pneu.o
 .debug_info    0x00006980      0x255 ports.o
 .debug_info    0x00006bd5      0xe77 report.o
 .debug_info    0x00007a4c      0xa76 roboclaw.o
 .debug_info    0x000084c2      0x6b6 rtc.o
 .debug_info    0x00008b78      0x19e set.o
 .debug_info    0x00008d16      0x21f specID.o
 .debug_info    0x00008f35       0xeb temperature.o
 .debug_info    0x00009020      0x1d3 testroutine.o
 .debug_info    0x000091f3      0x26e timers.o
 .debug_info    0x00009461      0x367 twi.o
 .debug_info    0x000097c8      0x5c6 usart.o
 .debug_info    0x00009d8e      0x182 wdt.o
 .debug_info    0x00009f10      0x2a0 xport.o
 .debug_info    0x0000a1b0       0xa0 C:/Program Files (x86)/Atmel/Studio/7.0/Packs/atmel/ATmega_DFP/1.6.364/gcc/dev/atmega4809/avrxmega3\libatmega4809.a(eerd_block.o)
 .debug_info    0x0000a250       0xa1 C:/Program Files (x86)/Atmel/Studio/7.0/Packs/atmel/ATmega_DFP/1.6.364/gcc/dev/atmega4809/avrxmega3\libatmega4809.a(eeupd_block.o)
 .debug_info    0x0000a2f1       0xa0 C:/Program Files (x86)/Atmel/Studio/7.0/Packs/atmel/ATmega_DFP/1.6.364/gcc/dev/atmega4809/avrxmega3\libatmega4809.a(eeupd_byte.o)
 .debug_info    0x0000a391       0x9f C:/Program Files (x86)/Atmel/Studio/7.0/Packs/atmel/ATmega_DFP/1.6.364/gcc/dev/atmega4809/avrxmega3\libatmega4809.a(eewr_byte.o)
 .debug_info    0x0000a430       0x9f C:/Program Files (x86)/Atmel/Studio/7.0/Packs/atmel/ATmega_DFP/1.6.364/gcc/dev/atmega4809/avrxmega3\libatmega4809.a(eerd_byte.o)

.debug_abbrev   0x00000000     0x4781
 *(.debug_abbrev)
 .debug_abbrev  0x00000000     0x2296 C:/Program Files (x86)/Atmel/Studio/7.0/Packs/atmel/ATmega_DFP/1.6.364/gcc/dev/atmega4809/avrxmega3/crtatmega4809.o
 .debug_abbrev  0x00002296      0x120 ad590.o
 .debug_abbrev  0x000023b6      0x111 ads1115.o
 .debug_abbrev  0x000024c7       0xa4 beeper.o
 .debug_abbrev  0x0000256b      0x290 commands.o
 .debug_abbrev  0x000027fb      0x142 ds3231.o
 .debug_abbrev  0x0000293d       0xda eeprom.o
 .debug_abbrev  0x00002a17      0x127 errors.o
 .debug_abbrev  0x00002b3e       0xd0 fram.o
 .debug_abbrev  0x00002c0e       0xa9 humidity.o
 .debug_abbrev  0x00002cb7      0x13b initialize.o
 .debug_abbrev  0x00002df2       0xc3 interrupts.o
 .debug_abbrev  0x00002eb5       0x9c ionpump.o
 .debug_abbrev  0x00002f51       0xa4 led.o
 .debug_abbrev  0x00002ff5       0xe8 main.o
 .debug_abbrev  0x000030dd       0xb8 mcp23008.o
 .debug_abbrev  0x00003195       0x9a mcp9808.o
 .debug_abbrev  0x0000322f      0x127 mma8451.o
 .debug_abbrev  0x00003356      0x104 nmea.o
 .debug_abbrev  0x0000345a      0x1cd oled.o
 .debug_abbrev  0x00003627      0x1c2 pneu.o
 .debug_abbrev  0x000037e9       0xbe ports.o
 .debug_abbrev  0x000038a7      0x192 report.o
 .debug_abbrev  0x00003a39      0x22a roboclaw.o
 .debug_abbrev  0x00003c63      0x176 rtc.o
 .debug_abbrev  0x00003dd9       0xf7 set.o
 .debug_abbrev  0x00003ed0       0xa4 specID.o
 .debug_abbrev  0x00003f74       0x90 temperature.o
 .debug_abbrev  0x00004004      0x147 testroutine.o
 .debug_abbrev  0x0000414b      0x12b timers.o
 .debug_abbrev  0x00004276      0x13f twi.o
 .debug_abbrev  0x000043b5      0x1a2 usart.o
 .debug_abbrev  0x00004557       0xbc wdt.o
 .debug_abbrev  0x00004613      0x10a xport.o
 .debug_abbrev  0x0000471d       0x14 C:/Program Files (x86)/Atmel/Studio/7.0/Packs/atmel/ATmega_DFP/1.6.364/gcc/dev/atmega4809/avrxmega3\libatmega4809.a(eerd_block.o)
 .debug_abbrev  0x00004731       0x14 C:/Program Files (x86)/Atmel/Studio/7.0/Packs/atmel/ATmega_DFP/1.6.364/gcc/dev/atmega4809/avrxmega3\libatmega4809.a(eeupd_block.o)
 .debug_abbrev  0x00004745       0x14 C:/Program Files (x86)/Atmel/Studio/7.0/Packs/atmel/ATmega_DFP/1.6.364/gcc/dev/atmega4809/avrxmega3\libatmega4809.a(eeupd_byte.o)
 .debug_abbrev  0x00004759       0x14 C:/Program Files (x86)/Atmel/Studio/7.0/Packs/atmel/ATmega_DFP/1.6.364/gcc/dev/atmega4809/avrxmega3\libatmega4809.a(eewr_byte.o)
 .debug_abbrev  0x0000476d       0x14 C:/Program Files (x86)/Atmel/Studio/7.0/Packs/atmel/ATmega_DFP/1.6.364/gcc/dev/atmega4809/avrxmega3\libatmega4809.a(eerd_byte.o)

.debug_line     0x00000000     0x4610
 *(.debug_line .debug_line.* .debug_line_end)
 .debug_line    0x00000000      0x187 C:/Program Files (x86)/Atmel/Studio/7.0/Packs/atmel/ATmega_DFP/1.6.364/gcc/dev/atmega4809/avrxmega3/crtatmega4809.o
 .debug_line    0x00000187      0x18f ad590.o
 .debug_line    0x00000316      0x23a ads1115.o
 .debug_line    0x00000550      0x10d beeper.o
 .debug_line    0x0000065d      0x5a4 commands.o
 .debug_line    0x00000c01      0x269 ds3231.o
 .debug_line    0x00000e6a      0x129 eeprom.o
 .debug_line    0x00000f93      0x153 errors.o
 .debug_line    0x000010e6      0x14d fram.o
 .debug_line    0x00001233      0x117 humidity.o
 .debug_line    0x0000134a      0x1bd initialize.o
 .debug_line    0x00001507      0x120 interrupts.o
 .debug_line    0x00001627       0xf9 ionpump.o
 .debug_line    0x00001720      0x104 led.o
 .debug_line    0x00001824       0xe8 main.o
 .debug_line    0x0000190c      0x149 mcp23008.o
 .debug_line    0x00001a55       0xef mcp9808.o
 .debug_line    0x00001b44      0x215 mma8451.o
 .debug_line    0x00001d59       0xfc nmea.o
 .debug_line    0x00001e55      0x364 oled.o
 .debug_line    0x000021b9      0x38f pneu.o
 .debug_line    0x00002548      0x1f2 ports.o
 .debug_line    0x0000273a      0x550 report.o
 .debug_line    0x00002c8a      0x601 roboclaw.o
 .debug_line    0x0000328b      0x1d5 rtc.o
 .debug_line    0x00003460       0xf4 set.o
 .debug_line    0x00003554      0x109 specID.o
 .debug_line    0x0000365d       0xe4 temperature.o
 .debug_line    0x00003741      0x158 testroutine.o
 .debug_line    0x00003899      0x157 timers.o
 .debug_line    0x000039f0      0x262 twi.o
 .debug_line    0x00003c52      0x462 usart.o
 .debug_line    0x000040b4      0x120 wdt.o
 .debug_line    0x000041d4      0x180 xport.o
 .debug_line    0x00004354       0x5d C:/Program Files (x86)/Atmel/Studio/7.0/Packs/atmel/ATmega_DFP/1.6.364/gcc/dev/atmega4809/avrxmega3\libatmega4809.a(eerd_block.o)
 .debug_line    0x000043b1       0xa5 C:/Program Files (x86)/Atmel/Studio/7.0/Packs/atmel/ATmega_DFP/1.6.364/gcc/dev/atmega4809/avrxmega3\libatmega4809.a(eeupd_block.o)
 .debug_line    0x00004456       0x80 C:/Program Files (x86)/Atmel/Studio/7.0/Packs/atmel/ATmega_DFP/1.6.364/gcc/dev/atmega4809/avrxmega3\libatmega4809.a(eeupd_byte.o)
 .debug_line    0x000044d6       0xc1 C:/Program Files (x86)/Atmel/Studio/7.0/Packs/atmel/ATmega_DFP/1.6.364/gcc/dev/atmega4809/avrxmega3\libatmega4809.a(eewr_byte.o)
 .debug_line    0x00004597       0x79 C:/Program Files (x86)/Atmel/Studio/7.0/Packs/atmel/ATmega_DFP/1.6.364/gcc/dev/atmega4809/avrxmega3\libatmega4809.a(eerd_byte.o)

.debug_frame    0x00000000      0xed0
 *(.debug_frame)
 .debug_frame   0x00000000       0x40 ad590.o
 .debug_frame   0x00000040       0x4c ads1115.o
 .debug_frame   0x0000008c       0x24 beeper.o
 .debug_frame   0x000000b0      0x108 commands.o
 .debug_frame   0x000001b8      0x110 ds3231.o
 .debug_frame   0x000002c8       0x84 eeprom.o
 .debug_frame   0x0000034c       0x40 errors.o
 .debug_frame   0x0000038c       0x74 fram.o
 .debug_frame   0x00000400       0x4c humidity.o
 .debug_frame   0x0000044c       0x44 initialize.o
 .debug_frame   0x00000490       0x6c interrupts.o
 .debug_frame   0x000004fc       0x38 ionpump.o
 .debug_frame   0x00000534       0x24 led.o
 .debug_frame   0x00000558       0x24 main.o
 .debug_frame   0x0000057c       0x50 mcp23008.o
 .debug_frame   0x000005cc       0x48 mcp9808.o
 .debug_frame   0x00000614       0xc4 mma8451.o
 .debug_frame   0x000006d8       0x48 nmea.o
 .debug_frame   0x00000720       0xa4 oled.o
 .debug_frame   0x000007c4      0x110 pneu.o
 .debug_frame   0x000008d4       0x24 ports.o
 .debug_frame   0x000008f8       0x88 report.o
 .debug_frame   0x00000980      0x174 roboclaw.o
 .debug_frame   0x00000af4       0x7c rtc.o
 .debug_frame   0x00000b70       0x30 set.o
 .debug_frame   0x00000ba0       0x24 specID.o
 .debug_frame   0x00000bc4       0x24 temperature.o
 .debug_frame   0x00000be8       0x40 testroutine.o
 .debug_frame   0x00000c28       0x58 timers.o
 .debug_frame   0x00000c80       0x74 twi.o
 .debug_frame   0x00000cf4      0x194 usart.o
 .debug_frame   0x00000e88       0x24 wdt.o
 .debug_frame   0x00000eac       0x24 xport.o

.debug_str      0x00000000     0x22c6
 *(.debug_str)
 .debug_str     0x00000000      0xf85 C:/Program Files (x86)/Atmel/Studio/7.0/Packs/atmel/ATmega_DFP/1.6.364/gcc/dev/atmega4809/avrxmega3/crtatmega4809.o
 .debug_str     0x00000f85      0x1da ad590.o
                                0x21f (size before relaxing)
 .debug_str     0x0000115f       0x8b ads1115.o
                                0x279 (size before relaxing)
 .debug_str     0x000011ea       0xca beeper.o
                                0x246 (size before relaxing)
 .debug_str     0x000012b4      0x1b5 commands.o
                                0x431 (size before relaxing)
 .debug_str     0x00001469       0x87 ds3231.o
                                0x24a (size before relaxing)
 .debug_str     0x000014f0       0x89 eeprom.o
                                0x1fd (size before relaxing)
 .debug_str     0x00001579       0x32 errors.o
                                0x29a (size before relaxing)
 .debug_str     0x000015ab       0x38 fram.o
                                0x1fa (size before relaxing)
 .debug_str     0x000015e3       0x34 humidity.o
                                0x1d6 (size before relaxing)
 .debug_str     0x00001617      0x13d initialize.o
                                0x3ab (size before relaxing)
 .debug_str     0x00001754       0x1e interrupts.o
                                0x251 (size before relaxing)
 .debug_str     0x00001772       0x2a ionpump.o
                                0x1bd (size before relaxing)
 .debug_str     0x0000179c        0xb led.o
                                0x240 (size before relaxing)
 .debug_str     0x000017a7       0x11 main.o
                                0x204 (size before relaxing)
 .debug_str     0x000017b8       0x1e mcp23008.o
                                0x1e7 (size before relaxing)
 .debug_str     0x000017d6       0x21 mcp9808.o
                                0x1ea (size before relaxing)
 .debug_str     0x000017f7       0x41 mma8451.o
                                0x215 (size before relaxing)
 .debug_str     0x00001838       0x34 nmea.o
                                0x1bd (size before relaxing)
 .debug_str     0x0000186c       0x5b oled.o
                                0x336 (size before relaxing)
 .debug_str     0x000018c7       0xad pneu.o
                                0x3d1 (size before relaxing)
 .debug_str     0x00001974        0xd ports.o
                                0x2d2 (size before relaxing)
 .debug_str     0x00001981      0x119 report.o
                                0x4a4 (size before relaxing)
 .debug_str     0x00001a9a       0xf3 roboclaw.o
                                0x375 (size before relaxing)
 .debug_str     0x00001b8d      0x33c rtc.o
                                0x5ce (size before relaxing)
 .debug_str     0x00001ec9        0xb set.o
                                0x1c4 (size before relaxing)
 .debug_str     0x00001ed4        0xe specID.o
                                0x246 (size before relaxing)
 .debug_str     0x00001ee2       0x13 temperature.o
                                0x1c7 (size before relaxing)
 .debug_str     0x00001ef5       0x13 testroutine.o
                                0x214 (size before relaxing)
 .debug_str     0x00001f08       0x4c timers.o
                                0x24d (size before relaxing)
 .debug_str     0x00001f54      0x16d twi.o
                                0x376 (size before relaxing)
 .debug_str     0x000020c1       0xdc usart.o
                                0x3ab (size before relaxing)
 .debug_str     0x0000219d      0x11c wdt.o
                                0x2e6 (size before relaxing)
 .debug_str     0x000022b9        0xd xport.o
                                0x28f (size before relaxing)

.debug_loc      0x00000000     0x407b
 *(.debug_loc)
 .debug_loc     0x00000000      0x133 ad590.o
 .debug_loc     0x00000133      0x338 ads1115.o
 .debug_loc     0x0000046b      0x56e commands.o
 .debug_loc     0x000009d9      0x5da ds3231.o
 .debug_loc     0x00000fb3       0xda eeprom.o
 .debug_loc     0x0000108d       0xae errors.o
 .debug_loc     0x0000113b      0x325 fram.o
 .debug_loc     0x00001460      0x1b7 humidity.o
 .debug_loc     0x00001617       0x47 initialize.o
 .debug_loc     0x0000165e       0xcb interrupts.o
 .debug_loc     0x00001729       0xe8 ionpump.o
 .debug_loc     0x00001811      0x1a4 mcp23008.o
 .debug_loc     0x000019b5      0x123 mcp9808.o
 .debug_loc     0x00001ad8      0x463 mma8451.o
 .debug_loc     0x00001f3b       0xef nmea.o
 .debug_loc     0x0000202a      0x339 oled.o
 .debug_loc     0x00002363      0x6e6 pneu.o
 .debug_loc     0x00002a49      0x427 report.o
 .debug_loc     0x00002e70      0x864 roboclaw.o
 .debug_loc     0x000036d4      0x135 rtc.o
 .debug_loc     0x00003809       0xac set.o
 .debug_loc     0x000038b5       0x8f temperature.o
 .debug_loc     0x00003944       0xa7 testroutine.o
 .debug_loc     0x000039eb       0x71 timers.o
 .debug_loc     0x00003a5c       0x7b twi.o
 .debug_loc     0x00003ad7      0x55e usart.o
 .debug_loc     0x00004035       0x46 xport.o

.debug_macinfo
 *(.debug_macinfo)

.debug_weaknames
 *(.debug_weaknames)

.debug_funcnames
 *(.debug_funcnames)

.debug_typenames
 *(.debug_typenames)

.debug_varnames
 *(.debug_varnames)

.debug_pubtypes
 *(.debug_pubtypes)

.debug_ranges   0x00000000      0x3b0
 *(.debug_ranges)
 .debug_ranges  0x00000000       0x10 ad590.o
 .debug_ranges  0x00000010       0x10 ads1115.o
 .debug_ranges  0x00000020       0x10 beeper.o
 .debug_ranges  0x00000030       0x48 commands.o
 .debug_ranges  0x00000078       0x38 ds3231.o
 .debug_ranges  0x000000b0       0x30 eeprom.o
 .debug_ranges  0x000000e0       0x10 errors.o
 .debug_ranges  0x000000f0       0x18 fram.o
 .debug_ranges  0x00000108       0x10 humidity.o
 .debug_ranges  0x00000118       0x18 initialize.o
 .debug_ranges  0x00000130       0x10 interrupts.o
 .debug_ranges  0x00000140       0x10 ionpump.o
 .debug_ranges  0x00000150       0x10 led.o
 .debug_ranges  0x00000160       0x10 main.o
 .debug_ranges  0x00000170       0x18 mcp23008.o
 .debug_ranges  0x00000188       0x10 mcp9808.o
 .debug_ranges  0x00000198       0x28 mma8451.o
 .debug_ranges  0x000001c0       0x10 nmea.o
 .debug_ranges  0x000001d0       0x28 oled.o
 .debug_ranges  0x000001f8       0x38 pneu.o
 .debug_ranges  0x00000230       0x10 ports.o
 .debug_ranges  0x00000240       0x10 report.o
 .debug_ranges  0x00000250       0x48 roboclaw.o
 .debug_ranges  0x00000298       0x18 rtc.o
 .debug_ranges  0x000002b0       0x10 set.o
 .debug_ranges  0x000002c0       0x10 specID.o
 .debug_ranges  0x000002d0       0x10 temperature.o
 .debug_ranges  0x000002e0       0x10 testroutine.o
 .debug_ranges  0x000002f0       0x20 timers.o
 .debug_ranges  0x00000310       0x38 twi.o
 .debug_ranges  0x00000348       0x48 usart.o
 .debug_ranges  0x00000390       0x10 wdt.o
 .debug_ranges  0x000003a0       0x10 xport.o

.debug_macro
 *(.debug_macro)
OUTPUT(specMech.elf elf32-avr)
LOAD linker stubs
