Archive member included to satisfy reference by file (symbol)

c:/program files (x86)/atmel/studio/7.0/toolchain/avr8/avr8-gnu-toolchain/bin/../lib/gcc/avr/5.4.0/../../../../avr/lib/avrxmega3\libm.a(addsf3.o)
                              ad590.o (__subsf3)
c:/program files (x86)/atmel/studio/7.0/toolchain/avr8/avr8-gnu-toolchain/bin/../lib/gcc/avr/5.4.0/../../../../avr/lib/avrxmega3\libm.a(addsf3x.o)
                              c:/program files (x86)/atmel/studio/7.0/toolchain/avr8/avr8-gnu-toolchain/bin/../lib/gcc/avr/5.4.0/../../../../avr/lib/avrxmega3\libm.a(addsf3.o) (__addsf3x)
c:/program files (x86)/atmel/studio/7.0/toolchain/avr8/avr8-gnu-toolchain/bin/../lib/gcc/avr/5.4.0/../../../../avr/lib/avrxmega3\libm.a(cmpsf2.o)
                              ionpump.o (__ltsf2)
c:/program files (x86)/atmel/studio/7.0/toolchain/avr8/avr8-gnu-toolchain/bin/../lib/gcc/avr/5.4.0/../../../../avr/lib/avrxmega3\libm.a(divsf3.o)
                              humidity.o (__divsf3)
c:/program files (x86)/atmel/studio/7.0/toolchain/avr8/avr8-gnu-toolchain/bin/../lib/gcc/avr/5.4.0/../../../../avr/lib/avrxmega3\libm.a(divsf3x.o)
                              c:/program files (x86)/atmel/studio/7.0/toolchain/avr8/avr8-gnu-toolchain/bin/../lib/gcc/avr/5.4.0/../../../../avr/lib/avrxmega3\libm.a(divsf3.o) (__divsf3x)
c:/program files (x86)/atmel/studio/7.0/toolchain/avr8/avr8-gnu-toolchain/bin/../lib/gcc/avr/5.4.0/../../../../avr/lib/avrxmega3\libm.a(floatsisf.o)
                              ads1115.o (__floatunsisf)
c:/program files (x86)/atmel/studio/7.0/toolchain/avr8/avr8-gnu-toolchain/bin/../lib/gcc/avr/5.4.0/../../../../avr/lib/avrxmega3\libm.a(fp_cmp.o)
                              c:/program files (x86)/atmel/studio/7.0/toolchain/avr8/avr8-gnu-toolchain/bin/../lib/gcc/avr/5.4.0/../../../../avr/lib/avrxmega3\libm.a(cmpsf2.o) (__fp_cmp)
c:/program files (x86)/atmel/studio/7.0/toolchain/avr8/avr8-gnu-toolchain/bin/../lib/gcc/avr/5.4.0/../../../../avr/lib/avrxmega3\libm.a(fp_inf.o)
                              c:/program files (x86)/atmel/studio/7.0/toolchain/avr8/avr8-gnu-toolchain/bin/../lib/gcc/avr/5.4.0/../../../../avr/lib/avrxmega3\libm.a(addsf3x.o) (__fp_inf)
c:/program files (x86)/atmel/studio/7.0/toolchain/avr8/avr8-gnu-toolchain/bin/../lib/gcc/avr/5.4.0/../../../../avr/lib/avrxmega3\libm.a(fp_nan.o)
                              c:/program files (x86)/atmel/studio/7.0/toolchain/avr8/avr8-gnu-toolchain/bin/../lib/gcc/avr/5.4.0/../../../../avr/lib/avrxmega3\libm.a(addsf3x.o) (__fp_nan)
c:/program files (x86)/atmel/studio/7.0/toolchain/avr8/avr8-gnu-toolchain/bin/../lib/gcc/avr/5.4.0/../../../../avr/lib/avrxmega3\libm.a(fp_pscA.o)
                              c:/program files (x86)/atmel/studio/7.0/toolchain/avr8/avr8-gnu-toolchain/bin/../lib/gcc/avr/5.4.0/../../../../avr/lib/avrxmega3\libm.a(addsf3x.o) (__fp_pscA)
c:/program files (x86)/atmel/studio/7.0/toolchain/avr8/avr8-gnu-toolchain/bin/../lib/gcc/avr/5.4.0/../../../../avr/lib/avrxmega3\libm.a(fp_pscB.o)
                              c:/program files (x86)/atmel/studio/7.0/toolchain/avr8/avr8-gnu-toolchain/bin/../lib/gcc/avr/5.4.0/../../../../avr/lib/avrxmega3\libm.a(addsf3x.o) (__fp_pscB)
c:/program files (x86)/atmel/studio/7.0/toolchain/avr8/avr8-gnu-toolchain/bin/../lib/gcc/avr/5.4.0/../../../../avr/lib/avrxmega3\libm.a(fp_round.o)
                              c:/program files (x86)/atmel/studio/7.0/toolchain/avr8/avr8-gnu-toolchain/bin/../lib/gcc/avr/5.4.0/../../../../avr/lib/avrxmega3\libm.a(addsf3.o) (__fp_round)
c:/program files (x86)/atmel/studio/7.0/toolchain/avr8/avr8-gnu-toolchain/bin/../lib/gcc/avr/5.4.0/../../../../avr/lib/avrxmega3\libm.a(fp_split3.o)
                              c:/program files (x86)/atmel/studio/7.0/toolchain/avr8/avr8-gnu-toolchain/bin/../lib/gcc/avr/5.4.0/../../../../avr/lib/avrxmega3\libm.a(addsf3x.o) (__fp_split3)
c:/program files (x86)/atmel/studio/7.0/toolchain/avr8/avr8-gnu-toolchain/bin/../lib/gcc/avr/5.4.0/../../../../avr/lib/avrxmega3\libm.a(fp_zero.o)
                              c:/program files (x86)/atmel/studio/7.0/toolchain/avr8/avr8-gnu-toolchain/bin/../lib/gcc/avr/5.4.0/../../../../avr/lib/avrxmega3\libm.a(addsf3x.o) (__fp_zero)
c:/program files (x86)/atmel/studio/7.0/toolchain/avr8/avr8-gnu-toolchain/bin/../lib/gcc/avr/5.4.0/../../../../avr/lib/avrxmega3\libm.a(gesf2.o)
                              ionpump.o (__gtsf2)
c:/program files (x86)/atmel/studio/7.0/toolchain/avr8/avr8-gnu-toolchain/bin/../lib/gcc/avr/5.4.0/../../../../avr/lib/avrxmega3\libm.a(mulsf3.o)
                              ad590.o (__mulsf3)
c:/program files (x86)/atmel/studio/7.0/toolchain/avr8/avr8-gnu-toolchain/bin/../lib/gcc/avr/5.4.0/../../../../avr/lib/avrxmega3\libm.a(mulsf3x.o)
                              c:/program files (x86)/atmel/studio/7.0/toolchain/avr8/avr8-gnu-toolchain/bin/../lib/gcc/avr/5.4.0/../../../../avr/lib/avrxmega3\libm.a(mulsf3.o) (__mulsf3x)
[...]
Memory Configuration

Name             Origin             Length             Attributes
text             0x00000000         0x0000c000         xr
data             0x00802800         0x00001800         rw !x
eeprom           0x00810000         0x00000100         rw !x
fuse             0x00820000         0x0000000a         rw !x
lock             0x00830000         0x00000400         rw !x
signature        0x00840000         0x00000400         rw !x
user_signatures  0x00850000         0x00000400         rw !x
*default*        0x00000000         0xffffffff

Linker script and memory map

Address of section .data set to 0x802800
                0x00004000                __RODATA_PM_OFFSET__ = 0x4000
LOAD C:/Program Files (x86)/Atmel/Studio/7.0/Packs/atmel/ATmega_DFP/1.6.364/gcc/dev/atmega4809/avrxmega3/crtatmega4809.o
LOAD ad590.o
LOAD ads1115.o
LOAD beeper.o
LOAD commands.o
LOAD ds3231.o
LOAD eeprom.o
LOAD fram.o
LOAD humidity.o
LOAD initialize.o
LOAD interrupts.o
LOAD ionpump.o
LOAD led.o
LOAD main.o
LOAD mcp23008.o
LOAD mcp9808.o
LOAD mma8451.o
LOAD nmea.o
LOAD oled.o
LOAD pneu.o
LOAD ports.o
LOAD report.o
LOAD roboclaw.o
LOAD rtc.o
LOAD set.o
LOAD specID.o
LOAD temperature.o
LOAD testroutine.o
LOAD timers.o
LOAD twi.o
LOAD usart.o
LOAD wdt.o
LOAD xport.o
START GROUP
LOAD c:/program files (x86)/atmel/studio/7.0/toolchain/avr8/avr8-gnu-toolchain/bin/../lib/gcc/avr/5.4.0/../../../../avr/lib/avrxmega3\libm.a
END GROUP
LOAD c:/program files (x86)/atmel/studio/7.0/toolchain/avr8/avr8-gnu-toolchain/bin/../lib/gcc/avr/5.4.0/../../../../avr/lib/avrxmega3\libprintf_flt.a
START GROUP
LOAD c:/program files (x86)/atmel/studio/7.0/toolchain/avr8/avr8-gnu-toolchain/bin/../lib/gcc/avr/5.4.0/avrxmega3\libgcc.a
LOAD c:/program files (x86)/atmel/studio/7.0/toolchain/avr8/avr8-gnu-toolchain/bin/../lib/gcc/avr/5.4.0/../../../../avr/lib/avrxmega3\libm.a
LOAD c:/program files (x86)/atmel/studio/7.0/toolchain/avr8/avr8-gnu-toolchain/bin/../lib/gcc/avr/5.4.0/../../../../avr/lib/avrxmega3\libc.a
LOAD C:/Program Files (x86)/Atmel/Studio/7.0/Packs/atmel/ATmega_DFP/1.6.364/gcc/dev/atmega4809/avrxmega3\libatmega4809.a
END GROUP
                [0x00000000]                __TEXT_REGION_ORIGIN__ = DEFINED (__TEXT_REGION_ORIGIN__)?__TEXT_REGION_ORIGIN__:0x0
                [0x00802800]                __DATA_REGION_ORIGIN__ = DEFINED (__DATA_REGION_ORIGIN__)?__DATA_REGION_ORIGIN__:0x802000
                [0x0000c000]                __TEXT_REGION_LENGTH__ = DEFINED (__TEXT_REGION_LENGTH__)?__TEXT_REGION_LENGTH__:0x100000
                [0x00001800]                __DATA_REGION_LENGTH__ = DEFINED (__DATA_REGION_LENGTH__)?__DATA_REGION_LENGTH__:0xffa0
                [0x00000100]                __EEPROM_REGION_LENGTH__ = DEFINED (__EEPROM_REGION_LENGTH__)?__EEPROM_REGION_LENGTH__:0x10000
                [0x0000000a]                __FUSE_REGION_LENGTH__ = DEFINED (__FUSE_REGION_LENGTH__)?__FUSE_REGION_LENGTH__:0x400
                0x00000400                __LOCK_REGION_LENGTH__ = DEFINED (__LOCK_REGION_LENGTH__)?__LOCK_REGION_LENGTH__:0x400
                0x00000400                __SIGNATURE_REGION_LENGTH__ = DEFINED (__SIGNATURE_REGION_LENGTH__)?__SIGNATURE_REGION_LENGTH__:0x400
                0x00000400                __USER_SIGNATURE_REGION_LENGTH__ = DEFINED (__USER_SIGNATURE_REGION_LENGTH__)?__USER_SIGNATURE_REGION_LENGTH__:0x400
                0x00008000                __RODATA_PM_OFFSET__ = DEFINED (__RODATA_PM_OFFSET__)?__RODATA_PM_OFFSET__:0x8000

.hash
 *(.hash)

.dynsym
 *(.dynsym)

.dynstr
 *(.dynstr)

.gnu.version
 *(.gnu.version)

.gnu.version_d
 *(.gnu.version_d)

.gnu.version_r
 *(.gnu.version_r)

.rel.init
 *(.rel.init)

.rela.init
 *(.rela.init)

.rel.text
 *(.rel.text)
 *(.rel.text.*)
 *(.rel.gnu.linkonce.t*)

.rela.text
 *(.rela.text)
 *(.rela.text.*)
 *(.rela.gnu.linkonce.t*)

.rel.fini
 *(.rel.fini)

.rela.fini
 *(.rela.fini)

.rel.rodata
 *(.rel.rodata)
 *(.rel.rodata.*)
 *(.rel.gnu.linkonce.r*)

.rela.rodata
 *(.rela.rodata)
 *(.rela.rodata.*)
 *(.rela.gnu.linkonce.r*)

.rel.data
 *(.rel.data)
 *(.rel.data.*)
 *(.rel.gnu.linkonce.d*)

.rela.data
 *(.rela.data)
 *(.rela.data.*)
 *(.rela.gnu.linkonce.d*)

.rel.ctors
 *(.rel.ctors)

.rela.ctors
 *(.rela.ctors)

.rel.dtors
 *(.rel.dtors)

.rela.dtors
 *(.rela.dtors)

.rel.got
 *(.rel.got)

.rela.got
 *(.rela.got)

.rel.bss
 *(.rel.bss)

.rela.bss
 *(.rela.bss)

.rel.plt
 *(.rel.plt)

.rela.plt
 *(.rela.plt)

.text           0x00000000     0x3fa4
 *(.vectors)
 .vectors       0x00000000       0xa0 C:/Program Files (x86)/Atmel/Studio/7.0/Packs/atmel/ATmega_DFP/1.6.364/gcc/dev/atmega4809/avrxmega3/crtatmega4809.o
                0x00000000                __vector_default
                0x00000000                __vectors
 *(.vectors)
 *(.progmem.gcc*)
 .progmem.gcc_sw_table.commands
                0x000000a0       0x46 commands.o
 .progmem.gcc_sw_table.report
                0x000000e6       0x6a report.o
                0x00000150                . = ALIGN (0x2)
                0x00000150                __trampolines_start = .
 *(.trampolines)
 .trampolines   0x00000150        0x0 linker stubs
 *(.trampolines*)
                0x00000150                __trampolines_end = .
 *libprintf_flt.a:*(.progmem.data)
 .progmem.data  0x00000150        0x8 c:/program files (x86)/atmel/studio/7.0/toolchain/avr8/avr8-gnu-toolchain/bin/../lib/gcc/avr/5.4.0/../../../../avr/lib/avrxmega3\libprintf_flt.a(vfprintf_flt.o)
 *libc.a:*(.progmem.data)
 .progmem.data  0x00000158       0xfa c:/program files (x86)/atmel/studio/7.0/toolchain/avr8/avr8-gnu-toolchain/bin/../lib/gcc/avr/5.4.0/../../../../avr/lib/avrxmega3\libc.a(ftoa_engine.o)
 *(.progmem*)
                0x00000252                . = ALIGN (0x2)
 *(.jumptables)
 *(.jumptables*)
 *(.lowtext)
 *(.lowtext*)
                0x00000252                __ctors_start = .
 *(.ctors)
                0x00000252                __ctors_end = .
                0x00000252                __dtors_start = .
 *(.dtors)
                0x00000252                __dtors_end = .
 SORT(*)(.ctors)
 SORT(*)(.dtors)
 *(.init0)
 .init0         0x00000252        0x0 C:/Program Files (x86)/Atmel/Studio/7.0/Packs/atmel/ATmega_DFP/1.6.364/gcc/dev/atmega4809/avrxmega3/crtatmega4809.o
                0x00000252                __init
 *(.init0)
 *(.init1)
 *(.init1)
 *(.init2)
 .init2         0x00000252        0xc C:/Program Files (x86)/Atmel/Studio/7.0/Packs/atmel/ATmega_DFP/1.6.364/gcc/dev/atmega4809/avrxmega3/crtatmega4809.o
 *(.init2)
 *(.init3)
 *(.init3)
 *(.init4)
 .init4         0x0000025e       0x16 c:/program files (x86)/atmel/studio/7.0/toolchain/avr8/avr8-gnu-toolchain/bin/../lib/gcc/avr/5.4.0/avrxmega3\libgcc.a(_copy_data.o)
                0x0000025e                __do_copy_data
 .init4         0x00000274       0x10 c:/program files (x86)/atmel/studio/7.0/toolchain/avr8/avr8-gnu-toolchain/bin/../lib/gcc/avr/5.4.0/avrxmega3\libgcc.a(_clear_bss.o)
                0x00000274                __do_clear_bss
 *(.init4)
 *(.init5)
 *(.init5)
 *(.init6)
 *(.init6)
 *(.init7)
 *(.init7)
 *(.init8)
 *(.init8)
 *(.init9)
 .init9         0x00000284        0x8 C:/Program Files (x86)/Atmel/Studio/7.0/Packs/atmel/ATmega_DFP/1.6.364/gcc/dev/atmega4809/avrxmega3/crtatmega4809.o
 *(.init9)
 *(.text)
 .text          0x0000028c        0x4 C:/Program Files (x86)/Atmel/Studio/7.0/Packs/atmel/ATmega_DFP/1.6.364/gcc/dev/atmega4809/avrxmega3/crtatmega4809.o
                0x0000028c                __vector_22
                0x0000028c                __vector_28
                0x0000028c                __vector_1
                0x0000028c                __vector_32
                0x0000028c                __vector_34
                0x0000028c                __vector_24
                0x0000028c                __bad_interrupt
                0x0000028c                __vector_6
                0x0000028c                __vector_31
                0x0000028c                __vector_35
                0x0000028c                __vector_39
                0x0000028c                __vector_23
                0x0000028c                __vector_30
                0x0000028c                __vector_25
                0x0000028c                __vector_11
                0x0000028c                __vector_13
                0x0000028c                __vector_19
                0x0000028c                __vector_7
                0x0000028c                __vector_5
                0x0000028c                __vector_33
                0x0000028c                __vector_4
                0x0000028c                __vector_9
                0x0000028c                __vector_2
                0x0000028c                __vector_21
                0x0000028c                __vector_15
                0x0000028c                __vector_36
                0x0000028c                __vector_8
                0x0000028c                __vector_14
                0x0000028c                __vector_10
                0x0000028c                __vector_16
                0x00000290                . = ALIGN (0x2)
 *(.text.*)
 .text.read_AD590
                0x00000290       0xac ad590.o
                0x00000290                read_AD590
 .text.read_ADS1115
                0x0000033c      0x1fe ads1115.o
                0x0000033c                read_ADS1115
 .text.init_BEEPER
                0x0000053a        0xe beeper.o
                0x0000053a                init_BEEPER
 .text.echo_cmd
                0x00000548       0x8a commands.o
                0x00000548                echo_cmd
 .text.isaletter
                0x000005d2       0x1a commands.o
                0x000005d2                isaletter
 .text.parse_cmd
                0x000005ec      0x128 commands.o
                0x000005ec                parse_cmd
 .text.send_prompt
                0x00000714       0xbe commands.o
                0x00000714                send_prompt
 .text.commands
                0x000007d2      0x1a2 commands.o
                0x000007d2                commands
 .text.convert_ds2iso
                0x00000974       0x42 ds3231.o
                0x00000974                convert_ds2iso
 .text.convert_iso2ds
                0x000009b6       0xc0 ds3231.o
                0x000009b6                convert_iso2ds
 .text.read_DS3231
                0x00000a76       0x7c ds3231.o
                0x00000a76                read_DS3231
 .text.get_time
                0x00000af2       0x54 ds3231.o
                0x00000af2                get_time
 .text.write_DS3231
                0x00000b46       0x74 ds3231.o
                0x00000b46                write_DS3231
 .text.put_time
                0x00000bba       0x30 ds3231.o
                0x00000bba                put_time
 .text.get_BOOTTIME
                0x00000bea        0xe eeprom.o
                0x00000bea                get_BOOTTIME
 .text.get_VERSION
                0x00000bf8        0xe eeprom.o
                0x00000bf8                get_VERSION
 .text.update_BOOTTIME
                0x00000c06       0x32 eeprom.o
                0x00000c06                update_BOOTTIME
 .text.update_VERSION
                0x00000c38       0x3c eeprom.o
                0x00000c38                update_VERSION
 .text.init_EEPROM
                0x00000c74        0xa eeprom.o
                0x00000c74                init_EEPROM
 .text.read_FRAM
                0x00000c7e       0x84 fram.o
                0x00000c7e                read_FRAM
 .text.write_FRAM
                0x00000d02       0x64 fram.o
                0x00000d02                write_FRAM
 .text.get_humidity
                0x00000d66       0xc8 humidity.o
                0x00000d66                get_humidity
 .text.initialize
                0x00000e2e       0x8a initialize.o
                0x00000e2e                initialize
 .text.__vector_29
                0x00000eb8       0x56 interrupts.o
                0x00000eb8                __vector_29
 .text.read_ionpump
                0x00000f0e       0x9c ionpump.o
                0x00000f0e                read_ionpump
 .text.init_LED
                0x00000faa        0xc led.o
                0x00000faa                init_LED
 .text.main     0x00000fb6       0x18 main.o
                0x00000fb6                main
 .text.read_MCP23008
                0x00000fce       0x2e mcp23008.o
                0x00000fce                read_MCP23008
 .text.write_MCP23008
                0x00000ffc       0x54 mcp23008.o
                0x00000ffc                write_MCP23008
 .text.read_MCP9808
                0x00001050       0x9e mcp9808.o
                0x00001050                read_MCP9808
 .text.read_MMA8451
                0x000010ee       0x68 mma8451.o
                0x000010ee                read_MMA8451
 .text.get_orientation
                0x00001156      0x130 mma8451.o
                0x00001156                get_orientation
 .text.write_MMA8451
                0x00001286       0x54 mma8451.o
                0x00001286                write_MMA8451
 .text.init_MMA8451
                0x000012da       0x64 mma8451.o
                0x000012da                init_MMA8451
 .text.checksum_NMEA
                0x0000133e       0x92 nmea.o
                0x0000133e                checksum_NMEA
 .text.printError
                0x000013d0       0x92 nmea.o
                0x000013d0                printError
 .text.write_OLED
                0x00001462       0x24 oled.o
                0x00001462                write_OLED
 .text.init_OLED
                0x00001486      0x180 oled.o
                0x00001486                init_OLED
 .text.writestr_OLED
                0x00001606       0xba oled.o
                0x00001606                writestr_OLED
 .text.clear_OLED
                0x000016c0       0x56 oled.o
                0x000016c0                clear_OLED
 .text.init_PNEU
                0x00001716       0x7a pneu.o
                0x00001716                init_PNEU
 .text.read_PNEUSENSORS
                0x00001790       0xd8 pneu.o
                0x00001790                read_PNEUSENSORS
 .text.set_PNEUVALVES
                0x00001868       0x24 pneu.o
                0x00001868                set_PNEUVALVES
 .text.close_PNEU
                0x0000188c      0x124 pneu.o
                0x0000188c                close_PNEU
 .text.open_PNEU
                0x000019b0      0x124 pneu.o
                0x000019b0                open_PNEU
 .text.__vector_20
                0x00001ad4       0x64 pneu.o
                0x00001ad4                __vector_20
 .text.init_PORTS
                0x00001b38       0x70 ports.o
                0x00001b38                init_PORTS
 .text.report   0x00001ba8      0xa8a report.o
                0x00001ba8                report
 .text.crc16    0x00002632       0x4a roboclaw.o
                0x00002632                crc16
 .text.get_ROBOEncoder
                0x0000267c      0x132 roboclaw.o
                0x0000267c                get_ROBOEncoder
 .text.get_ROBOInt32
                0x000027ae       0xe8 roboclaw.o
                0x000027ae                get_ROBOInt32
 .text.ROBOMove
                0x00002896       0x64 roboclaw.o
                0x00002896                ROBOMove
 .text.init_RTC
                0x000028fa       0x5c rtc.o
                0x000028fa                init_RTC
 .text.__vector_3
                0x00002956       0x8a rtc.o
                0x00002956                __vector_3
 .text.set      0x000029e0       0x62 set.o
                0x000029e0                set
 .text.init_SPECID
                0x00002a42       0x10 specID.o
                0x00002a42                init_SPECID
 .text.get_temperature
                0x00002a52       0x20 temperature.o
                0x00002a52                get_temperature
 .text.testroutine
                0x00002a72        0x2 testroutine.o
                0x00002a72                testroutine
 .text.__vector_12
                0x00002a74       0x34 timers.o
                0x00002a74                __vector_12
 .text.init_TWI
                0x00002aa8       0x16 twi.o
                0x00002aa8                init_TWI
 .text.read_TWI
                0x00002abe       0x20 twi.o
                0x00002abe                read_TWI
 .text.readlast_TWI
                0x00002ade       0x1a twi.o
                0x00002ade                readlast_TWI
 .text.start_TWI
                0x00002af8       0x4c twi.o
                0x00002af8                start_TWI
 .text.stop_TWI
                0x00002b44        0x8 twi.o
                0x00002b44                stop_TWI
 .text.write_TWI
                0x00002b4c       0x2a twi.o
                0x00002b4c                write_TWI
 .text.init_USART
                0x00002b76       0xac usart.o
                0x00002b76                init_USART
 .text.send_USART
                0x00002c22      0x10c usart.o
                0x00002c22                send_USART
 .text.__vector_17
                0x00002d2e       0x86 usart.o
                0x00002d2e                __vector_17
 .text.__vector_18
                0x00002db4       0x6e usart.o
                0x00002db4                __vector_18
 .text.__vector_26
                0x00002e22       0x56 usart.o
                0x00002e22                __vector_26
 .text.__vector_27
                0x00002e78       0x6e usart.o
                0x00002e78                __vector_27
 .text.__vector_37
                0x00002ee6       0x6a usart.o
                0x00002ee6                __vector_37
 .text.__vector_38
                0x00002f50       0x5c usart.o
                0x00002f50                __vector_38
 .text.reboot   0x00002fac       0x14 wdt.o
                0x00002fac                reboot
 .text.init_XPORT
                0x00002fc0       0x18 xport.o
                0x00002fc0                init_XPORT
 .text.avr-libc.fplib
                0x00002fd8        0xe c:/program files (x86)/atmel/studio/7.0/toolchain/avr8/avr8-gnu-toolchain/bin/../lib/gcc/avr/5.4.0/../../../../avr/lib/avrxmega3\libm.a(addsf3.o)
                0x00002fd8                __subsf3
                0x00002fda                __addsf3
 .text.avr-libc.fplib
                0x00002fe6       0xcc c:/program files (x86)/atmel/studio/7.0/toolchain/avr8/avr8-gnu-toolchain/bin/../lib/gcc/avr/5.4.0/../../../../avr/lib/avrxmega3\libm.a(addsf3x.o)
                0x00003008                __addsf3x
 .text.avr-libc.fplib
                0x000030b2        0xa c:/program files (x86)/atmel/studio/7.0/toolchain/avr8/avr8-gnu-toolchain/bin/../lib/gcc/avr/5.4.0/../../../../avr/lib/avrxmega3\libm.a(cmpsf2.o)
                0x000030b2                __nesf2
                0x000030b2                __eqsf2
                0x000030b2                __cmpsf2
                0x000030b2                __ltsf2
                0x000030b2                __lesf2
 .text.avr-libc.fplib
                0x000030bc        0x8 c:/program files (x86)/atmel/studio/7.0/toolchain/avr8/avr8-gnu-toolchain/bin/../lib/gcc/avr/5.4.0/../../../../avr/lib/avrxmega3\libm.a(divsf3.o)
                0x000030bc                __divsf3
 .text.avr-libc.fplib
                0x000030c4       0xdc c:/program files (x86)/atmel/studio/7.0/toolchain/avr8/avr8-gnu-toolchain/bin/../lib/gcc/avr/5.4.0/../../../../avr/lib/avrxmega3\libm.a(divsf3x.o)
                0x000030e4                __divsf3x
                0x000030ea                __divsf3_pse
 .text.avr-libc.fplib
                0x000031a0       0x7a c:/program files (x86)/atmel/studio/7.0/toolchain/avr8/avr8-gnu-toolchain/bin/../lib/gcc/avr/5.4.0/../../../../avr/lib/avrxmega3\libm.a(floatsisf.o)
                0x000031a0                __floatunsisf
                0x000031a4                __floatsisf
 .text.avr-libc.fplib
                0x0000321a       0x48 c:/program files (x86)/atmel/studio/7.0/toolchain/avr8/avr8-gnu-toolchain/bin/../lib/gcc/avr/5.4.0/../../../../avr/lib/avrxmega3\libm.a(fp_cmp.o)
                0x0000321a                __fp_cmp
 .text.avr-libc.fplib
                0x00003262        0xc c:/program files (x86)/atmel/studio/7.0/toolchain/avr8/avr8-gnu-toolchain/bin/../lib/gcc/avr/5.4.0/../../../../avr/lib/avrxmega3\libm.a(fp_inf.o)
                0x00003262                __fp_inf
 .text.avr-libc.fplib
                0x0000326e        0x6 c:/program files (x86)/atmel/studio/7.0/toolchain/avr8/avr8-gnu-toolchain/bin/../lib/gcc/avr/5.4.0/../../../../avr/lib/avrxmega3\libm.a(fp_nan.o)
                0x0000326e                __fp_nan
 .text.avr-libc.fplib
                0x00003274        0xe c:/program files (x86)/atmel/studio/7.0/toolchain/avr8/avr8-gnu-toolchain/bin/../lib/gcc/avr/5.4.0/../../../../avr/lib/avrxmega3\libm.a(fp_pscA.o)
                0x00003274                __fp_pscA
 .text.avr-libc.fplib
                0x00003282        0xe c:/program files (x86)/atmel/studio/7.0/toolchain/avr8/avr8-gnu-toolchain/bin/../lib/gcc/avr/5.4.0/../../../../avr/lib/avrxmega3\libm.a(fp_pscB.o)
                0x00003282                __fp_pscB
 .text.avr-libc.fplib
                0x00003290       0x22 c:/program files (x86)/atmel/studio/7.0/toolchain/avr8/avr8-gnu-toolchain/bin/../lib/gcc/avr/5.4.0/../../../../avr/lib/avrxmega3\libm.a(fp_round.o)
                0x00003290                __fp_round
 .text.avr-libc.fplib
                0x000032b2       0x44 c:/program files (x86)/atmel/studio/7.0/toolchain/avr8/avr8-gnu-toolchain/bin/../lib/gcc/avr/5.4.0/../../../../avr/lib/avrxmega3\libm.a(fp_split3.o)
                0x000032b2                __fp_split3
                0x000032c2                __fp_splitA
 .text.avr-libc.fplib
                0x000032f6        0xe c:/program files (x86)/atmel/studio/7.0/toolchain/avr8/avr8-gnu-toolchain/bin/../lib/gcc/avr/5.4.0/../../../../avr/lib/avrxmega3\libm.a(fp_zero.o)
                0x000032f6                __fp_zero
                0x000032f8                __fp_szero
 .text.avr-libc.fplib
                0x00003304        0xa c:/program files (x86)/atmel/studio/7.0/toolchain/avr8/avr8-gnu-toolchain/bin/../lib/gcc/avr/5.4.0/../../../../avr/lib/avrxmega3\libm.a(gesf2.o)
                0x00003304                __gesf2
                0x00003304                __gtsf2
 .text.avr-libc.fplib
                0x0000330e        0x8 c:/program files (x86)/atmel/studio/7.0/toolchain/avr8/avr8-gnu-toolchain/bin/../lib/gcc/avr/5.4.0/../../../../avr/lib/avrxmega3\libm.a(mulsf3.o)
                0x0000330e                __mulsf3
 .text.avr-libc.fplib
                0x00003316       0xd2 c:/program files (x86)/atmel/studio/7.0/toolchain/avr8/avr8-gnu-toolchain/bin/../lib/gcc/avr/5.4.0/../../../../avr/lib/avrxmega3\libm.a(mulsf3x.o)
                0x00003334                __mulsf3x
                0x0000333a                __mulsf3_pse
 .text.avr-libc
                0x000033e8      0x6fa c:/program files (x86)/atmel/studio/7.0/toolchain/avr8/avr8-gnu-toolchain/bin/../lib/gcc/avr/5.4.0/../../../../avr/lib/avrxmega3\libprintf_flt.a(vfprintf_flt.o)
                0x000033e8                vfprintf
 .text.libgcc.div
                0x00003ae2       0x28 c:/program files (x86)/atmel/studio/7.0/toolchain/avr8/avr8-gnu-toolchain/bin/../lib/gcc/avr/5.4.0/avrxmega3\libgcc.a(_divmodhi4.o)
                0x00003ae2                _div
                0x00003ae2                __divmodhi4
 .text.libgcc   0x00003b0a        0xc c:/program files (x86)/atmel/studio/7.0/toolchain/avr8/avr8-gnu-toolchain/bin/../lib/gcc/avr/5.4.0/avrxmega3\libgcc.a(_tablejump2.o)
                0x00003b0a                __tablejump2__
 .text.libgcc.prologue
                0x00003b16       0x32 c:/program files (x86)/atmel/studio/7.0/toolchain/avr8/avr8-gnu-toolchain/bin/../lib/gcc/avr/5.4.0/avrxmega3\libgcc.a(_prologue.o)
                0x00003b16                __prologue_saves__
 .text.libgcc.prologue
                0x00003b48       0x30 c:/program files (x86)/atmel/studio/7.0/toolchain/avr8/avr8-gnu-toolchain/bin/../lib/gcc/avr/5.4.0/avrxmega3\libgcc.a(_epilogue.o)
                0x00003b48                __epilogue_restores__
 .text.libgcc.div
                0x00003b78       0x28 c:/program files (x86)/atmel/studio/7.0/toolchain/avr8/avr8-gnu-toolchain/bin/../lib/gcc/avr/5.4.0/avrxmega3\libgcc.a(_udivmodhi4.o)
                0x00003b78                __udivmodhi4
 .text.avr-libc
                0x00003ba0      0x1b0 c:/program files (x86)/atmel/studio/7.0/toolchain/avr8/avr8-gnu-toolchain/bin/../lib/gcc/avr/5.4.0/../../../../avr/lib/avrxmega3\libc.a(ftoa_engine.o)
                0x00003ba0                __ftoa_engine
 .text.avr-libc
                0x00003d50       0x16 c:/program files (x86)/atmel/studio/7.0/toolchain/avr8/avr8-gnu-toolchain/bin/../lib/gcc/avr/5.4.0/../../../../avr/lib/avrxmega3\libc.a(strnlen_P.o)
                0x00003d50                strnlen_P
 .text.avr-libc
                0x00003d66       0x16 c:/program files (x86)/atmel/studio/7.0/toolchain/avr8/avr8-gnu-toolchain/bin/../lib/gcc/avr/5.4.0/../../../../avr/lib/avrxmega3\libc.a(strcat.o)
                0x00003d66                strcat
 .text.avr-libc
                0x00003d7c        0xe c:/program files (x86)/atmel/studio/7.0/toolchain/avr8/avr8-gnu-toolchain/bin/../lib/gcc/avr/5.4.0/../../../../avr/lib/avrxmega3\libc.a(strcpy.o)
                0x00003d7c                strcpy
 .text.avr-libc
                0x00003d8a       0x16 c:/program files (x86)/atmel/studio/7.0/toolchain/avr8/avr8-gnu-toolchain/bin/../lib/gcc/avr/5.4.0/../../../../avr/lib/avrxmega3\libc.a(strnlen.o)
                0x00003d8a                strnlen
 .text.avr-libc
                0x00003da0       0x78 c:/program files (x86)/atmel/studio/7.0/toolchain/avr8/avr8-gnu-toolchain/bin/../lib/gcc/avr/5.4.0/../../../../avr/lib/avrxmega3\libc.a(fputc.o)
                0x00003da0                fputc
 .text.avr-libc
                0x00003e18       0x44 c:/program files (x86)/atmel/studio/7.0/toolchain/avr8/avr8-gnu-toolchain/bin/../lib/gcc/avr/5.4.0/../../../../avr/lib/avrxmega3\libc.a(sprintf.o)
                0x00003e18                sprintf
 .text.avr-libc
                0x00003e5c       0xbc c:/program files (x86)/atmel/studio/7.0/toolchain/avr8/avr8-gnu-toolchain/bin/../lib/gcc/avr/5.4.0/../../../../avr/lib/avrxmega3\libc.a(ultoa_invert.o)
                0x00003e5c                __ultoa_invert
 .text.avr-libc
                0x00003f18        0x8 C:/Program Files (x86)/Atmel/Studio/7.0/Packs/atmel/ATmega_DFP/1.6.364/gcc/dev/atmega4809/avrxmega3\libatmega4809.a(eerd_block.o)
                0x00003f18                eeprom_read_block
 .text.avr-libc
                0x00003f20       0x20 C:/Program Files (x86)/Atmel/Studio/7.0/Packs/atmel/ATmega_DFP/1.6.364/gcc/dev/atmega4809/avrxmega3\libatmega4809.a(eeupd_block.o)
                0x00003f20                eeprom_update_block
 .text.avr-libc
                0x00003f40       0x16 C:/Program Files (x86)/Atmel/Studio/7.0/Packs/atmel/ATmega_DFP/1.6.364/gcc/dev/atmega4809/avrxmega3\libatmega4809.a(eeupd_byte.o)
                0x00003f40                eeprom_update_byte
                0x00003f42                eeprom_update_r18
 .text.avr-libc
                0x00003f56       0x28 C:/Program Files (x86)/Atmel/Studio/7.0/Packs/atmel/ATmega_DFP/1.6.364/gcc/dev/atmega4809/avrxmega3\libatmega4809.a(eewr_byte.o)
                0x00003f56                eeprom_write_byte
                0x00003f58                eeprom_write_r18
 .text.avr-libc
                0x00003f7e       0x10 C:/Program Files (x86)/Atmel/Studio/7.0/Packs/atmel/ATmega_DFP/1.6.364/gcc/dev/atmega4809/avrxmega3\libatmega4809.a(eerd_byte.o)
                0x00003f7e                eeprom_read_byte
                0x00003f86                eeprom_mapen
 .text.avr-libc
                0x00003f8e       0x12 c:/program files (x86)/atmel/studio/7.0/toolchain/avr8/avr8-gnu-toolchain/bin/../lib/gcc/avr/5.4.0/../../../../avr/lib/avrxmega3\libc.a(memcpy.o)
                0x00003f8e                memcpy
                0x00003fa0                . = ALIGN (0x2)
 *(.fini9)
 .fini9         0x00003fa0        0x0 c:/program files (x86)/atmel/studio/7.0/toolchain/avr8/avr8-gnu-toolchain/bin/../lib/gcc/avr/5.4.0/avrxmega3\libgcc.a(_exit.o)
                0x00003fa0                _exit
                0x00003fa0                exit
 *(.fini9)
 *(.fini8)
 *(.fini8)
 *(.fini7)
 *(.fini7)
 *(.fini6)
 *(.fini6)
 *(.fini5)
 *(.fini5)
 *(.fini4)
 *(.fini4)
 *(.fini3)
 *(.fini3)
 *(.fini2)
 *(.fini2)
 *(.fini1)
 *(.fini1)
 *(.fini0)
 .fini0         0x00003fa0        0x4 c:/program files (x86)/atmel/studio/7.0/toolchain/avr8/avr8-gnu-toolchain/bin/../lib/gcc/avr/5.4.0/avrxmega3\libgcc.a(_exit.o)
 *(.fini0)
                0x00003fa4                _etext = .

.rodata         0x00007fa4      0x254 load address 0x00003fa4
 *(.rodata)
 *(.rodata*)
 .rodata.str1.1
                0x00007fa4        0xb commands.o
 .rodata.str1.1
                0x00007faf       0x2d ds3231.o
 .rodata.str1.1
                0x00007fdc        0xb eeprom.o
 .rodata.str1.1
                0x00007fe7       0x11 initialize.o
 .rodata.str1.1
                0x00007ff8       0x16 nmea.o
 .rodata.str1.1
                0x0000800e       0x11 oled.o
 .rodata.str1.1
                0x0000801f       0x29 pneu.o
 .rodata.str1.1
                0x00008048      0x1b0 report.o
                                0x1c1 (size before relaxing)
 *(.gnu.linkonce.r*)

.data           0x00802800        0x2 load address 0x000041f8
                0x00802800                PROVIDE (__data_start, .)
 *(.data)
 *(.data*)
 .data.rebootnack.3540
                0x00802800        0x1 commands.o
 *(.gnu.linkonce.d*)
                0x00802802                . = ALIGN (0x2)
 *fill*         0x00802801        0x1 
                0x00802802                _edata = .
                0x00802802                PROVIDE (__data_end, .)

.bss            0x00802802      0x82e
                0x00802802                PROVIDE (__bss_start, .)
 *(.bss)
 *(.bss*)
 .bss.cstack.3541
                0x00802802        0x1 commands.o
 .bss.ticks     0x00802803        0x2 timers.o
 *(COMMON)
 COMMON         0x00802805      0x208 main.o
                0x00802805                pcmd
 COMMON         0x00802a0d        0x4 oled.o
                0x00802a0d                timerOLED
                0x00802a0f                timeoutOLED
 COMMON         0x00802a11        0x1 pneu.o
                0x00802a11                pneuState
 COMMON         0x00802a12      0x61e usart.o
                0x00802a12                recv1_buf
                0x00802b17                recv0_buf
                0x00802c1c                send0_buf
                0x00802d21                recv3_buf
                0x00802e26                send3_buf
                0x00802f2b                send1_buf
                0x00803030                PROVIDE (__bss_end, .)
                0x000041f8                __data_load_start = LOADADDR (.data)
                0x000041fa                __data_load_end = (__data_load_start + SIZEOF (.data))

.noinit         0x00803030        0x0
                [!provide]                PROVIDE (__noinit_start, .)
 *(.noinit*)
                [!provide]                PROVIDE (__noinit_end, .)
                0x00803030                _end = .
                [!provide]                PROVIDE (__heap_start, .)

.eeprom         0x00810000        0x0
 *(.eeprom*)
                0x00810000                __eeprom_end = .

.fuse
 *(.fuse)
 *(.lfuse)
 *(.hfuse)
 *(.efuse)

.lock
 *(.lock*)

.signature
 *(.signature*)

.user_signatures
 *(.user_signatures*)

.stab
 *(.stab)

.stabstr
 *(.stabstr)

.stab.excl
 *(.stab.excl)

.stab.exclstr
 *(.stab.exclstr)

.stab.index
 *(.stab.index)

.stab.indexstr
 *(.stab.indexstr)

.comment        0x00000000       0x5c
 *(.comment)
 .comment       0x00000000       0x30 ad590.o
                                 0x31 (size before relaxing)
 .comment       0x00000030       0x31 ads1115.o
 .comment       0x00000030       0x31 beeper.o
 .comment       0x00000030       0x31 commands.o
 .comment       0x00000030       0x31 ds3231.o
 .comment       0x00000030       0x31 eeprom.o
 .comment       0x00000030       0x31 fram.o
 .comment       0x00000030       0x31 humidity.o
 .comment       0x00000030       0x31 initialize.o
 .comment       0x00000030       0x31 interrupts.o
 .comment       0x00000030       0x31 ionpump.o
 .comment       0x00000030       0x31 led.o
 .comment       0x00000030       0x31 main.o
 .comment       0x00000030       0x31 mcp23008.o
 .comment       0x00000030       0x31 mcp9808.o
 .comment       0x00000030       0x31 mma8451.o
 .comment       0x00000030       0x31 nmea.o
 .comment       0x00000030       0x31 oled.o
 .comment       0x00000030       0x31 pneu.o
 .comment       0x00000030       0x31 ports.o
 .comment       0x00000030       0x31 report.o
 .comment       0x00000030       0x31 roboclaw.o
 .comment       0x00000030       0x31 rtc.o
 .comment       0x00000030       0x31 set.o
 .comment       0x00000030       0x31 specID.o
 .comment       0x00000030       0x31 temperature.o
 .comment       0x00000030       0x31 testroutine.o
 .comment       0x00000030       0x31 timers.o
 .comment       0x00000030       0x31 twi.o
 .comment       0x00000030       0x31 usart.o
 .comment       0x00000030       0x31 wdt.o
 .comment       0x00000030       0x31 xport.o
 .comment       0x00000030       0x2c c:/program files (x86)/atmel/studio/7.0/toolchain/avr8/avr8-gnu-toolchain/bin/../lib/gcc/avr/5.4.0/../../../../avr/lib/avrxmega3\libprintf_flt.a(vfprintf_flt.o)
                                 0x2d (size before relaxing)
 .comment       0x0000005c       0x31 c:/program files (x86)/atmel/studio/7.0/toolchain/avr8/avr8-gnu-toolchain/bin/../lib/gcc/avr/5.4.0/../../../../avr/lib/avrxmega3\libc.a(fputc.o)
 .comment       0x0000005c       0x31 c:/program files (x86)/atmel/studio/7.0/toolchain/avr8/avr8-gnu-toolchain/bin/../lib/gcc/avr/5.4.0/../../../../avr/lib/avrxmega3\libc.a(sprintf.o)

.note.gnu.avr.deviceinfo
                0x00000000       0x40
 .note.gnu.avr.deviceinfo
                0x00000000       0x40 C:/Program Files (x86)/Atmel/Studio/7.0/Packs/atmel/ATmega_DFP/1.6.364/gcc/dev/atmega4809/avrxmega3/crtatmega4809.o

.note.gnu.build-id
 *(.note.gnu.build-id)

.debug
 *(.debug)

.line
 *(.line)

.debug_srcinfo
 *(.debug_srcinfo)

.debug_sfnames
 *(.debug_sfnames)

.debug_aranges  0x00000000      0x610
 *(.debug_aranges)
 .debug_aranges
                0x00000000       0x20 ad590.o
 .debug_aranges
                0x00000020       0x20 ads1115.o
 .debug_aranges
                0x00000040       0x20 beeper.o
 .debug_aranges
                0x00000060       0x40 commands.o
 .debug_aranges
                0x000000a0       0x48 ds3231.o
 .debug_aranges
                0x000000e8       0x40 eeprom.o
 .debug_aranges
                0x00000128       0x28 fram.o
 .debug_aranges
                0x00000150       0x20 humidity.o
 .debug_aranges
                0x00000170       0x20 initialize.o
 .debug_aranges
                0x00000190       0x20 interrupts.o
 .debug_aranges
                0x000001b0       0x20 ionpump.o
 .debug_aranges
                0x000001d0       0x20 led.o
 .debug_aranges
                0x000001f0       0x20 main.o
 .debug_aranges
                0x00000210       0x28 mcp23008.o
 .debug_aranges
                0x00000238       0x20 mcp9808.o
 .debug_aranges
                0x00000258       0x38 mma8451.o
 .debug_aranges
                0x00000290       0x28 nmea.o
 .debug_aranges
                0x000002b8       0x38 oled.o
 .debug_aranges
                0x000002f0       0x48 pneu.o
 .debug_aranges
                0x00000338       0x20 ports.o
 .debug_aranges
                0x00000358       0x20 report.o
 .debug_aranges
                0x00000378       0x40 roboclaw.o
 .debug_aranges
                0x000003b8       0x28 rtc.o
 .debug_aranges
                0x000003e0       0x20 set.o
 .debug_aranges
                0x00000400       0x20 specID.o
 .debug_aranges
                0x00000420       0x20 temperature.o
 .debug_aranges
                0x00000440       0x20 testroutine.o
 .debug_aranges
                0x00000460       0x30 timers.o
 .debug_aranges
                0x00000490       0x48 twi.o
 .debug_aranges
                0x000004d8       0x58 usart.o
 .debug_aranges
                0x00000530       0x20 wdt.o
 .debug_aranges
                0x00000550       0x20 xport.o
 .debug_aranges
                0x00000570       0x20 C:/Program Files (x86)/Atmel/Studio/7.0/Packs/atmel/ATmega_DFP/1.6.364/gcc/dev/atmega4809/avrxmega3\libatmega4809.a(eerd_block.o)
 .debug_aranges
                0x00000590       0x20 C:/Program Files (x86)/Atmel/Studio/7.0/Packs/atmel/ATmega_DFP/1.6.364/gcc/dev/atmega4809/avrxmega3\libatmega4809.a(eeupd_block.o)
 .debug_aranges
                0x000005b0       0x20 C:/Program Files (x86)/Atmel/Studio/7.0/Packs/atmel/ATmega_DFP/1.6.364/gcc/dev/atmega4809/avrxmega3\libatmega4809.a(eeupd_byte.o)
 .debug_aranges
                0x000005d0       0x20 C:/Program Files (x86)/Atmel/Studio/7.0/Packs/atmel/ATmega_DFP/1.6.364/gcc/dev/atmega4809/avrxmega3\libatmega4809.a(eewr_byte.o)
 .debug_aranges
                0x000005f0       0x20 C:/Program Files (x86)/Atmel/Studio/7.0/Packs/atmel/ATmega_DFP/1.6.364/gcc/dev/atmega4809/avrxmega3\libatmega4809.a(eerd_byte.o)

.debug_pubnames
 *(.debug_pubnames)

.debug_info     0x00000000     0xa364
 *(.debug_info .gnu.linkonce.wi.*)
 .debug_info    0x00000000     0x248a C:/Program Files (x86)/Atmel/Studio/7.0/Packs/atmel/ATmega_DFP/1.6.364/gcc/dev/atmega4809/avrxmega3/crtatmega4809.o
 .debug_info    0x0000248a      0x257 ad590.o
 .debug_info    0x000026e1      0x38a ads1115.o
 .debug_info    0x00002a6b      0x262 beeper.o
 .debug_info    0x00002ccd      0x900 commands.o
 .debug_info    0x000035cd      0x49c ds3231.o
 .debug_info    0x00003a69      0x29d eeprom.o
 .debug_info    0x00003d06      0x2f8 fram.o
 .debug_info    0x00003ffe      0x18e humidity.o
 .debug_info    0x0000418c      0x475 initialize.o
 .debug_info    0x00004601      0x27d interrupts.o
 .debug_info    0x0000487e      0x148 ionpump.o
 .debug_info    0x000049c6      0x262 led.o
 .debug_info    0x00004c28      0x237 main.o
 .debug_info    0x00004e5f      0x257 mcp23008.o
 .debug_info    0x000050b6      0x1bf mcp9808.o
 .debug_info    0x00005275      0x469 mma8451.o
 .debug_info    0x000056de      0x3f1 nmea.o
 .debug_info    0x00005acf      0x9bf oled.o
 .debug_info    0x0000648e      0x7ce pneu.o
 .debug_info    0x00006c5c      0x298 ports.o
 .debug_info    0x00006ef4      0xd98 report.o
 .debug_info    0x00007c8c      0x5cf roboclaw.o
 .debug_info    0x0000825b      0x6e9 rtc.o
 .debug_info    0x00008944      0x1e1 set.o
 .debug_info    0x00008b25      0x262 specID.o
 .debug_info    0x00008d87      0x12e temperature.o
 .debug_info    0x00008eb5      0x111 testroutine.o
 .debug_info    0x00008fc6      0x28f timers.o
 .debug_info    0x00009255      0x34b twi.o
 .debug_info    0x000095a0      0x5f9 usart.o
 .debug_info    0x00009b99      0x1c5 wdt.o
 .debug_info    0x00009d5e      0x2e7 xport.o
 .debug_info    0x0000a045       0xa0 C:/Program Files (x86)/Atmel/Studio/7.0/Packs/atmel/ATmega_DFP/1.6.364/gcc/dev/atmega4809/avrxmega3\libatmega4809.a(eerd_block.o)
 .debug_info    0x0000a0e5       0xa1 C:/Program Files (x86)/Atmel/Studio/7.0/Packs/atmel/ATmega_DFP/1.6.364/gcc/dev/atmega4809/avrxmega3\libatmega4809.a(eeupd_block.o)
 .debug_info    0x0000a186       0xa0 C:/Program Files (x86)/Atmel/Studio/7.0/Packs/atmel/ATmega_DFP/1.6.364/gcc/dev/atmega4809/avrxmega3\libatmega4809.a(eeupd_byte.o)
 .debug_info    0x0000a226       0x9f C:/Program Files (x86)/Atmel/Studio/7.0/Packs/atmel/ATmega_DFP/1.6.364/gcc/dev/atmega4809/avrxmega3\libatmega4809.a(eewr_byte.o)
 .debug_info    0x0000a2c5       0x9f C:/Program Files (x86)/Atmel/Studio/7.0/Packs/atmel/ATmega_DFP/1.6.364/gcc/dev/atmega4809/avrxmega3\libatmega4809.a(eerd_byte.o)

.debug_abbrev   0x00000000     0x48f3
 *(.debug_abbrev)
 .debug_abbrev  0x00000000     0x2296 C:/Program Files (x86)/Atmel/Studio/7.0/Packs/atmel/ATmega_DFP/1.6.364/gcc/dev/atmega4809/avrxmega3/crtatmega4809.o
 .debug_abbrev  0x00002296      0x14a ad590.o
 .debug_abbrev  0x000023e0      0x14a ads1115.o
 .debug_abbrev  0x0000252a       0xc4 beeper.o
 .debug_abbrev  0x000025ee      0x24d commands.o
 .debug_abbrev  0x0000283b      0x15a ds3231.o
 .debug_abbrev  0x00002995       0xff eeprom.o
 .debug_abbrev  0x00002a94      0x109 fram.o
 .debug_abbrev  0x00002b9d       0xe2 humidity.o
 .debug_abbrev  0x00002c7f      0x132 initialize.o
 .debug_abbrev  0x00002db1       0xe3 interrupts.o
 .debug_abbrev  0x00002e94       0xd5 ionpump.o
 .debug_abbrev  0x00002f69       0xc4 led.o
 .debug_abbrev  0x0000302d       0xf7 main.o
 .debug_abbrev  0x00003124      0x100 mcp23008.o
 .debug_abbrev  0x00003224       0xd3 mcp9808.o
 .debug_abbrev  0x000032f7      0x13f mma8451.o
 .debug_abbrev  0x00003436      0x172 nmea.o
 .debug_abbrev  0x000035a8      0x1cd oled.o
 .debug_abbrev  0x00003775      0x1c2 pneu.o
 .debug_abbrev  0x00003937       0xde ports.o
 .debug_abbrev  0x00003a15      0x1b0 report.o
 .debug_abbrev  0x00003bc5      0x1e2 roboclaw.o
 .debug_abbrev  0x00003da7      0x196 rtc.o
 .debug_abbrev  0x00003f3d      0x11e set.o
 .debug_abbrev  0x0000405b       0xc4 specID.o
 .debug_abbrev  0x0000411f       0xc9 temperature.o
 .debug_abbrev  0x000041e8       0x99 testroutine.o
 .debug_abbrev  0x00004281      0x13a timers.o
 .debug_abbrev  0x000043bb      0x109 twi.o
 .debug_abbrev  0x000044c4      0x1b1 usart.o
 .debug_abbrev  0x00004675       0xee wdt.o
 .debug_abbrev  0x00004763      0x12c xport.o
 .debug_abbrev  0x0000488f       0x14 C:/Program Files (x86)/Atmel/Studio/7.0/Packs/atmel/ATmega_DFP/1.6.364/gcc/dev/atmega4809/avrxmega3\libatmega4809.a(eerd_block.o)
 .debug_abbrev  0x000048a3       0x14 C:/Program Files (x86)/Atmel/Studio/7.0/Packs/atmel/ATmega_DFP/1.6.364/gcc/dev/atmega4809/avrxmega3\libatmega4809.a(eeupd_block.o)
 .debug_abbrev  0x000048b7       0x14 C:/Program Files (x86)/Atmel/Studio/7.0/Packs/atmel/ATmega_DFP/1.6.364/gcc/dev/atmega4809/avrxmega3\libatmega4809.a(eeupd_byte.o)
 .debug_abbrev  0x000048cb       0x14 C:/Program Files (x86)/Atmel/Studio/7.0/Packs/atmel/ATmega_DFP/1.6.364/gcc/dev/atmega4809/avrxmega3\libatmega4809.a(eewr_byte.o)
 .debug_abbrev  0x000048df       0x14 C:/Program Files (x86)/Atmel/Studio/7.0/Packs/atmel/ATmega_DFP/1.6.364/gcc/dev/atmega4809/avrxmega3\libatmega4809.a(eerd_byte.o)

.debug_line     0x00000000     0x40b6
 *(.debug_line .debug_line.* .debug_line_end)
 .debug_line    0x00000000      0x187 C:/Program Files (x86)/Atmel/Studio/7.0/Packs/atmel/ATmega_DFP/1.6.364/gcc/dev/atmega4809/avrxmega3/crtatmega4809.o
 .debug_line    0x00000187      0x18e ad590.o
 .debug_line    0x00000315      0x23e ads1115.o
 .debug_line    0x00000553      0x11a beeper.o
 .debug_line    0x0000066d      0x4c7 commands.o
 .debug_line    0x00000b34      0x26d ds3231.o
 .debug_line    0x00000da1      0x18c eeprom.o
 .debug_line    0x00000f2d      0x151 fram.o
 .debug_line    0x0000107e      0x113 humidity.o
 .debug_line    0x00001191      0x18e initialize.o
 .debug_line    0x0000131f      0x124 interrupts.o
 .debug_line    0x00001443      0x106 ionpump.o
 .debug_line    0x00001549      0x111 led.o
 .debug_line    0x0000165a       0xc6 main.o
 .debug_line    0x00001720      0x129 mcp23008.o
 .debug_line    0x00001849       0xf3 mcp9808.o
 .debug_line    0x0000193c      0x219 mma8451.o
 .debug_line    0x00001b55      0x1ad nmea.o
 .debug_line    0x00001d02      0x368 oled.o
 .debug_line    0x0000206a      0x38a pneu.o
 .debug_line    0x000023f4      0x1ff ports.o
 .debug_line    0x000025f3      0x4ad report.o
 .debug_line    0x00002aa0      0x34e roboclaw.o
 .debug_line    0x00002dee      0x1d8 rtc.o
 .debug_line    0x00002fc6       0xdd set.o
 .debug_line    0x000030a3      0x114 specID.o
 .debug_line    0x000031b7       0xd9 temperature.o
 .debug_line    0x00003290       0xad testroutine.o
 .debug_line    0x0000333d      0x15a timers.o
 .debug_line    0x00003497      0x245 twi.o
 .debug_line    0x000036dc      0x464 usart.o
 .debug_line    0x00003b40      0x12d wdt.o
 .debug_line    0x00003c6d      0x18d xport.o
 .debug_line    0x00003dfa       0x5d C:/Program Files (x86)/Atmel/Studio/7.0/Packs/atmel/ATmega_DFP/1.6.364/gcc/dev/atmega4809/avrxmega3\libatmega4809.a(eerd_block.o)
 .debug_line    0x00003e57       0xa5 C:/Program Files (x86)/Atmel/Studio/7.0/Packs/atmel/ATmega_DFP/1.6.364/gcc/dev/atmega4809/avrxmega3\libatmega4809.a(eeupd_block.o)
 .debug_line    0x00003efc       0x80 C:/Program Files (x86)/Atmel/Studio/7.0/Packs/atmel/ATmega_DFP/1.6.364/gcc/dev/atmega4809/avrxmega3\libatmega4809.a(eeupd_byte.o)
 .debug_line    0x00003f7c       0xc1 C:/Program Files (x86)/Atmel/Studio/7.0/Packs/atmel/ATmega_DFP/1.6.364/gcc/dev/atmega4809/avrxmega3\libatmega4809.a(eewr_byte.o)
 .debug_line    0x0000403d       0x79 C:/Program Files (x86)/Atmel/Studio/7.0/Packs/atmel/ATmega_DFP/1.6.364/gcc/dev/atmega4809/avrxmega3\libatmega4809.a(eerd_byte.o)

.debug_frame    0x00000000      0xdd8
 *(.debug_frame)
 .debug_frame   0x00000000       0x40 ad590.o
 .debug_frame   0x00000040       0x4c ads1115.o
 .debug_frame   0x0000008c       0x24 beeper.o
 .debug_frame   0x000000b0       0xd4 commands.o
 .debug_frame   0x00000184      0x110 ds3231.o
 .debug_frame   0x00000294       0x84 eeprom.o
 .debug_frame   0x00000318       0x74 fram.o
 .debug_frame   0x0000038c       0x4c humidity.o
 .debug_frame   0x000003d8       0x34 initialize.o
 .debug_frame   0x0000040c       0x6c interrupts.o
 .debug_frame   0x00000478       0x38 ionpump.o
 .debug_frame   0x000004b0       0x24 led.o
 .debug_frame   0x000004d4       0x24 main.o
 .debug_frame   0x000004f8       0x50 mcp23008.o
 .debug_frame   0x00000548       0x48 mcp9808.o
 .debug_frame   0x00000590       0xc4 mma8451.o
 .debug_frame   0x00000654       0x74 nmea.o
 .debug_frame   0x000006c8       0xa4 oled.o
 .debug_frame   0x0000076c      0x110 pneu.o
 .debug_frame   0x0000087c       0x24 ports.o
 .debug_frame   0x000008a0       0x88 report.o
 .debug_frame   0x00000928       0xf0 roboclaw.o
 .debug_frame   0x00000a18       0x7c rtc.o
 .debug_frame   0x00000a94       0x30 set.o
 .debug_frame   0x00000ac4       0x24 specID.o
 .debug_frame   0x00000ae8       0x24 temperature.o
 .debug_frame   0x00000b0c       0x24 testroutine.o
 .debug_frame   0x00000b30       0x58 timers.o
 .debug_frame   0x00000b88       0x74 twi.o
 .debug_frame   0x00000bfc      0x194 usart.o
 .debug_frame   0x00000d90       0x24 wdt.o
 .debug_frame   0x00000db4       0x24 xport.o

.debug_str      0x00000000     0x21df
 *(.debug_str)
 .debug_str     0x00000000      0xf85 C:/Program Files (x86)/Atmel/Studio/7.0/Packs/atmel/ATmega_DFP/1.6.364/gcc/dev/atmega4809/avrxmega3/crtatmega4809.o
 .debug_str     0x00000f85      0x1f4 ad590.o
                                0x239 (size before relaxing)
 .debug_str     0x00001179       0x8b ads1115.o
                                0x293 (size before relaxing)
 .debug_str     0x00001204       0xca beeper.o
                                0x260 (size before relaxing)
 .debug_str     0x000012ce      0x172 commands.o
                                0x400 (size before relaxing)
 .debug_str     0x00001440       0x90 ds3231.o
                                0x264 (size before relaxing)
 .debug_str     0x000014d0       0x89 eeprom.o
                                0x21f (size before relaxing)
 .debug_str     0x00001559       0x38 fram.o
                                0x20b (size before relaxing)
 .debug_str     0x00001591       0x34 humidity.o
                                0x1f0 (size before relaxing)
 .debug_str     0x000015c5      0x124 initialize.o
                                0x3a3 (size before relaxing)
 .debug_str     0x000016e9       0x1e interrupts.o
                                0x26b (size before relaxing)
 .debug_str     0x00001707       0x2a ionpump.o
                                0x1d7 (size before relaxing)
 .debug_str     0x00001731        0xb led.o
                                0x25a (size before relaxing)
 .debug_str     0x0000173c       0x11 main.o
                                0x211 (size before relaxing)
 .debug_str     0x0000174d       0x1e mcp23008.o
                                0x1f0 (size before relaxing)
 .debug_str     0x0000176b       0x21 mcp9808.o
                                0x204 (size before relaxing)
 .debug_str     0x0000178c       0x41 mma8451.o
                                0x22f (size before relaxing)
 .debug_str     0x000017cd       0x59 nmea.o
                                0x2c7 (size before relaxing)
 .debug_str     0x00001826       0x5b oled.o
                                0x347 (size before relaxing)
 .debug_str     0x00001881       0xad pneu.o
                                0x3eb (size before relaxing)
 .debug_str     0x0000192e        0xd ports.o
                                0x2ec (size before relaxing)
 .debug_str     0x0000193b       0xf7 report.o
                                0x478 (size before relaxing)
 .debug_str     0x00001a32       0x62 roboclaw.o
                                0x2b6 (size before relaxing)
 .debug_str     0x00001a94      0x333 rtc.o
                                0x5d6 (size before relaxing)
 .debug_str     0x00001dc7        0xb set.o
                                0x1de (size before relaxing)
 .debug_str     0x00001dd2        0xe specID.o
                                0x260 (size before relaxing)
 .debug_str     0x00001de0       0x13 temperature.o
                                0x1e1 (size before relaxing)
 .debug_str     0x00001df3       0x19 testroutine.o
                                0x1bd (size before relaxing)
 .debug_str     0x00001e0c       0x61 timers.o
                                0x258 (size before relaxing)
 .debug_str     0x00001e6d      0x16d twi.o
                                0x36c (size before relaxing)
 .debug_str     0x00001fda       0xdc usart.o
                                0x3bc (size before relaxing)
 .debug_str     0x000020b6      0x11c wdt.o
                                0x300 (size before relaxing)
 .debug_str     0x000021d2        0xd xport.o
                                0x2a9 (size before relaxing)

.debug_loc      0x00000000     0x3c36
 *(.debug_loc)
 .debug_loc     0x00000000      0x133 ad590.o
 .debug_loc     0x00000133      0x338 ads1115.o
 .debug_loc     0x0000046b      0x4f3 commands.o
 .debug_loc     0x0000095e      0x5da ds3231.o
 .debug_loc     0x00000f38       0xda eeprom.o
 .debug_loc     0x00001012      0x325 fram.o
 .debug_loc     0x00001337      0x1b7 humidity.o
 .debug_loc     0x000014ee       0x47 initialize.o
 .debug_loc     0x00001535       0xcb interrupts.o
 .debug_loc     0x00001600       0xe8 ionpump.o
 .debug_loc     0x000016e8      0x1af mcp23008.o
 .debug_loc     0x00001897      0x123 mcp9808.o
 .debug_loc     0x000019ba      0x463 mma8451.o
 .debug_loc     0x00001e1d      0x1cc nmea.o
 .debug_loc     0x00001fe9      0x339 oled.o
 .debug_loc     0x00002322      0x6e6 pneu.o
 .debug_loc     0x00002a08      0x3f5 report.o
 .debug_loc     0x00002dfd      0x55a roboclaw.o
 .debug_loc     0x00003357      0x135 rtc.o
 .debug_loc     0x0000348c       0xac set.o
 .debug_loc     0x00003538       0x8f temperature.o
 .debug_loc     0x000035c7       0x71 timers.o
 .debug_loc     0x00003638       0x5a twi.o
 .debug_loc     0x00003692      0x55e usart.o
 .debug_loc     0x00003bf0       0x46 xport.o

.debug_macinfo
 *(.debug_macinfo)

.debug_weaknames
 *(.debug_weaknames)

.debug_funcnames
 *(.debug_funcnames)

.debug_typenames
 *(.debug_typenames)

.debug_varnames
 *(.debug_varnames)

.debug_pubtypes
 *(.debug_pubtypes)

.debug_ranges   0x00000000      0x370
 *(.debug_ranges)
 .debug_ranges  0x00000000       0x10 ad590.o
 .debug_ranges  0x00000010       0x10 ads1115.o
 .debug_ranges  0x00000020       0x10 beeper.o
 .debug_ranges  0x00000030       0x30 commands.o
 .debug_ranges  0x00000060       0x38 ds3231.o
 .debug_ranges  0x00000098       0x30 eeprom.o
 .debug_ranges  0x000000c8       0x18 fram.o
 .debug_ranges  0x000000e0       0x10 humidity.o
 .debug_ranges  0x000000f0       0x10 initialize.o
 .debug_ranges  0x00000100       0x10 interrupts.o
 .debug_ranges  0x00000110       0x10 ionpump.o
 .debug_ranges  0x00000120       0x10 led.o
 .debug_ranges  0x00000130       0x10 main.o
 .debug_ranges  0x00000140       0x18 mcp23008.o
 .debug_ranges  0x00000158       0x10 mcp9808.o
 .debug_ranges  0x00000168       0x28 mma8451.o
 .debug_ranges  0x00000190       0x18 nmea.o
 .debug_ranges  0x000001a8       0x28 oled.o
 .debug_ranges  0x000001d0       0x38 pneu.o
 .debug_ranges  0x00000208       0x10 ports.o
 .debug_ranges  0x00000218       0x10 report.o
 .debug_ranges  0x00000228       0x30 roboclaw.o
 .debug_ranges  0x00000258       0x18 rtc.o
 .debug_ranges  0x00000270       0x10 set.o
 .debug_ranges  0x00000280       0x10 specID.o
 .debug_ranges  0x00000290       0x10 temperature.o
 .debug_ranges  0x000002a0       0x10 testroutine.o
 .debug_ranges  0x000002b0       0x20 timers.o
 .debug_ranges  0x000002d0       0x38 twi.o
 .debug_ranges  0x00000308       0x48 usart.o
 .debug_ranges  0x00000350       0x10 wdt.o
 .debug_ranges  0x00000360       0x10 xport.o

.debug_macro
 *(.debug_macro)
OUTPUT(specMech.elf elf32-avr)
LOAD linker stubs
