Archive member included to satisfy reference by file (symbol)

c:/program files (x86)/atmel/studio/7.0/toolchain/avr8/avr8-gnu-toolchain/bin/../lib/gcc/avr/5.4.0/../../../../avr/lib/avrxmega3\libm.a(addsf3.o)
                              ad590.o (__subsf3)
c:/program files (x86)/atmel/studio/7.0/toolchain/avr8/avr8-gnu-toolchain/bin/../lib/gcc/avr/5.4.0/../../../../avr/lib/avrxmega3\libm.a(addsf3x.o)
                              c:/program files (x86)/atmel/studio/7.0/toolchain/avr8/avr8-gnu-toolchain/bin/../lib/gcc/avr/5.4.0/../../../../avr/lib/avrxmega3\libm.a(addsf3.o) (__addsf3x)
c:/program files (x86)/atmel/studio/7.0/toolchain/avr8/avr8-gnu-toolchain/bin/../lib/gcc/avr/5.4.0/../../../../avr/lib/avrxmega3\libm.a(cmpsf2.o)
                              ionpump.o (__ltsf2)
c:/program files (x86)/atmel/studio/7.0/toolchain/avr8/avr8-gnu-toolchain/bin/../lib/gcc/avr/5.4.0/../../../../avr/lib/avrxmega3\libm.a(divsf3.o)
                              humidity.o (__divsf3)
c:/program files (x86)/atmel/studio/7.0/toolchain/avr8/avr8-gnu-toolchain/bin/../lib/gcc/avr/5.4.0/../../../../avr/lib/avrxmega3\libm.a(divsf3x.o)
                              c:/program files (x86)/atmel/studio/7.0/toolchain/avr8/avr8-gnu-toolchain/bin/../lib/gcc/avr/5.4.0/../../../../avr/lib/avrxmega3\libm.a(divsf3.o) (__divsf3x)
c:/program files (x86)/atmel/studio/7.0/toolchain/avr8/avr8-gnu-toolchain/bin/../lib/gcc/avr/5.4.0/../../../../avr/lib/avrxmega3\libm.a(floatsisf.o)
                              mcp9808.o (__floatunsisf)
c:/program files (x86)/atmel/studio/7.0/toolchain/avr8/avr8-gnu-toolchain/bin/../lib/gcc/avr/5.4.0/../../../../avr/lib/avrxmega3\libm.a(fp_cmp.o)
                              c:/program files (x86)/atmel/studio/7.0/toolchain/avr8/avr8-gnu-toolchain/bin/../lib/gcc/avr/5.4.0/../../../../avr/lib/avrxmega3\libm.a(cmpsf2.o) (__fp_cmp)
c:/program files (x86)/atmel/studio/7.0/toolchain/avr8/avr8-gnu-toolchain/bin/../lib/gcc/avr/5.4.0/../../../../avr/lib/avrxmega3\libm.a(fp_inf.o)
                              c:/program files (x86)/atmel/studio/7.0/toolchain/avr8/avr8-gnu-toolchain/bin/../lib/gcc/avr/5.4.0/../../../../avr/lib/avrxmega3\libm.a(addsf3x.o) (__fp_inf)
c:/program files (x86)/atmel/studio/7.0/toolchain/avr8/avr8-gnu-toolchain/bin/../lib/gcc/avr/5.4.0/../../../../avr/lib/avrxmega3\libm.a(fp_nan.o)
                              c:/program files (x86)/atmel/studio/7.0/toolchain/avr8/avr8-gnu-toolchain/bin/../lib/gcc/avr/5.4.0/../../../../avr/lib/avrxmega3\libm.a(addsf3x.o) (__fp_nan)
c:/program files (x86)/atmel/studio/7.0/toolchain/avr8/avr8-gnu-toolchain/bin/../lib/gcc/avr/5.4.0/../../../../avr/lib/avrxmega3\libm.a(fp_pscA.o)
                              c:/program files (x86)/atmel/studio/7.0/toolchain/avr8/avr8-gnu-toolchain/bin/../lib/gcc/avr/5.4.0/../../../../avr/lib/avrxmega3\libm.a(addsf3x.o) (__fp_pscA)
c:/program files (x86)/atmel/studio/7.0/toolchain/avr8/avr8-gnu-toolchain/bin/../lib/gcc/avr/5.4.0/../../../../avr/lib/avrxmega3\libm.a(fp_pscB.o)
                              c:/program files (x86)/atmel/studio/7.0/toolchain/avr8/avr8-gnu-toolchain/bin/../lib/gcc/avr/5.4.0/../../../../avr/lib/avrxmega3\libm.a(addsf3x.o) (__fp_pscB)
c:/program files (x86)/atmel/studio/7.0/toolchain/avr8/avr8-gnu-toolchain/bin/../lib/gcc/avr/5.4.0/../../../../avr/lib/avrxmega3\libm.a(fp_round.o)
                              c:/program files (x86)/atmel/studio/7.0/toolchain/avr8/avr8-gnu-toolchain/bin/../lib/gcc/avr/5.4.0/../../../../avr/lib/avrxmega3\libm.a(addsf3.o) (__fp_round)
c:/program files (x86)/atmel/studio/7.0/toolchain/avr8/avr8-gnu-toolchain/bin/../lib/gcc/avr/5.4.0/../../../../avr/lib/avrxmega3\libm.a(fp_split3.o)
                              c:/program files (x86)/atmel/studio/7.0/toolchain/avr8/avr8-gnu-toolchain/bin/../lib/gcc/avr/5.4.0/../../../../avr/lib/avrxmega3\libm.a(addsf3x.o) (__fp_split3)
c:/program files (x86)/atmel/studio/7.0/toolchain/avr8/avr8-gnu-toolchain/bin/../lib/gcc/avr/5.4.0/../../../../avr/lib/avrxmega3\libm.a(fp_zero.o)
                              c:/program files (x86)/atmel/studio/7.0/toolchain/avr8/avr8-gnu-toolchain/bin/../lib/gcc/avr/5.4.0/../../../../avr/lib/avrxmega3\libm.a(addsf3x.o) (__fp_zero)
c:/program files (x86)/atmel/studio/7.0/toolchain/avr8/avr8-gnu-toolchain/bin/../lib/gcc/avr/5.4.0/../../../../avr/lib/avrxmega3\libm.a(gesf2.o)
                              ionpump.o (__gtsf2)
c:/program files (x86)/atmel/studio/7.0/toolchain/avr8/avr8-gnu-toolchain/bin/../lib/gcc/avr/5.4.0/../../../../avr/lib/avrxmega3\libm.a(mulsf3.o)
                              ad590.o (__mulsf3)
c:/program files (x86)/atmel/studio/7.0/toolchain/avr8/avr8-gnu-toolchain/bin/../lib/gcc/avr/5.4.0/../../../../avr/lib/avrxmega3\libm.a(mulsf3x.o)
                              c:/program files (x86)/atmel/studio/7.0/toolchain/avr8/avr8-gnu-toolchain/bin/../lib/gcc/avr/5.4.0/../../../../avr/lib/avrxmega3\libm.a(mulsf3.o) (__mulsf3x)
[...]
Memory Configuration

Name             Origin             Length             Attributes
text             0x00000000         0x0000c000         xr
data             0x00802800         0x00001800         rw !x
eeprom           0x00810000         0x00000100         rw !x
fuse             0x00820000         0x0000000a         rw !x
lock             0x00830000         0x00000400         rw !x
signature        0x00840000         0x00000400         rw !x
user_signatures  0x00850000         0x00000400         rw !x
*default*        0x00000000         0xffffffff

Linker script and memory map

Address of section .data set to 0x802800
                0x00004000                __RODATA_PM_OFFSET__ = 0x4000
LOAD C:/Program Files (x86)/Atmel/Studio/7.0/Packs/atmel/ATmega_DFP/1.6.364/gcc/dev/atmega4809/avrxmega3/crtatmega4809.o
LOAD ad590.o
LOAD ads1115.o
LOAD beeper.o
LOAD commands.o
LOAD ds3231.o
LOAD eeprom.o
LOAD errors.o
LOAD fram.o
LOAD humidity.o
LOAD initialize.o
LOAD ionpump.o
LOAD led.o
LOAD main.o
LOAD mcp23008.o
LOAD mcp9808.o
LOAD mma8451.o
LOAD nmea.o
LOAD oled.o
LOAD pneu.o
LOAD ports.o
LOAD pushbutton.o
LOAD report.o
LOAD roboclaw.o
LOAD rtc.o
LOAD set.o
LOAD specID.o
LOAD temperature.o
LOAD testroutine.o
LOAD timers.o
LOAD twi.o
LOAD usart.o
LOAD wdt.o
LOAD xport.o
START GROUP
LOAD c:/program files (x86)/atmel/studio/7.0/toolchain/avr8/avr8-gnu-toolchain/bin/../lib/gcc/avr/5.4.0/../../../../avr/lib/avrxmega3\libm.a
END GROUP
LOAD c:/program files (x86)/atmel/studio/7.0/toolchain/avr8/avr8-gnu-toolchain/bin/../lib/gcc/avr/5.4.0/../../../../avr/lib/avrxmega3\libprintf_flt.a
START GROUP
LOAD c:/program files (x86)/atmel/studio/7.0/toolchain/avr8/avr8-gnu-toolchain/bin/../lib/gcc/avr/5.4.0/avrxmega3\libgcc.a
LOAD c:/program files (x86)/atmel/studio/7.0/toolchain/avr8/avr8-gnu-toolchain/bin/../lib/gcc/avr/5.4.0/../../../../avr/lib/avrxmega3\libm.a
LOAD c:/program files (x86)/atmel/studio/7.0/toolchain/avr8/avr8-gnu-toolchain/bin/../lib/gcc/avr/5.4.0/../../../../avr/lib/avrxmega3\libc.a
LOAD C:/Program Files (x86)/Atmel/Studio/7.0/Packs/atmel/ATmega_DFP/1.6.364/gcc/dev/atmega4809/avrxmega3\libatmega4809.a
END GROUP
                [0x00000000]                __TEXT_REGION_ORIGIN__ = DEFINED (__TEXT_REGION_ORIGIN__)?__TEXT_REGION_ORIGIN__:0x0
                [0x00802800]                __DATA_REGION_ORIGIN__ = DEFINED (__DATA_REGION_ORIGIN__)?__DATA_REGION_ORIGIN__:0x802000
                [0x0000c000]                __TEXT_REGION_LENGTH__ = DEFINED (__TEXT_REGION_LENGTH__)?__TEXT_REGION_LENGTH__:0x100000
                [0x00001800]                __DATA_REGION_LENGTH__ = DEFINED (__DATA_REGION_LENGTH__)?__DATA_REGION_LENGTH__:0xffa0
                [0x00000100]                __EEPROM_REGION_LENGTH__ = DEFINED (__EEPROM_REGION_LENGTH__)?__EEPROM_REGION_LENGTH__:0x10000
                [0x0000000a]                __FUSE_REGION_LENGTH__ = DEFINED (__FUSE_REGION_LENGTH__)?__FUSE_REGION_LENGTH__:0x400
                0x00000400                __LOCK_REGION_LENGTH__ = DEFINED (__LOCK_REGION_LENGTH__)?__LOCK_REGION_LENGTH__:0x400
                0x00000400                __SIGNATURE_REGION_LENGTH__ = DEFINED (__SIGNATURE_REGION_LENGTH__)?__SIGNATURE_REGION_LENGTH__:0x400
                0x00000400                __USER_SIGNATURE_REGION_LENGTH__ = DEFINED (__USER_SIGNATURE_REGION_LENGTH__)?__USER_SIGNATURE_REGION_LENGTH__:0x400
                0x00008000                __RODATA_PM_OFFSET__ = DEFINED (__RODATA_PM_OFFSET__)?__RODATA_PM_OFFSET__:0x8000

.hash
 *(.hash)

.dynsym
 *(.dynsym)

.dynstr
 *(.dynstr)

.gnu.version
 *(.gnu.version)

.gnu.version_d
 *(.gnu.version_d)

.gnu.version_r
 *(.gnu.version_r)

.rel.init
 *(.rel.init)

.rela.init
 *(.rela.init)

.rel.text
 *(.rel.text)
 *(.rel.text.*)
 *(.rel.gnu.linkonce.t*)

.rela.text
 *(.rela.text)
 *(.rela.text.*)
 *(.rela.gnu.linkonce.t*)

.rel.fini
 *(.rel.fini)

.rela.fini
 *(.rela.fini)

.rel.rodata
 *(.rel.rodata)
 *(.rel.rodata.*)
 *(.rel.gnu.linkonce.r*)

.rela.rodata
 *(.rela.rodata)
 *(.rela.rodata.*)
 *(.rela.gnu.linkonce.r*)

.rel.data
 *(.rel.data)
 *(.rel.data.*)
 *(.rel.gnu.linkonce.d*)

.rela.data
 *(.rela.data)
 *(.rela.data.*)
 *(.rela.gnu.linkonce.d*)

.rel.ctors
 *(.rel.ctors)

.rela.ctors
 *(.rela.ctors)

.rel.dtors
 *(.rel.dtors)

.rela.dtors
 *(.rela.dtors)

.rel.got
 *(.rel.got)

.rela.got
 *(.rela.got)

.rel.bss
 *(.rel.bss)

.rela.bss
 *(.rela.bss)

.rel.plt
 *(.rel.plt)

.rela.plt
 *(.rela.plt)

.text           0x00000000     0x4a9a
 *(.vectors)
 .vectors       0x00000000       0xa0 C:/Program Files (x86)/Atmel/Studio/7.0/Packs/atmel/ATmega_DFP/1.6.364/gcc/dev/atmega4809/avrxmega3/crtatmega4809.o
                0x00000000                __vector_default
                0x00000000                __vectors
 *(.vectors)
 *(.progmem.gcc*)
 .progmem.gcc_sw_table.commands
                0x000000a0       0x46 commands.o
 .progmem.gcc_sw_table.report
                0x000000e6       0x6c report.o
                0x00000152                . = ALIGN (0x2)
                0x00000152                __trampolines_start = .
 *(.trampolines)
 .trampolines   0x00000152        0x0 linker stubs
 *(.trampolines*)
                0x00000152                __trampolines_end = .
 *libprintf_flt.a:*(.progmem.data)
 .progmem.data  0x00000152        0x8 c:/program files (x86)/atmel/studio/7.0/toolchain/avr8/avr8-gnu-toolchain/bin/../lib/gcc/avr/5.4.0/../../../../avr/lib/avrxmega3\libprintf_flt.a(vfprintf_flt.o)
 *libc.a:*(.progmem.data)
 .progmem.data  0x0000015a       0xfa c:/program files (x86)/atmel/studio/7.0/toolchain/avr8/avr8-gnu-toolchain/bin/../lib/gcc/avr/5.4.0/../../../../avr/lib/avrxmega3\libc.a(ftoa_engine.o)
 *(.progmem*)
                0x00000254                . = ALIGN (0x2)
 *(.jumptables)
 *(.jumptables*)
 *(.lowtext)
 *(.lowtext*)
                0x00000254                __ctors_start = .
 *(.ctors)
                0x00000254                __ctors_end = .
                0x00000254                __dtors_start = .
 *(.dtors)
                0x00000254                __dtors_end = .
 SORT(*)(.ctors)
 SORT(*)(.dtors)
 *(.init0)
 .init0         0x00000254        0x0 C:/Program Files (x86)/Atmel/Studio/7.0/Packs/atmel/ATmega_DFP/1.6.364/gcc/dev/atmega4809/avrxmega3/crtatmega4809.o
                0x00000254                __init
 *(.init0)
 *(.init1)
 *(.init1)
 *(.init2)
 .init2         0x00000254        0xc C:/Program Files (x86)/Atmel/Studio/7.0/Packs/atmel/ATmega_DFP/1.6.364/gcc/dev/atmega4809/avrxmega3/crtatmega4809.o
 *(.init2)
 *(.init3)
 *(.init3)
 *(.init4)
 .init4         0x00000260       0x16 c:/program files (x86)/atmel/studio/7.0/toolchain/avr8/avr8-gnu-toolchain/bin/../lib/gcc/avr/5.4.0/avrxmega3\libgcc.a(_copy_data.o)
                0x00000260                __do_copy_data
 .init4         0x00000276       0x10 c:/program files (x86)/atmel/studio/7.0/toolchain/avr8/avr8-gnu-toolchain/bin/../lib/gcc/avr/5.4.0/avrxmega3\libgcc.a(_clear_bss.o)
                0x00000276                __do_clear_bss
 *(.init4)
 *(.init5)
 *(.init5)
 *(.init6)
 *(.init6)
 *(.init7)
 *(.init7)
 *(.init8)
 *(.init8)
 *(.init9)
 .init9         0x00000286        0x8 C:/Program Files (x86)/Atmel/Studio/7.0/Packs/atmel/ATmega_DFP/1.6.364/gcc/dev/atmega4809/avrxmega3/crtatmega4809.o
 *(.init9)
 *(.text)
 .text          0x0000028e        0x4 C:/Program Files (x86)/Atmel/Studio/7.0/Packs/atmel/ATmega_DFP/1.6.364/gcc/dev/atmega4809/avrxmega3/crtatmega4809.o
                0x0000028e                __vector_22
                0x0000028e                __vector_28
                0x0000028e                __vector_1
                0x0000028e                __vector_32
                0x0000028e                __vector_34
                0x0000028e                __vector_24
                0x0000028e                __bad_interrupt
                0x0000028e                __vector_6
                0x0000028e                __vector_31
                0x0000028e                __vector_35
                0x0000028e                __vector_39
                0x0000028e                __vector_23
                0x0000028e                __vector_30
                0x0000028e                __vector_25
                0x0000028e                __vector_11
                0x0000028e                __vector_13
                0x0000028e                __vector_19
                0x0000028e                __vector_7
                0x0000028e                __vector_5
                0x0000028e                __vector_33
                0x0000028e                __vector_4
                0x0000028e                __vector_9
                0x0000028e                __vector_2
                0x0000028e                __vector_21
                0x0000028e                __vector_15
                0x0000028e                __vector_36
                0x0000028e                __vector_8
                0x0000028e                __vector_14
                0x0000028e                __vector_10
                0x0000028e                __vector_16
                0x00000292                . = ALIGN (0x2)
 *(.text.*)
 .text.read_AD590
                0x00000292      0x102 ad590.o
                0x00000292                read_AD590
 .text.read_ADS1115
                0x00000394      0x1d4 ads1115.o
                0x00000394                read_ADS1115
 .text.init_BEEPER
                0x00000568        0xe beeper.o
                0x00000568                init_BEEPER
 .text.get_cmdline
                0x00000576       0x58 commands.o
                0x00000576                get_cmdline
 .text.isaletter
                0x000005ce       0x1a commands.o
                0x000005ce                isaletter
 .text.parse_cmd
                0x000005e8      0x128 commands.o
                0x000005e8                parse_cmd
 .text.printLine
                0x00000710       0x96 commands.o
                0x00000710                printLine
 .text.echo_cmd
                0x000007a6       0x80 commands.o
                0x000007a6                echo_cmd
 .text.send_EXprompt
                0x00000826       0x2a commands.o
                0x00000826                send_EXprompt
 .text.rebootACKd
                0x00000850       0x54 commands.o
                0x00000850                rebootACKd
 .text.send_GTprompt
                0x000008a4       0x2a commands.o
                0x000008a4                send_GTprompt
 .text.commands
                0x000008ce      0x110 commands.o
                0x000008ce                commands
 .text.convert_ds2iso
                0x000009de       0x6e ds3231.o
                0x000009de                convert_ds2iso
 .text.convert_iso2ds
                0x00000a4c       0xc0 ds3231.o
                0x00000a4c                convert_iso2ds
 .text.read_DS3231
                0x00000b0c       0x78 ds3231.o
                0x00000b0c                read_DS3231
 .text.get_time
                0x00000b84       0x68 ds3231.o
                0x00000b84                get_time
 .text.write_DS3231
                0x00000bec       0x70 ds3231.o
                0x00000bec                write_DS3231
 .text.put_time
                0x00000c5c       0x4c ds3231.o
                0x00000c5c                put_time
 .text.get_BOOTTIME
                0x00000ca8        0xe eeprom.o
                0x00000ca8                get_BOOTTIME
 .text.get_VERSION
                0x00000cb6        0xe eeprom.o
                0x00000cb6                get_VERSION
 .text.update_BOOTTIME
                0x00000cc4       0x32 eeprom.o
                0x00000cc4                update_BOOTTIME
 .text.update_VERSION
                0x00000cf6       0x3c eeprom.o
                0x00000cf6                update_VERSION
 .text.init_EEPROM
                0x00000d32        0xa eeprom.o
                0x00000d32                init_EEPROM
 .text.printError
                0x00000d3c       0x6c errors.o
                0x00000d3c                printError
 .text.read_FRAM
                0x00000da8       0x9c fram.o
                0x00000da8                read_FRAM
 .text.get_SETTIME
                0x00000e44       0x60 fram.o
                0x00000e44                get_SETTIME
 .text.write_FRAM
                0x00000ea4       0x64 fram.o
                0x00000ea4                write_FRAM
 .text.get_humidity
                0x00000f08      0x102 humidity.o
                0x00000f08                get_humidity
 .text.initialize0
                0x0000100a       0x26 initialize.o
                0x0000100a                initialize0
 .text.initialize1
                0x00001030       0x60 initialize.o
                0x00001030                initialize1
 .text.read_ionpump
                0x00001090       0xd6 ionpump.o
                0x00001090                read_ionpump
 .text.init_LED
                0x00001166        0xc led.o
                0x00001166                init_LED
 .text.main     0x00001172       0x84 main.o
                0x00001172                main
 .text.read_MCP23008
                0x000011f6       0x46 mcp23008.o
                0x000011f6                read_MCP23008
 .text.write_MCP23008
                0x0000123c       0x5c mcp23008.o
                0x0000123c                write_MCP23008
 .text.read_MCP9808
                0x00001298       0xce mcp9808.o
                0x00001298                read_MCP9808
 .text.read_MMA8451
                0x00001366       0x7c mma8451.o
                0x00001366                read_MMA8451
 .text.get_orientation
                0x000013e2      0x136 mma8451.o
                0x000013e2                get_orientation
 .text.write_MMA8451
                0x00001518       0x54 mma8451.o
                0x00001518                write_MMA8451
 .text.init_MMA8451
                0x0000156c       0x64 mma8451.o
                0x0000156c                init_MMA8451
 .text.checksum_NMEA
                0x000015d0       0x92 nmea.o
                0x000015d0                checksum_NMEA
 .text.write_OLED
                0x00001662       0x24 oled.o
                0x00001662                write_OLED
 .text.init_OLED
                0x00001686      0x180 oled.o
                0x00001686                init_OLED
 .text.writestr_OLED
                0x00001806       0xba oled.o
                0x00001806                writestr_OLED
 .text.clear_OLED
                0x000018c0       0x3c oled.o
                0x000018c0                clear_OLED
 .text.init_PNEU
                0x000018fc       0x7a pneu.o
                0x000018fc                init_PNEU
 .text.read_PNEUSensors
                0x00001976       0xd8 pneu.o
                0x00001976                read_PNEUSensors
 .text.set_PNEUVALVES
                0x00001a4e       0x24 pneu.o
                0x00001a4e                set_PNEUVALVES
 .text.close_PNEU
                0x00001a72      0x154 pneu.o
                0x00001a72                close_PNEU
 .text.open_PNEU
                0x00001bc6      0x154 pneu.o
                0x00001bc6                open_PNEU
 .text.__vector_20
                0x00001d1a       0x5e pneu.o
                0x00001d1a                __vector_20
 .text.init_PORTS
                0x00001d78       0x70 ports.o
                0x00001d78                init_PORTS
 .text.init_PUSHBUTTON
                0x00001de8        0x8 pushbutton.o
                0x00001de8                init_PUSHBUTTON
 .text.report   0x00001df0      0xb1e report.o
                0x00001df0                report
 .text.crc16    0x0000290e       0x4a roboclaw.o
                0x0000290e                crc16
 .text.getFRAM_MOTOREncoder
                0x00002958       0xa4 roboclaw.o
                0x00002958                getFRAM_MOTOREncoder
 .text.get_MOTOREncoder
                0x000029fc      0x160 roboclaw.o
                0x000029fc                get_MOTOREncoder
 .text.get_MOTORFloat
                0x00002b5c       0xfc roboclaw.o
                0x00002b5c                get_MOTORFloat
 .text.get_MOTORInt32
                0x00002c58      0x13c roboclaw.o
                0x00002c58                get_MOTORInt32
 .text.motorsMoving
                0x00002d94       0x4a roboclaw.o
                0x00002d94                motorsMoving
 .text.move_MOTORAbsolute
                0x00002dde       0xc4 roboclaw.o
                0x00002dde                move_MOTORAbsolute
 .text.move_MOTOR
                0x00002ea2       0xee roboclaw.o
                0x00002ea2                move_MOTOR
 .text.putFRAM_MOTOREncoder
                0x00002f90       0x72 roboclaw.o
                0x00002f90                putFRAM_MOTOREncoder
 .text.saveFRAM_MOTOREncoders
                0x00003002       0x28 roboclaw.o
                0x00003002                saveFRAM_MOTOREncoders
 .text.set_MOTOREncoder
                0x0000302a       0x7e roboclaw.o
                0x0000302a                set_MOTOREncoder
 .text.init_MOTORS
                0x000030a8       0xdc roboclaw.o
                0x000030a8                init_MOTORS
 .text.init_RTC
                0x00003184       0x5c rtc.o
                0x00003184                init_RTC
 .text.__vector_3
                0x000031e0       0x44 rtc.o
                0x000031e0                __vector_3
 .text.set      0x00003224       0x7a set.o
                0x00003224                set
 .text.init_SPECID
                0x0000329e       0x10 specID.o
                0x0000329e                init_SPECID
 .text.get_temperature
                0x000032ae       0x50 temperature.o
                0x000032ae                get_temperature
 .text.testroutine
                0x000032fe        0x6 testroutine.o
                0x000032fe                testroutine
 .text.start_TCB0
                0x00003304       0x2c timers.o
                0x00003304                start_TCB0
 .text.stop_TCB0
                0x00003330        0x6 timers.o
                0x00003330                stop_TCB0
 .text.__vector_12
                0x00003336       0x34 timers.o
                0x00003336                __vector_12
 .text.init_TWI
                0x0000336a       0x16 twi.o
                0x0000336a                init_TWI
 .text.read_TWI
                0x00003380       0x20 twi.o
                0x00003380                read_TWI
 .text.readlast_TWI
                0x000033a0       0x1a twi.o
                0x000033a0                readlast_TWI
 .text.start_TWI
                0x000033ba       0x82 twi.o
                0x000033ba                start_TWI
 .text.stop_TWI
                0x0000343c        0x8 twi.o
                0x0000343c                stop_TWI
 .text.write_TWI
                0x00003444       0x4a twi.o
                0x00003444                write_TWI
 .text.init_USART
                0x0000348e       0xb4 usart.o
                0x0000348e                init_USART
 .text.send_USART
                0x00003542      0x13c usart.o
                0x00003542                send_USART
 .text.__vector_17
                0x0000367e       0x9c usart.o
                0x0000367e                __vector_17
 .text.__vector_18
                0x0000371a       0x78 usart.o
                0x0000371a                __vector_18
 .text.__vector_26
                0x00003792       0x56 usart.o
                0x00003792                __vector_26
 .text.__vector_27
                0x000037e8       0x78 usart.o
                0x000037e8                __vector_27
 .text.__vector_37
                0x00003860       0x6a usart.o
                0x00003860                __vector_37
 .text.__vector_38
                0x000038ca       0x5c usart.o
                0x000038ca                __vector_38
 .text.reboot   0x00003926        0xc wdt.o
                0x00003926                reboot
 .text.__vector_29
                0x00003932       0x56 wdt.o
                0x00003932                __vector_29
 .text.init_XPORT
                0x00003988       0x18 xport.o
                0x00003988                init_XPORT
 .text.avr-libc.fplib
                0x000039a0        0xe c:/program files (x86)/atmel/studio/7.0/toolchain/avr8/avr8-gnu-toolchain/bin/../lib/gcc/avr/5.4.0/../../../../avr/lib/avrxmega3\libm.a(addsf3.o)
                0x000039a0                __subsf3
                0x000039a2                __addsf3
 .text.avr-libc.fplib
                0x000039ae       0xcc c:/program files (x86)/atmel/studio/7.0/toolchain/avr8/avr8-gnu-toolchain/bin/../lib/gcc/avr/5.4.0/../../../../avr/lib/avrxmega3\libm.a(addsf3x.o)
                0x000039d0                __addsf3x
 .text.avr-libc.fplib
                0x00003a7a        0xa c:/program files (x86)/atmel/studio/7.0/toolchain/avr8/avr8-gnu-toolchain/bin/../lib/gcc/avr/5.4.0/../../../../avr/lib/avrxmega3\libm.a(cmpsf2.o)
                0x00003a7a                __nesf2
                0x00003a7a                __eqsf2
                0x00003a7a                __cmpsf2
                0x00003a7a                __ltsf2
                0x00003a7a                __lesf2
 .text.avr-libc.fplib
                0x00003a84        0x8 c:/program files (x86)/atmel/studio/7.0/toolchain/avr8/avr8-gnu-toolchain/bin/../lib/gcc/avr/5.4.0/../../../../avr/lib/avrxmega3\libm.a(divsf3.o)
                0x00003a84                __divsf3
 .text.avr-libc.fplib
                0x00003a8c       0xdc c:/program files (x86)/atmel/studio/7.0/toolchain/avr8/avr8-gnu-toolchain/bin/../lib/gcc/avr/5.4.0/../../../../avr/lib/avrxmega3\libm.a(divsf3x.o)
                0x00003aac                __divsf3x
                0x00003ab2                __divsf3_pse
 .text.avr-libc.fplib
                0x00003b68       0x7a c:/program files (x86)/atmel/studio/7.0/toolchain/avr8/avr8-gnu-toolchain/bin/../lib/gcc/avr/5.4.0/../../../../avr/lib/avrxmega3\libm.a(floatsisf.o)
                0x00003b68                __floatunsisf
                0x00003b6c                __floatsisf
 .text.avr-libc.fplib
                0x00003be2       0x48 c:/program files (x86)/atmel/studio/7.0/toolchain/avr8/avr8-gnu-toolchain/bin/../lib/gcc/avr/5.4.0/../../../../avr/lib/avrxmega3\libm.a(fp_cmp.o)
                0x00003be2                __fp_cmp
 .text.avr-libc.fplib
                0x00003c2a        0xc c:/program files (x86)/atmel/studio/7.0/toolchain/avr8/avr8-gnu-toolchain/bin/../lib/gcc/avr/5.4.0/../../../../avr/lib/avrxmega3\libm.a(fp_inf.o)
                0x00003c2a                __fp_inf
 .text.avr-libc.fplib
                0x00003c36        0x6 c:/program files (x86)/atmel/studio/7.0/toolchain/avr8/avr8-gnu-toolchain/bin/../lib/gcc/avr/5.4.0/../../../../avr/lib/avrxmega3\libm.a(fp_nan.o)
                0x00003c36                __fp_nan
 .text.avr-libc.fplib
                0x00003c3c        0xe c:/program files (x86)/atmel/studio/7.0/toolchain/avr8/avr8-gnu-toolchain/bin/../lib/gcc/avr/5.4.0/../../../../avr/lib/avrxmega3\libm.a(fp_pscA.o)
                0x00003c3c                __fp_pscA
 .text.avr-libc.fplib
                0x00003c4a        0xe c:/program files (x86)/atmel/studio/7.0/toolchain/avr8/avr8-gnu-toolchain/bin/../lib/gcc/avr/5.4.0/../../../../avr/lib/avrxmega3\libm.a(fp_pscB.o)
                0x00003c4a                __fp_pscB
 .text.avr-libc.fplib
                0x00003c58       0x22 c:/program files (x86)/atmel/studio/7.0/toolchain/avr8/avr8-gnu-toolchain/bin/../lib/gcc/avr/5.4.0/../../../../avr/lib/avrxmega3\libm.a(fp_round.o)
                0x00003c58                __fp_round
 .text.avr-libc.fplib
                0x00003c7a       0x44 c:/program files (x86)/atmel/studio/7.0/toolchain/avr8/avr8-gnu-toolchain/bin/../lib/gcc/avr/5.4.0/../../../../avr/lib/avrxmega3\libm.a(fp_split3.o)
                0x00003c7a                __fp_split3
                0x00003c8a                __fp_splitA
 .text.avr-libc.fplib
                0x00003cbe        0xe c:/program files (x86)/atmel/studio/7.0/toolchain/avr8/avr8-gnu-toolchain/bin/../lib/gcc/avr/5.4.0/../../../../avr/lib/avrxmega3\libm.a(fp_zero.o)
                0x00003cbe                __fp_zero
                0x00003cc0                __fp_szero
 .text.avr-libc.fplib
                0x00003ccc        0xa c:/program files (x86)/atmel/studio/7.0/toolchain/avr8/avr8-gnu-toolchain/bin/../lib/gcc/avr/5.4.0/../../../../avr/lib/avrxmega3\libm.a(gesf2.o)
                0x00003ccc                __gesf2
                0x00003ccc                __gtsf2
 .text.avr-libc.fplib
                0x00003cd6        0x8 c:/program files (x86)/atmel/studio/7.0/toolchain/avr8/avr8-gnu-toolchain/bin/../lib/gcc/avr/5.4.0/../../../../avr/lib/avrxmega3\libm.a(mulsf3.o)
                0x00003cd6                __mulsf3
 .text.avr-libc.fplib
                0x00003cde       0xd2 c:/program files (x86)/atmel/studio/7.0/toolchain/avr8/avr8-gnu-toolchain/bin/../lib/gcc/avr/5.4.0/../../../../avr/lib/avrxmega3\libm.a(mulsf3x.o)
                0x00003cfc                __mulsf3x
                0x00003d02                __mulsf3_pse
 .text.avr-libc
                0x00003db0      0x6fa c:/program files (x86)/atmel/studio/7.0/toolchain/avr8/avr8-gnu-toolchain/bin/../lib/gcc/avr/5.4.0/../../../../avr/lib/avrxmega3\libprintf_flt.a(vfprintf_flt.o)
                0x00003db0                vfprintf
 .text.libgcc.div
                0x000044aa       0x28 c:/program files (x86)/atmel/studio/7.0/toolchain/avr8/avr8-gnu-toolchain/bin/../lib/gcc/avr/5.4.0/avrxmega3\libgcc.a(_divmodhi4.o)
                0x000044aa                _div
                0x000044aa                __divmodhi4
 .text.libgcc.div
                0x000044d2       0x2e c:/program files (x86)/atmel/studio/7.0/toolchain/avr8/avr8-gnu-toolchain/bin/../lib/gcc/avr/5.4.0/avrxmega3\libgcc.a(_divmodsi4.o)
                0x000044d2                __divmodsi4
 .text.libgcc.div
                0x00004500       0x10 c:/program files (x86)/atmel/studio/7.0/toolchain/avr8/avr8-gnu-toolchain/bin/../lib/gcc/avr/5.4.0/avrxmega3\libgcc.a(_negsi2.o)
                0x00004500                __negsi2
 .text.libgcc   0x00004510        0xc c:/program files (x86)/atmel/studio/7.0/toolchain/avr8/avr8-gnu-toolchain/bin/../lib/gcc/avr/5.4.0/avrxmega3\libgcc.a(_tablejump2.o)
                0x00004510                __tablejump2__
 .text.libgcc.mul
                0x0000451c       0x16 c:/program files (x86)/atmel/studio/7.0/toolchain/avr8/avr8-gnu-toolchain/bin/../lib/gcc/avr/5.4.0/avrxmega3\libgcc.a(_muluhisi3.o)
                0x0000451c                __muluhisi3
 .text.libgcc.prologue
                0x00004532       0x32 c:/program files (x86)/atmel/studio/7.0/toolchain/avr8/avr8-gnu-toolchain/bin/../lib/gcc/avr/5.4.0/avrxmega3\libgcc.a(_prologue.o)
                0x00004532                __prologue_saves__
 .text.libgcc.prologue
                0x00004564       0x30 c:/program files (x86)/atmel/studio/7.0/toolchain/avr8/avr8-gnu-toolchain/bin/../lib/gcc/avr/5.4.0/avrxmega3\libgcc.a(_epilogue.o)
                0x00004564                __epilogue_restores__
 .text.libgcc.div
                0x00004594       0x28 c:/program files (x86)/atmel/studio/7.0/toolchain/avr8/avr8-gnu-toolchain/bin/../lib/gcc/avr/5.4.0/avrxmega3\libgcc.a(_udivmodhi4.o)
                0x00004594                __udivmodhi4
 .text.libgcc.div
                0x000045bc       0x44 c:/program files (x86)/atmel/studio/7.0/toolchain/avr8/avr8-gnu-toolchain/bin/../lib/gcc/avr/5.4.0/avrxmega3\libgcc.a(_udivmodsi4.o)
                0x000045bc                __udivmodsi4
 .text.libgcc.mul
                0x00004600       0x1e c:/program files (x86)/atmel/studio/7.0/toolchain/avr8/avr8-gnu-toolchain/bin/../lib/gcc/avr/5.4.0/avrxmega3\libgcc.a(_umulhisi3.o)
                0x00004600                __umulhisi3
 .text.avr-libc
                0x0000461e       0x4e c:/program files (x86)/atmel/studio/7.0/toolchain/avr8/avr8-gnu-toolchain/bin/../lib/gcc/avr/5.4.0/../../../../avr/lib/avrxmega3\libc.a(atol.o)
                0x0000461e                atol
 .text.avr-libc
                0x0000466c      0x1b0 c:/program files (x86)/atmel/studio/7.0/toolchain/avr8/avr8-gnu-toolchain/bin/../lib/gcc/avr/5.4.0/../../../../avr/lib/avrxmega3\libc.a(ftoa_engine.o)
                0x0000466c                __ftoa_engine
 .text.avr-libc
                0x0000481c       0x16 c:/program files (x86)/atmel/studio/7.0/toolchain/avr8/avr8-gnu-toolchain/bin/../lib/gcc/avr/5.4.0/../../../../avr/lib/avrxmega3\libc.a(strnlen_P.o)
                0x0000481c                strnlen_P
 .text.avr-libc
                0x00004832       0x16 c:/program files (x86)/atmel/studio/7.0/toolchain/avr8/avr8-gnu-toolchain/bin/../lib/gcc/avr/5.4.0/../../../../avr/lib/avrxmega3\libc.a(strcat.o)
                0x00004832                strcat
 .text.avr-libc
                0x00004848        0xe c:/program files (x86)/atmel/studio/7.0/toolchain/avr8/avr8-gnu-toolchain/bin/../lib/gcc/avr/5.4.0/../../../../avr/lib/avrxmega3\libc.a(strcpy.o)
                0x00004848                strcpy
 .text.avr-libc
                0x00004856       0x16 c:/program files (x86)/atmel/studio/7.0/toolchain/avr8/avr8-gnu-toolchain/bin/../lib/gcc/avr/5.4.0/../../../../avr/lib/avrxmega3\libc.a(strnlen.o)
                0x00004856                strnlen
 .text.avr-libc
                0x0000486c       0x2a c:/program files (x86)/atmel/studio/7.0/toolchain/avr8/avr8-gnu-toolchain/bin/../lib/gcc/avr/5.4.0/../../../../avr/lib/avrxmega3\libc.a(mulsi10.o)
                0x0000486c                __mulsi_const_10
 .text.avr-libc
                0x00004896       0x78 c:/program files (x86)/atmel/studio/7.0/toolchain/avr8/avr8-gnu-toolchain/bin/../lib/gcc/avr/5.4.0/../../../../avr/lib/avrxmega3\libc.a(fputc.o)
                0x00004896                fputc
 .text.avr-libc
                0x0000490e       0x44 c:/program files (x86)/atmel/studio/7.0/toolchain/avr8/avr8-gnu-toolchain/bin/../lib/gcc/avr/5.4.0/../../../../avr/lib/avrxmega3\libc.a(sprintf.o)
                0x0000490e                sprintf
 .text.avr-libc
                0x00004952       0xbc c:/program files (x86)/atmel/studio/7.0/toolchain/avr8/avr8-gnu-toolchain/bin/../lib/gcc/avr/5.4.0/../../../../avr/lib/avrxmega3\libc.a(ultoa_invert.o)
                0x00004952                __ultoa_invert
 .text.avr-libc
                0x00004a0e        0x8 C:/Program Files (x86)/Atmel/Studio/7.0/Packs/atmel/ATmega_DFP/1.6.364/gcc/dev/atmega4809/avrxmega3\libatmega4809.a(eerd_block.o)
                0x00004a0e                eeprom_read_block
 .text.avr-libc
                0x00004a16       0x20 C:/Program Files (x86)/Atmel/Studio/7.0/Packs/atmel/ATmega_DFP/1.6.364/gcc/dev/atmega4809/avrxmega3\libatmega4809.a(eeupd_block.o)
                0x00004a16                eeprom_update_block
 .text.avr-libc
                0x00004a36       0x16 C:/Program Files (x86)/Atmel/Studio/7.0/Packs/atmel/ATmega_DFP/1.6.364/gcc/dev/atmega4809/avrxmega3\libatmega4809.a(eeupd_byte.o)
                0x00004a36                eeprom_update_byte
                0x00004a38                eeprom_update_r18
 .text.avr-libc
                0x00004a4c       0x28 C:/Program Files (x86)/Atmel/Studio/7.0/Packs/atmel/ATmega_DFP/1.6.364/gcc/dev/atmega4809/avrxmega3\libatmega4809.a(eewr_byte.o)
                0x00004a4c                eeprom_write_byte
                0x00004a4e                eeprom_write_r18
 .text.avr-libc
                0x00004a74       0x10 C:/Program Files (x86)/Atmel/Studio/7.0/Packs/atmel/ATmega_DFP/1.6.364/gcc/dev/atmega4809/avrxmega3\libatmega4809.a(eerd_byte.o)
                0x00004a74                eeprom_read_byte
                0x00004a7c                eeprom_mapen
 .text.avr-libc
                0x00004a84       0x12 c:/program files (x86)/atmel/studio/7.0/toolchain/avr8/avr8-gnu-toolchain/bin/../lib/gcc/avr/5.4.0/../../../../avr/lib/avrxmega3\libc.a(memcpy.o)
                0x00004a84                memcpy
                0x00004a96                . = ALIGN (0x2)
 *(.fini9)
 .fini9         0x00004a96        0x0 c:/program files (x86)/atmel/studio/7.0/toolchain/avr8/avr8-gnu-toolchain/bin/../lib/gcc/avr/5.4.0/avrxmega3\libgcc.a(_exit.o)
                0x00004a96                _exit
                0x00004a96                exit
 *(.fini9)
 *(.fini8)
 *(.fini8)
 *(.fini7)
 *(.fini7)
 *(.fini6)
 *(.fini6)
 *(.fini5)
 *(.fini5)
 *(.fini4)
 *(.fini4)
 *(.fini3)
 *(.fini3)
 *(.fini2)
 *(.fini2)
 *(.fini1)
 *(.fini1)
 *(.fini0)
 .fini0         0x00004a96        0x4 c:/program files (x86)/atmel/studio/7.0/toolchain/avr8/avr8-gnu-toolchain/bin/../lib/gcc/avr/5.4.0/avrxmega3\libgcc.a(_exit.o)
 *(.fini0)
                0x00004a9a                _etext = .

.rodata         0x00008a9a      0x46b load address 0x00004a9a
 *(.rodata)
 *(.rodata*)
 .rodata.str1.1
                0x00008a9a       0x3a commands.o
 .rodata.str1.1
                0x00008ad4       0x4a ds3231.o
 .rodata.str1.1
                0x00008b1e        0xb eeprom.o
 .rodata.str1.1
                0x00008b29        0xa errors.o
 .rodata.str1.1
                0x00008b33        0xa fram.o
 .rodata.str1.1
                0x00008b3d       0x11 initialize.o
 .rodata.str1.1
                0x00008b4e       0x29 mcp23008.o
 .rodata.str1.1
                0x00008b77        0x8 nmea.o
 .rodata.str1.1
                0x00008b7f       0x11 oled.o
 .rodata.str1.1
                0x00008b90       0x6b pneu.o
 .rodata.str1.1
                0x00008bfb      0x1c8 report.o
                                0x1d9 (size before relaxing)
 .rodata.str1.1
                0x00008dc3      0x10b roboclaw.o
 .rodata.str1.1
                0x00008ece       0x1f set.o
 .rodata.str1.1
                0x00008eed       0x18 twi.o
 *(.gnu.linkonce.r*)

.data           0x00802800        0x4 load address 0x00004f05
                0x00802800                PROVIDE (__data_start, .)
 *(.data)
 *(.data*)
 .data.firstTime.3728
                0x00802800        0x3 roboclaw.o
 *(.gnu.linkonce.d*)
                0x00802804                . = ALIGN (0x2)
 *fill*         0x00802803        0x1 
                0x00802804                _edata = .
                0x00802804                PROVIDE (__data_end, .)

.bss            0x00802804      0x82d
                0x00802804                PROVIDE (__bss_start, .)
 *(.bss)
 *(.bss*)
 .bss.cstack.3709
                0x00802804        0x1 commands.o
 *(COMMON)
 COMMON         0x00802805        0x1 commands.o
                0x00802805                firstpass
 COMMON         0x00802806        0x1 errors.o
                0x00802806                squelchErrors
 COMMON         0x00802807        0x1 initialize.o
                0x00802807                rebootackd
 COMMON         0x00802808      0x208 main.o
                0x00802808                pcmd
 COMMON         0x00802a10        0x4 oled.o
                0x00802a10                timerOLED
                0x00802a12                timeoutOLED
 COMMON         0x00802a14        0x1 pneu.o
                0x00802a14                pneuState
 COMMON         0x00802a15        0x4 roboclaw.o
                0x00802a15                timeoutSAVEENCODER
                0x00802a16                timerSAVEENCODER
                0x00802a17                ticks
 COMMON         0x00802a19      0x618 usart.o
                0x00802a19                recv1_buf
                0x00802b1d                recv0_buf
                0x00802c21                send0_buf
                0x00802d25                recv3_buf
                0x00802e29                send3_buf
                0x00802f2d                send1_buf
                0x00803031                PROVIDE (__bss_end, .)
                0x00004f05                __data_load_start = LOADADDR (.data)
                0x00004f09                __data_load_end = (__data_load_start + SIZEOF (.data))

.noinit         0x00803031        0x0
                [!provide]                PROVIDE (__noinit_start, .)
 *(.noinit*)
                [!provide]                PROVIDE (__noinit_end, .)
                0x00803031                _end = .
                [!provide]                PROVIDE (__heap_start, .)

.eeprom         0x00810000        0x0
 *(.eeprom*)
                0x00810000                __eeprom_end = .

.fuse
 *(.fuse)
 *(.lfuse)
 *(.hfuse)
 *(.efuse)

.lock
 *(.lock*)

.signature
 *(.signature*)

.user_signatures
 *(.user_signatures*)

.stab
 *(.stab)

.stabstr
 *(.stabstr)

.stab.excl
 *(.stab.excl)

.stab.exclstr
 *(.stab.exclstr)

.stab.index
 *(.stab.index)

.stab.indexstr
 *(.stab.indexstr)

.comment        0x00000000       0x5c
 *(.comment)
 .comment       0x00000000       0x30 ad590.o
                                 0x31 (size before relaxing)
 .comment       0x00000030       0x31 ads1115.o
 .comment       0x00000030       0x31 beeper.o
 .comment       0x00000030       0x31 commands.o
 .comment       0x00000030       0x31 ds3231.o
 .comment       0x00000030       0x31 eeprom.o
 .comment       0x00000030       0x31 errors.o
 .comment       0x00000030       0x31 fram.o
 .comment       0x00000030       0x31 humidity.o
 .comment       0x00000030       0x31 initialize.o
 .comment       0x00000030       0x31 ionpump.o
 .comment       0x00000030       0x31 led.o
 .comment       0x00000030       0x31 main.o
 .comment       0x00000030       0x31 mcp23008.o
 .comment       0x00000030       0x31 mcp9808.o
 .comment       0x00000030       0x31 mma8451.o
 .comment       0x00000030       0x31 nmea.o
 .comment       0x00000030       0x31 oled.o
 .comment       0x00000030       0x31 pneu.o
 .comment       0x00000030       0x31 ports.o
 .comment       0x00000030       0x31 pushbutton.o
 .comment       0x00000030       0x31 report.o
 .comment       0x00000030       0x31 roboclaw.o
 .comment       0x00000030       0x31 rtc.o
 .comment       0x00000030       0x31 set.o
 .comment       0x00000030       0x31 specID.o
 .comment       0x00000030       0x31 temperature.o
 .comment       0x00000030       0x31 testroutine.o
 .comment       0x00000030       0x31 timers.o
 .comment       0x00000030       0x31 twi.o
 .comment       0x00000030       0x31 usart.o
 .comment       0x00000030       0x31 wdt.o
 .comment       0x00000030       0x31 xport.o
 .comment       0x00000030       0x2c c:/program files (x86)/atmel/studio/7.0/toolchain/avr8/avr8-gnu-toolchain/bin/../lib/gcc/avr/5.4.0/../../../../avr/lib/avrxmega3\libprintf_flt.a(vfprintf_flt.o)
                                 0x2d (size before relaxing)
 .comment       0x0000005c       0x31 c:/program files (x86)/atmel/studio/7.0/toolchain/avr8/avr8-gnu-toolchain/bin/../lib/gcc/avr/5.4.0/../../../../avr/lib/avrxmega3\libc.a(fputc.o)
 .comment       0x0000005c       0x31 c:/program files (x86)/atmel/studio/7.0/toolchain/avr8/avr8-gnu-toolchain/bin/../lib/gcc/avr/5.4.0/../../../../avr/lib/avrxmega3\libc.a(sprintf.o)

.note.gnu.avr.deviceinfo
                0x00000000       0x40
 .note.gnu.avr.deviceinfo
                0x00000000       0x40 C:/Program Files (x86)/Atmel/Studio/7.0/Packs/atmel/ATmega_DFP/1.6.364/gcc/dev/atmega4809/avrxmega3/crtatmega4809.o

.note.gnu.build-id
 *(.note.gnu.build-id)

.debug
 *(.debug)

.line
 *(.line)

.debug_srcinfo
 *(.debug_srcinfo)

.debug_sfnames
 *(.debug_sfnames)

.debug_aranges  0x00000000      0x6b8
 *(.debug_aranges)
 .debug_aranges
                0x00000000       0x20 ad590.o
 .debug_aranges
                0x00000020       0x20 ads1115.o
 .debug_aranges
                0x00000040       0x20 beeper.o
 .debug_aranges
                0x00000060       0x78 commands.o
 .debug_aranges
                0x000000d8       0x48 ds3231.o
 .debug_aranges
                0x00000120       0x40 eeprom.o
 .debug_aranges
                0x00000160       0x20 errors.o
 .debug_aranges
                0x00000180       0x38 fram.o
 .debug_aranges
                0x000001b8       0x20 humidity.o
 .debug_aranges
                0x000001d8       0x28 initialize.o
 .debug_aranges
                0x00000200       0x20 ionpump.o
 .debug_aranges
                0x00000220       0x20 led.o
 .debug_aranges
                0x00000240       0x20 main.o
 .debug_aranges
                0x00000260       0x28 mcp23008.o
 .debug_aranges
                0x00000288       0x20 mcp9808.o
 .debug_aranges
                0x000002a8       0x38 mma8451.o
 .debug_aranges
                0x000002e0       0x20 nmea.o
 .debug_aranges
                0x00000300       0x38 oled.o
 .debug_aranges
                0x00000338       0x48 pneu.o
 .debug_aranges
                0x00000380       0x20 ports.o
 .debug_aranges
                0x000003a0       0x20 pushbutton.o
 .debug_aranges
                0x000003c0       0x20 report.o
 .debug_aranges
                0x000003e0       0x78 roboclaw.o
 .debug_aranges
                0x00000458       0x28 rtc.o
 .debug_aranges
                0x00000480       0x20 set.o
 .debug_aranges
                0x000004a0       0x20 specID.o
 .debug_aranges
                0x000004c0       0x20 temperature.o
 .debug_aranges
                0x000004e0       0x20 testroutine.o
 .debug_aranges
                0x00000500       0x30 timers.o
 .debug_aranges
                0x00000530       0x48 twi.o
 .debug_aranges
                0x00000578       0x58 usart.o
 .debug_aranges
                0x000005d0       0x28 wdt.o
 .debug_aranges
                0x000005f8       0x20 xport.o
 .debug_aranges
                0x00000618       0x20 C:/Program Files (x86)/Atmel/Studio/7.0/Packs/atmel/ATmega_DFP/1.6.364/gcc/dev/atmega4809/avrxmega3\libatmega4809.a(eerd_block.o)
 .debug_aranges
                0x00000638       0x20 C:/Program Files (x86)/Atmel/Studio/7.0/Packs/atmel/ATmega_DFP/1.6.364/gcc/dev/atmega4809/avrxmega3\libatmega4809.a(eeupd_block.o)
 .debug_aranges
                0x00000658       0x20 C:/Program Files (x86)/Atmel/Studio/7.0/Packs/atmel/ATmega_DFP/1.6.364/gcc/dev/atmega4809/avrxmega3\libatmega4809.a(eeupd_byte.o)
 .debug_aranges
                0x00000678       0x20 C:/Program Files (x86)/Atmel/Studio/7.0/Packs/atmel/ATmega_DFP/1.6.364/gcc/dev/atmega4809/avrxmega3\libatmega4809.a(eewr_byte.o)
 .debug_aranges
                0x00000698       0x20 C:/Program Files (x86)/Atmel/Studio/7.0/Packs/atmel/ATmega_DFP/1.6.364/gcc/dev/atmega4809/avrxmega3\libatmega4809.a(eerd_byte.o)

.debug_pubnames
 *(.debug_pubnames)

.debug_info     0x00000000     0xa764
 *(.debug_info .gnu.linkonce.wi.*)
 .debug_info    0x00000000     0x248a C:/Program Files (x86)/Atmel/Studio/7.0/Packs/atmel/ATmega_DFP/1.6.364/gcc/dev/atmega4809/avrxmega3/crtatmega4809.o
 .debug_info    0x0000248a      0x21b ad590.o
 .debug_info    0x000026a5      0x33e ads1115.o
 .debug_info    0x000029e3      0x21f beeper.o
 .debug_info    0x00002c02      0xa47 commands.o
 .debug_info    0x00003649      0x4a2 ds3231.o
 .debug_info    0x00003aeb      0x24f eeprom.o
 .debug_info    0x00003d3a      0x15c errors.o
 .debug_info    0x00003e96      0x44c fram.o
 .debug_info    0x000042e2      0x164 humidity.o
 .debug_info    0x00004446      0x2ba initialize.o
 .debug_info    0x00004700      0x10f ionpump.o
 .debug_info    0x0000480f      0x21f led.o
 .debug_info    0x00004a2e      0x2be main.o
 .debug_info    0x00004cec      0x27a mcp23008.o
 .debug_info    0x00004f66      0x191 mcp9808.o
 .debug_info    0x000050f7      0x429 mma8451.o
 .debug_info    0x00005520      0x15c nmea.o
 .debug_info    0x0000567c      0x987 oled.o
 .debug_info    0x00006003      0x868 pneu.o
 .debug_info    0x0000686b      0x255 ports.o
 .debug_info    0x00006ac0      0x255 pushbutton.o
 .debug_info    0x00006d15      0xbb1 report.o
 .debug_info    0x000078c6      0xd0c roboclaw.o
 .debug_info    0x000085d2      0x682 rtc.o
 .debug_info    0x00008c54      0x1fb set.o
 .debug_info    0x00008e4f      0x21f specID.o
 .debug_info    0x0000906e      0x106 temperature.o
 .debug_info    0x00009174       0xc3 testroutine.o
 .debug_info    0x00009237      0x26e timers.o
 .debug_info    0x000094a5      0x3f3 twi.o
 .debug_info    0x00009898      0x61e usart.o
 .debug_info    0x00009eb6      0x2ef wdt.o
 .debug_info    0x0000a1a5      0x2a0 xport.o
 .debug_info    0x0000a445       0xa0 C:/Program Files (x86)/Atmel/Studio/7.0/Packs/atmel/ATmega_DFP/1.6.364/gcc/dev/atmega4809/avrxmega3\libatmega4809.a(eerd_block.o)
 .debug_info    0x0000a4e5       0xa1 C:/Program Files (x86)/Atmel/Studio/7.0/Packs/atmel/ATmega_DFP/1.6.364/gcc/dev/atmega4809/avrxmega3\libatmega4809.a(eeupd_block.o)
 .debug_info    0x0000a586       0xa0 C:/Program Files (x86)/Atmel/Studio/7.0/Packs/atmel/ATmega_DFP/1.6.364/gcc/dev/atmega4809/avrxmega3\libatmega4809.a(eeupd_byte.o)
 .debug_info    0x0000a626       0x9f C:/Program Files (x86)/Atmel/Studio/7.0/Packs/atmel/ATmega_DFP/1.6.364/gcc/dev/atmega4809/avrxmega3\libatmega4809.a(eewr_byte.o)
 .debug_info    0x0000a6c5       0x9f C:/Program Files (x86)/Atmel/Studio/7.0/Packs/atmel/ATmega_DFP/1.6.364/gcc/dev/atmega4809/avrxmega3\libatmega4809.a(eerd_byte.o)

.debug_abbrev   0x00000000     0x47a4
 *(.debug_abbrev)
 .debug_abbrev  0x00000000     0x2296 C:/Program Files (x86)/Atmel/Studio/7.0/Packs/atmel/ATmega_DFP/1.6.364/gcc/dev/atmega4809/avrxmega3/crtatmega4809.o
 .debug_abbrev  0x00002296      0x129 ad590.o
 .debug_abbrev  0x000023bf      0x11a ads1115.o
 .debug_abbrev  0x000024d9       0xa4 beeper.o
 .debug_abbrev  0x0000257d      0x2b2 commands.o
 .debug_abbrev  0x0000282f      0x149 ds3231.o
 .debug_abbrev  0x00002978       0xda eeprom.o
 .debug_abbrev  0x00002a52       0xf1 errors.o
 .debug_abbrev  0x00002b43      0x115 fram.o
 .debug_abbrev  0x00002c58       0xb8 humidity.o
 .debug_abbrev  0x00002d10       0xe0 initialize.o
 .debug_abbrev  0x00002df0       0xab ionpump.o
 .debug_abbrev  0x00002e9b       0xa4 led.o
 .debug_abbrev  0x00002f3f      0x101 main.o
 .debug_abbrev  0x00003040       0xb8 mcp23008.o
 .debug_abbrev  0x000030f8       0xb2 mcp9808.o
 .debug_abbrev  0x000031aa      0x127 mma8451.o
 .debug_abbrev  0x000032d1      0x104 nmea.o
 .debug_abbrev  0x000033d5      0x1cd oled.o
 .debug_abbrev  0x000035a2      0x247 pneu.o
 .debug_abbrev  0x000037e9       0xbe ports.o
 .debug_abbrev  0x000038a7       0xbe pushbutton.o
 .debug_abbrev  0x00003965      0x148 report.o
 .debug_abbrev  0x00003aad      0x246 roboclaw.o
 .debug_abbrev  0x00003cf3      0x13e rtc.o
 .debug_abbrev  0x00003e31       0xf7 set.o
 .debug_abbrev  0x00003f28       0xa4 specID.o
 .debug_abbrev  0x00003fcc       0xa9 temperature.o
 .debug_abbrev  0x00004075       0x88 testroutine.o
 .debug_abbrev  0x000040fd      0x12b timers.o
 .debug_abbrev  0x00004228      0x14a twi.o
 .debug_abbrev  0x00004372      0x1e3 usart.o
 .debug_abbrev  0x00004555       0xe1 wdt.o
 .debug_abbrev  0x00004636      0x10a xport.o
 .debug_abbrev  0x00004740       0x14 C:/Program Files (x86)/Atmel/Studio/7.0/Packs/atmel/ATmega_DFP/1.6.364/gcc/dev/atmega4809/avrxmega3\libatmega4809.a(eerd_block.o)
 .debug_abbrev  0x00004754       0x14 C:/Program Files (x86)/Atmel/Studio/7.0/Packs/atmel/ATmega_DFP/1.6.364/gcc/dev/atmega4809/avrxmega3\libatmega4809.a(eeupd_block.o)
 .debug_abbrev  0x00004768       0x14 C:/Program Files (x86)/Atmel/Studio/7.0/Packs/atmel/ATmega_DFP/1.6.364/gcc/dev/atmega4809/avrxmega3\libatmega4809.a(eeupd_byte.o)
 .debug_abbrev  0x0000477c       0x14 C:/Program Files (x86)/Atmel/Studio/7.0/Packs/atmel/ATmega_DFP/1.6.364/gcc/dev/atmega4809/avrxmega3\libatmega4809.a(eewr_byte.o)
 .debug_abbrev  0x00004790       0x14 C:/Program Files (x86)/Atmel/Studio/7.0/Packs/atmel/ATmega_DFP/1.6.364/gcc/dev/atmega4809/avrxmega3\libatmega4809.a(eerd_byte.o)

.debug_line     0x00000000     0x485c
 *(.debug_line .debug_line.* .debug_line_end)
 .debug_line    0x00000000      0x187 C:/Program Files (x86)/Atmel/Studio/7.0/Packs/atmel/ATmega_DFP/1.6.364/gcc/dev/atmega4809/avrxmega3/crtatmega4809.o
 .debug_line    0x00000187      0x1a1 ad590.o
 .debug_line    0x00000328      0x240 ads1115.o
 .debug_line    0x00000568      0x10d beeper.o
 .debug_line    0x00000675      0x616 commands.o
 .debug_line    0x00000c8b      0x293 ds3231.o
 .debug_line    0x00000f1e      0x129 eeprom.o
 .debug_line    0x00001047       0xd4 errors.o
 .debug_line    0x0000111b      0x1fe fram.o
 .debug_line    0x00001319      0x123 humidity.o
 .debug_line    0x0000143c      0x1c8 initialize.o
 .debug_line    0x00001604       0xff ionpump.o
 .debug_line    0x00001703      0x104 led.o
 .debug_line    0x00001807      0x16c main.o
 .debug_line    0x00001973      0x14f mcp23008.o
 .debug_line    0x00001ac2      0x107 mcp9808.o
 .debug_line    0x00001bc9      0x233 mma8451.o
 .debug_line    0x00001dfc       0xfc nmea.o
 .debug_line    0x00001ef8      0x364 oled.o
 .debug_line    0x0000225c      0x3c1 pneu.o
 .debug_line    0x0000261d      0x1f2 ports.o
 .debug_line    0x0000280f      0x107 pushbutton.o
 .debug_line    0x00002916      0x402 report.o
 .debug_line    0x00002d18      0x7a1 roboclaw.o
 .debug_line    0x000034b9      0x1cb rtc.o
 .debug_line    0x00003684      0x10c set.o
 .debug_line    0x00003790      0x109 specID.o
 .debug_line    0x00003899       0xea temperature.o
 .debug_line    0x00003983       0xc0 testroutine.o
 .debug_line    0x00003a43      0x157 timers.o
 .debug_line    0x00003b9a      0x29e twi.o
 .debug_line    0x00003e38      0x4bc usart.o
 .debug_line    0x000042f4      0x12c wdt.o
 .debug_line    0x00004420      0x180 xport.o
 .debug_line    0x000045a0       0x5d C:/Program Files (x86)/Atmel/Studio/7.0/Packs/atmel/ATmega_DFP/1.6.364/gcc/dev/atmega4809/avrxmega3\libatmega4809.a(eerd_block.o)
 .debug_line    0x000045fd       0xa5 C:/Program Files (x86)/Atmel/Studio/7.0/Packs/atmel/ATmega_DFP/1.6.364/gcc/dev/atmega4809/avrxmega3\libatmega4809.a(eeupd_block.o)
 .debug_line    0x000046a2       0x80 C:/Program Files (x86)/Atmel/Studio/7.0/Packs/atmel/ATmega_DFP/1.6.364/gcc/dev/atmega4809/avrxmega3\libatmega4809.a(eeupd_byte.o)
 .debug_line    0x00004722       0xc1 C:/Program Files (x86)/Atmel/Studio/7.0/Packs/atmel/ATmega_DFP/1.6.364/gcc/dev/atmega4809/avrxmega3\libatmega4809.a(eewr_byte.o)
 .debug_line    0x000047e3       0x79 C:/Program Files (x86)/Atmel/Studio/7.0/Packs/atmel/ATmega_DFP/1.6.364/gcc/dev/atmega4809/avrxmega3\libatmega4809.a(eerd_byte.o)

.debug_frame    0x00000000     0x10ac
 *(.debug_frame)
 .debug_frame   0x00000000       0x5c ad590.o
 .debug_frame   0x0000005c       0x60 ads1115.o
 .debug_frame   0x000000bc       0x24 beeper.o
 .debug_frame   0x000000e0      0x194 commands.o
 .debug_frame   0x00000274      0x104 ds3231.o
 .debug_frame   0x00000378       0x84 eeprom.o
 .debug_frame   0x000003fc       0x40 errors.o
 .debug_frame   0x0000043c       0xd8 fram.o
 .debug_frame   0x00000514       0x68 humidity.o
 .debug_frame   0x0000057c       0x44 initialize.o
 .debug_frame   0x000005c0       0x54 ionpump.o
 .debug_frame   0x00000614       0x24 led.o
 .debug_frame   0x00000638       0x24 main.o
 .debug_frame   0x0000065c       0x50 mcp23008.o
 .debug_frame   0x000006ac       0x54 mcp9808.o
 .debug_frame   0x00000700       0xc4 mma8451.o
 .debug_frame   0x000007c4       0x48 nmea.o
 .debug_frame   0x0000080c       0xa4 oled.o
 .debug_frame   0x000008b0      0x110 pneu.o
 .debug_frame   0x000009c0       0x24 ports.o
 .debug_frame   0x000009e4       0x24 pushbutton.o
 .debug_frame   0x00000a08       0x88 report.o
 .debug_frame   0x00000a90      0x220 roboclaw.o
 .debug_frame   0x00000cb0       0x48 rtc.o
 .debug_frame   0x00000cf8       0x30 set.o
 .debug_frame   0x00000d28       0x24 specID.o
 .debug_frame   0x00000d4c       0x34 temperature.o
 .debug_frame   0x00000d80       0x24 testroutine.o
 .debug_frame   0x00000da4       0x58 timers.o
 .debug_frame   0x00000dfc       0x74 twi.o
 .debug_frame   0x00000e70      0x19c usart.o
 .debug_frame   0x0000100c       0x7c wdt.o
 .debug_frame   0x00001088       0x24 xport.o

.debug_str      0x00000000     0x23be
 *(.debug_str)
 .debug_str     0x00000000      0xf85 C:/Program Files (x86)/Atmel/Studio/7.0/Packs/atmel/ATmega_DFP/1.6.364/gcc/dev/atmega4809/avrxmega3/crtatmega4809.o
 .debug_str     0x00000f85      0x1da ad590.o
                                0x21f (size before relaxing)
 .debug_str     0x0000115f       0x89 ads1115.o
                                0x272 (size before relaxing)
 .debug_str     0x000011e8       0xca beeper.o
                                0x246 (size before relaxing)
 .debug_str     0x000012b2      0x221 commands.o
                                0x498 (size before relaxing)
 .debug_str     0x000014d3       0x92 ds3231.o
                                0x259 (size before relaxing)
 .debug_str     0x00001565       0x89 eeprom.o
                                0x1fd (size before relaxing)
 .debug_str     0x000015ee       0x32 errors.o
                                0x1e0 (size before relaxing)
 .debug_str     0x00001620       0x70 fram.o
                                0x22b (size before relaxing)
 .debug_str     0x00001690       0x34 humidity.o
                                0x1de (size before relaxing)
 .debug_str     0x000016c4       0xbf initialize.o
                                0x26a (size before relaxing)
 .debug_str     0x00001783       0x2a ionpump.o
                                0x1bd (size before relaxing)
 .debug_str     0x000017ad        0xb led.o
                                0x240 (size before relaxing)
 .debug_str     0x000017b8       0x39 main.o
                                0x28c (size before relaxing)
 .debug_str     0x000017f1       0x25 mcp23008.o
                                0x1e7 (size before relaxing)
 .debug_str     0x00001816       0x26 mcp9808.o
                                0x1ef (size before relaxing)
 .debug_str     0x0000183c       0x41 mma8451.o
                                0x215 (size before relaxing)
 .debug_str     0x0000187d       0x34 nmea.o
                                0x1bd (size before relaxing)
 .debug_str     0x000018b1       0x4e oled.o
                                0x33e (size before relaxing)
 .debug_str     0x000018ff      0x12c pneu.o
                                0x3f8 (size before relaxing)
 .debug_str     0x00001a2b        0xd ports.o
                                0x2d2 (size before relaxing)
 .debug_str     0x00001a38       0x12 pushbutton.o
                                0x2dc (size before relaxing)
 .debug_str     0x00001a4a       0xff report.o
                                0x3dd (size before relaxing)
 .debug_str     0x00001b49      0x135 roboclaw.o
                                0x431 (size before relaxing)
 .debug_str     0x00001c7e      0x337 rtc.o
                                0x5c8 (size before relaxing)
 .debug_str     0x00001fb5        0xb set.o
                                0x1cf (size before relaxing)
 .debug_str     0x00001fc0        0xe specID.o
                                0x246 (size before relaxing)
 .debug_str     0x00001fce       0x13 temperature.o
                                0x1c7 (size before relaxing)
 .debug_str     0x00001fe1       0x13 testroutine.o
                                0x1a5 (size before relaxing)
 .debug_str     0x00001ff4       0x4c timers.o
                                0x24d (size before relaxing)
 .debug_str     0x00002040      0x16d twi.o
                                0x381 (size before relaxing)
 .debug_str     0x000021ad       0xdc usart.o
                                0x3c6 (size before relaxing)
 .debug_str     0x00002289      0x128 wdt.o
                                0x389 (size before relaxing)
 .debug_str     0x000023b1        0xd xport.o
                                0x28f (size before relaxing)

.debug_loc      0x00000000     0x42b1
 *(.debug_loc)
 .debug_loc     0x00000000      0x1a7 ad590.o
 .debug_loc     0x000001a7      0x319 ads1115.o
 .debug_loc     0x000004c0      0x58d commands.o
 .debug_loc     0x00000a4d      0x46d ds3231.o
 .debug_loc     0x00000eba       0xda eeprom.o
 .debug_loc     0x00000f94       0xae errors.o
 .debug_loc     0x00001042      0x4d8 fram.o
 .debug_loc     0x0000151a      0x21a humidity.o
 .debug_loc     0x00001734       0x47 initialize.o
 .debug_loc     0x0000177b      0x101 ionpump.o
 .debug_loc     0x0000187c      0x18e mcp23008.o
 .debug_loc     0x00001a0a      0x175 mcp9808.o
 .debug_loc     0x00001b7f      0x45c mma8451.o
 .debug_loc     0x00001fdb       0xef nmea.o
 .debug_loc     0x000020ca      0x33a oled.o
 .debug_loc     0x00002404      0x5be pneu.o
 .debug_loc     0x000029c2      0x43f report.o
 .debug_loc     0x00002e01      0xb6b roboclaw.o
 .debug_loc     0x0000396c       0xb3 rtc.o
 .debug_loc     0x00003a1f       0xac set.o
 .debug_loc     0x00003acb       0x9b temperature.o
 .debug_loc     0x00003b66       0x71 timers.o
 .debug_loc     0x00003bd7       0x89 twi.o
 .debug_loc     0x00003c60      0x540 usart.o
 .debug_loc     0x000041a0       0xcb wdt.o
 .debug_loc     0x0000426b       0x46 xport.o

.debug_macinfo
 *(.debug_macinfo)

.debug_weaknames
 *(.debug_weaknames)

.debug_funcnames
 *(.debug_funcnames)

.debug_typenames
 *(.debug_typenames)

.debug_varnames
 *(.debug_varnames)

.debug_pubtypes
 *(.debug_pubtypes)

.debug_ranges   0x00000000      0x408
 *(.debug_ranges)
 .debug_ranges  0x00000000       0x10 ad590.o
 .debug_ranges  0x00000010       0x10 ads1115.o
 .debug_ranges  0x00000020       0x10 beeper.o
 .debug_ranges  0x00000030       0x68 commands.o
 .debug_ranges  0x00000098       0x38 ds3231.o
 .debug_ranges  0x000000d0       0x30 eeprom.o
 .debug_ranges  0x00000100       0x10 errors.o
 .debug_ranges  0x00000110       0x28 fram.o
 .debug_ranges  0x00000138       0x10 humidity.o
 .debug_ranges  0x00000148       0x18 initialize.o
 .debug_ranges  0x00000160       0x10 ionpump.o
 .debug_ranges  0x00000170       0x10 led.o
 .debug_ranges  0x00000180       0x10 main.o
 .debug_ranges  0x00000190       0x18 mcp23008.o
 .debug_ranges  0x000001a8       0x10 mcp9808.o
 .debug_ranges  0x000001b8       0x28 mma8451.o
 .debug_ranges  0x000001e0       0x10 nmea.o
 .debug_ranges  0x000001f0       0x28 oled.o
 .debug_ranges  0x00000218       0x38 pneu.o
 .debug_ranges  0x00000250       0x10 ports.o
 .debug_ranges  0x00000260       0x10 pushbutton.o
 .debug_ranges  0x00000270       0x10 report.o
 .debug_ranges  0x00000280       0x68 roboclaw.o
 .debug_ranges  0x000002e8       0x18 rtc.o
 .debug_ranges  0x00000300       0x10 set.o
 .debug_ranges  0x00000310       0x10 specID.o
 .debug_ranges  0x00000320       0x10 temperature.o
 .debug_ranges  0x00000330       0x10 testroutine.o
 .debug_ranges  0x00000340       0x20 timers.o
 .debug_ranges  0x00000360       0x38 twi.o
 .debug_ranges  0x00000398       0x48 usart.o
 .debug_ranges  0x000003e0       0x18 wdt.o
 .debug_ranges  0x000003f8       0x10 xport.o

.debug_macro
 *(.debug_macro)
OUTPUT(specMech.elf elf32-avr)
LOAD linker stubs
