Archive member included to satisfy reference by file (symbol)

c:/program files (x86)/atmel/studio/7.0/toolchain/avr8/avr8-gnu-toolchain/bin/../lib/gcc/avr/5.4.0/../../../../avr/lib/avrxmega3\libm.a(addsf3.o)
                              ad590.o (__subsf3)
c:/program files (x86)/atmel/studio/7.0/toolchain/avr8/avr8-gnu-toolchain/bin/../lib/gcc/avr/5.4.0/../../../../avr/lib/avrxmega3\libm.a(addsf3x.o)
                              c:/program files (x86)/atmel/studio/7.0/toolchain/avr8/avr8-gnu-toolchain/bin/../lib/gcc/avr/5.4.0/../../../../avr/lib/avrxmega3\libm.a(addsf3.o) (__addsf3x)
c:/program files (x86)/atmel/studio/7.0/toolchain/avr8/avr8-gnu-toolchain/bin/../lib/gcc/avr/5.4.0/../../../../avr/lib/avrxmega3\libm.a(cmpsf2.o)
                              ionpump.o (__ltsf2)
c:/program files (x86)/atmel/studio/7.0/toolchain/avr8/avr8-gnu-toolchain/bin/../lib/gcc/avr/5.4.0/../../../../avr/lib/avrxmega3\libm.a(divsf3.o)
                              humidity.o (__divsf3)
c:/program files (x86)/atmel/studio/7.0/toolchain/avr8/avr8-gnu-toolchain/bin/../lib/gcc/avr/5.4.0/../../../../avr/lib/avrxmega3\libm.a(divsf3x.o)
                              c:/program files (x86)/atmel/studio/7.0/toolchain/avr8/avr8-gnu-toolchain/bin/../lib/gcc/avr/5.4.0/../../../../avr/lib/avrxmega3\libm.a(divsf3.o) (__divsf3x)
c:/program files (x86)/atmel/studio/7.0/toolchain/avr8/avr8-gnu-toolchain/bin/../lib/gcc/avr/5.4.0/../../../../avr/lib/avrxmega3\libm.a(fixsfsi.o)
                              roboclaw.o (__fixsfsi)
c:/program files (x86)/atmel/studio/7.0/toolchain/avr8/avr8-gnu-toolchain/bin/../lib/gcc/avr/5.4.0/../../../../avr/lib/avrxmega3\libm.a(fixunssfsi.o)
                              c:/program files (x86)/atmel/studio/7.0/toolchain/avr8/avr8-gnu-toolchain/bin/../lib/gcc/avr/5.4.0/../../../../avr/lib/avrxmega3\libm.a(fixsfsi.o) (__fixunssfsi)
c:/program files (x86)/atmel/studio/7.0/toolchain/avr8/avr8-gnu-toolchain/bin/../lib/gcc/avr/5.4.0/../../../../avr/lib/avrxmega3\libm.a(floatsisf.o)
                              mcp9808.o (__floatunsisf)
c:/program files (x86)/atmel/studio/7.0/toolchain/avr8/avr8-gnu-toolchain/bin/../lib/gcc/avr/5.4.0/../../../../avr/lib/avrxmega3\libm.a(fp_cmp.o)
                              c:/program files (x86)/atmel/studio/7.0/toolchain/avr8/avr8-gnu-toolchain/bin/../lib/gcc/avr/5.4.0/../../../../avr/lib/avrxmega3\libm.a(cmpsf2.o) (__fp_cmp)
c:/program files (x86)/atmel/studio/7.0/toolchain/avr8/avr8-gnu-toolchain/bin/../lib/gcc/avr/5.4.0/../../../../avr/lib/avrxmega3\libm.a(fp_inf.o)
                              c:/program files (x86)/atmel/studio/7.0/toolchain/avr8/avr8-gnu-toolchain/bin/../lib/gcc/avr/5.4.0/../../../../avr/lib/avrxmega3\libm.a(addsf3x.o) (__fp_inf)
c:/program files (x86)/atmel/studio/7.0/toolchain/avr8/avr8-gnu-toolchain/bin/../lib/gcc/avr/5.4.0/../../../../avr/lib/avrxmega3\libm.a(fp_nan.o)
                              c:/program files (x86)/atmel/studio/7.0/toolchain/avr8/avr8-gnu-toolchain/bin/../lib/gcc/avr/5.4.0/../../../../avr/lib/avrxmega3\libm.a(addsf3x.o) (__fp_nan)
c:/program files (x86)/atmel/studio/7.0/toolchain/avr8/avr8-gnu-toolchain/bin/../lib/gcc/avr/5.4.0/../../../../avr/lib/avrxmega3\libm.a(fp_pscA.o)
                              c:/program files (x86)/atmel/studio/7.0/toolchain/avr8/avr8-gnu-toolchain/bin/../lib/gcc/avr/5.4.0/../../../../avr/lib/avrxmega3\libm.a(addsf3x.o) (__fp_pscA)
c:/program files (x86)/atmel/studio/7.0/toolchain/avr8/avr8-gnu-toolchain/bin/../lib/gcc/avr/5.4.0/../../../../avr/lib/avrxmega3\libm.a(fp_pscB.o)
                              c:/program files (x86)/atmel/studio/7.0/toolchain/avr8/avr8-gnu-toolchain/bin/../lib/gcc/avr/5.4.0/../../../../avr/lib/avrxmega3\libm.a(addsf3x.o) (__fp_pscB)
c:/program files (x86)/atmel/studio/7.0/toolchain/avr8/avr8-gnu-toolchain/bin/../lib/gcc/avr/5.4.0/../../../../avr/lib/avrxmega3\libm.a(fp_round.o)
                              c:/program files (x86)/atmel/studio/7.0/toolchain/avr8/avr8-gnu-toolchain/bin/../lib/gcc/avr/5.4.0/../../../../avr/lib/avrxmega3\libm.a(addsf3.o) (__fp_round)
c:/program files (x86)/atmel/studio/7.0/toolchain/avr8/avr8-gnu-toolchain/bin/../lib/gcc/avr/5.4.0/../../../../avr/lib/avrxmega3\libm.a(fp_split3.o)
                              c:/program files (x86)/atmel/studio/7.0/toolchain/avr8/avr8-gnu-toolchain/bin/../lib/gcc/avr/5.4.0/../../../../avr/lib/avrxmega3\libm.a(addsf3x.o) (__fp_split3)
c:/program files (x86)/atmel/studio/7.0/toolchain/avr8/avr8-gnu-toolchain/bin/../lib/gcc/avr/5.4.0/../../../../avr/lib/avrxmega3\libm.a(fp_zero.o)
                              c:/program files (x86)/atmel/studio/7.0/toolchain/avr8/avr8-gnu-toolchain/bin/../lib/gcc/avr/5.4.0/../../../../avr/lib/avrxmega3\libm.a(addsf3x.o) (__fp_zero)
c:/program files (x86)/atmel/studio/7.0/toolchain/avr8/avr8-gnu-toolchain/bin/../lib/gcc/avr/5.4.0/../../../../avr/lib/avrxmega3\libm.a(gesf2.o)
                              ionpump.o (__gtsf2)
[...]
Memory Configuration

Name             Origin             Length             Attributes
text             0x00000000         0x0000c000         xr
data             0x00802800         0x00001800         rw !x
eeprom           0x00810000         0x00000100         rw !x
fuse             0x00820000         0x0000000a         rw !x
lock             0x00830000         0x00000400         rw !x
signature        0x00840000         0x00000400         rw !x
user_signatures  0x00850000         0x00000400         rw !x
*default*        0x00000000         0xffffffff

Linker script and memory map

Address of section .data set to 0x802800
                0x00004000                __RODATA_PM_OFFSET__ = 0x4000
LOAD C:/Program Files (x86)/Atmel/Studio/7.0/Packs/atmel/ATmega_DFP/1.6.364/gcc/dev/atmega4809/avrxmega3/crtatmega4809.o
LOAD ad590.o
LOAD ads1115.o
LOAD commands.o
LOAD ds3231.o
LOAD eeprom.o
LOAD errors.o
LOAD fram.o
LOAD humidity.o
LOAD initialize.o
LOAD ionpump.o
LOAD main.o
LOAD mcp23008.o
LOAD mcp9808.o
LOAD mma8451.o
LOAD nmea.o
LOAD oled.o
LOAD pneu.o
LOAD ports.o
LOAD pushbutton.o
LOAD report.o
LOAD roboclaw.o
LOAD rtc.o
LOAD set.o
LOAD temperature.o
LOAD testroutine.o
LOAD timers.o
LOAD twi.o
LOAD usart.o
LOAD wdt.o
START GROUP
LOAD c:/program files (x86)/atmel/studio/7.0/toolchain/avr8/avr8-gnu-toolchain/bin/../lib/gcc/avr/5.4.0/../../../../avr/lib/avrxmega3\libm.a
END GROUP
LOAD c:/program files (x86)/atmel/studio/7.0/toolchain/avr8/avr8-gnu-toolchain/bin/../lib/gcc/avr/5.4.0/../../../../avr/lib/avrxmega3\libprintf_flt.a
START GROUP
LOAD c:/program files (x86)/atmel/studio/7.0/toolchain/avr8/avr8-gnu-toolchain/bin/../lib/gcc/avr/5.4.0/avrxmega3\libgcc.a
LOAD c:/program files (x86)/atmel/studio/7.0/toolchain/avr8/avr8-gnu-toolchain/bin/../lib/gcc/avr/5.4.0/../../../../avr/lib/avrxmega3\libm.a
LOAD c:/program files (x86)/atmel/studio/7.0/toolchain/avr8/avr8-gnu-toolchain/bin/../lib/gcc/avr/5.4.0/../../../../avr/lib/avrxmega3\libc.a
LOAD C:/Program Files (x86)/Atmel/Studio/7.0/Packs/atmel/ATmega_DFP/1.6.364/gcc/dev/atmega4809/avrxmega3\libatmega4809.a
END GROUP
                [0x00000000]                __TEXT_REGION_ORIGIN__ = DEFINED (__TEXT_REGION_ORIGIN__)?__TEXT_REGION_ORIGIN__:0x0
                [0x00802800]                __DATA_REGION_ORIGIN__ = DEFINED (__DATA_REGION_ORIGIN__)?__DATA_REGION_ORIGIN__:0x802000
                [0x0000c000]                __TEXT_REGION_LENGTH__ = DEFINED (__TEXT_REGION_LENGTH__)?__TEXT_REGION_LENGTH__:0x100000
                [0x00001800]                __DATA_REGION_LENGTH__ = DEFINED (__DATA_REGION_LENGTH__)?__DATA_REGION_LENGTH__:0xffa0
                [0x00000100]                __EEPROM_REGION_LENGTH__ = DEFINED (__EEPROM_REGION_LENGTH__)?__EEPROM_REGION_LENGTH__:0x10000
                [0x0000000a]                __FUSE_REGION_LENGTH__ = DEFINED (__FUSE_REGION_LENGTH__)?__FUSE_REGION_LENGTH__:0x400
                0x00000400                __LOCK_REGION_LENGTH__ = DEFINED (__LOCK_REGION_LENGTH__)?__LOCK_REGION_LENGTH__:0x400
                0x00000400                __SIGNATURE_REGION_LENGTH__ = DEFINED (__SIGNATURE_REGION_LENGTH__)?__SIGNATURE_REGION_LENGTH__:0x400
                0x00000400                __USER_SIGNATURE_REGION_LENGTH__ = DEFINED (__USER_SIGNATURE_REGION_LENGTH__)?__USER_SIGNATURE_REGION_LENGTH__:0x400
                0x00008000                __RODATA_PM_OFFSET__ = DEFINED (__RODATA_PM_OFFSET__)?__RODATA_PM_OFFSET__:0x8000

.hash
 *(.hash)

.dynsym
 *(.dynsym)

.dynstr
 *(.dynstr)

.gnu.version
 *(.gnu.version)

.gnu.version_d
 *(.gnu.version_d)

.gnu.version_r
 *(.gnu.version_r)

.rel.init
 *(.rel.init)

.rela.init
 *(.rela.init)

.rel.text
 *(.rel.text)
 *(.rel.text.*)
 *(.rel.gnu.linkonce.t*)

.rela.text
 *(.rela.text)
 *(.rela.text.*)
 *(.rela.gnu.linkonce.t*)

.rel.fini
 *(.rel.fini)

.rela.fini
 *(.rela.fini)

.rel.rodata
 *(.rel.rodata)
 *(.rel.rodata.*)
 *(.rel.gnu.linkonce.r*)

.rela.rodata
 *(.rela.rodata)
 *(.rela.rodata.*)
 *(.rela.gnu.linkonce.r*)

.rel.data
 *(.rel.data)
 *(.rel.data.*)
 *(.rel.gnu.linkonce.d*)

.rela.data
 *(.rela.data)
 *(.rela.data.*)
 *(.rela.gnu.linkonce.d*)

.rel.ctors
 *(.rel.ctors)

.rela.ctors
 *(.rela.ctors)

.rel.dtors
 *(.rel.dtors)

.rela.dtors
 *(.rela.dtors)

.rel.got
 *(.rel.got)

.rela.got
 *(.rela.got)

.rel.bss
 *(.rel.bss)

.rela.bss
 *(.rela.bss)

.rel.plt
 *(.rel.plt)

.rela.plt
 *(.rela.plt)

.text           0x00000000     0x5086
 *(.vectors)
 .vectors       0x00000000       0xa0 C:/Program Files (x86)/Atmel/Studio/7.0/Packs/atmel/ATmega_DFP/1.6.364/gcc/dev/atmega4809/avrxmega3/crtatmega4809.o
                0x00000000                __vector_default
                0x00000000                __vectors
 *(.vectors)
 *(.progmem.gcc*)
 .progmem.gcc_sw_table.commands
                0x000000a0       0x58 commands.o
 .progmem.gcc_sw_table.report
                0x000000f8       0x6c report.o
                0x00000164                . = ALIGN (0x2)
                0x00000164                __trampolines_start = .
 *(.trampolines)
 .trampolines   0x00000164        0x0 linker stubs
 *(.trampolines*)
                0x00000164                __trampolines_end = .
 *libprintf_flt.a:*(.progmem.data)
 .progmem.data  0x00000164        0x8 c:/program files (x86)/atmel/studio/7.0/toolchain/avr8/avr8-gnu-toolchain/bin/../lib/gcc/avr/5.4.0/../../../../avr/lib/avrxmega3\libprintf_flt.a(vfprintf_flt.o)
 *libc.a:*(.progmem.data)
 .progmem.data  0x0000016c       0xfa c:/program files (x86)/atmel/studio/7.0/toolchain/avr8/avr8-gnu-toolchain/bin/../lib/gcc/avr/5.4.0/../../../../avr/lib/avrxmega3\libc.a(ftoa_engine.o)
 *(.progmem*)
                0x00000266                . = ALIGN (0x2)
 *(.jumptables)
 *(.jumptables*)
 *(.lowtext)
 *(.lowtext*)
                0x00000266                __ctors_start = .
 *(.ctors)
                0x00000266                __ctors_end = .
                0x00000266                __dtors_start = .
 *(.dtors)
                0x00000266                __dtors_end = .
 SORT(*)(.ctors)
 SORT(*)(.dtors)
 *(.init0)
 .init0         0x00000266        0x0 C:/Program Files (x86)/Atmel/Studio/7.0/Packs/atmel/ATmega_DFP/1.6.364/gcc/dev/atmega4809/avrxmega3/crtatmega4809.o
                0x00000266                __init
 *(.init0)
 *(.init1)
 *(.init1)
 *(.init2)
 .init2         0x00000266        0xc C:/Program Files (x86)/Atmel/Studio/7.0/Packs/atmel/ATmega_DFP/1.6.364/gcc/dev/atmega4809/avrxmega3/crtatmega4809.o
 *(.init2)
 *(.init3)
 *(.init3)
 *(.init4)
 .init4         0x00000272       0x10 c:/program files (x86)/atmel/studio/7.0/toolchain/avr8/avr8-gnu-toolchain/bin/../lib/gcc/avr/5.4.0/avrxmega3\libgcc.a(_clear_bss.o)
                0x00000272                __do_clear_bss
 *(.init4)
 *(.init5)
 *(.init5)
 *(.init6)
 *(.init6)
 *(.init7)
 *(.init7)
 *(.init8)
 *(.init8)
 *(.init9)
 .init9         0x00000282        0x8 C:/Program Files (x86)/Atmel/Studio/7.0/Packs/atmel/ATmega_DFP/1.6.364/gcc/dev/atmega4809/avrxmega3/crtatmega4809.o
 *(.init9)
 *(.text)
 .text          0x0000028a        0x4 C:/Program Files (x86)/Atmel/Studio/7.0/Packs/atmel/ATmega_DFP/1.6.364/gcc/dev/atmega4809/avrxmega3/crtatmega4809.o
                0x0000028a                __vector_22
                0x0000028a                __vector_28
                0x0000028a                __vector_1
                0x0000028a                __vector_32
                0x0000028a                __vector_34
                0x0000028a                __vector_24
                0x0000028a                __bad_interrupt
                0x0000028a                __vector_6
                0x0000028a                __vector_31
                0x0000028a                __vector_35
                0x0000028a                __vector_39
                0x0000028a                __vector_23
                0x0000028a                __vector_30
                0x0000028a                __vector_25
                0x0000028a                __vector_11
                0x0000028a                __vector_13
                0x0000028a                __vector_19
                0x0000028a                __vector_7
                0x0000028a                __vector_5
                0x0000028a                __vector_33
                0x0000028a                __vector_4
                0x0000028a                __vector_9
                0x0000028a                __vector_2
                0x0000028a                __vector_21
                0x0000028a                __vector_15
                0x0000028a                __vector_36
                0x0000028a                __vector_8
                0x0000028a                __vector_14
                0x0000028a                __vector_10
                0x0000028a                __vector_16
                0x0000028e                . = ALIGN (0x2)
 *(.text.*)
 .text.read_AD590
                0x0000028e      0x102 ad590.o
                0x0000028e                read_AD590
 .text.read_ADS1115
                0x00000390      0x1d4 ads1115.o
                0x00000390                read_ADS1115
 .text.get_cmdline
                0x00000564       0x58 commands.o
                0x00000564                get_cmdline
 .text.isaletter
                0x000005bc       0x1a commands.o
                0x000005bc                isaletter
 .text.parse_cmd
                0x000005d6      0x128 commands.o
                0x000005d6                parse_cmd
 .text.printLine
                0x000006fe       0x96 commands.o
                0x000006fe                printLine
 .text.echo_cmd
                0x00000794       0x80 commands.o
                0x00000794                echo_cmd
 .text.send_EXprompt
                0x00000814       0x2a commands.o
                0x00000814                send_EXprompt
 .text.rebootACKd
                0x0000083e       0x54 commands.o
                0x0000083e                rebootACKd
 .text.send_GTprompt
                0x00000892       0x2a commands.o
                0x00000892                send_GTprompt
 .text.commands
                0x000008bc      0x116 commands.o
                0x000008bc                commands
 .text.convert_ds2iso
                0x000009d2       0x6e ds3231.o
                0x000009d2                convert_ds2iso
 .text.convert_iso2ds
                0x00000a40       0xc0 ds3231.o
                0x00000a40                convert_iso2ds
 .text.read_DS3231
                0x00000b00       0x78 ds3231.o
                0x00000b00                read_DS3231
 .text.get_time
                0x00000b78       0x68 ds3231.o
                0x00000b78                get_time
 .text.write_DS3231
                0x00000be0       0x70 ds3231.o
                0x00000be0                write_DS3231
 .text.put_time
                0x00000c50       0x4c ds3231.o
                0x00000c50                put_time
 .text.get_BOOTTIME
                0x00000c9c        0xe eeprom.o
                0x00000c9c                get_BOOTTIME
 .text.get_VERSION
                0x00000caa        0xe eeprom.o
                0x00000caa                get_VERSION
 .text.update_BOOTTIME
                0x00000cb8       0x32 eeprom.o
                0x00000cb8                update_BOOTTIME
 .text.update_VERSION
                0x00000cea       0x3c eeprom.o
                0x00000cea                update_VERSION
 .text.init_EEPROM
                0x00000d26        0xa eeprom.o
                0x00000d26                init_EEPROM
 .text.printError
                0x00000d30       0x6c errors.o
                0x00000d30                printError
 .text.read_FRAM
                0x00000d9c       0x9c fram.o
                0x00000d9c                read_FRAM
 .text.get_SETTIME
                0x00000e38       0x60 fram.o
                0x00000e38                get_SETTIME
 .text.write_FRAM
                0x00000e98       0x64 fram.o
                0x00000e98                write_FRAM
 .text.get_humidity
                0x00000efc      0x102 humidity.o
                0x00000efc                get_humidity
 .text.initialize
                0x00000ffe       0x7a initialize.o
                0x00000ffe                initialize
 .text.read_ionpump
                0x00001078       0xd6 ionpump.o
                0x00001078                read_ionpump
 .text.main     0x0000114e       0x80 main.o
                0x0000114e                main
 .text.read_MCP23008
                0x000011ce       0x5e mcp23008.o
                0x000011ce                read_MCP23008
 .text.write_MCP23008
                0x0000122c       0x5c mcp23008.o
                0x0000122c                write_MCP23008
 .text.read_MCP9808
                0x00001288       0xce mcp9808.o
                0x00001288                read_MCP9808
 .text.read_MMA8451
                0x00001356       0x7c mma8451.o
                0x00001356                read_MMA8451
 .text.get_orientation
                0x000013d2      0x13c mma8451.o
                0x000013d2                get_orientation
 .text.write_MMA8451
                0x0000150e       0x54 mma8451.o
                0x0000150e                write_MMA8451
 .text.init_MMA8451
                0x00001562       0x64 mma8451.o
                0x00001562                init_MMA8451
 .text.checksum_NMEA
                0x000015c6       0x92 nmea.o
                0x000015c6                checksum_NMEA
 .text.reset_OLED
                0x00001658       0x18 oled.o
                0x00001658                reset_OLED
 .text.write_OLED
                0x00001670       0x24 oled.o
                0x00001670                write_OLED
 .text.init_OLEDDISPLAY
                0x00001694      0x14c oled.o
                0x00001694                init_OLEDDISPLAY
 .text.init_OLED
                0x000017e0       0x22 oled.o
                0x000017e0                init_OLED
 .text.writestr_OLED
                0x00001802       0xba oled.o
                0x00001802                writestr_OLED
 .text.clear_OLED
                0x000018bc       0x3c oled.o
                0x000018bc                clear_OLED
 .text.read_PNEUSensors
                0x000018f8       0xd8 pneu.o
                0x000018f8                read_PNEUSensors
 .text.set_PNEUVALVES
                0x000019d0       0x24 pneu.o
                0x000019d0                set_PNEUVALVES
 .text.close_PNEU
                0x000019f4      0x154 pneu.o
                0x000019f4                close_PNEU
 .text.open_PNEU
                0x00001b48      0x154 pneu.o
                0x00001b48                open_PNEU
 .text.__vector_20
                0x00001c9c       0x5e pneu.o
                0x00001c9c                __vector_20
 .text.init_PORTS
                0x00001cfa       0x2c ports.o
                0x00001cfa                init_PORTS
 .text.report   0x00001d26      0xb1a report.o
                0x00001d26                report
 .text.crc16    0x00002840       0x4a roboclaw.o
                0x00002840                crc16
 .text.get_FRAM_MOTOR_ENCODER
                0x0000288a       0xb8 roboclaw.o
                0x0000288a                get_FRAM_MOTOR_ENCODER
 .text.get_MOTOR
                0x00002942      0x156 roboclaw.o
                0x00002942                get_MOTOR
 .text.get_MOTOR_ENCODER
                0x00002a98       0x9e roboclaw.o
                0x00002a98                get_MOTOR_ENCODER
 .text.get_MOTOR_SPEED
                0x00002b36       0x9e roboclaw.o
                0x00002b36                get_MOTOR_SPEED
 .text.get_MOTOREncoder
                0x00002bd4      0x1ac roboclaw.o
                0x00002bd4                get_MOTOREncoder
 .text.get_MOTORFloat
                0x00002d80      0x104 roboclaw.o
                0x00002d80                get_MOTORFloat
 .text.get_MOTORCurrent
                0x00002e84      0x142 roboclaw.o
                0x00002e84                get_MOTORCurrent
 .text.motorsMoving
                0x00002fc6       0x4a roboclaw.o
                0x00002fc6                motorsMoving
 .text.move_MOTORAbsolute
                0x00003010       0xcc roboclaw.o
                0x00003010                move_MOTORAbsolute
 .text.putFRAM_MOTOREncoder
                0x000030dc       0x6c roboclaw.o
                0x000030dc                putFRAM_MOTOREncoder
 .text.put_MOTOR
                0x00003148      0x120 roboclaw.o
                0x00003148                put_MOTOR
 .text.move_MOTOR
                0x00003268       0x6a roboclaw.o
                0x00003268                move_MOTOR
 .text.move_MOTOR_CMD
                0x000032d2      0x102 roboclaw.o
                0x000032d2                move_MOTOR_CMD
 .text.put_MOTOR_ENCODER
                0x000033d4       0xae roboclaw.o
                0x000033d4                put_MOTOR_ENCODER
 .text.saveFRAM_MOTOREncoders
                0x00003482       0x28 roboclaw.o
                0x00003482                saveFRAM_MOTOREncoders
 .text.set_MOTOREncoder
                0x000034aa       0xae roboclaw.o
                0x000034aa                set_MOTOREncoder
 .text.init_MOTORS
                0x00003558       0x5c roboclaw.o
                0x00003558                init_MOTORS
 .text.init_RTC
                0x000035b4       0x5c rtc.o
                0x000035b4                init_RTC
 .text.__vector_3
                0x00003610       0x44 rtc.o
                0x00003610                __vector_3
 .text.set      0x00003654       0x7a set.o
                0x00003654                set
 .text.get_temperature
                0x000036ce       0x50 temperature.o
                0x000036ce                get_temperature
 .text.testroutine
                0x0000371e       0xe4 testroutine.o
                0x0000371e                testroutine
 .text.start_TCB0
                0x00003802       0x2c timers.o
                0x00003802                start_TCB0
 .text.stop_TCB0
                0x0000382e        0x6 timers.o
                0x0000382e                stop_TCB0
 .text.__vector_12
                0x00003834       0x58 timers.o
                0x00003834                __vector_12
 .text.init_TWI
                0x0000388c       0x16 twi.o
                0x0000388c                init_TWI
 .text.read_TWI
                0x000038a2       0x54 twi.o
                0x000038a2                read_TWI
 .text.readlast_TWI
                0x000038f6       0x4e twi.o
                0x000038f6                readlast_TWI
 .text.start_TWI
                0x00003944       0xa4 twi.o
                0x00003944                start_TWI
 .text.stop_TWI
                0x000039e8        0x8 twi.o
                0x000039e8                stop_TWI
 .text.write_TWI
                0x000039f0       0xa6 twi.o
                0x000039f0                write_TWI
 .text.init_USART
                0x00003a96       0xb0 usart.o
                0x00003a96                init_USART
 .text.send_USART
                0x00003b46      0x13c usart.o
                0x00003b46                send_USART
 .text.__vector_17
                0x00003c82       0x9c usart.o
                0x00003c82                __vector_17
 .text.__vector_18
                0x00003d1e       0x78 usart.o
                0x00003d1e                __vector_18
 .text.__vector_26
                0x00003d96       0x56 usart.o
                0x00003d96                __vector_26
 .text.__vector_27
                0x00003dec       0x78 usart.o
                0x00003dec                __vector_27
 .text.__vector_37
                0x00003e64       0x6a usart.o
                0x00003e64                __vector_37
 .text.__vector_38
                0x00003ece       0x5c usart.o
                0x00003ece                __vector_38
 .text.reboot   0x00003f2a        0xc wdt.o
                0x00003f2a                reboot
 .text.__vector_29
                0x00003f36       0x56 wdt.o
                0x00003f36                __vector_29
 .text.avr-libc.fplib
                0x00003f8c        0xe c:/program files (x86)/atmel/studio/7.0/toolchain/avr8/avr8-gnu-toolchain/bin/../lib/gcc/avr/5.4.0/../../../../avr/lib/avrxmega3\libm.a(addsf3.o)
                0x00003f8c                __subsf3
                0x00003f8e                __addsf3
 .text.avr-libc.fplib
                0x00003f9a       0xcc c:/program files (x86)/atmel/studio/7.0/toolchain/avr8/avr8-gnu-toolchain/bin/../lib/gcc/avr/5.4.0/../../../../avr/lib/avrxmega3\libm.a(addsf3x.o)
                0x00003fbc                __addsf3x
 .text.avr-libc.fplib
                0x00004066        0xa c:/program files (x86)/atmel/studio/7.0/toolchain/avr8/avr8-gnu-toolchain/bin/../lib/gcc/avr/5.4.0/../../../../avr/lib/avrxmega3\libm.a(cmpsf2.o)
                0x00004066                __nesf2
                0x00004066                __eqsf2
                0x00004066                __cmpsf2
                0x00004066                __ltsf2
                0x00004066                __lesf2
 .text.avr-libc.fplib
                0x00004070        0x8 c:/program files (x86)/atmel/studio/7.0/toolchain/avr8/avr8-gnu-toolchain/bin/../lib/gcc/avr/5.4.0/../../../../avr/lib/avrxmega3\libm.a(divsf3.o)
                0x00004070                __divsf3
 .text.avr-libc.fplib
                0x00004078       0xdc c:/program files (x86)/atmel/studio/7.0/toolchain/avr8/avr8-gnu-toolchain/bin/../lib/gcc/avr/5.4.0/../../../../avr/lib/avrxmega3\libm.a(divsf3x.o)
                0x00004098                __divsf3x
                0x0000409e                __divsf3_pse
 .text.avr-libc.fplib
                0x00004154       0x7a c:/program files (x86)/atmel/studio/7.0/toolchain/avr8/avr8-gnu-toolchain/bin/../lib/gcc/avr/5.4.0/../../../../avr/lib/avrxmega3\libm.a(floatsisf.o)
                0x00004154                __floatunsisf
                0x00004158                __floatsisf
 .text.avr-libc.fplib
                0x000041ce       0x48 c:/program files (x86)/atmel/studio/7.0/toolchain/avr8/avr8-gnu-toolchain/bin/../lib/gcc/avr/5.4.0/../../../../avr/lib/avrxmega3\libm.a(fp_cmp.o)
                0x000041ce                __fp_cmp
 .text.avr-libc.fplib
                0x00004216        0xc c:/program files (x86)/atmel/studio/7.0/toolchain/avr8/avr8-gnu-toolchain/bin/../lib/gcc/avr/5.4.0/../../../../avr/lib/avrxmega3\libm.a(fp_inf.o)
                0x00004216                __fp_inf
 .text.avr-libc.fplib
                0x00004222        0x6 c:/program files (x86)/atmel/studio/7.0/toolchain/avr8/avr8-gnu-toolchain/bin/../lib/gcc/avr/5.4.0/../../../../avr/lib/avrxmega3\libm.a(fp_nan.o)
                0x00004222                __fp_nan
 .text.avr-libc.fplib
                0x00004228        0xe c:/program files (x86)/atmel/studio/7.0/toolchain/avr8/avr8-gnu-toolchain/bin/../lib/gcc/avr/5.4.0/../../../../avr/lib/avrxmega3\libm.a(fp_pscA.o)
                0x00004228                __fp_pscA
 .text.avr-libc.fplib
                0x00004236        0xe c:/program files (x86)/atmel/studio/7.0/toolchain/avr8/avr8-gnu-toolchain/bin/../lib/gcc/avr/5.4.0/../../../../avr/lib/avrxmega3\libm.a(fp_pscB.o)
                0x00004236                __fp_pscB
 .text.avr-libc.fplib
                0x00004244       0x22 c:/program files (x86)/atmel/studio/7.0/toolchain/avr8/avr8-gnu-toolchain/bin/../lib/gcc/avr/5.4.0/../../../../avr/lib/avrxmega3\libm.a(fp_round.o)
                0x00004244                __fp_round
 .text.avr-libc.fplib
                0x00004266       0x44 c:/program files (x86)/atmel/studio/7.0/toolchain/avr8/avr8-gnu-toolchain/bin/../lib/gcc/avr/5.4.0/../../../../avr/lib/avrxmega3\libm.a(fp_split3.o)
                0x00004266                __fp_split3
                0x00004276                __fp_splitA
 .text.avr-libc.fplib
                0x000042aa        0xe c:/program files (x86)/atmel/studio/7.0/toolchain/avr8/avr8-gnu-toolchain/bin/../lib/gcc/avr/5.4.0/../../../../avr/lib/avrxmega3\libm.a(fp_zero.o)
                0x000042aa                __fp_zero
                0x000042ac                __fp_szero
 .text.avr-libc.fplib
                0x000042b8        0xa c:/program files (x86)/atmel/studio/7.0/toolchain/avr8/avr8-gnu-toolchain/bin/../lib/gcc/avr/5.4.0/../../../../avr/lib/avrxmega3\libm.a(gesf2.o)
                0x000042b8                __gesf2
                0x000042b8                __gtsf2
 .text.avr-libc.fplib
                0x000042c2        0x8 c:/program files (x86)/atmel/studio/7.0/toolchain/avr8/avr8-gnu-toolchain/bin/../lib/gcc/avr/5.4.0/../../../../avr/lib/avrxmega3\libm.a(mulsf3.o)
                0x000042c2                __mulsf3
 .text.avr-libc.fplib
                0x000042ca       0xd2 c:/program files (x86)/atmel/studio/7.0/toolchain/avr8/avr8-gnu-toolchain/bin/../lib/gcc/avr/5.4.0/../../../../avr/lib/avrxmega3\libm.a(mulsf3x.o)
                0x000042e8                __mulsf3x
                0x000042ee                __mulsf3_pse
 .text.avr-libc
                0x0000439c      0x6fa c:/program files (x86)/atmel/studio/7.0/toolchain/avr8/avr8-gnu-toolchain/bin/../lib/gcc/avr/5.4.0/../../../../avr/lib/avrxmega3\libprintf_flt.a(vfprintf_flt.o)
                0x0000439c                vfprintf
 .text.libgcc.div
                0x00004a96       0x28 c:/program files (x86)/atmel/studio/7.0/toolchain/avr8/avr8-gnu-toolchain/bin/../lib/gcc/avr/5.4.0/avrxmega3\libgcc.a(_divmodhi4.o)
                0x00004a96                _div
                0x00004a96                __divmodhi4
 .text.libgcc.div
                0x00004abe       0x2e c:/program files (x86)/atmel/studio/7.0/toolchain/avr8/avr8-gnu-toolchain/bin/../lib/gcc/avr/5.4.0/avrxmega3\libgcc.a(_divmodsi4.o)
                0x00004abe                __divmodsi4
 .text.libgcc.div
                0x00004aec       0x10 c:/program files (x86)/atmel/studio/7.0/toolchain/avr8/avr8-gnu-toolchain/bin/../lib/gcc/avr/5.4.0/avrxmega3\libgcc.a(_negsi2.o)
                0x00004aec                __negsi2
 .text.libgcc   0x00004afc        0xc c:/program files (x86)/atmel/studio/7.0/toolchain/avr8/avr8-gnu-toolchain/bin/../lib/gcc/avr/5.4.0/avrxmega3\libgcc.a(_tablejump2.o)
                0x00004afc                __tablejump2__
 .text.libgcc.mul
                0x00004b08       0x16 c:/program files (x86)/atmel/studio/7.0/toolchain/avr8/avr8-gnu-toolchain/bin/../lib/gcc/avr/5.4.0/avrxmega3\libgcc.a(_muluhisi3.o)
                0x00004b08                __muluhisi3
 .text.libgcc.prologue
                0x00004b1e       0x32 c:/program files (x86)/atmel/studio/7.0/toolchain/avr8/avr8-gnu-toolchain/bin/../lib/gcc/avr/5.4.0/avrxmega3\libgcc.a(_prologue.o)
                0x00004b1e                __prologue_saves__
 .text.libgcc.prologue
                0x00004b50       0x30 c:/program files (x86)/atmel/studio/7.0/toolchain/avr8/avr8-gnu-toolchain/bin/../lib/gcc/avr/5.4.0/avrxmega3\libgcc.a(_epilogue.o)
                0x00004b50                __epilogue_restores__
 .text.libgcc.div
                0x00004b80       0x28 c:/program files (x86)/atmel/studio/7.0/toolchain/avr8/avr8-gnu-toolchain/bin/../lib/gcc/avr/5.4.0/avrxmega3\libgcc.a(_udivmodhi4.o)
                0x00004b80                __udivmodhi4
 .text.libgcc.div
                0x00004ba8       0x44 c:/program files (x86)/atmel/studio/7.0/toolchain/avr8/avr8-gnu-toolchain/bin/../lib/gcc/avr/5.4.0/avrxmega3\libgcc.a(_udivmodsi4.o)
                0x00004ba8                __udivmodsi4
 .text.libgcc.mul
                0x00004bec       0x1e c:/program files (x86)/atmel/studio/7.0/toolchain/avr8/avr8-gnu-toolchain/bin/../lib/gcc/avr/5.4.0/avrxmega3\libgcc.a(_umulhisi3.o)
                0x00004bec                __umulhisi3
 .text.avr-libc
                0x00004c0a       0x4e c:/program files (x86)/atmel/studio/7.0/toolchain/avr8/avr8-gnu-toolchain/bin/../lib/gcc/avr/5.4.0/../../../../avr/lib/avrxmega3\libc.a(atol.o)
                0x00004c0a                atol
 .text.avr-libc
                0x00004c58      0x1b0 c:/program files (x86)/atmel/studio/7.0/toolchain/avr8/avr8-gnu-toolchain/bin/../lib/gcc/avr/5.4.0/../../../../avr/lib/avrxmega3\libc.a(ftoa_engine.o)
                0x00004c58                __ftoa_engine
 .text.avr-libc
                0x00004e08       0x16 c:/program files (x86)/atmel/studio/7.0/toolchain/avr8/avr8-gnu-toolchain/bin/../lib/gcc/avr/5.4.0/../../../../avr/lib/avrxmega3\libc.a(strnlen_P.o)
                0x00004e08                strnlen_P
 .text.avr-libc
                0x00004e1e       0x16 c:/program files (x86)/atmel/studio/7.0/toolchain/avr8/avr8-gnu-toolchain/bin/../lib/gcc/avr/5.4.0/../../../../avr/lib/avrxmega3\libc.a(strcat.o)
                0x00004e1e                strcat
 .text.avr-libc
                0x00004e34        0xe c:/program files (x86)/atmel/studio/7.0/toolchain/avr8/avr8-gnu-toolchain/bin/../lib/gcc/avr/5.4.0/../../../../avr/lib/avrxmega3\libc.a(strcpy.o)
                0x00004e34                strcpy
 .text.avr-libc
                0x00004e42       0x16 c:/program files (x86)/atmel/studio/7.0/toolchain/avr8/avr8-gnu-toolchain/bin/../lib/gcc/avr/5.4.0/../../../../avr/lib/avrxmega3\libc.a(strnlen.o)
                0x00004e42                strnlen
 .text.avr-libc
                0x00004e58       0x2a c:/program files (x86)/atmel/studio/7.0/toolchain/avr8/avr8-gnu-toolchain/bin/../lib/gcc/avr/5.4.0/../../../../avr/lib/avrxmega3\libc.a(mulsi10.o)
                0x00004e58                __mulsi_const_10
 .text.avr-libc
                0x00004e82       0x78 c:/program files (x86)/atmel/studio/7.0/toolchain/avr8/avr8-gnu-toolchain/bin/../lib/gcc/avr/5.4.0/../../../../avr/lib/avrxmega3\libc.a(fputc.o)
                0x00004e82                fputc
 .text.avr-libc
                0x00004efa       0x44 c:/program files (x86)/atmel/studio/7.0/toolchain/avr8/avr8-gnu-toolchain/bin/../lib/gcc/avr/5.4.0/../../../../avr/lib/avrxmega3\libc.a(sprintf.o)
                0x00004efa                sprintf
 .text.avr-libc
                0x00004f3e       0xbc c:/program files (x86)/atmel/studio/7.0/toolchain/avr8/avr8-gnu-toolchain/bin/../lib/gcc/avr/5.4.0/../../../../avr/lib/avrxmega3\libc.a(ultoa_invert.o)
                0x00004f3e                __ultoa_invert
 .text.avr-libc
                0x00004ffa        0x8 C:/Program Files (x86)/Atmel/Studio/7.0/Packs/atmel/ATmega_DFP/1.6.364/gcc/dev/atmega4809/avrxmega3\libatmega4809.a(eerd_block.o)
                0x00004ffa                eeprom_read_block
 .text.avr-libc
                0x00005002       0x20 C:/Program Files (x86)/Atmel/Studio/7.0/Packs/atmel/ATmega_DFP/1.6.364/gcc/dev/atmega4809/avrxmega3\libatmega4809.a(eeupd_block.o)
                0x00005002                eeprom_update_block
 .text.avr-libc
                0x00005022       0x16 C:/Program Files (x86)/Atmel/Studio/7.0/Packs/atmel/ATmega_DFP/1.6.364/gcc/dev/atmega4809/avrxmega3\libatmega4809.a(eeupd_byte.o)
                0x00005022                eeprom_update_byte
                0x00005024                eeprom_update_r18
 .text.avr-libc
                0x00005038       0x28 C:/Program Files (x86)/Atmel/Studio/7.0/Packs/atmel/ATmega_DFP/1.6.364/gcc/dev/atmega4809/avrxmega3\libatmega4809.a(eewr_byte.o)
                0x00005038                eeprom_write_byte
                0x0000503a                eeprom_write_r18
 .text.avr-libc
                0x00005060       0x10 C:/Program Files (x86)/Atmel/Studio/7.0/Packs/atmel/ATmega_DFP/1.6.364/gcc/dev/atmega4809/avrxmega3\libatmega4809.a(eerd_byte.o)
                0x00005060                eeprom_read_byte
                0x00005068                eeprom_mapen
 .text.avr-libc
                0x00005070       0x12 c:/program files (x86)/atmel/studio/7.0/toolchain/avr8/avr8-gnu-toolchain/bin/../lib/gcc/avr/5.4.0/../../../../avr/lib/avrxmega3\libc.a(memcpy.o)
                0x00005070                memcpy
                0x00005082                . = ALIGN (0x2)
 *(.fini9)
 .fini9         0x00005082        0x0 c:/program files (x86)/atmel/studio/7.0/toolchain/avr8/avr8-gnu-toolchain/bin/../lib/gcc/avr/5.4.0/avrxmega3\libgcc.a(_exit.o)
                0x00005082                _exit
                0x00005082                exit
 *(.fini9)
 *(.fini8)
 *(.fini8)
 *(.fini7)
 *(.fini7)
 *(.fini6)
 *(.fini6)
 *(.fini5)
 *(.fini5)
 *(.fini4)
 *(.fini4)
 *(.fini3)
 *(.fini3)
 *(.fini2)
 *(.fini2)
 *(.fini1)
 *(.fini1)
 *(.fini0)
 .fini0         0x00005082        0x4 c:/program files (x86)/atmel/studio/7.0/toolchain/avr8/avr8-gnu-toolchain/bin/../lib/gcc/avr/5.4.0/avrxmega3\libgcc.a(_exit.o)
 *(.fini0)
                0x00005086                _etext = .

.rodata         0x00009086      0x730 load address 0x00005086
 *(.rodata)
 *(.rodata*)
 .rodata.str1.1
                0x00009086       0x3a commands.o
 .rodata.str1.1
                0x000090c0       0x4a ds3231.o
 .rodata.str1.1
                0x0000910a        0xb eeprom.o
 .rodata.str1.1
                0x00009115        0xa errors.o
 .rodata.str1.1
                0x0000911f        0xa fram.o
 .rodata.str1.1
                0x00009129       0x11 initialize.o
 .rodata.str1.1
                0x0000913a       0x29 mcp23008.o
 .rodata.str1.1
                0x00009163        0x8 nmea.o
 .rodata.str1.1
                0x0000916b       0x11 oled.o
 .rodata.str1.1
                0x0000917c       0x6b pneu.o
 .rodata.str1.1
                0x000091e7      0x1e8 report.o
                                0x1f9 (size before relaxing)
 .rodata.str1.1
                0x000093cf      0x30b roboclaw.o
 .rodata.str1.1
                0x000096da       0x1f set.o
 .rodata.str1.1
                0x000096f9       0x26 testroutine.o
 .rodata.str1.1
                0x0000971f       0x97 twi.o
 *(.gnu.linkonce.r*)

.data           0x00802800        0x0 load address 0x000057b6
                [!provide]                PROVIDE (__data_start, .)
 *(.data)
 *(.data*)
 *(.gnu.linkonce.d*)
                0x00802800                . = ALIGN (0x2)
                0x00802800                _edata = .
                [!provide]                PROVIDE (__data_end, .)

.bss            0x00802800      0x84d
                0x00802800                PROVIDE (__bss_start, .)
 *(.bss)
 *(.bss*)
 .bss.cstack.3772
                0x00802800        0x1 commands.o
 *(COMMON)
 COMMON         0x00802801        0x1 errors.o
                0x00802801                squelchErrors
 COMMON         0x00802802        0x1 initialize.o
                0x00802802                rebootackd
 COMMON         0x00802803      0x209 main.o
                0x00802803                pcmd
                0x00802a0b                firstpass
 COMMON         0x00802a0c        0x4 oled.o
                0x00802a0c                timerOLED
                0x00802a0e                timeoutOLED
 COMMON         0x00802a10        0x1 pneu.o
                0x00802a10                pneuState
 COMMON         0x00802a11       0x24 roboclaw.o
                0x00802a11                pid
                0x00802a2d                timeoutSAVEENCODER
                0x00802a2e                TWI_ticks
                0x00802a30                USART1_ticks
                0x00802a32                timerSAVEENCODER
                0x00802a33                ticks
 COMMON         0x00802a35      0x618 usart.o
                0x00802a35                recv1_buf
                0x00802b39                recv0_buf
                0x00802c3d                send0_buf
                0x00802d41                recv3_buf
                0x00802e45                send3_buf
                0x00802f49                send1_buf
                0x0080304d                PROVIDE (__bss_end, .)
                0x000057b6                __data_load_start = LOADADDR (.data)
                0x000057b6                __data_load_end = (__data_load_start + SIZEOF (.data))

.noinit         0x0080304d        0x0
                [!provide]                PROVIDE (__noinit_start, .)
 *(.noinit*)
                [!provide]                PROVIDE (__noinit_end, .)
                0x0080304d                _end = .
                [!provide]                PROVIDE (__heap_start, .)

.eeprom         0x00810000        0x0
 *(.eeprom*)
                0x00810000                __eeprom_end = .

.fuse
 *(.fuse)
 *(.lfuse)
 *(.hfuse)
 *(.efuse)

.lock
 *(.lock*)

.signature
 *(.signature*)

.user_signatures
 *(.user_signatures*)

.stab
 *(.stab)

.stabstr
 *(.stabstr)

.stab.excl
 *(.stab.excl)

.stab.exclstr
 *(.stab.exclstr)

.stab.index
 *(.stab.index)

.stab.indexstr
 *(.stab.indexstr)

.comment        0x00000000       0x5c
 *(.comment)
 .comment       0x00000000       0x30 ad590.o
                                 0x31 (size before relaxing)
 .comment       0x00000030       0x31 ads1115.o
 .comment       0x00000030       0x31 commands.o
 .comment       0x00000030       0x31 ds3231.o
 .comment       0x00000030       0x31 eeprom.o
 .comment       0x00000030       0x31 errors.o
 .comment       0x00000030       0x31 fram.o
 .comment       0x00000030       0x31 humidity.o
 .comment       0x00000030       0x31 initialize.o
 .comment       0x00000030       0x31 ionpump.o
 .comment       0x00000030       0x31 main.o
 .comment       0x00000030       0x31 mcp23008.o
 .comment       0x00000030       0x31 mcp9808.o
 .comment       0x00000030       0x31 mma8451.o
 .comment       0x00000030       0x31 nmea.o
 .comment       0x00000030       0x31 oled.o
 .comment       0x00000030       0x31 pneu.o
 .comment       0x00000030       0x31 ports.o
 .comment       0x00000030       0x31 report.o
 .comment       0x00000030       0x31 roboclaw.o
 .comment       0x00000030       0x31 rtc.o
 .comment       0x00000030       0x31 set.o
 .comment       0x00000030       0x31 temperature.o
 .comment       0x00000030       0x31 testroutine.o
 .comment       0x00000030       0x31 timers.o
 .comment       0x00000030       0x31 twi.o
 .comment       0x00000030       0x31 usart.o
 .comment       0x00000030       0x31 wdt.o
 .comment       0x00000030       0x2c c:/program files (x86)/atmel/studio/7.0/toolchain/avr8/avr8-gnu-toolchain/bin/../lib/gcc/avr/5.4.0/../../../../avr/lib/avrxmega3\libprintf_flt.a(vfprintf_flt.o)
                                 0x2d (size before relaxing)
 .comment       0x0000005c       0x31 c:/program files (x86)/atmel/studio/7.0/toolchain/avr8/avr8-gnu-toolchain/bin/../lib/gcc/avr/5.4.0/../../../../avr/lib/avrxmega3\libc.a(fputc.o)
 .comment       0x0000005c       0x31 c:/program files (x86)/atmel/studio/7.0/toolchain/avr8/avr8-gnu-toolchain/bin/../lib/gcc/avr/5.4.0/../../../../avr/lib/avrxmega3\libc.a(sprintf.o)

.note.gnu.avr.deviceinfo
                0x00000000       0x40
 .note.gnu.avr.deviceinfo
                0x00000000       0x40 C:/Program Files (x86)/Atmel/Studio/7.0/Packs/atmel/ATmega_DFP/1.6.364/gcc/dev/atmega4809/avrxmega3/crtatmega4809.o

.note.gnu.build-id
 *(.note.gnu.build-id)

.debug
 *(.debug)

.line
 *(.line)

.debug_srcinfo
 *(.debug_srcinfo)

.debug_sfnames
 *(.debug_sfnames)

.debug_aranges  0x00000000      0x650
 *(.debug_aranges)
 .debug_aranges
                0x00000000       0x20 ad590.o
 .debug_aranges
                0x00000020       0x20 ads1115.o
 .debug_aranges
                0x00000040       0x68 commands.o
 .debug_aranges
                0x000000a8       0x48 ds3231.o
 .debug_aranges
                0x000000f0       0x40 eeprom.o
 .debug_aranges
                0x00000130       0x20 errors.o
 .debug_aranges
                0x00000150       0x30 fram.o
 .debug_aranges
                0x00000180       0x20 humidity.o
 .debug_aranges
                0x000001a0       0x20 initialize.o
 .debug_aranges
                0x000001c0       0x20 ionpump.o
 .debug_aranges
                0x000001e0       0x20 main.o
 .debug_aranges
                0x00000200       0x28 mcp23008.o
 .debug_aranges
                0x00000228       0x20 mcp9808.o
 .debug_aranges
                0x00000248       0x38 mma8451.o
 .debug_aranges
                0x00000280       0x20 nmea.o
 .debug_aranges
                0x000002a0       0x48 oled.o
 .debug_aranges
                0x000002e8       0x48 pneu.o
 .debug_aranges
                0x00000330       0x20 ports.o
 .debug_aranges
                0x00000350       0x20 report.o
 .debug_aranges
                0x00000370       0xc0 roboclaw.o
 .debug_aranges
                0x00000430       0x28 rtc.o
 .debug_aranges
                0x00000458       0x20 set.o
 .debug_aranges
                0x00000478       0x20 temperature.o
 .debug_aranges
                0x00000498       0x20 testroutine.o
 .debug_aranges
                0x000004b8       0x30 timers.o
 .debug_aranges
                0x000004e8       0x48 twi.o
 .debug_aranges
                0x00000530       0x58 usart.o
 .debug_aranges
                0x00000588       0x28 wdt.o
 .debug_aranges
                0x000005b0       0x20 C:/Program Files (x86)/Atmel/Studio/7.0/Packs/atmel/ATmega_DFP/1.6.364/gcc/dev/atmega4809/avrxmega3\libatmega4809.a(eerd_block.o)
 .debug_aranges
                0x000005d0       0x20 C:/Program Files (x86)/Atmel/Studio/7.0/Packs/atmel/ATmega_DFP/1.6.364/gcc/dev/atmega4809/avrxmega3\libatmega4809.a(eeupd_block.o)
 .debug_aranges
                0x000005f0       0x20 C:/Program Files (x86)/Atmel/Studio/7.0/Packs/atmel/ATmega_DFP/1.6.364/gcc/dev/atmega4809/avrxmega3\libatmega4809.a(eeupd_byte.o)
 .debug_aranges
                0x00000610       0x20 C:/Program Files (x86)/Atmel/Studio/7.0/Packs/atmel/ATmega_DFP/1.6.364/gcc/dev/atmega4809/avrxmega3\libatmega4809.a(eewr_byte.o)
 .debug_aranges
                0x00000630       0x20 C:/Program Files (x86)/Atmel/Studio/7.0/Packs/atmel/ATmega_DFP/1.6.364/gcc/dev/atmega4809/avrxmega3\libatmega4809.a(eerd_byte.o)

.debug_pubnames
 *(.debug_pubnames)

.debug_info     0x00000000     0xaa97
 *(.debug_info .gnu.linkonce.wi.*)
 .debug_info    0x00000000     0x248a C:/Program Files (x86)/Atmel/Studio/7.0/Packs/atmel/ATmega_DFP/1.6.364/gcc/dev/atmega4809/avrxmega3/crtatmega4809.o
 .debug_info    0x0000248a      0x21b ad590.o
 .debug_info    0x000026a5      0x33e ads1115.o
 .debug_info    0x000029e3      0x9b0 commands.o
 .debug_info    0x00003393      0x4a2 ds3231.o
 .debug_info    0x00003835      0x24f eeprom.o
 .debug_info    0x00003a84      0x15c errors.o
 .debug_info    0x00003be0      0x363 fram.o
 .debug_info    0x00003f43      0x164 humidity.o
 .debug_info    0x000040a7      0x22a initialize.o
 .debug_info    0x000042d1      0x10f ionpump.o
 .debug_info    0x000043e0      0x2b6 main.o
 .debug_info    0x00004696      0x2ab mcp23008.o
 .debug_info    0x00004941      0x191 mcp9808.o
 .debug_info    0x00004ad2      0x429 mma8451.o
 .debug_info    0x00004efb      0x15c nmea.o
 .debug_info    0x00005057      0x9e4 oled.o
 .debug_info    0x00005a3b      0x862 pneu.o
 .debug_info    0x0000629d      0x2d6 ports.o
 .debug_info    0x00006573      0xbdc report.o
 .debug_info    0x0000714f     0x1903 roboclaw.o
 .debug_info    0x00008a52      0x689 rtc.o
 .debug_info    0x000090db      0x1fb set.o
 .debug_info    0x000092d6      0x106 temperature.o
 .debug_info    0x000093dc      0x224 testroutine.o
 .debug_info    0x00009600      0x292 timers.o
 .debug_info    0x00009892      0x5a7 twi.o
 .debug_info    0x00009e39      0x649 usart.o
 .debug_info    0x0000a482      0x2f6 wdt.o
 .debug_info    0x0000a778       0xa0 C:/Program Files (x86)/Atmel/Studio/7.0/Packs/atmel/ATmega_DFP/1.6.364/gcc/dev/atmega4809/avrxmega3\libatmega4809.a(eerd_block.o)
 .debug_info    0x0000a818       0xa1 C:/Program Files (x86)/Atmel/Studio/7.0/Packs/atmel/ATmega_DFP/1.6.364/gcc/dev/atmega4809/avrxmega3\libatmega4809.a(eeupd_block.o)
 .debug_info    0x0000a8b9       0xa0 C:/Program Files (x86)/Atmel/Studio/7.0/Packs/atmel/ATmega_DFP/1.6.364/gcc/dev/atmega4809/avrxmega3\libatmega4809.a(eeupd_byte.o)
 .debug_info    0x0000a959       0x9f C:/Program Files (x86)/Atmel/Studio/7.0/Packs/atmel/ATmega_DFP/1.6.364/gcc/dev/atmega4809/avrxmega3\libatmega4809.a(eewr_byte.o)
 .debug_info    0x0000a9f8       0x9f C:/Program Files (x86)/Atmel/Studio/7.0/Packs/atmel/ATmega_DFP/1.6.364/gcc/dev/atmega4809/avrxmega3\libatmega4809.a(eerd_byte.o)

.debug_abbrev   0x00000000     0x454e
 *(.debug_abbrev)
 .debug_abbrev  0x00000000     0x2296 C:/Program Files (x86)/Atmel/Studio/7.0/Packs/atmel/ATmega_DFP/1.6.364/gcc/dev/atmega4809/avrxmega3/crtatmega4809.o
 .debug_abbrev  0x00002296      0x129 ad590.o
 .debug_abbrev  0x000023bf      0x11a ads1115.o
 .debug_abbrev  0x000024d9      0x287 commands.o
 .debug_abbrev  0x00002760      0x149 ds3231.o
 .debug_abbrev  0x000028a9       0xda eeprom.o
 .debug_abbrev  0x00002983       0xf1 errors.o
 .debug_abbrev  0x00002a74      0x115 fram.o
 .debug_abbrev  0x00002b89       0xb8 humidity.o
 .debug_abbrev  0x00002c41       0xd7 initialize.o
 .debug_abbrev  0x00002d18       0xab ionpump.o
 .debug_abbrev  0x00002dc3      0x10c main.o
 .debug_abbrev  0x00002ecf       0xb8 mcp23008.o
 .debug_abbrev  0x00002f87       0xb2 mcp9808.o
 .debug_abbrev  0x00003039      0x127 mma8451.o
 .debug_abbrev  0x00003160      0x104 nmea.o
 .debug_abbrev  0x00003264      0x1f6 oled.o
 .debug_abbrev  0x0000345a      0x1fe pneu.o
 .debug_abbrev  0x00003658      0x124 ports.o
 .debug_abbrev  0x0000377c      0x148 report.o
 .debug_abbrev  0x000038c4      0x2f8 roboclaw.o
 .debug_abbrev  0x00003bbc      0x13e rtc.o
 .debug_abbrev  0x00003cfa       0xf7 set.o
 .debug_abbrev  0x00003df1       0xa9 temperature.o
 .debug_abbrev  0x00003e9a       0xee testroutine.o
 .debug_abbrev  0x00003f88      0x12b timers.o
 .debug_abbrev  0x000040b3      0x173 twi.o
 .debug_abbrev  0x00004226      0x1e3 usart.o
 .debug_abbrev  0x00004409       0xe1 wdt.o
 .debug_abbrev  0x000044ea       0x14 C:/Program Files (x86)/Atmel/Studio/7.0/Packs/atmel/ATmega_DFP/1.6.364/gcc/dev/atmega4809/avrxmega3\libatmega4809.a(eerd_block.o)
 .debug_abbrev  0x000044fe       0x14 C:/Program Files (x86)/Atmel/Studio/7.0/Packs/atmel/ATmega_DFP/1.6.364/gcc/dev/atmega4809/avrxmega3\libatmega4809.a(eeupd_block.o)
 .debug_abbrev  0x00004512       0x14 C:/Program Files (x86)/Atmel/Studio/7.0/Packs/atmel/ATmega_DFP/1.6.364/gcc/dev/atmega4809/avrxmega3\libatmega4809.a(eeupd_byte.o)
 .debug_abbrev  0x00004526       0x14 C:/Program Files (x86)/Atmel/Studio/7.0/Packs/atmel/ATmega_DFP/1.6.364/gcc/dev/atmega4809/avrxmega3\libatmega4809.a(eewr_byte.o)
 .debug_abbrev  0x0000453a       0x14 C:/Program Files (x86)/Atmel/Studio/7.0/Packs/atmel/ATmega_DFP/1.6.364/gcc/dev/atmega4809/avrxmega3\libatmega4809.a(eerd_byte.o)

.debug_line     0x00000000     0x4a62
 *(.debug_line .debug_line.* .debug_line_end)
 .debug_line    0x00000000      0x187 C:/Program Files (x86)/Atmel/Studio/7.0/Packs/atmel/ATmega_DFP/1.6.364/gcc/dev/atmega4809/avrxmega3/crtatmega4809.o
 .debug_line    0x00000187      0x1a1 ad590.o
 .debug_line    0x00000328      0x240 ads1115.o
 .debug_line    0x00000568      0x5e2 commands.o
 .debug_line    0x00000b4a      0x293 ds3231.o
 .debug_line    0x00000ddd      0x129 eeprom.o
 .debug_line    0x00000f06       0xd4 errors.o
 .debug_line    0x00000fda      0x199 fram.o
 .debug_line    0x00001173      0x123 humidity.o
 .debug_line    0x00001296      0x135 initialize.o
 .debug_line    0x000013cb       0xff ionpump.o
 .debug_line    0x000014ca      0x160 main.o
 .debug_line    0x0000162a      0x161 mcp23008.o
 .debug_line    0x0000178b      0x107 mcp9808.o
 .debug_line    0x00001892      0x233 mma8451.o
 .debug_line    0x00001ac5       0xfc nmea.o
 .debug_line    0x00001bc1      0x38e oled.o
 .debug_line    0x00001f4f      0x3c1 pneu.o
 .debug_line    0x00002310      0x196 ports.o
 .debug_line    0x000024a6      0x3fb report.o
 .debug_line    0x000028a1      0xf99 roboclaw.o
 .debug_line    0x0000383a      0x1cb rtc.o
 .debug_line    0x00003a05      0x10c set.o
 .debug_line    0x00003b11       0xea temperature.o
 .debug_line    0x00003bfb      0x11e testroutine.o
 .debug_line    0x00003d19      0x165 timers.o
 .debug_line    0x00003e7e      0x340 twi.o
 .debug_line    0x000041be      0x4bc usart.o
 .debug_line    0x0000467a      0x12c wdt.o
 .debug_line    0x000047a6       0x5d C:/Program Files (x86)/Atmel/Studio/7.0/Packs/atmel/ATmega_DFP/1.6.364/gcc/dev/atmega4809/avrxmega3\libatmega4809.a(eerd_block.o)
 .debug_line    0x00004803       0xa5 C:/Program Files (x86)/Atmel/Studio/7.0/Packs/atmel/ATmega_DFP/1.6.364/gcc/dev/atmega4809/avrxmega3\libatmega4809.a(eeupd_block.o)
 .debug_line    0x000048a8       0x80 C:/Program Files (x86)/Atmel/Studio/7.0/Packs/atmel/ATmega_DFP/1.6.364/gcc/dev/atmega4809/avrxmega3\libatmega4809.a(eeupd_byte.o)
 .debug_line    0x00004928       0xc1 C:/Program Files (x86)/Atmel/Studio/7.0/Packs/atmel/ATmega_DFP/1.6.364/gcc/dev/atmega4809/avrxmega3\libatmega4809.a(eewr_byte.o)
 .debug_line    0x000049e9       0x79 C:/Program Files (x86)/Atmel/Studio/7.0/Packs/atmel/ATmega_DFP/1.6.364/gcc/dev/atmega4809/avrxmega3\libatmega4809.a(eerd_byte.o)

.debug_frame    0x00000000     0x11f8
 *(.debug_frame)
 .debug_frame   0x00000000       0x5c ad590.o
 .debug_frame   0x0000005c       0x60 ads1115.o
 .debug_frame   0x000000bc      0x164 commands.o
 .debug_frame   0x00000220      0x104 ds3231.o
 .debug_frame   0x00000324       0x84 eeprom.o
 .debug_frame   0x000003a8       0x40 errors.o
 .debug_frame   0x000003e8       0xac fram.o
 .debug_frame   0x00000494       0x68 humidity.o
 .debug_frame   0x000004fc       0x34 initialize.o
 .debug_frame   0x00000530       0x54 ionpump.o
 .debug_frame   0x00000584       0x24 main.o
 .debug_frame   0x000005a8       0x50 mcp23008.o
 .debug_frame   0x000005f8       0x54 mcp9808.o
 .debug_frame   0x0000064c       0xc4 mma8451.o
 .debug_frame   0x00000710       0x48 nmea.o
 .debug_frame   0x00000758       0xc4 oled.o
 .debug_frame   0x0000081c      0x110 pneu.o
 .debug_frame   0x0000092c       0x24 ports.o
 .debug_frame   0x00000950       0x88 report.o
 .debug_frame   0x000009d8      0x434 roboclaw.o
 .debug_frame   0x00000e0c       0x48 rtc.o
 .debug_frame   0x00000e54       0x30 set.o
 .debug_frame   0x00000e84       0x34 temperature.o
 .debug_frame   0x00000eb8       0x54 testroutine.o
 .debug_frame   0x00000f0c       0x58 timers.o
 .debug_frame   0x00000f64       0x7c twi.o
 .debug_frame   0x00000fe0      0x19c usart.o
 .debug_frame   0x0000117c       0x7c wdt.o

.debug_str      0x00000000     0x23e7
 *(.debug_str)
 .debug_str     0x00000000      0xf85 C:/Program Files (x86)/Atmel/Studio/7.0/Packs/atmel/ATmega_DFP/1.6.364/gcc/dev/atmega4809/avrxmega3/crtatmega4809.o
 .debug_str     0x00000f85      0x1da ad590.o
                                0x21f (size before relaxing)
 .debug_str     0x0000115f       0x89 ads1115.o
                                0x272 (size before relaxing)
 .debug_str     0x000011e8      0x2bd commands.o
                                0x483 (size before relaxing)
 .debug_str     0x000014a5       0x92 ds3231.o
                                0x259 (size before relaxing)
 .debug_str     0x00001537       0x89 eeprom.o
                                0x1fd (size before relaxing)
 .debug_str     0x000015c0       0x32 errors.o
                                0x1e0 (size before relaxing)
 .debug_str     0x000015f2       0x5f fram.o
                                0x21a (size before relaxing)
 .debug_str     0x00001651       0x34 humidity.o
                                0x1de (size before relaxing)
 .debug_str     0x00001685       0x76 initialize.o
                                0x23c (size before relaxing)
 .debug_str     0x000016fb       0x2a ionpump.o
                                0x1bd (size before relaxing)
 .debug_str     0x00001725       0x44 main.o
                                0x283 (size before relaxing)
 .debug_str     0x00001769       0x25 mcp23008.o
                                0x1e7 (size before relaxing)
 .debug_str     0x0000178e       0x26 mcp9808.o
                                0x1ef (size before relaxing)
 .debug_str     0x000017b4       0x41 mma8451.o
                                0x215 (size before relaxing)
 .debug_str     0x000017f5       0x34 nmea.o
                                0x1bd (size before relaxing)
 .debug_str     0x00001829       0x6a oled.o
                                0x35a (size before relaxing)
 .debug_str     0x00001893      0x136 pneu.o
                                0x3f8 (size before relaxing)
 .debug_str     0x000019c9        0xd ports.o
                                0x31d (size before relaxing)
 .debug_str     0x000019d6      0x124 report.o
                                0x3f5 (size before relaxing)
 .debug_str     0x00001afa      0x1c8 roboclaw.o
                                0x549 (size before relaxing)
 .debug_str     0x00001cc2      0x337 rtc.o
                                0x5ce (size before relaxing)
 .debug_str     0x00001ff9        0xb set.o
                                0x1cf (size before relaxing)
 .debug_str     0x00002004       0x13 temperature.o
                                0x1c7 (size before relaxing)
 .debug_str     0x00002017       0x13 testroutine.o
                                0x227 (size before relaxing)
 .debug_str     0x0000202a       0x4c timers.o
                                0x264 (size before relaxing)
 .debug_str     0x00002076      0x16d twi.o
                                0x398 (size before relaxing)
 .debug_str     0x000021e3       0xdc usart.o
                                0x3e3 (size before relaxing)
 .debug_str     0x000022bf      0x128 wdt.o
                                0x38f (size before relaxing)

.debug_loc      0x00000000     0x4f1e
 *(.debug_loc)
 .debug_loc     0x00000000      0x1a7 ad590.o
 .debug_loc     0x000001a7      0x319 ads1115.o
 .debug_loc     0x000004c0      0x4e2 commands.o
 .debug_loc     0x000009a2      0x46d ds3231.o
 .debug_loc     0x00000e0f       0xda eeprom.o
 .debug_loc     0x00000ee9       0xae errors.o
 .debug_loc     0x00000f97      0x37b fram.o
 .debug_loc     0x00001312      0x21a humidity.o
 .debug_loc     0x0000152c       0x47 initialize.o
 .debug_loc     0x00001573      0x101 ionpump.o
 .debug_loc     0x00001674      0x18e mcp23008.o
 .debug_loc     0x00001802      0x175 mcp9808.o
 .debug_loc     0x00001977      0x42c mma8451.o
 .debug_loc     0x00001da3       0xef nmea.o
 .debug_loc     0x00001e92      0x33a oled.o
 .debug_loc     0x000021cc      0x5be pneu.o
 .debug_loc     0x0000278a       0x46 ports.o
 .debug_loc     0x000027d0      0x436 report.o
 .debug_loc     0x00002c06     0x1945 roboclaw.o
 .debug_loc     0x0000454b       0xb3 rtc.o
 .debug_loc     0x000045fe       0xac set.o
 .debug_loc     0x000046aa       0x9b temperature.o
 .debug_loc     0x00004745       0xb4 testroutine.o
 .debug_loc     0x000047f9       0x71 timers.o
 .debug_loc     0x0000486a       0xa9 twi.o
 .debug_loc     0x00004913      0x540 usart.o
 .debug_loc     0x00004e53       0xcb wdt.o

.debug_macinfo
 *(.debug_macinfo)

.debug_weaknames
 *(.debug_weaknames)

.debug_funcnames
 *(.debug_funcnames)

.debug_typenames
 *(.debug_typenames)

.debug_varnames
 *(.debug_varnames)

.debug_pubtypes
 *(.debug_pubtypes)

.debug_ranges   0x00000000      0x3f0
 *(.debug_ranges)
 .debug_ranges  0x00000000       0x10 ad590.o
 .debug_ranges  0x00000010       0x10 ads1115.o
 .debug_ranges  0x00000020       0x58 commands.o
 .debug_ranges  0x00000078       0x38 ds3231.o
 .debug_ranges  0x000000b0       0x30 eeprom.o
 .debug_ranges  0x000000e0       0x10 errors.o
 .debug_ranges  0x000000f0       0x20 fram.o
 .debug_ranges  0x00000110       0x10 humidity.o
 .debug_ranges  0x00000120       0x10 initialize.o
 .debug_ranges  0x00000130       0x10 ionpump.o
 .debug_ranges  0x00000140       0x10 main.o
 .debug_ranges  0x00000150       0x18 mcp23008.o
 .debug_ranges  0x00000168       0x10 mcp9808.o
 .debug_ranges  0x00000178       0x28 mma8451.o
 .debug_ranges  0x000001a0       0x10 nmea.o
 .debug_ranges  0x000001b0       0x38 oled.o
 .debug_ranges  0x000001e8       0x38 pneu.o
 .debug_ranges  0x00000220       0x10 ports.o
 .debug_ranges  0x00000230       0x10 report.o
 .debug_ranges  0x00000240       0xb0 roboclaw.o
 .debug_ranges  0x000002f0       0x18 rtc.o
 .debug_ranges  0x00000308       0x10 set.o
 .debug_ranges  0x00000318       0x10 temperature.o
 .debug_ranges  0x00000328       0x10 testroutine.o
 .debug_ranges  0x00000338       0x20 timers.o
 .debug_ranges  0x00000358       0x38 twi.o
 .debug_ranges  0x00000390       0x48 usart.o
 .debug_ranges  0x000003d8       0x18 wdt.o

.debug_macro
 *(.debug_macro)
OUTPUT(specMech.elf elf32-avr)
LOAD linker stubs
