Archive member included to satisfy reference by file (symbol)

c:/program files (x86)/atmel/studio/7.0/toolchain/avr8/avr8-gnu-toolchain/bin/../lib/gcc/avr/5.4.0/../../../../avr/lib/avrxmega3\libm.a(addsf3.o)
                              ad590.o (__subsf3)
c:/program files (x86)/atmel/studio/7.0/toolchain/avr8/avr8-gnu-toolchain/bin/../lib/gcc/avr/5.4.0/../../../../avr/lib/avrxmega3\libm.a(addsf3x.o)
                              c:/program files (x86)/atmel/studio/7.0/toolchain/avr8/avr8-gnu-toolchain/bin/../lib/gcc/avr/5.4.0/../../../../avr/lib/avrxmega3\libm.a(addsf3.o) (__addsf3x)
c:/program files (x86)/atmel/studio/7.0/toolchain/avr8/avr8-gnu-toolchain/bin/../lib/gcc/avr/5.4.0/../../../../avr/lib/avrxmega3\libm.a(cmpsf2.o)
                              ionpump.o (__ltsf2)
c:/program files (x86)/atmel/studio/7.0/toolchain/avr8/avr8-gnu-toolchain/bin/../lib/gcc/avr/5.4.0/../../../../avr/lib/avrxmega3\libm.a(divsf3.o)
                              humidity.o (__divsf3)
c:/program files (x86)/atmel/studio/7.0/toolchain/avr8/avr8-gnu-toolchain/bin/../lib/gcc/avr/5.4.0/../../../../avr/lib/avrxmega3\libm.a(divsf3x.o)
                              c:/program files (x86)/atmel/studio/7.0/toolchain/avr8/avr8-gnu-toolchain/bin/../lib/gcc/avr/5.4.0/../../../../avr/lib/avrxmega3\libm.a(divsf3.o) (__divsf3x)
c:/program files (x86)/atmel/studio/7.0/toolchain/avr8/avr8-gnu-toolchain/bin/../lib/gcc/avr/5.4.0/../../../../avr/lib/avrxmega3\libm.a(floatsisf.o)
                              mcp9808.o (__floatunsisf)
c:/program files (x86)/atmel/studio/7.0/toolchain/avr8/avr8-gnu-toolchain/bin/../lib/gcc/avr/5.4.0/../../../../avr/lib/avrxmega3\libm.a(fp_cmp.o)
                              c:/program files (x86)/atmel/studio/7.0/toolchain/avr8/avr8-gnu-toolchain/bin/../lib/gcc/avr/5.4.0/../../../../avr/lib/avrxmega3\libm.a(cmpsf2.o) (__fp_cmp)
c:/program files (x86)/atmel/studio/7.0/toolchain/avr8/avr8-gnu-toolchain/bin/../lib/gcc/avr/5.4.0/../../../../avr/lib/avrxmega3\libm.a(fp_inf.o)
                              c:/program files (x86)/atmel/studio/7.0/toolchain/avr8/avr8-gnu-toolchain/bin/../lib/gcc/avr/5.4.0/../../../../avr/lib/avrxmega3\libm.a(addsf3x.o) (__fp_inf)
c:/program files (x86)/atmel/studio/7.0/toolchain/avr8/avr8-gnu-toolchain/bin/../lib/gcc/avr/5.4.0/../../../../avr/lib/avrxmega3\libm.a(fp_nan.o)
                              c:/program files (x86)/atmel/studio/7.0/toolchain/avr8/avr8-gnu-toolchain/bin/../lib/gcc/avr/5.4.0/../../../../avr/lib/avrxmega3\libm.a(addsf3x.o) (__fp_nan)
c:/program files (x86)/atmel/studio/7.0/toolchain/avr8/avr8-gnu-toolchain/bin/../lib/gcc/avr/5.4.0/../../../../avr/lib/avrxmega3\libm.a(fp_pscA.o)
                              c:/program files (x86)/atmel/studio/7.0/toolchain/avr8/avr8-gnu-toolchain/bin/../lib/gcc/avr/5.4.0/../../../../avr/lib/avrxmega3\libm.a(addsf3x.o) (__fp_pscA)
c:/program files (x86)/atmel/studio/7.0/toolchain/avr8/avr8-gnu-toolchain/bin/../lib/gcc/avr/5.4.0/../../../../avr/lib/avrxmega3\libm.a(fp_pscB.o)
                              c:/program files (x86)/atmel/studio/7.0/toolchain/avr8/avr8-gnu-toolchain/bin/../lib/gcc/avr/5.4.0/../../../../avr/lib/avrxmega3\libm.a(addsf3x.o) (__fp_pscB)
c:/program files (x86)/atmel/studio/7.0/toolchain/avr8/avr8-gnu-toolchain/bin/../lib/gcc/avr/5.4.0/../../../../avr/lib/avrxmega3\libm.a(fp_round.o)
                              c:/program files (x86)/atmel/studio/7.0/toolchain/avr8/avr8-gnu-toolchain/bin/../lib/gcc/avr/5.4.0/../../../../avr/lib/avrxmega3\libm.a(addsf3.o) (__fp_round)
c:/program files (x86)/atmel/studio/7.0/toolchain/avr8/avr8-gnu-toolchain/bin/../lib/gcc/avr/5.4.0/../../../../avr/lib/avrxmega3\libm.a(fp_split3.o)
                              c:/program files (x86)/atmel/studio/7.0/toolchain/avr8/avr8-gnu-toolchain/bin/../lib/gcc/avr/5.4.0/../../../../avr/lib/avrxmega3\libm.a(addsf3x.o) (__fp_split3)
c:/program files (x86)/atmel/studio/7.0/toolchain/avr8/avr8-gnu-toolchain/bin/../lib/gcc/avr/5.4.0/../../../../avr/lib/avrxmega3\libm.a(fp_zero.o)
                              c:/program files (x86)/atmel/studio/7.0/toolchain/avr8/avr8-gnu-toolchain/bin/../lib/gcc/avr/5.4.0/../../../../avr/lib/avrxmega3\libm.a(addsf3x.o) (__fp_zero)
c:/program files (x86)/atmel/studio/7.0/toolchain/avr8/avr8-gnu-toolchain/bin/../lib/gcc/avr/5.4.0/../../../../avr/lib/avrxmega3\libm.a(gesf2.o)
                              ionpump.o (__gtsf2)
c:/program files (x86)/atmel/studio/7.0/toolchain/avr8/avr8-gnu-toolchain/bin/../lib/gcc/avr/5.4.0/../../../../avr/lib/avrxmega3\libm.a(mulsf3.o)
                              ad590.o (__mulsf3)
c:/program files (x86)/atmel/studio/7.0/toolchain/avr8/avr8-gnu-toolchain/bin/../lib/gcc/avr/5.4.0/../../../../avr/lib/avrxmega3\libm.a(mulsf3x.o)
                              c:/program files (x86)/atmel/studio/7.0/toolchain/avr8/avr8-gnu-toolchain/bin/../lib/gcc/avr/5.4.0/../../../../avr/lib/avrxmega3\libm.a(mulsf3.o) (__mulsf3x)
[...]
Memory Configuration

Name             Origin             Length             Attributes
text             0x00000000         0x0000c000         xr
data             0x00802800         0x00001800         rw !x
eeprom           0x00810000         0x00000100         rw !x
fuse             0x00820000         0x0000000a         rw !x
lock             0x00830000         0x00000400         rw !x
signature        0x00840000         0x00000400         rw !x
user_signatures  0x00850000         0x00000400         rw !x
*default*        0x00000000         0xffffffff

Linker script and memory map

Address of section .data set to 0x802800
                0x00004000                __RODATA_PM_OFFSET__ = 0x4000
LOAD C:/Program Files (x86)/Atmel/Studio/7.0/Packs/atmel/ATmega_DFP/1.6.364/gcc/dev/atmega4809/avrxmega3/crtatmega4809.o
LOAD ad590.o
LOAD ads1115.o
LOAD commands.o
LOAD ds3231.o
LOAD eeprom.o
LOAD errors.o
LOAD fram.o
LOAD humidity.o
LOAD initialize.o
LOAD ionpump.o
LOAD main.o
LOAD mcp23008.o
LOAD mcp9808.o
LOAD mma8451.o
LOAD nmea.o
LOAD oled.o
LOAD pneu.o
LOAD ports.o
LOAD pushbutton.o
LOAD report.o
LOAD roboclaw.o
LOAD rtc.o
LOAD set.o
LOAD temperature.o
LOAD testroutine.o
LOAD timers.o
LOAD twi.o
LOAD usart.o
LOAD wdt.o
START GROUP
LOAD c:/program files (x86)/atmel/studio/7.0/toolchain/avr8/avr8-gnu-toolchain/bin/../lib/gcc/avr/5.4.0/../../../../avr/lib/avrxmega3\libm.a
END GROUP
LOAD c:/program files (x86)/atmel/studio/7.0/toolchain/avr8/avr8-gnu-toolchain/bin/../lib/gcc/avr/5.4.0/../../../../avr/lib/avrxmega3\libprintf_flt.a
START GROUP
LOAD c:/program files (x86)/atmel/studio/7.0/toolchain/avr8/avr8-gnu-toolchain/bin/../lib/gcc/avr/5.4.0/avrxmega3\libgcc.a
LOAD c:/program files (x86)/atmel/studio/7.0/toolchain/avr8/avr8-gnu-toolchain/bin/../lib/gcc/avr/5.4.0/../../../../avr/lib/avrxmega3\libm.a
LOAD c:/program files (x86)/atmel/studio/7.0/toolchain/avr8/avr8-gnu-toolchain/bin/../lib/gcc/avr/5.4.0/../../../../avr/lib/avrxmega3\libc.a
LOAD C:/Program Files (x86)/Atmel/Studio/7.0/Packs/atmel/ATmega_DFP/1.6.364/gcc/dev/atmega4809/avrxmega3\libatmega4809.a
END GROUP
                [0x00000000]                __TEXT_REGION_ORIGIN__ = DEFINED (__TEXT_REGION_ORIGIN__)?__TEXT_REGION_ORIGIN__:0x0
                [0x00802800]                __DATA_REGION_ORIGIN__ = DEFINED (__DATA_REGION_ORIGIN__)?__DATA_REGION_ORIGIN__:0x802000
                [0x0000c000]                __TEXT_REGION_LENGTH__ = DEFINED (__TEXT_REGION_LENGTH__)?__TEXT_REGION_LENGTH__:0x100000
                [0x00001800]                __DATA_REGION_LENGTH__ = DEFINED (__DATA_REGION_LENGTH__)?__DATA_REGION_LENGTH__:0xffa0
                [0x00000100]                __EEPROM_REGION_LENGTH__ = DEFINED (__EEPROM_REGION_LENGTH__)?__EEPROM_REGION_LENGTH__:0x10000
                [0x0000000a]                __FUSE_REGION_LENGTH__ = DEFINED (__FUSE_REGION_LENGTH__)?__FUSE_REGION_LENGTH__:0x400
                0x00000400                __LOCK_REGION_LENGTH__ = DEFINED (__LOCK_REGION_LENGTH__)?__LOCK_REGION_LENGTH__:0x400
                0x00000400                __SIGNATURE_REGION_LENGTH__ = DEFINED (__SIGNATURE_REGION_LENGTH__)?__SIGNATURE_REGION_LENGTH__:0x400
                0x00000400                __USER_SIGNATURE_REGION_LENGTH__ = DEFINED (__USER_SIGNATURE_REGION_LENGTH__)?__USER_SIGNATURE_REGION_LENGTH__:0x400
                0x00008000                __RODATA_PM_OFFSET__ = DEFINED (__RODATA_PM_OFFSET__)?__RODATA_PM_OFFSET__:0x8000

.hash
 *(.hash)

.dynsym
 *(.dynsym)

.dynstr
 *(.dynstr)

.gnu.version
 *(.gnu.version)

.gnu.version_d
 *(.gnu.version_d)

.gnu.version_r
 *(.gnu.version_r)

.rel.init
 *(.rel.init)

.rela.init
 *(.rela.init)

.rel.text
 *(.rel.text)
 *(.rel.text.*)
 *(.rel.gnu.linkonce.t*)

.rela.text
 *(.rela.text)
 *(.rela.text.*)
 *(.rela.gnu.linkonce.t*)

.rel.fini
 *(.rel.fini)

.rela.fini
 *(.rela.fini)

.rel.rodata
 *(.rel.rodata)
 *(.rel.rodata.*)
 *(.rel.gnu.linkonce.r*)

.rela.rodata
 *(.rela.rodata)
 *(.rela.rodata.*)
 *(.rela.gnu.linkonce.r*)

.rel.data
 *(.rel.data)
 *(.rel.data.*)
 *(.rel.gnu.linkonce.d*)

.rela.data
 *(.rela.data)
 *(.rela.data.*)
 *(.rela.gnu.linkonce.d*)

.rel.ctors
 *(.rel.ctors)

.rela.ctors
 *(.rela.ctors)

.rel.dtors
 *(.rel.dtors)

.rela.dtors
 *(.rela.dtors)

.rel.got
 *(.rel.got)

.rela.got
 *(.rela.got)

.rel.bss
 *(.rel.bss)

.rela.bss
 *(.rela.bss)

.rel.plt
 *(.rel.plt)

.rela.plt
 *(.rela.plt)

.text           0x00000000     0x4a34
 *(.vectors)
 .vectors       0x00000000       0xa0 C:/Program Files (x86)/Atmel/Studio/7.0/Packs/atmel/ATmega_DFP/1.6.364/gcc/dev/atmega4809/avrxmega3/crtatmega4809.o
                0x00000000                __vector_default
                0x00000000                __vectors
 *(.vectors)
 *(.progmem.gcc*)
 .progmem.gcc_sw_table.commands
                0x000000a0       0x58 commands.o
 .progmem.gcc_sw_table.report
                0x000000f8       0x6c report.o
                0x00000164                . = ALIGN (0x2)
                0x00000164                __trampolines_start = .
 *(.trampolines)
 .trampolines   0x00000164        0x0 linker stubs
 *(.trampolines*)
                0x00000164                __trampolines_end = .
 *libprintf_flt.a:*(.progmem.data)
 .progmem.data  0x00000164        0x8 c:/program files (x86)/atmel/studio/7.0/toolchain/avr8/avr8-gnu-toolchain/bin/../lib/gcc/avr/5.4.0/../../../../avr/lib/avrxmega3\libprintf_flt.a(vfprintf_flt.o)
 *libc.a:*(.progmem.data)
 .progmem.data  0x0000016c       0xfa c:/program files (x86)/atmel/studio/7.0/toolchain/avr8/avr8-gnu-toolchain/bin/../lib/gcc/avr/5.4.0/../../../../avr/lib/avrxmega3\libc.a(ftoa_engine.o)
 *(.progmem*)
                0x00000266                . = ALIGN (0x2)
 *(.jumptables)
 *(.jumptables*)
 *(.lowtext)
 *(.lowtext*)
                0x00000266                __ctors_start = .
 *(.ctors)
                0x00000266                __ctors_end = .
                0x00000266                __dtors_start = .
 *(.dtors)
                0x00000266                __dtors_end = .
 SORT(*)(.ctors)
 SORT(*)(.dtors)
 *(.init0)
 .init0         0x00000266        0x0 C:/Program Files (x86)/Atmel/Studio/7.0/Packs/atmel/ATmega_DFP/1.6.364/gcc/dev/atmega4809/avrxmega3/crtatmega4809.o
                0x00000266                __init
 *(.init0)
 *(.init1)
 *(.init1)
 *(.init2)
 .init2         0x00000266        0xc C:/Program Files (x86)/Atmel/Studio/7.0/Packs/atmel/ATmega_DFP/1.6.364/gcc/dev/atmega4809/avrxmega3/crtatmega4809.o
 *(.init2)
 *(.init3)
 *(.init3)
 *(.init4)
 .init4         0x00000272       0x10 c:/program files (x86)/atmel/studio/7.0/toolchain/avr8/avr8-gnu-toolchain/bin/../lib/gcc/avr/5.4.0/avrxmega3\libgcc.a(_clear_bss.o)
                0x00000272                __do_clear_bss
 *(.init4)
 *(.init5)
 *(.init5)
 *(.init6)
 *(.init6)
 *(.init7)
 *(.init7)
 *(.init8)
 *(.init8)
 *(.init9)
 .init9         0x00000282        0x8 C:/Program Files (x86)/Atmel/Studio/7.0/Packs/atmel/ATmega_DFP/1.6.364/gcc/dev/atmega4809/avrxmega3/crtatmega4809.o
 *(.init9)
 *(.text)
 .text          0x0000028a        0x4 C:/Program Files (x86)/Atmel/Studio/7.0/Packs/atmel/ATmega_DFP/1.6.364/gcc/dev/atmega4809/avrxmega3/crtatmega4809.o
                0x0000028a                __vector_22
                0x0000028a                __vector_28
                0x0000028a                __vector_1
                0x0000028a                __vector_32
                0x0000028a                __vector_34
                0x0000028a                __vector_24
                0x0000028a                __bad_interrupt
                0x0000028a                __vector_6
                0x0000028a                __vector_31
                0x0000028a                __vector_35
                0x0000028a                __vector_39
                0x0000028a                __vector_23
                0x0000028a                __vector_30
                0x0000028a                __vector_25
                0x0000028a                __vector_11
                0x0000028a                __vector_13
                0x0000028a                __vector_19
                0x0000028a                __vector_7
                0x0000028a                __vector_5
                0x0000028a                __vector_33
                0x0000028a                __vector_4
                0x0000028a                __vector_9
                0x0000028a                __vector_2
                0x0000028a                __vector_21
                0x0000028a                __vector_15
                0x0000028a                __vector_36
                0x0000028a                __vector_8
                0x0000028a                __vector_14
                0x0000028a                __vector_10
                0x0000028a                __vector_16
                0x0000028e                . = ALIGN (0x2)
 *(.text.*)
 .text.read_AD590
                0x0000028e      0x102 ad590.o
                0x0000028e                read_AD590
 .text.read_ADS1115
                0x00000390      0x1d4 ads1115.o
                0x00000390                read_ADS1115
 .text.get_cmdline
                0x00000564       0x58 commands.o
                0x00000564                get_cmdline
 .text.isaletter
                0x000005bc       0x1a commands.o
                0x000005bc                isaletter
 .text.parse_cmd
                0x000005d6      0x128 commands.o
                0x000005d6                parse_cmd
 .text.printLine
                0x000006fe       0x96 commands.o
                0x000006fe                printLine
 .text.echo_cmd
                0x00000794       0x80 commands.o
                0x00000794                echo_cmd
 .text.send_EXprompt
                0x00000814       0x2a commands.o
                0x00000814                send_EXprompt
 .text.rebootACKd
                0x0000083e       0x54 commands.o
                0x0000083e                rebootACKd
 .text.send_GTprompt
                0x00000892       0x2a commands.o
                0x00000892                send_GTprompt
 .text.commands
                0x000008bc      0x116 commands.o
                0x000008bc                commands
 .text.convert_ds2iso
                0x000009d2       0x6e ds3231.o
                0x000009d2                convert_ds2iso
 .text.convert_iso2ds
                0x00000a40       0xc0 ds3231.o
                0x00000a40                convert_iso2ds
 .text.read_DS3231
                0x00000b00       0x78 ds3231.o
                0x00000b00                read_DS3231
 .text.get_time
                0x00000b78       0x68 ds3231.o
                0x00000b78                get_time
 .text.write_DS3231
                0x00000be0       0x70 ds3231.o
                0x00000be0                write_DS3231
 .text.put_time
                0x00000c50       0x4c ds3231.o
                0x00000c50                put_time
 .text.get_BOOTTIME
                0x00000c9c        0xe eeprom.o
                0x00000c9c                get_BOOTTIME
 .text.get_VERSION
                0x00000caa        0xe eeprom.o
                0x00000caa                get_VERSION
 .text.update_BOOTTIME
                0x00000cb8       0x32 eeprom.o
                0x00000cb8                update_BOOTTIME
 .text.update_VERSION
                0x00000cea       0x3c eeprom.o
                0x00000cea                update_VERSION
 .text.init_EEPROM
                0x00000d26        0xa eeprom.o
                0x00000d26                init_EEPROM
 .text.printError
                0x00000d30       0x6c errors.o
                0x00000d30                printError
 .text.read_FRAM
                0x00000d9c       0x9c fram.o
                0x00000d9c                read_FRAM
 .text.get_SETTIME
                0x00000e38       0x60 fram.o
                0x00000e38                get_SETTIME
 .text.write_FRAM
                0x00000e98       0x64 fram.o
                0x00000e98                write_FRAM
 .text.get_humidity
                0x00000efc      0x102 humidity.o
                0x00000efc                get_humidity
 .text.initialize
                0x00000ffe       0x7e initialize.o
                0x00000ffe                initialize
 .text.read_ionpump
                0x0000107c       0xd6 ionpump.o
                0x0000107c                read_ionpump
 .text.main     0x00001152      0x11a main.o
                0x00001152                main
 .text.read_MCP23008
                0x0000126c       0x46 mcp23008.o
                0x0000126c                read_MCP23008
 .text.write_MCP23008
                0x000012b2       0x5c mcp23008.o
                0x000012b2                write_MCP23008
 .text.read_MCP9808
                0x0000130e       0xce mcp9808.o
                0x0000130e                read_MCP9808
 .text.read_MMA8451
                0x000013dc       0x7c mma8451.o
                0x000013dc                read_MMA8451
 .text.get_orientation
                0x00001458      0x13c mma8451.o
                0x00001458                get_orientation
 .text.write_MMA8451
                0x00001594       0x54 mma8451.o
                0x00001594                write_MMA8451
 .text.init_MMA8451
                0x000015e8       0x64 mma8451.o
                0x000015e8                init_MMA8451
 .text.checksum_NMEA
                0x0000164c       0x92 nmea.o
                0x0000164c                checksum_NMEA
 .text.reset_OLED
                0x000016de       0x18 oled.o
                0x000016de                reset_OLED
 .text.write_OLED
                0x000016f6       0x24 oled.o
                0x000016f6                write_OLED
 .text.init_OLEDDISPLAY
                0x0000171a      0x14c oled.o
                0x0000171a                init_OLEDDISPLAY
 .text.init_OLED
                0x00001866       0x22 oled.o
                0x00001866                init_OLED
 .text.writestr_OLED
                0x00001888       0xba oled.o
                0x00001888                writestr_OLED
 .text.clear_OLED
                0x00001942       0x3c oled.o
                0x00001942                clear_OLED
 .text.init_PNEU
                0x0000197e       0x7a pneu.o
                0x0000197e                init_PNEU
 .text.read_PNEUSensors
                0x000019f8       0xd8 pneu.o
                0x000019f8                read_PNEUSensors
 .text.set_PNEUVALVES
                0x00001ad0       0x24 pneu.o
                0x00001ad0                set_PNEUVALVES
 .text.close_PNEU
                0x00001af4      0x154 pneu.o
                0x00001af4                close_PNEU
 .text.open_PNEU
                0x00001c48      0x154 pneu.o
                0x00001c48                open_PNEU
 .text.__vector_20
                0x00001d9c       0x5e pneu.o
                0x00001d9c                __vector_20
 .text.init_PORTS
                0x00001dfa       0x2c ports.o
                0x00001dfa                init_PORTS
 .text.report   0x00001e26      0xb1e report.o
                0x00001e26                report
 .text.crc16    0x00002944       0x4a roboclaw.o
                0x00002944                crc16
 .text.getFRAM_MOTOREncoder
                0x0000298e       0xb2 roboclaw.o
                0x0000298e                getFRAM_MOTOREncoder
 .text.get_MOTOREncoder
                0x00002a40      0x162 roboclaw.o
                0x00002a40                get_MOTOREncoder
 .text.get_MOTORFloat
                0x00002ba2       0xfc roboclaw.o
                0x00002ba2                get_MOTORFloat
 .text.get_MOTORInt32
                0x00002c9e      0x13c roboclaw.o
                0x00002c9e                get_MOTORInt32
 .text.motorsMoving
                0x00002dda       0x4a roboclaw.o
                0x00002dda                motorsMoving
 .text.move_MOTORAbsolute
                0x00002e24       0xc4 roboclaw.o
                0x00002e24                move_MOTORAbsolute
 .text.move_MOTOR
                0x00002ee8       0xee roboclaw.o
                0x00002ee8                move_MOTOR
 .text.putFRAM_MOTOREncoder
                0x00002fd6       0x6e roboclaw.o
                0x00002fd6                putFRAM_MOTOREncoder
 .text.saveFRAM_MOTOREncoders
                0x00003044       0x28 roboclaw.o
                0x00003044                saveFRAM_MOTOREncoders
 .text.set_MOTOREncoder
                0x0000306c       0x8e roboclaw.o
                0x0000306c                set_MOTOREncoder
 .text.init_MOTORS
                0x000030fa       0x4c roboclaw.o
                0x000030fa                init_MOTORS
 .text.init_RTC
                0x00003146       0x5c rtc.o
                0x00003146                init_RTC
 .text.__vector_3
                0x000031a2       0x44 rtc.o
                0x000031a2                __vector_3
 .text.set      0x000031e6       0x7a set.o
                0x000031e6                set
 .text.get_temperature
                0x00003260       0x50 temperature.o
                0x00003260                get_temperature
 .text.testroutine
                0x000032b0        0x6 testroutine.o
                0x000032b0                testroutine
 .text.start_TCB0
                0x000032b6       0x2c timers.o
                0x000032b6                start_TCB0
 .text.stop_TCB0
                0x000032e2        0x6 timers.o
                0x000032e2                stop_TCB0
 .text.__vector_12
                0x000032e8       0x34 timers.o
                0x000032e8                __vector_12
 .text.init_TWI
                0x0000331c       0x16 twi.o
                0x0000331c                init_TWI
 .text.read_TWI
                0x00003332       0x20 twi.o
                0x00003332                read_TWI
 .text.readlast_TWI
                0x00003352       0x1a twi.o
                0x00003352                readlast_TWI
 .text.start_TWI
                0x0000336c       0x82 twi.o
                0x0000336c                start_TWI
 .text.stop_TWI
                0x000033ee        0x8 twi.o
                0x000033ee                stop_TWI
 .text.write_TWI
                0x000033f6       0x4a twi.o
                0x000033f6                write_TWI
 .text.init_USART
                0x00003440       0xb4 usart.o
                0x00003440                init_USART
 .text.send_USART
                0x000034f4      0x13c usart.o
                0x000034f4                send_USART
 .text.__vector_17
                0x00003630       0x9c usart.o
                0x00003630                __vector_17
 .text.__vector_18
                0x000036cc       0x78 usart.o
                0x000036cc                __vector_18
 .text.__vector_26
                0x00003744       0x56 usart.o
                0x00003744                __vector_26
 .text.__vector_27
                0x0000379a       0x78 usart.o
                0x0000379a                __vector_27
 .text.__vector_37
                0x00003812       0x6a usart.o
                0x00003812                __vector_37
 .text.__vector_38
                0x0000387c       0x5c usart.o
                0x0000387c                __vector_38
 .text.reboot   0x000038d8        0xc wdt.o
                0x000038d8                reboot
 .text.__vector_29
                0x000038e4       0x56 wdt.o
                0x000038e4                __vector_29
 .text.avr-libc.fplib
                0x0000393a        0xe c:/program files (x86)/atmel/studio/7.0/toolchain/avr8/avr8-gnu-toolchain/bin/../lib/gcc/avr/5.4.0/../../../../avr/lib/avrxmega3\libm.a(addsf3.o)
                0x0000393a                __subsf3
                0x0000393c                __addsf3
 .text.avr-libc.fplib
                0x00003948       0xcc c:/program files (x86)/atmel/studio/7.0/toolchain/avr8/avr8-gnu-toolchain/bin/../lib/gcc/avr/5.4.0/../../../../avr/lib/avrxmega3\libm.a(addsf3x.o)
                0x0000396a                __addsf3x
 .text.avr-libc.fplib
                0x00003a14        0xa c:/program files (x86)/atmel/studio/7.0/toolchain/avr8/avr8-gnu-toolchain/bin/../lib/gcc/avr/5.4.0/../../../../avr/lib/avrxmega3\libm.a(cmpsf2.o)
                0x00003a14                __nesf2
                0x00003a14                __eqsf2
                0x00003a14                __cmpsf2
                0x00003a14                __ltsf2
                0x00003a14                __lesf2
 .text.avr-libc.fplib
                0x00003a1e        0x8 c:/program files (x86)/atmel/studio/7.0/toolchain/avr8/avr8-gnu-toolchain/bin/../lib/gcc/avr/5.4.0/../../../../avr/lib/avrxmega3\libm.a(divsf3.o)
                0x00003a1e                __divsf3
 .text.avr-libc.fplib
                0x00003a26       0xdc c:/program files (x86)/atmel/studio/7.0/toolchain/avr8/avr8-gnu-toolchain/bin/../lib/gcc/avr/5.4.0/../../../../avr/lib/avrxmega3\libm.a(divsf3x.o)
                0x00003a46                __divsf3x
                0x00003a4c                __divsf3_pse
 .text.avr-libc.fplib
                0x00003b02       0x7a c:/program files (x86)/atmel/studio/7.0/toolchain/avr8/avr8-gnu-toolchain/bin/../lib/gcc/avr/5.4.0/../../../../avr/lib/avrxmega3\libm.a(floatsisf.o)
                0x00003b02                __floatunsisf
                0x00003b06                __floatsisf
 .text.avr-libc.fplib
                0x00003b7c       0x48 c:/program files (x86)/atmel/studio/7.0/toolchain/avr8/avr8-gnu-toolchain/bin/../lib/gcc/avr/5.4.0/../../../../avr/lib/avrxmega3\libm.a(fp_cmp.o)
                0x00003b7c                __fp_cmp
 .text.avr-libc.fplib
                0x00003bc4        0xc c:/program files (x86)/atmel/studio/7.0/toolchain/avr8/avr8-gnu-toolchain/bin/../lib/gcc/avr/5.4.0/../../../../avr/lib/avrxmega3\libm.a(fp_inf.o)
                0x00003bc4                __fp_inf
 .text.avr-libc.fplib
                0x00003bd0        0x6 c:/program files (x86)/atmel/studio/7.0/toolchain/avr8/avr8-gnu-toolchain/bin/../lib/gcc/avr/5.4.0/../../../../avr/lib/avrxmega3\libm.a(fp_nan.o)
                0x00003bd0                __fp_nan
 .text.avr-libc.fplib
                0x00003bd6        0xe c:/program files (x86)/atmel/studio/7.0/toolchain/avr8/avr8-gnu-toolchain/bin/../lib/gcc/avr/5.4.0/../../../../avr/lib/avrxmega3\libm.a(fp_pscA.o)
                0x00003bd6                __fp_pscA
 .text.avr-libc.fplib
                0x00003be4        0xe c:/program files (x86)/atmel/studio/7.0/toolchain/avr8/avr8-gnu-toolchain/bin/../lib/gcc/avr/5.4.0/../../../../avr/lib/avrxmega3\libm.a(fp_pscB.o)
                0x00003be4                __fp_pscB
 .text.avr-libc.fplib
                0x00003bf2       0x22 c:/program files (x86)/atmel/studio/7.0/toolchain/avr8/avr8-gnu-toolchain/bin/../lib/gcc/avr/5.4.0/../../../../avr/lib/avrxmega3\libm.a(fp_round.o)
                0x00003bf2                __fp_round
 .text.avr-libc.fplib
                0x00003c14       0x44 c:/program files (x86)/atmel/studio/7.0/toolchain/avr8/avr8-gnu-toolchain/bin/../lib/gcc/avr/5.4.0/../../../../avr/lib/avrxmega3\libm.a(fp_split3.o)
                0x00003c14                __fp_split3
                0x00003c24                __fp_splitA
 .text.avr-libc.fplib
                0x00003c58        0xe c:/program files (x86)/atmel/studio/7.0/toolchain/avr8/avr8-gnu-toolchain/bin/../lib/gcc/avr/5.4.0/../../../../avr/lib/avrxmega3\libm.a(fp_zero.o)
                0x00003c58                __fp_zero
                0x00003c5a                __fp_szero
 .text.avr-libc.fplib
                0x00003c66        0xa c:/program files (x86)/atmel/studio/7.0/toolchain/avr8/avr8-gnu-toolchain/bin/../lib/gcc/avr/5.4.0/../../../../avr/lib/avrxmega3\libm.a(gesf2.o)
                0x00003c66                __gesf2
                0x00003c66                __gtsf2
 .text.avr-libc.fplib
                0x00003c70        0x8 c:/program files (x86)/atmel/studio/7.0/toolchain/avr8/avr8-gnu-toolchain/bin/../lib/gcc/avr/5.4.0/../../../../avr/lib/avrxmega3\libm.a(mulsf3.o)
                0x00003c70                __mulsf3
 .text.avr-libc.fplib
                0x00003c78       0xd2 c:/program files (x86)/atmel/studio/7.0/toolchain/avr8/avr8-gnu-toolchain/bin/../lib/gcc/avr/5.4.0/../../../../avr/lib/avrxmega3\libm.a(mulsf3x.o)
                0x00003c96                __mulsf3x
                0x00003c9c                __mulsf3_pse
 .text.avr-libc
                0x00003d4a      0x6fa c:/program files (x86)/atmel/studio/7.0/toolchain/avr8/avr8-gnu-toolchain/bin/../lib/gcc/avr/5.4.0/../../../../avr/lib/avrxmega3\libprintf_flt.a(vfprintf_flt.o)
                0x00003d4a                vfprintf
 .text.libgcc.div
                0x00004444       0x28 c:/program files (x86)/atmel/studio/7.0/toolchain/avr8/avr8-gnu-toolchain/bin/../lib/gcc/avr/5.4.0/avrxmega3\libgcc.a(_divmodhi4.o)
                0x00004444                _div
                0x00004444                __divmodhi4
 .text.libgcc.div
                0x0000446c       0x2e c:/program files (x86)/atmel/studio/7.0/toolchain/avr8/avr8-gnu-toolchain/bin/../lib/gcc/avr/5.4.0/avrxmega3\libgcc.a(_divmodsi4.o)
                0x0000446c                __divmodsi4
 .text.libgcc.div
                0x0000449a       0x10 c:/program files (x86)/atmel/studio/7.0/toolchain/avr8/avr8-gnu-toolchain/bin/../lib/gcc/avr/5.4.0/avrxmega3\libgcc.a(_negsi2.o)
                0x0000449a                __negsi2
 .text.libgcc   0x000044aa        0xc c:/program files (x86)/atmel/studio/7.0/toolchain/avr8/avr8-gnu-toolchain/bin/../lib/gcc/avr/5.4.0/avrxmega3\libgcc.a(_tablejump2.o)
                0x000044aa                __tablejump2__
 .text.libgcc.mul
                0x000044b6       0x16 c:/program files (x86)/atmel/studio/7.0/toolchain/avr8/avr8-gnu-toolchain/bin/../lib/gcc/avr/5.4.0/avrxmega3\libgcc.a(_muluhisi3.o)
                0x000044b6                __muluhisi3
 .text.libgcc.prologue
                0x000044cc       0x32 c:/program files (x86)/atmel/studio/7.0/toolchain/avr8/avr8-gnu-toolchain/bin/../lib/gcc/avr/5.4.0/avrxmega3\libgcc.a(_prologue.o)
                0x000044cc                __prologue_saves__
 .text.libgcc.prologue
                0x000044fe       0x30 c:/program files (x86)/atmel/studio/7.0/toolchain/avr8/avr8-gnu-toolchain/bin/../lib/gcc/avr/5.4.0/avrxmega3\libgcc.a(_epilogue.o)
                0x000044fe                __epilogue_restores__
 .text.libgcc.div
                0x0000452e       0x28 c:/program files (x86)/atmel/studio/7.0/toolchain/avr8/avr8-gnu-toolchain/bin/../lib/gcc/avr/5.4.0/avrxmega3\libgcc.a(_udivmodhi4.o)
                0x0000452e                __udivmodhi4
 .text.libgcc.div
                0x00004556       0x44 c:/program files (x86)/atmel/studio/7.0/toolchain/avr8/avr8-gnu-toolchain/bin/../lib/gcc/avr/5.4.0/avrxmega3\libgcc.a(_udivmodsi4.o)
                0x00004556                __udivmodsi4
 .text.libgcc.mul
                0x0000459a       0x1e c:/program files (x86)/atmel/studio/7.0/toolchain/avr8/avr8-gnu-toolchain/bin/../lib/gcc/avr/5.4.0/avrxmega3\libgcc.a(_umulhisi3.o)
                0x0000459a                __umulhisi3
 .text.avr-libc
                0x000045b8       0x4e c:/program files (x86)/atmel/studio/7.0/toolchain/avr8/avr8-gnu-toolchain/bin/../lib/gcc/avr/5.4.0/../../../../avr/lib/avrxmega3\libc.a(atol.o)
                0x000045b8                atol
 .text.avr-libc
                0x00004606      0x1b0 c:/program files (x86)/atmel/studio/7.0/toolchain/avr8/avr8-gnu-toolchain/bin/../lib/gcc/avr/5.4.0/../../../../avr/lib/avrxmega3\libc.a(ftoa_engine.o)
                0x00004606                __ftoa_engine
 .text.avr-libc
                0x000047b6       0x16 c:/program files (x86)/atmel/studio/7.0/toolchain/avr8/avr8-gnu-toolchain/bin/../lib/gcc/avr/5.4.0/../../../../avr/lib/avrxmega3\libc.a(strnlen_P.o)
                0x000047b6                strnlen_P
 .text.avr-libc
                0x000047cc       0x16 c:/program files (x86)/atmel/studio/7.0/toolchain/avr8/avr8-gnu-toolchain/bin/../lib/gcc/avr/5.4.0/../../../../avr/lib/avrxmega3\libc.a(strcat.o)
                0x000047cc                strcat
 .text.avr-libc
                0x000047e2        0xe c:/program files (x86)/atmel/studio/7.0/toolchain/avr8/avr8-gnu-toolchain/bin/../lib/gcc/avr/5.4.0/../../../../avr/lib/avrxmega3\libc.a(strcpy.o)
                0x000047e2                strcpy
 .text.avr-libc
                0x000047f0       0x16 c:/program files (x86)/atmel/studio/7.0/toolchain/avr8/avr8-gnu-toolchain/bin/../lib/gcc/avr/5.4.0/../../../../avr/lib/avrxmega3\libc.a(strnlen.o)
                0x000047f0                strnlen
 .text.avr-libc
                0x00004806       0x2a c:/program files (x86)/atmel/studio/7.0/toolchain/avr8/avr8-gnu-toolchain/bin/../lib/gcc/avr/5.4.0/../../../../avr/lib/avrxmega3\libc.a(mulsi10.o)
                0x00004806                __mulsi_const_10
 .text.avr-libc
                0x00004830       0x78 c:/program files (x86)/atmel/studio/7.0/toolchain/avr8/avr8-gnu-toolchain/bin/../lib/gcc/avr/5.4.0/../../../../avr/lib/avrxmega3\libc.a(fputc.o)
                0x00004830                fputc
 .text.avr-libc
                0x000048a8       0x44 c:/program files (x86)/atmel/studio/7.0/toolchain/avr8/avr8-gnu-toolchain/bin/../lib/gcc/avr/5.4.0/../../../../avr/lib/avrxmega3\libc.a(sprintf.o)
                0x000048a8                sprintf
 .text.avr-libc
                0x000048ec       0xbc c:/program files (x86)/atmel/studio/7.0/toolchain/avr8/avr8-gnu-toolchain/bin/../lib/gcc/avr/5.4.0/../../../../avr/lib/avrxmega3\libc.a(ultoa_invert.o)
                0x000048ec                __ultoa_invert
 .text.avr-libc
                0x000049a8        0x8 C:/Program Files (x86)/Atmel/Studio/7.0/Packs/atmel/ATmega_DFP/1.6.364/gcc/dev/atmega4809/avrxmega3\libatmega4809.a(eerd_block.o)
                0x000049a8                eeprom_read_block
 .text.avr-libc
                0x000049b0       0x20 C:/Program Files (x86)/Atmel/Studio/7.0/Packs/atmel/ATmega_DFP/1.6.364/gcc/dev/atmega4809/avrxmega3\libatmega4809.a(eeupd_block.o)
                0x000049b0                eeprom_update_block
 .text.avr-libc
                0x000049d0       0x16 C:/Program Files (x86)/Atmel/Studio/7.0/Packs/atmel/ATmega_DFP/1.6.364/gcc/dev/atmega4809/avrxmega3\libatmega4809.a(eeupd_byte.o)
                0x000049d0                eeprom_update_byte
                0x000049d2                eeprom_update_r18
 .text.avr-libc
                0x000049e6       0x28 C:/Program Files (x86)/Atmel/Studio/7.0/Packs/atmel/ATmega_DFP/1.6.364/gcc/dev/atmega4809/avrxmega3\libatmega4809.a(eewr_byte.o)
                0x000049e6                eeprom_write_byte
                0x000049e8                eeprom_write_r18
 .text.avr-libc
                0x00004a0e       0x10 C:/Program Files (x86)/Atmel/Studio/7.0/Packs/atmel/ATmega_DFP/1.6.364/gcc/dev/atmega4809/avrxmega3\libatmega4809.a(eerd_byte.o)
                0x00004a0e                eeprom_read_byte
                0x00004a16                eeprom_mapen
 .text.avr-libc
                0x00004a1e       0x12 c:/program files (x86)/atmel/studio/7.0/toolchain/avr8/avr8-gnu-toolchain/bin/../lib/gcc/avr/5.4.0/../../../../avr/lib/avrxmega3\libc.a(memcpy.o)
                0x00004a1e                memcpy
                0x00004a30                . = ALIGN (0x2)
 *(.fini9)
 .fini9         0x00004a30        0x0 c:/program files (x86)/atmel/studio/7.0/toolchain/avr8/avr8-gnu-toolchain/bin/../lib/gcc/avr/5.4.0/avrxmega3\libgcc.a(_exit.o)
                0x00004a30                _exit
                0x00004a30                exit
 *(.fini9)
 *(.fini8)
 *(.fini8)
 *(.fini7)
 *(.fini7)
 *(.fini6)
 *(.fini6)
 *(.fini5)
 *(.fini5)
 *(.fini4)
 *(.fini4)
 *(.fini3)
 *(.fini3)
 *(.fini2)
 *(.fini2)
 *(.fini1)
 *(.fini1)
 *(.fini0)
 .fini0         0x00004a30        0x4 c:/program files (x86)/atmel/studio/7.0/toolchain/avr8/avr8-gnu-toolchain/bin/../lib/gcc/avr/5.4.0/avrxmega3\libgcc.a(_exit.o)
 *(.fini0)
                0x00004a34                _etext = .

.rodata         0x00008a34      0x47a load address 0x00004a34
 *(.rodata)
 *(.rodata*)
 .rodata.str1.1
                0x00008a34       0x3a commands.o
 .rodata.str1.1
                0x00008a6e       0x4a ds3231.o
 .rodata.str1.1
                0x00008ab8        0xb eeprom.o
 .rodata.str1.1
                0x00008ac3        0xa errors.o
 .rodata.str1.1
                0x00008acd        0xa fram.o
 .rodata.str1.1
                0x00008ad7       0x11 initialize.o
 .rodata.str1.1
                0x00008ae8       0x13 main.o
 .rodata.str1.1
                0x00008afb       0x29 mcp23008.o
 .rodata.str1.1
                0x00008b24        0x8 nmea.o
 .rodata.str1.1
                0x00008b2c       0x11 oled.o
 .rodata.str1.1
                0x00008b3d       0x6b pneu.o
 .rodata.str1.1
                0x00008ba8      0x1c8 report.o
                                0x1d9 (size before relaxing)
 .rodata.str1.1
                0x00008d70      0x107 roboclaw.o
 .rodata.str1.1
                0x00008e77       0x1f set.o
 .rodata.str1.1
                0x00008e96       0x18 twi.o
 *(.gnu.linkonce.r*)

.data           0x00802800        0x0 load address 0x00004eae
                [!provide]                PROVIDE (__data_start, .)
 *(.data)
 *(.data*)
 *(.gnu.linkonce.d*)
                0x00802800                . = ALIGN (0x2)
                0x00802800                _edata = .
                [!provide]                PROVIDE (__data_end, .)

.bss            0x00802800      0x82d
                0x00802800                PROVIDE (__bss_start, .)
 *(.bss)
 *(.bss*)
 .bss.cstack.3727
                0x00802800        0x1 commands.o
 *(COMMON)
 COMMON         0x00802801        0x1 errors.o
                0x00802801                squelchErrors
 COMMON         0x00802802        0x1 initialize.o
                0x00802802                rebootackd
 COMMON         0x00802803      0x209 main.o
                0x00802803                pcmd
                0x00802a0b                firstpass
 COMMON         0x00802a0c        0x4 oled.o
                0x00802a0c                timerOLED
                0x00802a0e                timeoutOLED
 COMMON         0x00802a10        0x1 pneu.o
                0x00802a10                pneuState
 COMMON         0x00802a11        0x4 roboclaw.o
                0x00802a11                timeoutSAVEENCODER
                0x00802a12                timerSAVEENCODER
                0x00802a13                ticks
 COMMON         0x00802a15      0x618 usart.o
                0x00802a15                recv1_buf
                0x00802b19                recv0_buf
                0x00802c1d                send0_buf
                0x00802d21                recv3_buf
                0x00802e25                send3_buf
                0x00802f29                send1_buf
                0x0080302d                PROVIDE (__bss_end, .)
                0x00004eae                __data_load_start = LOADADDR (.data)
                0x00004eae                __data_load_end = (__data_load_start + SIZEOF (.data))

.noinit         0x0080302d        0x0
                [!provide]                PROVIDE (__noinit_start, .)
 *(.noinit*)
                [!provide]                PROVIDE (__noinit_end, .)
                0x0080302d                _end = .
                [!provide]                PROVIDE (__heap_start, .)

.eeprom         0x00810000        0x0
 *(.eeprom*)
                0x00810000                __eeprom_end = .

.fuse
 *(.fuse)
 *(.lfuse)
 *(.hfuse)
 *(.efuse)

.lock
 *(.lock*)

.signature
 *(.signature*)

.user_signatures
 *(.user_signatures*)

.stab
 *(.stab)

.stabstr
 *(.stabstr)

.stab.excl
 *(.stab.excl)

.stab.exclstr
 *(.stab.exclstr)

.stab.index
 *(.stab.index)

.stab.indexstr
 *(.stab.indexstr)

.comment        0x00000000       0x5c
 *(.comment)
 .comment       0x00000000       0x30 ad590.o
                                 0x31 (size before relaxing)
 .comment       0x00000030       0x31 ads1115.o
 .comment       0x00000030       0x31 commands.o
 .comment       0x00000030       0x31 ds3231.o
 .comment       0x00000030       0x31 eeprom.o
 .comment       0x00000030       0x31 errors.o
 .comment       0x00000030       0x31 fram.o
 .comment       0x00000030       0x31 humidity.o
 .comment       0x00000030       0x31 initialize.o
 .comment       0x00000030       0x31 ionpump.o
 .comment       0x00000030       0x31 main.o
 .comment       0x00000030       0x31 mcp23008.o
 .comment       0x00000030       0x31 mcp9808.o
 .comment       0x00000030       0x31 mma8451.o
 .comment       0x00000030       0x31 nmea.o
 .comment       0x00000030       0x31 oled.o
 .comment       0x00000030       0x31 pneu.o
 .comment       0x00000030       0x31 ports.o
 .comment       0x00000030       0x31 report.o
 .comment       0x00000030       0x31 roboclaw.o
 .comment       0x00000030       0x31 rtc.o
 .comment       0x00000030       0x31 set.o
 .comment       0x00000030       0x31 temperature.o
 .comment       0x00000030       0x31 testroutine.o
 .comment       0x00000030       0x31 timers.o
 .comment       0x00000030       0x31 twi.o
 .comment       0x00000030       0x31 usart.o
 .comment       0x00000030       0x31 wdt.o
 .comment       0x00000030       0x2c c:/program files (x86)/atmel/studio/7.0/toolchain/avr8/avr8-gnu-toolchain/bin/../lib/gcc/avr/5.4.0/../../../../avr/lib/avrxmega3\libprintf_flt.a(vfprintf_flt.o)
                                 0x2d (size before relaxing)
 .comment       0x0000005c       0x31 c:/program files (x86)/atmel/studio/7.0/toolchain/avr8/avr8-gnu-toolchain/bin/../lib/gcc/avr/5.4.0/../../../../avr/lib/avrxmega3\libc.a(fputc.o)
 .comment       0x0000005c       0x31 c:/program files (x86)/atmel/studio/7.0/toolchain/avr8/avr8-gnu-toolchain/bin/../lib/gcc/avr/5.4.0/../../../../avr/lib/avrxmega3\libc.a(sprintf.o)

.note.gnu.avr.deviceinfo
                0x00000000       0x40
 .note.gnu.avr.deviceinfo
                0x00000000       0x40 C:/Program Files (x86)/Atmel/Studio/7.0/Packs/atmel/ATmega_DFP/1.6.364/gcc/dev/atmega4809/avrxmega3/crtatmega4809.o

.note.gnu.build-id
 *(.note.gnu.build-id)

.debug
 *(.debug)

.line
 *(.line)

.debug_srcinfo
 *(.debug_srcinfo)

.debug_sfnames
 *(.debug_sfnames)

.debug_aranges  0x00000000      0x610
 *(.debug_aranges)
 .debug_aranges
                0x00000000       0x20 ad590.o
 .debug_aranges
                0x00000020       0x20 ads1115.o
 .debug_aranges
                0x00000040       0x68 commands.o
 .debug_aranges
                0x000000a8       0x48 ds3231.o
 .debug_aranges
                0x000000f0       0x40 eeprom.o
 .debug_aranges
                0x00000130       0x20 errors.o
 .debug_aranges
                0x00000150       0x38 fram.o
 .debug_aranges
                0x00000188       0x20 humidity.o
 .debug_aranges
                0x000001a8       0x20 initialize.o
 .debug_aranges
                0x000001c8       0x20 ionpump.o
 .debug_aranges
                0x000001e8       0x20 main.o
 .debug_aranges
                0x00000208       0x28 mcp23008.o
 .debug_aranges
                0x00000230       0x20 mcp9808.o
 .debug_aranges
                0x00000250       0x38 mma8451.o
 .debug_aranges
                0x00000288       0x20 nmea.o
 .debug_aranges
                0x000002a8       0x48 oled.o
 .debug_aranges
                0x000002f0       0x48 pneu.o
 .debug_aranges
                0x00000338       0x20 ports.o
 .debug_aranges
                0x00000358       0x20 report.o
 .debug_aranges
                0x00000378       0x78 roboclaw.o
 .debug_aranges
                0x000003f0       0x28 rtc.o
 .debug_aranges
                0x00000418       0x20 set.o
 .debug_aranges
                0x00000438       0x20 temperature.o
 .debug_aranges
                0x00000458       0x20 testroutine.o
 .debug_aranges
                0x00000478       0x30 timers.o
 .debug_aranges
                0x000004a8       0x48 twi.o
 .debug_aranges
                0x000004f0       0x58 usart.o
 .debug_aranges
                0x00000548       0x28 wdt.o
 .debug_aranges
                0x00000570       0x20 C:/Program Files (x86)/Atmel/Studio/7.0/Packs/atmel/ATmega_DFP/1.6.364/gcc/dev/atmega4809/avrxmega3\libatmega4809.a(eerd_block.o)
 .debug_aranges
                0x00000590       0x20 C:/Program Files (x86)/Atmel/Studio/7.0/Packs/atmel/ATmega_DFP/1.6.364/gcc/dev/atmega4809/avrxmega3\libatmega4809.a(eeupd_block.o)
 .debug_aranges
                0x000005b0       0x20 C:/Program Files (x86)/Atmel/Studio/7.0/Packs/atmel/ATmega_DFP/1.6.364/gcc/dev/atmega4809/avrxmega3\libatmega4809.a(eeupd_byte.o)
 .debug_aranges
                0x000005d0       0x20 C:/Program Files (x86)/Atmel/Studio/7.0/Packs/atmel/ATmega_DFP/1.6.364/gcc/dev/atmega4809/avrxmega3\libatmega4809.a(eewr_byte.o)
 .debug_aranges
                0x000005f0       0x20 C:/Program Files (x86)/Atmel/Studio/7.0/Packs/atmel/ATmega_DFP/1.6.364/gcc/dev/atmega4809/avrxmega3\libatmega4809.a(eerd_byte.o)

.debug_pubnames
 *(.debug_pubnames)

.debug_info     0x00000000     0x9c90
 *(.debug_info .gnu.linkonce.wi.*)
 .debug_info    0x00000000     0x248a C:/Program Files (x86)/Atmel/Studio/7.0/Packs/atmel/ATmega_DFP/1.6.364/gcc/dev/atmega4809/avrxmega3/crtatmega4809.o
 .debug_info    0x0000248a      0x21b ad590.o
 .debug_info    0x000026a5      0x33e ads1115.o
 .debug_info    0x000029e3      0x9a9 commands.o
 .debug_info    0x0000338c      0x4a2 ds3231.o
 .debug_info    0x0000382e      0x24f eeprom.o
 .debug_info    0x00003a7d      0x15c errors.o
 .debug_info    0x00003bd9      0x44c fram.o
 .debug_info    0x00004025      0x164 humidity.o
 .debug_info    0x00004189      0x239 initialize.o
 .debug_info    0x000043c2      0x10f ionpump.o
 .debug_info    0x000044d1      0x398 main.o
 .debug_info    0x00004869      0x27a mcp23008.o
 .debug_info    0x00004ae3      0x191 mcp9808.o
 .debug_info    0x00004c74      0x429 mma8451.o
 .debug_info    0x0000509d      0x15c nmea.o
 .debug_info    0x000051f9      0x9e4 oled.o
 .debug_info    0x00005bdd      0x862 pneu.o
 .debug_info    0x0000643f      0x2d6 ports.o
 .debug_info    0x00006715      0xbb1 report.o
 .debug_info    0x000072c6      0xcf7 roboclaw.o
 .debug_info    0x00007fbd      0x682 rtc.o
 .debug_info    0x0000863f      0x1fb set.o
 .debug_info    0x0000883a      0x106 temperature.o
 .debug_info    0x00008940       0xc3 testroutine.o
 .debug_info    0x00008a03      0x26e timers.o
 .debug_info    0x00008c71      0x3f3 twi.o
 .debug_info    0x00009064      0x61e usart.o
 .debug_info    0x00009682      0x2ef wdt.o
 .debug_info    0x00009971       0xa0 C:/Program Files (x86)/Atmel/Studio/7.0/Packs/atmel/ATmega_DFP/1.6.364/gcc/dev/atmega4809/avrxmega3\libatmega4809.a(eerd_block.o)
 .debug_info    0x00009a11       0xa1 C:/Program Files (x86)/Atmel/Studio/7.0/Packs/atmel/ATmega_DFP/1.6.364/gcc/dev/atmega4809/avrxmega3\libatmega4809.a(eeupd_block.o)
 .debug_info    0x00009ab2       0xa0 C:/Program Files (x86)/Atmel/Studio/7.0/Packs/atmel/ATmega_DFP/1.6.364/gcc/dev/atmega4809/avrxmega3\libatmega4809.a(eeupd_byte.o)
 .debug_info    0x00009b52       0x9f C:/Program Files (x86)/Atmel/Studio/7.0/Packs/atmel/ATmega_DFP/1.6.364/gcc/dev/atmega4809/avrxmega3\libatmega4809.a(eewr_byte.o)
 .debug_info    0x00009bf1       0x9f C:/Program Files (x86)/Atmel/Studio/7.0/Packs/atmel/ATmega_DFP/1.6.364/gcc/dev/atmega4809/avrxmega3\libatmega4809.a(eerd_byte.o)

.debug_abbrev   0x00000000     0x443b
 *(.debug_abbrev)
 .debug_abbrev  0x00000000     0x2296 C:/Program Files (x86)/Atmel/Studio/7.0/Packs/atmel/ATmega_DFP/1.6.364/gcc/dev/atmega4809/avrxmega3/crtatmega4809.o
 .debug_abbrev  0x00002296      0x129 ad590.o
 .debug_abbrev  0x000023bf      0x11a ads1115.o
 .debug_abbrev  0x000024d9      0x287 commands.o
 .debug_abbrev  0x00002760      0x149 ds3231.o
 .debug_abbrev  0x000028a9       0xda eeprom.o
 .debug_abbrev  0x00002983       0xf1 errors.o
 .debug_abbrev  0x00002a74      0x115 fram.o
 .debug_abbrev  0x00002b89       0xb8 humidity.o
 .debug_abbrev  0x00002c41       0xd7 initialize.o
 .debug_abbrev  0x00002d18       0xab ionpump.o
 .debug_abbrev  0x00002dc3      0x147 main.o
 .debug_abbrev  0x00002f0a       0xb8 mcp23008.o
 .debug_abbrev  0x00002fc2       0xb2 mcp9808.o
 .debug_abbrev  0x00003074      0x127 mma8451.o
 .debug_abbrev  0x0000319b      0x104 nmea.o
 .debug_abbrev  0x0000329f      0x1f6 oled.o
 .debug_abbrev  0x00003495      0x1fe pneu.o
 .debug_abbrev  0x00003693      0x124 ports.o
 .debug_abbrev  0x000037b7      0x148 report.o
 .debug_abbrev  0x000038ff      0x239 roboclaw.o
 .debug_abbrev  0x00003b38      0x13e rtc.o
 .debug_abbrev  0x00003c76       0xf7 set.o
 .debug_abbrev  0x00003d6d       0xa9 temperature.o
 .debug_abbrev  0x00003e16       0x88 testroutine.o
 .debug_abbrev  0x00003e9e      0x12b timers.o
 .debug_abbrev  0x00003fc9      0x14a twi.o
 .debug_abbrev  0x00004113      0x1e3 usart.o
 .debug_abbrev  0x000042f6       0xe1 wdt.o
 .debug_abbrev  0x000043d7       0x14 C:/Program Files (x86)/Atmel/Studio/7.0/Packs/atmel/ATmega_DFP/1.6.364/gcc/dev/atmega4809/avrxmega3\libatmega4809.a(eerd_block.o)
 .debug_abbrev  0x000043eb       0x14 C:/Program Files (x86)/Atmel/Studio/7.0/Packs/atmel/ATmega_DFP/1.6.364/gcc/dev/atmega4809/avrxmega3\libatmega4809.a(eeupd_block.o)
 .debug_abbrev  0x000043ff       0x14 C:/Program Files (x86)/Atmel/Studio/7.0/Packs/atmel/ATmega_DFP/1.6.364/gcc/dev/atmega4809/avrxmega3\libatmega4809.a(eeupd_byte.o)
 .debug_abbrev  0x00004413       0x14 C:/Program Files (x86)/Atmel/Studio/7.0/Packs/atmel/ATmega_DFP/1.6.364/gcc/dev/atmega4809/avrxmega3\libatmega4809.a(eewr_byte.o)
 .debug_abbrev  0x00004427       0x14 C:/Program Files (x86)/Atmel/Studio/7.0/Packs/atmel/ATmega_DFP/1.6.364/gcc/dev/atmega4809/avrxmega3\libatmega4809.a(eerd_byte.o)

.debug_line     0x00000000     0x41c1
 *(.debug_line .debug_line.* .debug_line_end)
 .debug_line    0x00000000      0x187 C:/Program Files (x86)/Atmel/Studio/7.0/Packs/atmel/ATmega_DFP/1.6.364/gcc/dev/atmega4809/avrxmega3/crtatmega4809.o
 .debug_line    0x00000187      0x1a1 ad590.o
 .debug_line    0x00000328      0x240 ads1115.o
 .debug_line    0x00000568      0x5e2 commands.o
 .debug_line    0x00000b4a      0x293 ds3231.o
 .debug_line    0x00000ddd      0x129 eeprom.o
 .debug_line    0x00000f06       0xd4 errors.o
 .debug_line    0x00000fda      0x1fe fram.o
 .debug_line    0x000011d8      0x123 humidity.o
 .debug_line    0x000012fb      0x13b initialize.o
 .debug_line    0x00001436       0xff ionpump.o
 .debug_line    0x00001535      0x19f main.o
 .debug_line    0x000016d4      0x14f mcp23008.o
 .debug_line    0x00001823      0x107 mcp9808.o
 .debug_line    0x0000192a      0x233 mma8451.o
 .debug_line    0x00001b5d       0xfc nmea.o
 .debug_line    0x00001c59      0x38e oled.o
 .debug_line    0x00001fe7      0x3c1 pneu.o
 .debug_line    0x000023a8      0x196 ports.o
 .debug_line    0x0000253e      0x402 report.o
 .debug_line    0x00002940      0x767 roboclaw.o
 .debug_line    0x000030a7      0x1cb rtc.o
 .debug_line    0x00003272      0x10c set.o
 .debug_line    0x0000337e       0xea temperature.o
 .debug_line    0x00003468       0xc0 testroutine.o
 .debug_line    0x00003528      0x157 timers.o
 .debug_line    0x0000367f      0x29e twi.o
 .debug_line    0x0000391d      0x4bc usart.o
 .debug_line    0x00003dd9      0x12c wdt.o
 .debug_line    0x00003f05       0x5d C:/Program Files (x86)/Atmel/Studio/7.0/Packs/atmel/ATmega_DFP/1.6.364/gcc/dev/atmega4809/avrxmega3\libatmega4809.a(eerd_block.o)
 .debug_line    0x00003f62       0xa5 C:/Program Files (x86)/Atmel/Studio/7.0/Packs/atmel/ATmega_DFP/1.6.364/gcc/dev/atmega4809/avrxmega3\libatmega4809.a(eeupd_block.o)
 .debug_line    0x00004007       0x80 C:/Program Files (x86)/Atmel/Studio/7.0/Packs/atmel/ATmega_DFP/1.6.364/gcc/dev/atmega4809/avrxmega3\libatmega4809.a(eeupd_byte.o)
 .debug_line    0x00004087       0xc1 C:/Program Files (x86)/Atmel/Studio/7.0/Packs/atmel/ATmega_DFP/1.6.364/gcc/dev/atmega4809/avrxmega3\libatmega4809.a(eewr_byte.o)
 .debug_line    0x00004148       0x79 C:/Program Files (x86)/Atmel/Studio/7.0/Packs/atmel/ATmega_DFP/1.6.364/gcc/dev/atmega4809/avrxmega3\libatmega4809.a(eerd_byte.o)

.debug_frame    0x00000000      0xfdc
 *(.debug_frame)
 .debug_frame   0x00000000       0x5c ad590.o
 .debug_frame   0x0000005c       0x60 ads1115.o
 .debug_frame   0x000000bc      0x164 commands.o
 .debug_frame   0x00000220      0x104 ds3231.o
 .debug_frame   0x00000324       0x84 eeprom.o
 .debug_frame   0x000003a8       0x40 errors.o
 .debug_frame   0x000003e8       0xd8 fram.o
 .debug_frame   0x000004c0       0x68 humidity.o
 .debug_frame   0x00000528       0x34 initialize.o
 .debug_frame   0x0000055c       0x54 ionpump.o
 .debug_frame   0x000005b0       0x34 main.o
 .debug_frame   0x000005e4       0x50 mcp23008.o
 .debug_frame   0x00000634       0x54 mcp9808.o
 .debug_frame   0x00000688       0xc4 mma8451.o
 .debug_frame   0x0000074c       0x48 nmea.o
 .debug_frame   0x00000794       0xc4 oled.o
 .debug_frame   0x00000858      0x110 pneu.o
 .debug_frame   0x00000968       0x24 ports.o
 .debug_frame   0x0000098c       0x88 report.o
 .debug_frame   0x00000a14      0x214 roboclaw.o
 .debug_frame   0x00000c28       0x48 rtc.o
 .debug_frame   0x00000c70       0x30 set.o
 .debug_frame   0x00000ca0       0x34 temperature.o
 .debug_frame   0x00000cd4       0x24 testroutine.o
 .debug_frame   0x00000cf8       0x58 timers.o
 .debug_frame   0x00000d50       0x74 twi.o
 .debug_frame   0x00000dc4      0x19c usart.o
 .debug_frame   0x00000f60       0x7c wdt.o

.debug_str      0x00000000     0x231a
 *(.debug_str)
 .debug_str     0x00000000      0xf85 C:/Program Files (x86)/Atmel/Studio/7.0/Packs/atmel/ATmega_DFP/1.6.364/gcc/dev/atmega4809/avrxmega3/crtatmega4809.o
 .debug_str     0x00000f85      0x1da ad590.o
                                0x21f (size before relaxing)
 .debug_str     0x0000115f       0x89 ads1115.o
                                0x272 (size before relaxing)
 .debug_str     0x000011e8      0x2b9 commands.o
                                0x479 (size before relaxing)
 .debug_str     0x000014a1       0x92 ds3231.o
                                0x259 (size before relaxing)
 .debug_str     0x00001533       0x89 eeprom.o
                                0x1fd (size before relaxing)
 .debug_str     0x000015bc       0x32 errors.o
                                0x1e0 (size before relaxing)
 .debug_str     0x000015ee       0x70 fram.o
                                0x22b (size before relaxing)
 .debug_str     0x0000165e       0x34 humidity.o
                                0x1de (size before relaxing)
 .debug_str     0x00001692       0x80 initialize.o
                                0x240 (size before relaxing)
 .debug_str     0x00001712       0x2a ionpump.o
                                0x1bd (size before relaxing)
 .debug_str     0x0000173c       0x4d main.o
                                0x2b0 (size before relaxing)
 .debug_str     0x00001789       0x25 mcp23008.o
                                0x1e7 (size before relaxing)
 .debug_str     0x000017ae       0x26 mcp9808.o
                                0x1ef (size before relaxing)
 .debug_str     0x000017d4       0x41 mma8451.o
                                0x215 (size before relaxing)
 .debug_str     0x00001815       0x34 nmea.o
                                0x1bd (size before relaxing)
 .debug_str     0x00001849       0x6a oled.o
                                0x35a (size before relaxing)
 .debug_str     0x000018b3      0x12c pneu.o
                                0x3f8 (size before relaxing)
 .debug_str     0x000019df        0xd ports.o
                                0x31d (size before relaxing)
 .debug_str     0x000019ec       0xee report.o
                                0x3dd (size before relaxing)
 .debug_str     0x00001ada      0x11b roboclaw.o
                                0x421 (size before relaxing)
 .debug_str     0x00001bf5      0x337 rtc.o
                                0x5c8 (size before relaxing)
 .debug_str     0x00001f2c        0xb set.o
                                0x1cf (size before relaxing)
 .debug_str     0x00001f37       0x13 temperature.o
                                0x1c7 (size before relaxing)
 .debug_str     0x00001f4a       0x13 testroutine.o
                                0x1a5 (size before relaxing)
 .debug_str     0x00001f5d       0x4c timers.o
                                0x24d (size before relaxing)
 .debug_str     0x00001fa9      0x16d twi.o
                                0x381 (size before relaxing)
 .debug_str     0x00002116       0xdc usart.o
                                0x3c6 (size before relaxing)
 .debug_str     0x000021f2      0x128 wdt.o
                                0x389 (size before relaxing)

.debug_loc      0x00000000     0x41d5
 *(.debug_loc)
 .debug_loc     0x00000000      0x1a7 ad590.o
 .debug_loc     0x000001a7      0x319 ads1115.o
 .debug_loc     0x000004c0      0x4e2 commands.o
 .debug_loc     0x000009a2      0x46d ds3231.o
 .debug_loc     0x00000e0f       0xda eeprom.o
 .debug_loc     0x00000ee9       0xae errors.o
 .debug_loc     0x00000f97      0x4d8 fram.o
 .debug_loc     0x0000146f      0x21a humidity.o
 .debug_loc     0x00001689       0x47 initialize.o
 .debug_loc     0x000016d0      0x101 ionpump.o
 .debug_loc     0x000017d1       0x48 main.o
 .debug_loc     0x00001819      0x18e mcp23008.o
 .debug_loc     0x000019a7      0x175 mcp9808.o
 .debug_loc     0x00001b1c      0x42c mma8451.o
 .debug_loc     0x00001f48       0xef nmea.o
 .debug_loc     0x00002037      0x33a oled.o
 .debug_loc     0x00002371      0x5be pneu.o
 .debug_loc     0x0000292f       0x46 ports.o
 .debug_loc     0x00002975      0x43f report.o
 .debug_loc     0x00002db4      0xb22 roboclaw.o
 .debug_loc     0x000038d6       0xb3 rtc.o
 .debug_loc     0x00003989       0xac set.o
 .debug_loc     0x00003a35       0x9b temperature.o
 .debug_loc     0x00003ad0       0x71 timers.o
 .debug_loc     0x00003b41       0x89 twi.o
 .debug_loc     0x00003bca      0x540 usart.o
 .debug_loc     0x0000410a       0xcb wdt.o

.debug_macinfo
 *(.debug_macinfo)

.debug_weaknames
 *(.debug_weaknames)

.debug_funcnames
 *(.debug_funcnames)

.debug_typenames
 *(.debug_typenames)

.debug_varnames
 *(.debug_varnames)

.debug_pubtypes
 *(.debug_pubtypes)

.debug_ranges   0x00000000      0x3b0
 *(.debug_ranges)
 .debug_ranges  0x00000000       0x10 ad590.o
 .debug_ranges  0x00000010       0x10 ads1115.o
 .debug_ranges  0x00000020       0x58 commands.o
 .debug_ranges  0x00000078       0x38 ds3231.o
 .debug_ranges  0x000000b0       0x30 eeprom.o
 .debug_ranges  0x000000e0       0x10 errors.o
 .debug_ranges  0x000000f0       0x28 fram.o
 .debug_ranges  0x00000118       0x10 humidity.o
 .debug_ranges  0x00000128       0x10 initialize.o
 .debug_ranges  0x00000138       0x10 ionpump.o
 .debug_ranges  0x00000148       0x10 main.o
 .debug_ranges  0x00000158       0x18 mcp23008.o
 .debug_ranges  0x00000170       0x10 mcp9808.o
 .debug_ranges  0x00000180       0x28 mma8451.o
 .debug_ranges  0x000001a8       0x10 nmea.o
 .debug_ranges  0x000001b8       0x38 oled.o
 .debug_ranges  0x000001f0       0x38 pneu.o
 .debug_ranges  0x00000228       0x10 ports.o
 .debug_ranges  0x00000238       0x10 report.o
 .debug_ranges  0x00000248       0x68 roboclaw.o
 .debug_ranges  0x000002b0       0x18 rtc.o
 .debug_ranges  0x000002c8       0x10 set.o
 .debug_ranges  0x000002d8       0x10 temperature.o
 .debug_ranges  0x000002e8       0x10 testroutine.o
 .debug_ranges  0x000002f8       0x20 timers.o
 .debug_ranges  0x00000318       0x38 twi.o
 .debug_ranges  0x00000350       0x48 usart.o
 .debug_ranges  0x00000398       0x18 wdt.o

.debug_macro
 *(.debug_macro)
OUTPUT(specMech.elf elf32-avr)
LOAD linker stubs
